190.143.185.144
190.143.185.144
190.143.185.144
138.84.59.224
138.84.59.224
190.148.193.146
200.119.175.59
200.119.175.59
190.148.193.146
190.148.193.146
45.5.118.84
45.5.118.84
45.5.118.84
200.119.175.59
200.119.175.59
45.229.41.92
45.229.41.92
45.5.118.84
190.148.193.146
190.148.193.146
190.148.193.146
138.84.59.224
138.84.59.224
138.84.59.224
138.84.59.224
190.56.130.68
190.56.130.68
190.56.130.68
190.56.130.68
190.149.186.156
190.149.186.156
190.149.166.56
190.149.166.56
190.149.166.56
190.148.193.146
190.148.193.146
190.148.193.146
190.56.130.68
190.56.130.68
186.151.119.106
186.151.119.106
186.151.119.106
200.119.175.59
190.148.193.146
190.148.193.146
45.229.41.92
190.149.4.5
45.229.41.92
181.174.69.196
190.149.4.5
45.229.41.92
190.149.4.5
45.229.41.92
190.149.4.5
45.5.118.84
45.5.118.84
181.174.69.196
190.56.130.68
190.56.130.68
181.174.66.56
181.174.66.56
190.148.252.125
190.148.193.146
190.148.193.146
190.149.4.5
190.149.4.5
190.149.4.5
190.149.4.5
190.148.193.146
190.149.166.82
190.149.166.82
190.149.166.82
190.149.166.82
190.149.166.82
45.229.41.195
45.229.41.195
190.148.193.146
190.149.166.82
190.149.166.82
190.149.166.82
181.189.154.32
181.189.154.32
190.143.185.144
190.143.185.144
190.143.185.144
190.148.193.146
190.148.193.146
45.229.41.195
45.186.105.130
45.186.105.130
181.189.154.32
181.189.154.32
45.233.66.14
45.233.66.14
190.148.193.146
181.189.154.32
190.106.195.251
190.106.195.251
190.148.193.146
190.106.195.251
186.151.119.88
138.84.59.224
190.106.195.251
181.189.154.32
190.106.195.251
186.151.119.88
181.189.154.32
186.151.119.88
190.148.193.146
24.152.55.4
24.152.55.4
24.152.55.4
24.152.55.4
200.119.175.3
200.119.175.3
200.119.175.3
200.119.175.3
200.119.175.3
24.152.55.4
190.56.130.68
186.151.119.88
45.233.66.14
186.151.119.88
186.151.119.88
138.84.59.224
138.84.59.224
45.229.41.195
45.229.41.195
186.151.119.88
181.174.69.196
45.229.41.92
190.56.173.237
190.56.173.237
45.229.41.92
45.5.118.84
45.5.118.84
186.151.119.106
186.151.119.106
186.151.119.106
45.229.41.92
45.229.41.92
186.151.119.88
186.151.119.88
186.151.119.88
186.151.119.88
186.151.119.88
186.151.119.88
190.56.130.87
190.56.130.87
45.229.41.92
45.229.41.92
186.151.119.88
186.151.119.88
186.151.119.88
186.151.119.88
186.151.119.88
138.84.59.224
186.151.119.88
186.151.119.88
190.148.193.146
138.84.59.224
200.35.163.241
190.56.130.68
45.229.41.195
190.149.4.5
138.84.59.224
45.229.41.92
186.151.119.106
45.229.41.92
186.151.119.106
45.229.41.92
190.148.193.146
190.148.193.146
190.148.193.146
200.119.178.55
200.119.178.55
190.149.4.5
200.119.178.55
200.119.178.55
45.233.66.14
45.233.66.14
186.151.119.106
186.151.119.106
190.148.193.146
186.151.119.88
186.151.119.88
186.151.119.88
186.151.119.88
186.151.119.88
186.151.119.88
190.149.4.5
190.149.4.5
190.149.186.156
190.149.166.33
190.149.166.33
190.149.186.156
190.56.130.68
190.148.193.146
190.149.186.156
190.149.186.156
190.149.186.156
181.174.90.42
45.229.41.195
190.149.186.156
190.149.186.156
138.84.59.224
186.151.119.88
186.151.119.88
181.189.154.32
190.149.186.145
190.149.186.145
138.84.59.224
190.149.186.145
190.148.50.61
190.148.50.61
190.148.50.61
190.149.186.145
190.149.4.5
190.148.193.146
190.148.193.146
190.148.193.146
190.149.166.82
190.149.166.82
181.189.154.32
190.149.166.82
190.149.166.82
190.148.193.146
190.149.166.82
190.143.185.144
190.143.185.144
190.149.166.82
190.143.185.144
190.149.166.82
181.174.69.196
181.174.69.196
186.151.119.106
186.151.119.106
190.149.186.156
190.149.186.156
186.151.119.106
186.151.119.106
190.56.130.6
24.152.55.4
24.152.55.4
24.152.55.4
24.152.55.4
24.152.55.4
24.152.55.4
45.229.41.92
190.148.193.146
138.84.59.224
138.84.59.224
190.56.157.165
190.56.157.165
45.229.41.195
190.106.197.168
190.106.197.168
190.56.157.165
190.56.157.165
190.56.157.165
190.148.50.61
190.148.50.61
190.143.186.83
186.151.119.106
186.151.119.106
190.148.50.61
190.148.50.61
190.148.50.61
190.148.50.61
190.148.50.61
190.149.186.145
190.149.186.145
190.149.186.145
190.149.186.145
186.151.119.106
190.56.130.6
190.56.130.6
186.151.119.106
186.151.119.106
190.149.4.5
190.149.4.5
190.149.4.5
190.149.4.5
190.56.130.25
190.56.130.25
138.84.59.224
138.84.59.224
186.151.119.106
186.151.119.106
186.151.119.106
181.174.69.196
181.174.69.196
181.174.69.196
138.84.59.224
138.84.59.224
190.115.9.42
186.151.119.106
186.151.119.106
190.115.9.42
190.115.9.42
190.56.130.25
190.56.130.25
190.56.130.25
190.56.130.25
190.106.195.251
190.106.195.251
190.149.166.54
190.106.195.251
190.106.195.251
190.149.166.54
190.149.166.54
190.149.166.54
190.149.166.54
190.149.166.54
190.56.157.165
190.148.193.146
190.148.193.146
190.56.157.165
190.56.157.165
190.56.157.165
190.56.157.165
190.56.130.48
45.229.41.92
190.56.130.48
190.56.130.48
45.229.41.92
45.229.41.92
45.229.41.92
45.229.41.92
190.148.193.146
190.148.193.146
190.56.130.48
190.56.130.48
190.143.185.144
190.143.185.144
186.151.119.106
186.151.119.106
186.151.119.106
45.229.41.92
45.229.41.92
190.56.130.48
190.56.130.48
45.229.41.92
45.229.41.92
45.229.41.92
45.229.41.92
190.143.185.144
190.143.185.144
190.56.130.68
190.56.130.68
190.56.130.68
190.56.130.68
190.56.130.68
138.185.79.129
138.185.79.129
190.56.130.48
190.56.130.48
190.149.166.54
190.149.166.54
190.149.166.54
190.149.166.54
24.152.55.4
190.149.166.54
24.152.55.4
24.152.55.4
190.149.166.54
190.148.193.146
190.148.193.146
200.119.168.245
200.119.168.245
138.84.59.224
138.84.59.224
190.56.130.48
190.56.130.48
45.229.41.92
45.229.41.92
45.229.41.92
190.56.130.48
190.56.130.48
190.149.186.156
190.149.186.156
190.149.186.156
190.56.130.48
190.56.130.48
190.149.186.156
190.149.186.156
138.84.59.224
138.84.59.224
190.143.185.144
24.152.55.4
24.152.55.4
190.143.185.144
190.143.185.144
190.143.185.144
190.143.185.144
190.143.185.144
190.143.185.144
190.106.195.251
190.106.195.251
190.149.186.145
190.148.50.61
190.148.50.61
190.148.50.61
190.149.186.145
190.149.186.145
190.149.186.145
190.148.50.61
190.148.50.61
190.149.186.145
190.115.9.42
190.115.9.42
190.115.9.42
190.149.186.145
190.149.186.145
181.174.69.196
190.143.185.144 - - [03/Jan/2025:09:02:32 -0600] "GET /reportes/detalleFacturaBoleto.html HTTP/1.1" 200 4919
190.143.185.144 - - [03/Jan/2025:09:04:13 -0600] "POST /reportes/detalleFacturaBoleto.html HTTP/1.1" 200 114
190.143.185.144 - - [03/Jan/2025:09:04:36 -0600] "GET /reporte/drivas_2025.01.03_09.04.31_6777fc7fb7ff7.pdf?v=2.5 HTTP/1.1" 200 3826
138.84.59.224 - - [03/Jan/2025:09:05:34 -0600] "POST /reportes/manifiestoBoletoPiloto.html HTTP/1.1" 200 116
138.84.59.224 - - [03/Jan/2025:09:06:00 -0600] "GET /reporte/Gagustin_2025.01.03_09.05.57_6777fcd5711ee.pdf?v=2.5 HTTP/1.1" 200 5984
190.148.193.146 - - [03/Jan/2025:09:08:42 -0600] "GET /reportes/cuadreVentaBoleto.html HTTP/1.1" 200 3865
200.119.175.59 - - [03/Jan/2025:09:09:57 -0600] "POST /reportes/manifiestoBoletoPiloto.html HTTP/1.1" 200 112
200.119.175.59 - - [03/Jan/2025:09:10:16 -0600] "GET /reporte/ssum_2025.01.03_09.10.10_6777fdd22474e.pdf?v=2.5 HTTP/1.1" 200 5974
190.148.193.146 - - [03/Jan/2025:09:10:08 -0600] "POST /reportes/cuadreVentaBoleto.html HTTP/1.1" 200 112
190.148.193.146 - - [03/Jan/2025:09:10:56 -0600] "GET /reporte/rpaz_2025.01.03_09.10.32_6777fde855ebc.pdf?v=2.5 HTTP/1.1" 200 3467
45.5.118.84 - - [03/Jan/2025:09:12:01 -0600] "POST /reportes/manifiestoBoletoPiloto.html HTTP/1.1" 500 1
45.5.118.84 - - [03/Jan/2025:09:12:23 -0600] "POST /reportes/manifiestoBoletoPiloto.html HTTP/1.1" 500 1
45.5.118.84 - - [03/Jan/2025:09:13:45 -0600] "POST /reportes/manifiestoBoletoPiloto.html HTTP/1.1" 200 116
200.119.175.59 - - [03/Jan/2025:09:14:02 -0600] "POST /reportes/manifiestoBoletoPiloto.html HTTP/1.1" 200 112
200.119.175.59 - - [03/Jan/2025:09:14:27 -0600] "GET /reporte/ssum_2025.01.03_09.14.22_6777fecea4b58.pdf?v=2.5 HTTP/1.1" 200 5940
45.229.41.92 - - [03/Jan/2025:09:14:04 -0600] "POST /reportes/manifiestoBoletoPiloto.html HTTP/1.1" 200 115
45.229.41.92 - - [03/Jan/2025:09:14:30 -0600] "GET /reporte/mdeleon_2025.01.03_09.14.28_6777fed4355cd.pdf?v=2.5 HTTP/1.1" 200 3695
45.5.118.84 - - [03/Jan/2025:09:14:22 -0600] "POST /reportes/manifiestoBoletoPiloto.html HTTP/1.1" 200 116
190.148.193.146 - - [03/Jan/2025:09:31:04 -0600] "GET /reportes/cuadreVentaBoleto.html HTTP/1.1" 200 3865
190.148.193.146 - - [03/Jan/2025:09:31:56 -0600] "POST /reportes/cuadreVentaBoleto.html HTTP/1.1" 200 112
190.148.193.146 - - [03/Jan/2025:09:32:39 -0600] "GET /reporte/rpaz_2025.01.03_09.32.08_677802f8e5fbd.pdf?v=2.5 HTTP/1.1" 200 3499
138.84.59.224 - - [03/Jan/2025:09:33:28 -0600] "POST /reportes/manifiestoBoletoPiloto.html HTTP/1.1" 500 1
138.84.59.224 - - [03/Jan/2025:09:33:31 -0600] "POST /reportes/manifiestoBoletoPiloto.html HTTP/1.1" 500 1
138.84.59.224 - - [03/Jan/2025:09:33:37 -0600] "POST /reportes/manifiestoBoletoPiloto.html HTTP/1.1" 200 116
138.84.59.224 - - [03/Jan/2025:09:33:40 -0600] "GET /reporte/Gagustin_2025.01.03_09.33.38_677803524b5ad.pdf?v=2.5 HTTP/1.1" 200 5985
190.56.130.68 - - [03/Jan/2025:09:35:11 -0600] "POST /reportes/manifiestoBoletoPiloto.html HTTP/1.1" 200 117
190.56.130.68 - - [03/Jan/2025:09:35:19 -0600] "GET /reporte/acastillo_2025.01.03_09.35.17_677803b547505.pdf?v=2.5 HTTP/1.1" 200 3269
190.56.130.68 - - [03/Jan/2025:09:36:27 -0600] "POST /reportes/manifiestoBoletoPiloto.html HTTP/1.1" 200 117
190.56.130.68 - - [03/Jan/2025:09:36:38 -0600] "GET /reporte/acastillo_2025.01.03_09.36.35_67780403a1428.pdf?v=2.5 HTTP/1.1" 200 6464
190.149.186.156 - - [03/Jan/2025:09:38:50 -0600] "POST /reportes/manifiestoBoletoPiloto.html HTTP/1.1" 200 115
190.149.186.156 - - [03/Jan/2025:09:39:03 -0600] "GET /reporte/wsantos_2025.01.03_09.38.59_677804931fbd7.pdf?v=2.5 HTTP/1.1" 200 6159
190.149.166.56 - - [03/Jan/2025:09:39:50 -0600] "GET /reportes/detalleGeneralEncomienda.html HTTP/1.1" 200 17155
190.149.166.56 - - [03/Jan/2025:09:40:19 -0600] "POST /reportes/detalleGeneralEncomienda.html HTTP/1.1" 200 113
190.149.166.56 - - [03/Jan/2025:09:40:53 -0600] "GET /reporte/lrosa_2025.01.03_09.40.47_677804ff109cf.xls?v=2.5 HTTP/1.1" 200 12288
190.148.193.146 - - [03/Jan/2025:09:40:34 -0600] "GET /reportes/cuadreVentaBoleto.html HTTP/1.1" 200 3865
190.148.193.146 - - [03/Jan/2025:09:41:04 -0600] "POST /reportes/cuadreVentaBoleto.html HTTP/1.1" 200 112
190.148.193.146 - - [03/Jan/2025:09:41:39 -0600] "GET /reporte/rpaz_2025.01.03_09.41.16_6778051cd6058.pdf?v=2.5 HTTP/1.1" 200 3500
190.56.130.68 - - [03/Jan/2025:09:41:43 -0600] "POST /reportes/manifiestoBoletoPiloto.html HTTP/1.1" 200 117
190.56.130.68 - - [03/Jan/2025:09:42:03 -0600] "GET /reporte/acastillo_2025.01.03_09.41.54_677805421926e.pdf?v=2.5 HTTP/1.1" 200 5835
186.151.119.106 - - [03/Jan/2025:09:46:47 -0600] "GET /reportes/cuadreVentaBoleto.html HTTP/1.1" 200 3865
186.151.119.106 - - [03/Jan/2025:09:47:08 -0600] "POST /reportes/cuadreVentaBoleto.html HTTP/1.1" 200 116
186.151.119.106 - - [03/Jan/2025:09:47:47 -0600] "GET /reporte/amedrano_2025.01.03_09.47.19_67780687c0144.pdf?v=2.5 HTTP/1.1" 200 3413
200.119.175.59 - - [03/Jan/2025:09:48:29 -0600] "GET /reportes/detalleCaja.html HTTP/1.1" 200 7215
190.148.193.146 - - [03/Jan/2025:10:01:28 -0600] "POST /reportes/manifiestoBoletoPiloto.html HTTP/1.1" 200 173
190.148.193.146 - - [03/Jan/2025:10:01:45 -0600] "POST /reportes/manifiestoBoletoPiloto.html HTTP/1.1" 200 173
45.229.41.92 - - [03/Jan/2025:10:14:53 -0600] "POST /reportes/manifiestoBoletoPiloto.html HTTP/1.1" 200 173
190.149.4.5 - - [03/Jan/2025:10:15:14 -0600] "POST /reportes/manifiestoEncomiendaFull.html HTTP/1.1" 200 173
45.229.41.92 - - [03/Jan/2025:10:15:33 -0600] "POST /reportes/manifiestoBoletoPiloto.html HTTP/1.1" 200 173
181.174.69.196 - - [03/Jan/2025:10:15:27 -0600] "POST /reportes/manifiestoBoletoPiloto.html HTTP/1.1" 200 173
190.149.4.5 - - [03/Jan/2025:10:16:05 -0600] "POST /reportes/manifiestoEncomiendaFull.html HTTP/1.1" 200 173
45.229.41.92 - - [03/Jan/2025:10:16:30 -0600] "POST /reportes/manifiestoBoletoPiloto.html HTTP/1.1" 200 173
190.149.4.5 - - [03/Jan/2025:10:17:19 -0600] "POST /reportes/manifiestoEncomiendaFull.html HTTP/1.1" 200 173
45.229.41.92 - - [03/Jan/2025:10:17:32 -0600] "POST /reportes/manifiestoBoletoPiloto.html HTTP/1.1" 200 173
190.149.4.5 - - [03/Jan/2025:10:17:47 -0600] "POST /reportes/manifiestoEncomiendaFull.html HTTP/1.1" 200 173
45.5.118.84 - - [03/Jan/2025:10:17:56 -0600] "POST /reportes/manifiestoBoletoPiloto.html HTTP/1.1" 200 173
45.5.118.84 - - [03/Jan/2025:10:19:06 -0600] "POST /reportes/manifiestoBoletoPiloto.html HTTP/1.1" 200 173
181.174.69.196 - - [03/Jan/2025:10:19:31 -0600] "POST /reportes/manifiestoBoletoPiloto.html HTTP/1.1" 200 173
190.56.130.68 - - [03/Jan/2025:10:21:42 -0600] "POST /reportes/manifiestoBoletoPiloto.html HTTP/1.1" 200 173
190.56.130.68 - - [03/Jan/2025:10:22:08 -0600] "POST /reportes/manifiestoBoletoPiloto.html HTTP/1.1" 200 173
181.174.66.56 - - [03/Jan/2025:10:22:24 -0600] "GET /reportes/cuadreVentaBoleto.html HTTP/1.1" 200 4077
181.174.66.56 - - [03/Jan/2025:10:23:21 -0600] "POST /reportes/cuadreVentaBoleto.html HTTP/1.1" 200 173
190.148.252.125 - - [03/Jan/2025:10:24:08 -0600] "POST /reportes/manifiestoBoletoPiloto.html HTTP/1.1" 200 173
190.148.193.146 - - [03/Jan/2025:10:32:41 -0600] "POST /reportes/manifiestoBoletoPiloto.html HTTP/1.1" 200 173
190.148.193.146 - - [03/Jan/2025:10:32:51 -0600] "POST /reportes/manifiestoBoletoPiloto.html HTTP/1.1" 200 173
190.149.4.5 - - [03/Jan/2025:10:33:38 -0600] "GET /reportes/detalleFacturaBoleto.html HTTP/1.1" 200 4961
190.149.4.5 - - [03/Jan/2025:10:33:53 -0600] "POST /reportes/detalleFacturaBoleto.html HTTP/1.1" 200 173
190.149.4.5 - - [03/Jan/2025:10:34:07 -0600] "POST /reportes/detalleFacturaBoleto.html HTTP/1.1" 200 173
190.149.4.5 - - [03/Jan/2025:10:37:19 -0600] "POST /reportes/manifiestoBoletoPiloto.html HTTP/1.1" 200 173
190.148.193.146 - - [03/Jan/2025:10:37:49 -0600] "POST /reportes/manifiestoBoletoPiloto.html HTTP/1.1" 200 173
190.149.166.82 - - [03/Jan/2025:10:37:52 -0600] "POST /reportes/manifiestoBoletoPiloto.html HTTP/1.1" 200 173
190.149.166.82 - - [03/Jan/2025:10:38:06 -0600] "POST /reportes/manifiestoBoletoPiloto.html HTTP/1.1" 200 173
190.149.166.82 - - [03/Jan/2025:10:38:21 -0600] "POST /reportes/manifiestoBoletoPiloto.html HTTP/1.1" 200 173
190.149.166.82 - - [03/Jan/2025:10:38:38 -0600] "POST /reportes/manifiestoBoletoPiloto.html HTTP/1.1" 200 173
190.149.166.82 - - [03/Jan/2025:10:38:57 -0600] "POST /reportes/manifiestoBoletoPiloto.html HTTP/1.1" 200 173
45.229.41.195 - - [03/Jan/2025:10:39:30 -0600] "POST /reportes/manifiestoBoletoPiloto.html HTTP/1.1" 200 173
45.229.41.195 - - [03/Jan/2025:10:39:55 -0600] "POST /reportes/manifiestoBoletoPiloto.html HTTP/1.1" 200 173
190.148.193.146 - - [03/Jan/2025:10:41:16 -0600] "POST /reportes/manifiestoBoletoPiloto.html HTTP/1.1" 200 173
190.149.166.82 - - [03/Jan/2025:10:42:00 -0600] "POST /reportes/manifiestoBoletoPiloto.html HTTP/1.1" 200 173
190.149.166.82 - - [03/Jan/2025:10:42:19 -0600] "POST /reportes/manifiestoBoletoPiloto.html HTTP/1.1" 200 173
190.149.166.82 - - [03/Jan/2025:10:43:01 -0600] "POST /reportes/manifiestoBoletoPiloto.html HTTP/1.1" 200 173
181.189.154.32 - - [03/Jan/2025:10:43:53 -0600] "POST /reportes/manifiestoBoletoPiloto.html HTTP/1.1" 200 173
181.189.154.32 - - [03/Jan/2025:10:44:01 -0600] "POST /reportes/manifiestoBoletoPiloto.html HTTP/1.1" 200 173
190.143.185.144 - - [03/Jan/2025:10:45:25 -0600] "GET /reportes/encomiendaPendienteEntregar.html HTTP/1.1" 200 3793
190.143.185.144 - - [03/Jan/2025:10:45:46 -0600] "POST /reportes/encomiendaPendienteEntregar.html HTTP/1.1" 200 173
190.143.185.144 - - [03/Jan/2025:10:46:05 -0600] "POST /reportes/encomiendaPendienteEntregar.html HTTP/1.1" 200 173
190.148.193.146 - - [03/Jan/2025:10:46:49 -0600] "POST /reportes/manifiestoBoletoPiloto.html HTTP/1.1" 200 173
190.148.193.146 - - [03/Jan/2025:10:47:01 -0600] "POST /reportes/manifiestoBoletoPiloto.html HTTP/1.1" 200 173
45.229.41.195 - - [03/Jan/2025:10:53:45 -0600] "POST /reportes/manifiestoBoletoPiloto.html HTTP/1.1" 200 173
45.186.105.130 - - [03/Jan/2025:10:54:05 -0600] "POST /reportes/manifiestoBoletoPiloto.html HTTP/1.1" 200 173
45.186.105.130 - - [03/Jan/2025:10:54:36 -0600] "POST /reportes/manifiestoBoletoPiloto.html HTTP/1.1" 200 173
181.189.154.32 - - [03/Jan/2025:11:02:00 -0600] "POST /reportes/manifiestoBoletoPiloto.html HTTP/1.1" 200 173
181.189.154.32 - - [03/Jan/2025:11:02:58 -0600] "POST /reportes/manifiestoBoletoPiloto.html HTTP/1.1" 200 173
45.233.66.14 - - [03/Jan/2025:11:05:47 -0600] "POST /reportes/manifiestoBoletoPiloto.html HTTP/1.1" 200 173
45.233.66.14 - - [03/Jan/2025:11:06:07 -0600] "POST /reportes/manifiestoBoletoPiloto.html HTTP/1.1" 200 173
190.148.193.146 - - [03/Jan/2025:11:09:23 -0600] "POST /reportes/manifiestoBoletoPiloto.html HTTP/1.1" 200 173
181.189.154.32 - - [03/Jan/2025:11:09:53 -0600] "POST /reportes/manifiestoBoletoPiloto.html HTTP/1.1" 200 173
190.106.195.251 - - [03/Jan/2025:11:09:51 -0600] "GET /reportes/detalleGeneralEncomienda.html HTTP/1.1" 200 17155
190.106.195.251 - - [03/Jan/2025:11:10:13 -0600] "POST /reportes/detalleGeneralEncomienda.html HTTP/1.1" 200 173
190.148.193.146 - - [03/Jan/2025:11:12:05 -0600] "POST /reportes/manifiestoBoletoPiloto.html HTTP/1.1" 200 173
190.106.195.251 - - [03/Jan/2025:11:13:43 -0600] "GET /reportes/detalleGeneralEncomienda.html HTTP/1.1" 200 17155
186.151.119.88 - - [03/Jan/2025:11:13:58 -0600] "POST /reportes/manifiestoBoletoPiloto.html HTTP/1.1" 200 173
138.84.59.224 - - [03/Jan/2025:11:14:46 -0600] "POST /reportes/manifiestoBoletoPiloto.html HTTP/1.1" 200 173
190.106.195.251 - - [03/Jan/2025:11:15:01 -0600] "POST /reportes/detalleGeneralEncomienda.html HTTP/1.1" 200 173
181.189.154.32 - - [03/Jan/2025:11:15:09 -0600] "GET /reportes/detalleFacturaBoleto.html HTTP/1.1" 200 4918
190.106.195.251 - - [03/Jan/2025:11:15:27 -0600] "POST /reportes/detalleGeneralEncomienda.html HTTP/1.1" 200 173
186.151.119.88 - - [03/Jan/2025:11:15:43 -0600] "POST /reportes/manifiestoBoletoPiloto.html HTTP/1.1" 200 173
181.189.154.32 - - [03/Jan/2025:11:15:46 -0600] "POST /reportes/detalleFacturaBoleto.html HTTP/1.1" 200 173
186.151.119.88 - - [03/Jan/2025:11:16:05 -0600] "POST /reportes/manifiestoBoletoFull2.html HTTP/1.1" 200 173
190.148.193.146 - - [03/Jan/2025:11:28:00 -0600] "POST /reportes/manifiestoBoletoPiloto.html HTTP/1.1" 200 173
24.152.55.4 - - [03/Jan/2025:11:38:22 -0600] "GET /reportes/detalleCaja.html HTTP/1.1" 200 7291
24.152.55.4 - - [03/Jan/2025:11:38:45 -0600] "POST /reportes/detalleCaja.html HTTP/1.1" 200 173
24.152.55.4 - - [03/Jan/2025:11:39:06 -0600] "GET /reportes/caja.html HTTP/1.1" 200 7157
24.152.55.4 - - [03/Jan/2025:11:39:30 -0600] "POST /reportes/caja.html HTTP/1.1" 200 173
200.119.175.3 - - [03/Jan/2025:11:39:30 -0600] "GET /reportes/detalleSalidas.html HTTP/1.1" 200 2728
200.119.175.3 - - [03/Jan/2025:11:40:03 -0600] "POST /reportes/detalleSalidas.html HTTP/1.1" 200 173
200.119.175.3 - - [03/Jan/2025:11:41:00 -0600] "POST /reportes/detalleSalidas.html HTTP/1.1" 200 173
200.119.175.3 - - [03/Jan/2025:11:41:32 -0600] "GET /reportes/detalleSalidas.html HTTP/1.1" 200 2728
200.119.175.3 - - [03/Jan/2025:11:41:55 -0600] "POST /reportes/detalleSalidas.html HTTP/1.1" 200 173
24.152.55.4 - - [03/Jan/2025:11:43:57 -0600] "POST /reportes/caja.html HTTP/1.1" 200 173
190.56.130.68 - - [03/Jan/2025:11:49:00 -0600] "POST /reportes/manifiestoBoletoPiloto.html HTTP/1.1" 200 173
186.151.119.88 - - [03/Jan/2025:12:04:15 -0600] "POST /reportes/manifiestoBoletoPiloto.html HTTP/1.1" 200 173
45.233.66.14 - - [03/Jan/2025:12:04:44 -0600] "POST /reportes/manifiestoBoletoPiloto.html HTTP/1.1" 200 173
186.151.119.88 - - [03/Jan/2025:12:04:57 -0600] "POST /reportes/manifiestoBoletoPiloto.html HTTP/1.1" 200 173
186.151.119.88 - - [03/Jan/2025:12:06:27 -0600] "POST /reportes/manifiestoBoletoPiloto.html HTTP/1.1" 200 173
138.84.59.224 - - [03/Jan/2025:12:06:32 -0600] "POST /reportes/manifiestoBoletoPiloto.html HTTP/1.1" 200 173
138.84.59.224 - - [03/Jan/2025:12:06:57 -0600] "POST /reportes/manifiestoBoletoPiloto.html HTTP/1.1" 200 173
45.229.41.195 - - [03/Jan/2025:12:08:48 -0600] "POST /reportes/manifiestoBoletoPiloto.html HTTP/1.1" 200 173
45.229.41.195 - - [03/Jan/2025:12:08:54 -0600] "POST /reportes/manifiestoBoletoPiloto.html HTTP/1.1" 200 173
186.151.119.88 - - [03/Jan/2025:12:13:50 -0600] "POST /reportes/manifiestoBoletoPiloto.html HTTP/1.1" 200 173
181.174.69.196 - - [03/Jan/2025:12:16:54 -0600] "POST /reportes/manifiestoBoletoPiloto.html HTTP/1.1" 200 173
45.229.41.92 - - [03/Jan/2025:12:18:34 -0600] "POST /reportes/manifiestoBoletoPiloto.html HTTP/1.1" 200 173
190.56.173.237 - - [03/Jan/2025:12:18:48 -0600] "GET /reportes/caja.html HTTP/1.1" 200 9027
190.56.173.237 - - [03/Jan/2025:12:19:10 -0600] "POST /reportes/caja.html HTTP/1.1" 200 173
45.229.41.92 - - [03/Jan/2025:12:20:17 -0600] "POST /reportes/manifiestoBoletoPiloto.html HTTP/1.1" 200 173
45.5.118.84 - - [03/Jan/2025:12:23:14 -0600] "POST /reportes/manifiestoBoletoPiloto.html HTTP/1.1" 200 173
45.5.118.84 - - [03/Jan/2025:12:23:23 -0600] "POST /reportes/manifiestoBoletoPiloto.html HTTP/1.1" 200 173
186.151.119.106 - - [03/Jan/2025:12:23:56 -0600] "GET /reportes/cuadreVentaBoleto.html HTTP/1.1" 200 3865
186.151.119.106 - - [03/Jan/2025:12:24:05 -0600] "POST /reportes/cuadreVentaBoleto.html HTTP/1.1" 200 173
186.151.119.106 - - [03/Jan/2025:12:24:20 -0600] "POST /reportes/cuadreVentaBoleto.html HTTP/1.1" 200 173
45.229.41.92 - - [03/Jan/2025:12:24:22 -0600] "POST /reportes/manifiestoBoletoPiloto.html HTTP/1.1" 200 173
45.229.41.92 - - [03/Jan/2025:12:29:21 -0600] "POST /reportes/manifiestoBoletoPiloto.html HTTP/1.1" 200 173
186.151.119.88 - - [03/Jan/2025:12:29:33 -0600] "POST /reportes/manifiestoBoletoPiloto.html HTTP/1.1" 200 173
186.151.119.88 - - [03/Jan/2025:12:30:11 -0600] "POST /reportes/manifiestoBoletoPiloto.html HTTP/1.1" 200 173
186.151.119.88 - - [03/Jan/2025:12:30:23 -0600] "POST /reportes/manifiestoBoletoPiloto.html HTTP/1.1" 200 173
186.151.119.88 - - [03/Jan/2025:12:30:41 -0600] "POST /reportes/manifiestoBoletoPiloto.html HTTP/1.1" 200 173
186.151.119.88 - - [03/Jan/2025:12:30:50 -0600] "POST /reportes/manifiestoBoletoPiloto.html HTTP/1.1" 200 173
186.151.119.88 - - [03/Jan/2025:12:31:04 -0600] "POST /reportes/manifiestoBoletoPiloto.html HTTP/1.1" 200 173
190.56.130.87 - - [03/Jan/2025:12:31:04 -0600] "POST /reportes/manifiestoBoletoPiloto.html HTTP/1.1" 200 173
190.56.130.87 - - [03/Jan/2025:12:31:26 -0600] "POST /reportes/manifiestoBoletoPiloto.html HTTP/1.1" 200 173
45.229.41.92 - - [03/Jan/2025:12:31:56 -0600] "GET /reportes/cuadreVentaBoleto.html HTTP/1.1" 200 3906
45.229.41.92 - - [03/Jan/2025:12:32:14 -0600] "POST /reportes/cuadreVentaBoleto.html HTTP/1.1" 200 173
186.151.119.88 - - [03/Jan/2025:12:32:27 -0600] "POST /reportes/manifiestoBoletoPiloto.html HTTP/1.1" 200 173
186.151.119.88 - - [03/Jan/2025:12:32:46 -0600] "POST /reportes/manifiestoBoletoPiloto.html HTTP/1.1" 200 173
186.151.119.88 - - [03/Jan/2025:12:32:57 -0600] "POST /reportes/manifiestoBoletoPiloto.html HTTP/1.1" 200 173
186.151.119.88 - - [03/Jan/2025:12:33:12 -0600] "POST /reportes/manifiestoBoletoPiloto.html HTTP/1.1" 200 173
186.151.119.88 - - [03/Jan/2025:12:33:23 -0600] "POST /reportes/manifiestoBoletoPiloto.html HTTP/1.1" 200 173
138.84.59.224 - - [03/Jan/2025:12:35:27 -0600] "POST /reportes/manifiestoBoletoPiloto.html HTTP/1.1" 200 173
186.151.119.88 - - [03/Jan/2025:12:35:35 -0600] "POST /reportes/manifiestoBoletoPiloto.html HTTP/1.1" 200 173
186.151.119.88 - - [03/Jan/2025:12:35:44 -0600] "POST /reportes/manifiestoBoletoPiloto.html HTTP/1.1" 200 173
190.148.193.146 - - [03/Jan/2025:12:38:03 -0600] "POST /reportes/manifiestoBoletoPiloto.html HTTP/1.1" 200 173
138.84.59.224 - - [03/Jan/2025:12:41:50 -0600] "POST /reportes/manifiestoBoletoPiloto.html HTTP/1.1" 200 173
200.35.163.241 - - [03/Jan/2025:12:44:52 -0600] "POST /reportes/manifiestoBoletoPiloto.html HTTP/1.1" 200 173
190.56.130.68 - - [03/Jan/2025:12:47:45 -0600] "POST /reportes/manifiestoBoletoPiloto.html HTTP/1.1" 200 173
45.229.41.195 - - [03/Jan/2025:12:49:12 -0600] "POST /reportes/manifiestoBoletoPiloto.html HTTP/1.1" 200 173
190.149.4.5 - - [03/Jan/2025:12:53:36 -0600] "POST /reportes/manifiestoBoletoPiloto.html HTTP/1.1" 200 173
138.84.59.224 - - [03/Jan/2025:12:58:50 -0600] "POST /reportes/manifiestoBoletoPiloto.html HTTP/1.1" 200 173
45.229.41.92 - - [03/Jan/2025:12:58:54 -0600] "GET /reportes/cuadreVentaBoleto.html HTTP/1.1" 200 3906
186.151.119.106 - - [03/Jan/2025:12:59:18 -0600] "GET /reportes/cuadreVentaBoleto.html HTTP/1.1" 200 3865
45.229.41.92 - - [03/Jan/2025:12:59:23 -0600] "POST /reportes/cuadreVentaBoleto.html HTTP/1.1" 200 173
186.151.119.106 - - [03/Jan/2025:12:59:38 -0600] "POST /reportes/cuadreVentaBoleto.html HTTP/1.1" 200 173
45.229.41.92 - - [03/Jan/2025:13:02:23 -0600] "POST /reportes/cuadreVentaBoleto.html HTTP/1.1" 200 173
190.148.193.146 - - [03/Jan/2025:13:02:45 -0600] "GET /reportes/cuadreVentaBoleto.html HTTP/1.1" 200 3869
190.148.193.146 - - [03/Jan/2025:13:03:20 -0600] "POST /reportes/cuadreVentaBoleto.html HTTP/1.1" 200 173
190.148.193.146 - - [03/Jan/2025:13:05:41 -0600] "POST /reportes/cuadreVentaBoleto.html HTTP/1.1" 200 173
200.119.178.55 - - [03/Jan/2025:13:07:06 -0600] "GET /reportes/encomiendaCuadreEncomienda.html HTTP/1.1" 200 3428
200.119.178.55 - - [03/Jan/2025:13:07:27 -0600] "POST /reportes/encomiendaCuadreEncomienda.html HTTP/1.1" 200 173
190.149.4.5 - - [03/Jan/2025:13:08:31 -0600] "POST /reportes/manifiestoEncomiendaFull.html HTTP/1.1" 200 173
200.119.178.55 - - [03/Jan/2025:13:09:20 -0600] "GET /reportes/encomiendaCuadreEncomienda.html HTTP/1.1" 200 3428
200.119.178.55 - - [03/Jan/2025:13:09:43 -0600] "POST /reportes/encomiendaCuadreEncomienda.html HTTP/1.1" 200 173
45.233.66.14 - - [03/Jan/2025:13:12:51 -0600] "GET /reportes/cuadreVentaBoleto.html HTTP/1.1" 200 3867
45.233.66.14 - - [03/Jan/2025:13:13:05 -0600] "POST /reportes/cuadreVentaBoleto.html HTTP/1.1" 200 173
186.151.119.106 - - [03/Jan/2025:13:15:57 -0600] "GET /reportes/cuadreVentaBoleto.html HTTP/1.1" 200 3865
186.151.119.106 - - [03/Jan/2025:13:16:01 -0600] "POST /reportes/cuadreVentaBoleto.html HTTP/1.1" 200 173
190.148.193.146 - - [03/Jan/2025:13:17:16 -0600] "POST /reportes/manifiestoBoletoPiloto.html HTTP/1.1" 200 173
186.151.119.88 - - [03/Jan/2025:13:30:19 -0600] "POST /reportes/manifiestoBoletoPiloto.html HTTP/1.1" 200 173
186.151.119.88 - - [03/Jan/2025:13:32:00 -0600] "POST /reportes/manifiestoBoletoPiloto.html HTTP/1.1" 200 173
186.151.119.88 - - [03/Jan/2025:13:32:39 -0600] "POST /reportes/manifiestoBoletoPiloto.html HTTP/1.1" 200 173
186.151.119.88 - - [03/Jan/2025:13:32:43 -0600] "POST /reportes/manifiestoBoletoPiloto.html HTTP/1.1" 200 173
186.151.119.88 - - [03/Jan/2025:13:32:52 -0600] "POST /reportes/manifiestoBoletoPiloto.html HTTP/1.1" 200 173
186.151.119.88 - - [03/Jan/2025:13:33:03 -0600] "POST /reportes/manifiestoBoletoPiloto.html HTTP/1.1" 200 173
190.149.4.5 - - [03/Jan/2025:13:37:29 -0600] "GET /reportes/detalleCaja.html HTTP/1.1" 200 8231
190.149.4.5 - - [03/Jan/2025:13:37:44 -0600] "POST /reportes/detalleCaja.html HTTP/1.1" 200 173
190.149.186.156 - - [03/Jan/2025:13:42:29 -0600] "POST /reportes/manifiestoBoletoPiloto.html HTTP/1.1" 200 173
190.149.166.33 - - [03/Jan/2025:13:45:00 -0600] "GET /reportes/cuadreVentaBoleto.html HTTP/1.1" 200 3938
190.149.166.33 - - [03/Jan/2025:13:45:26 -0600] "POST /reportes/cuadreVentaBoleto.html HTTP/1.1" 200 173
190.149.186.156 - - [03/Jan/2025:13:45:34 -0600] "POST /reportes/manifiestoBoletoPiloto.html HTTP/1.1" 200 173
190.56.130.68 - - [03/Jan/2025:13:46:02 -0600] "POST /reportes/manifiestoBoletoPiloto.html HTTP/1.1" 200 173
190.148.193.146 - - [03/Jan/2025:13:46:40 -0600] "POST /reportes/manifiestoBoletoPiloto.html HTTP/1.1" 200 173
190.149.186.156 - - [03/Jan/2025:13:47:02 -0600] "POST /reportes/manifiestoBoletoPiloto.html HTTP/1.1" 200 173
190.149.186.156 - - [03/Jan/2025:13:47:06 -0600] "GET /reportes/cuadreVentaBoleto.html HTTP/1.1" 200 3866
190.149.186.156 - - [03/Jan/2025:13:47:41 -0600] "POST /reportes/cuadreVentaBoleto.html HTTP/1.1" 200 173
181.174.90.42 - - [03/Jan/2025:13:52:35 -0600] "POST /reportes/manifiestoBoletoPiloto.html HTTP/1.1" 200 173
45.229.41.195 - - [03/Jan/2025:14:03:11 -0600] "POST /reportes/manifiestoBoletoPiloto.html HTTP/1.1" 200 173
190.149.186.156 - - [03/Jan/2025:14:05:42 -0600] "GET /reportes/cuadreVentaBoleto.html HTTP/1.1" 200 3866
190.149.186.156 - - [03/Jan/2025:14:05:48 -0600] "POST /reportes/cuadreVentaBoleto.html HTTP/1.1" 200 173
138.84.59.224 - - [03/Jan/2025:14:13:27 -0600] "POST /reportes/manifiestoBoletoPiloto.html HTTP/1.1" 200 173
186.151.119.88 - - [03/Jan/2025:14:15:28 -0600] "POST /reportes/manifiestoBoletoPiloto.html HTTP/1.1" 200 173
186.151.119.88 - - [03/Jan/2025:14:15:35 -0600] "POST /reportes/manifiestoBoletoPiloto.html HTTP/1.1" 200 173
181.189.154.32 - - [03/Jan/2025:14:23:22 -0600] "POST /reportes/manifiestoBoletoPiloto.html HTTP/1.1" 200 173
190.149.186.145 - - [03/Jan/2025:14:23:22 -0600] "POST /reportes/manifiestoEncomiendaFull.html HTTP/1.1" 200 173
190.149.186.145 - - [03/Jan/2025:14:23:32 -0600] "POST /reportes/manifiestoEncomiendaFull.html HTTP/1.1" 200 173
138.84.59.224 - - [03/Jan/2025:14:23:40 -0600] "POST /reportes/manifiestoBoletoPiloto.html HTTP/1.1" 200 173
190.149.186.145 - - [03/Jan/2025:14:24:02 -0600] "POST /reportes/manifiestoEncomiendaFull.html HTTP/1.1" 200 173
190.148.50.61 - - [03/Jan/2025:14:25:27 -0600] "POST /reportes/manifiestoEncomiendaFull.html HTTP/1.1" 200 173
190.148.50.61 - - [03/Jan/2025:14:25:40 -0600] "POST /reportes/manifiestoEncomiendaFull.html HTTP/1.1" 200 173
190.148.50.61 - - [03/Jan/2025:14:26:11 -0600] "POST /reportes/manifiestoEncomiendaFull.html HTTP/1.1" 200 173
190.149.186.145 - - [03/Jan/2025:14:27:40 -0600] "POST /reportes/manifiestoBoletoPiloto.html HTTP/1.1" 200 173
190.149.4.5 - - [03/Jan/2025:14:28:05 -0600] "POST /reportes/manifiestoBoletoPiloto.html HTTP/1.1" 200 173
190.148.193.146 - - [03/Jan/2025:14:28:39 -0600] "POST /reportes/manifiestoBoletoPiloto.html HTTP/1.1" 200 173
190.148.193.146 - - [03/Jan/2025:14:28:48 -0600] "POST /reportes/manifiestoBoletoPiloto.html HTTP/1.1" 200 173
190.148.193.146 - - [03/Jan/2025:14:29:34 -0600] "POST /reportes/manifiestoBoletoPiloto.html HTTP/1.1" 200 173
190.149.166.82 - - [03/Jan/2025:14:33:03 -0600] "POST /reportes/manifiestoBoletoPiloto.html HTTP/1.1" 200 173
190.149.166.82 - - [03/Jan/2025:14:33:26 -0600] "POST /reportes/manifiestoBoletoPiloto.html HTTP/1.1" 200 173
181.189.154.32 - - [03/Jan/2025:14:34:17 -0600] "POST /reportes/manifiestoBoletoPiloto.html HTTP/1.1" 200 173
190.149.166.82 - - [03/Jan/2025:14:34:55 -0600] "POST /reportes/manifiestoBoletoPiloto.html HTTP/1.1" 200 173
190.149.166.82 - - [03/Jan/2025:14:35:07 -0600] "POST /reportes/manifiestoBoletoPiloto.html HTTP/1.1" 200 173
190.148.193.146 - - [03/Jan/2025:14:35:51 -0600] "POST /reportes/manifiestoBoletoPiloto.html HTTP/1.1" 200 173
190.149.166.82 - - [03/Jan/2025:14:35:58 -0600] "POST /reportes/manifiestoBoletoPiloto.html HTTP/1.1" 200 173
190.143.185.144 - - [03/Jan/2025:14:36:07 -0600] "GET /reportes/encomiendaPendienteEntregar.html HTTP/1.1" 200 3793
190.143.185.144 - - [03/Jan/2025:14:36:18 -0600] "POST /reportes/encomiendaPendienteEntregar.html HTTP/1.1" 200 173
190.149.166.82 - - [03/Jan/2025:14:36:20 -0600] "POST /reportes/manifiestoBoletoPiloto.html HTTP/1.1" 200 173
190.143.185.144 - - [03/Jan/2025:14:36:28 -0600] "POST /reportes/encomiendaPendienteEntregar.html HTTP/1.1" 200 173
190.149.166.82 - - [03/Jan/2025:14:39:46 -0600] "POST /reportes/manifiestoBoletoPiloto.html HTTP/1.1" 200 173
181.174.69.196 - - [03/Jan/2025:14:44:30 -0600] "GET /reportes/cuadreVentaBoletoVoucher.html HTTP/1.1" 200 3390
181.174.69.196 - - [03/Jan/2025:14:44:55 -0600] "POST /reportes/cuadreVentaBoletoVoucher.html HTTP/1.1" 200 173
186.151.119.106 - - [03/Jan/2025:14:49:33 -0600] "GET /reportes/cuadreVentaBoleto.html HTTP/1.1" 200 3865
186.151.119.106 - - [03/Jan/2025:14:49:43 -0600] "POST /reportes/cuadreVentaBoleto.html HTTP/1.1" 200 173
190.149.186.156 - - [03/Jan/2025:14:59:03 -0600] "GET /reportes/cuadreVentaBoleto.html HTTP/1.1" 200 3866
190.149.186.156 - - [03/Jan/2025:15:00:03 -0600] "POST /reportes/cuadreVentaBoleto.html HTTP/1.1" 200 173
186.151.119.106 - - [03/Jan/2025:15:02:59 -0600] "GET /reportes/cuadreVentaBoleto.html HTTP/1.1" 200 3865
186.151.119.106 - - [03/Jan/2025:15:03:30 -0600] "POST /reportes/cuadreVentaBoleto.html HTTP/1.1" 200 173
190.56.130.6 - - [03/Jan/2025:15:03:43 -0600] "POST /reportes/manifiestoBoletoPiloto.html HTTP/1.1" 200 173
24.152.55.4 - - [03/Jan/2025:15:07:09 -0600] "GET /reportes/detalleCaja.html HTTP/1.1" 200 7291
24.152.55.4 - - [03/Jan/2025:15:08:13 -0600] "GET /reportes/caja.html HTTP/1.1" 200 7157
24.152.55.4 - - [03/Jan/2025:15:08:23 -0600] "POST /reportes/caja.html HTTP/1.1" 200 173
24.152.55.4 - - [03/Jan/2025:15:08:35 -0600] "POST /reportes/detalleCaja.html HTTP/1.1" 200 173
24.152.55.4 - - [03/Jan/2025:15:08:42 -0600] "GET /reportes/cuadreVentaBoletoVoucher.html HTTP/1.1" 200 3428
24.152.55.4 - - [03/Jan/2025:15:08:57 -0600] "POST /reportes/cuadreVentaBoletoVoucher.html HTTP/1.1" 200 173
45.229.41.92 - - [03/Jan/2025:15:11:46 -0600] "POST /reportes/manifiestoBoletoPiloto.html HTTP/1.1" 200 173
190.148.193.146 - - [03/Jan/2025:15:14:23 -0600] "POST /reportes/manifiestoBoletoPiloto.html HTTP/1.1" 200 173
138.84.59.224 - - [03/Jan/2025:15:17:27 -0600] "POST /reportes/manifiestoBoletoPiloto.html HTTP/1.1" 200 173
138.84.59.224 - - [03/Jan/2025:15:17:39 -0600] "POST /reportes/manifiestoBoletoPiloto.html HTTP/1.1" 200 173
190.56.157.165 - - [03/Jan/2025:15:22:27 -0600] "GET /reportes/detalleGeneralEncomienda.html HTTP/1.1" 200 17155
190.56.157.165 - - [03/Jan/2025:15:22:54 -0600] "POST /reportes/detalleGeneralEncomienda.html HTTP/1.1" 200 173
45.229.41.195 - - [03/Jan/2025:15:22:57 -0600] "POST /reportes/manifiestoBoletoPiloto.html HTTP/1.1" 200 173
190.106.197.168 - - [03/Jan/2025:15:23:33 -0600] "GET /reportes/detalleGeneralEncomienda.html HTTP/1.1" 200 17155
190.106.197.168 - - [03/Jan/2025:15:24:22 -0600] "POST /reportes/detalleGeneralEncomienda.html HTTP/1.1" 200 173
190.56.157.165 - - [03/Jan/2025:15:26:41 -0600] "GET /reportes/manifiestoEncomiendaFull.html HTTP/1.1" 200 13702
190.56.157.165 - - [03/Jan/2025:15:28:29 -0600] "GET /reportes/detalleFacturaEncomienda.html HTTP/1.1" 200 3425
190.56.157.165 - - [03/Jan/2025:15:28:44 -0600] "POST /reportes/detalleFacturaEncomienda.html HTTP/1.1" 200 173
190.148.50.61 - - [03/Jan/2025:15:34:11 -0600] "GET /reportes/encomiendaCuadreEncomienda.html HTTP/1.1" 200 3380
190.148.50.61 - - [03/Jan/2025:15:35:07 -0600] "POST /reportes/encomiendaCuadreEncomienda.html HTTP/1.1" 200 173
190.143.186.83 - - [03/Jan/2025:15:35:50 -0600] "GET /reportes/cuadreVentaBoleto.html HTTP/1.1" 200 3927
186.151.119.106 - - [03/Jan/2025:15:37:52 -0600] "GET /reportes/cuadreVentaBoleto.html HTTP/1.1" 200 3865
186.151.119.106 - - [03/Jan/2025:15:37:56 -0600] "POST /reportes/cuadreVentaBoleto.html HTTP/1.1" 200 173
190.148.50.61 - - [03/Jan/2025:15:41:59 -0600] "GET /reportes/encomiendaCuadreEncomienda.html HTTP/1.1" 200 3380
190.148.50.61 - - [03/Jan/2025:15:42:11 -0600] "POST /reportes/encomiendaCuadreEncomienda.html HTTP/1.1" 200 114
190.148.50.61 - - [03/Jan/2025:15:42:21 -0600] "GET /reporte/breyes_2025.01.03_15.42.13_677859b5a15be.pdf?v=2.5 HTTP/1.1" 200 10151
190.148.50.61 - - [03/Jan/2025:15:42:38 -0600] "POST /reportes/encomiendaCuadreEncomienda.html HTTP/1.1" 200 114
190.148.50.61 - - [03/Jan/2025:15:42:46 -0600] "GET /reporte/breyes_2025.01.03_15.42.39_677859cfe1b52.pdf?v=2.5 HTTP/1.1" 200 4999
190.149.186.145 - - [03/Jan/2025:15:42:56 -0600] "POST /reportes/manifiestoBoletoPiloto.html HTTP/1.1" 200 115
190.149.186.145 - - [03/Jan/2025:15:43:01 -0600] "GET /reporte/crafael_2025.01.03_15.42.59_677859e320dc9.pdf?v=2.5 HTTP/1.1" 200 4364
190.149.186.145 - - [03/Jan/2025:15:43:36 -0600] "POST /reportes/manifiestoEncomiendaFull.html HTTP/1.1" 200 115
190.149.186.145 - - [03/Jan/2025:15:43:43 -0600] "GET /reporte/crafael_2025.01.03_15.43.37_67785a09cfffb.pdf?v=2.5 HTTP/1.1" 200 2916
186.151.119.106 - - [03/Jan/2025:15:45:26 -0600] "GET /reportes/cuadreVentaBoleto.html HTTP/1.1" 200 3865
190.56.130.6 - - [03/Jan/2025:15:45:32 -0600] "POST /reportes/manifiestoBoletoPiloto.html HTTP/1.1" 200 116
190.56.130.6 - - [03/Jan/2025:15:45:38 -0600] "GET /reporte/wbarrios_2025.01.03_15.45.35_67785a7f679ca.pdf?v=2.5 HTTP/1.1" 200 5795
186.151.119.106 - - [03/Jan/2025:15:45:30 -0600] "POST /reportes/cuadreVentaBoleto.html HTTP/1.1" 200 116
186.151.119.106 - - [03/Jan/2025:15:46:03 -0600] "GET /reporte/amedrano_2025.01.03_15.45.31_67785a7b5f9a0.pdf?v=2.5 HTTP/1.1" 200 3539
190.149.4.5 - - [03/Jan/2025:15:48:49 -0600] "POST /reportes/manifiestoBoletoPiloto.html HTTP/1.1" 200 117
190.149.4.5 - - [03/Jan/2025:15:48:54 -0600] "GET /reporte/mgranados_2025.01.03_15.48.52_67785b442d409.pdf?v=2.5 HTTP/1.1" 200 4164
190.149.4.5 - - [03/Jan/2025:15:48:55 -0600] "GET /reporte/mgranados_2025.01.03_15.48.52_67785b442d409.pdf?v=2.5 HTTP/1.1" 200 4164
190.149.4.5 - - [03/Jan/2025:15:48:55 -0600] "GET /reporte/mgranados_2025.01.03_15.48.52_67785b442d409.pdf?v=2.5 HTTP/1.1" 206 1025
190.56.130.25 - - [03/Jan/2025:15:52:15 -0600] "POST /reportes/manifiestoBoletoPiloto.html HTTP/1.1" 200 116
190.56.130.25 - - [03/Jan/2025:15:52:23 -0600] "GET /reporte/wbarrios_2025.01.03_15.52.20_67785c14edd5e.pdf?v=2.5 HTTP/1.1" 200 5773
138.84.59.224 - - [03/Jan/2025:15:54:40 -0600] "POST /reportes/manifiestoBoletoPiloto.html HTTP/1.1" 200 116
138.84.59.224 - - [03/Jan/2025:15:54:44 -0600] "GET /reporte/Gagustin_2025.01.03_15.54.42_67785ca26cfff.pdf?v=2.5 HTTP/1.1" 200 3809
186.151.119.106 - - [03/Jan/2025:15:55:02 -0600] "GET /reportes/cuadreVentaBoleto.html HTTP/1.1" 200 3865
186.151.119.106 - - [03/Jan/2025:15:55:07 -0600] "POST /reportes/cuadreVentaBoleto.html HTTP/1.1" 200 116
186.151.119.106 - - [03/Jan/2025:15:55:26 -0600] "GET /reporte/amedrano_2025.01.03_15.55.09_67785cbd12472.pdf?v=2.5 HTTP/1.1" 200 3540
181.174.69.196 - - [03/Jan/2025:15:56:18 -0600] "GET /reportes/caja.html HTTP/1.1" 200 7189
181.174.69.196 - - [03/Jan/2025:15:56:30 -0600] "POST /reportes/caja.html HTTP/1.1" 200 115
181.174.69.196 - - [03/Jan/2025:15:56:35 -0600] "GET /reporte/mtorres_2025.01.03_15.56.32_67785d1044ecd.pdf?v=2.5 HTTP/1.1" 200 1889
138.84.59.224 - - [03/Jan/2025:15:56:59 -0600] "POST /reportes/manifiestoBoletoPiloto.html HTTP/1.1" 200 116
138.84.59.224 - - [03/Jan/2025:15:57:07 -0600] "GET /reporte/Gagustin_2025.01.03_15.57.04_67785d3087a70.pdf?v=2.5 HTTP/1.1" 200 5692
190.115.9.42 - - [03/Jan/2025:15:57:24 -0600] "GET /reportes/cuadreVentaBoletoVoucher.html HTTP/1.1" 200 3403
186.151.119.106 - - [03/Jan/2025:15:57:25 -0600] "POST /reportes/manifiestoBoletoPiloto.html HTTP/1.1" 200 116
186.151.119.106 - - [03/Jan/2025:15:57:34 -0600] "GET /reporte/amedrano_2025.01.03_15.57.30_67785d4a690b0.pdf?v=2.5 HTTP/1.1" 200 5681
190.115.9.42 - - [03/Jan/2025:15:57:38 -0600] "POST /reportes/cuadreVentaBoletoVoucher.html HTTP/1.1" 200 115
190.115.9.42 - - [03/Jan/2025:15:57:53 -0600] "GET /reporte/pisrael_2025.01.03_15.57.45_67785d59d1a22.pdf?v=2.5 HTTP/1.1" 200 2145
190.56.130.25 - - [03/Jan/2025:15:58:17 -0600] "POST /reportes/manifiestoBoletoPiloto.html HTTP/1.1" 200 116
190.56.130.25 - - [03/Jan/2025:15:58:25 -0600] "GET /reporte/wbarrios_2025.01.03_15.58.23_67785d7f2c9be.pdf?v=2.5 HTTP/1.1" 200 6241
190.56.130.25 - - [03/Jan/2025:16:00:12 -0600] "POST /reportes/manifiestoBoletoPiloto.html HTTP/1.1" 200 116
190.56.130.25 - - [03/Jan/2025:16:00:26 -0600] "GET /reporte/wbarrios_2025.01.03_16.00.22_67785df6ca8ba.pdf?v=2.5 HTTP/1.1" 200 4108
190.106.195.251 - - [03/Jan/2025:16:02:47 -0600] "POST /reportes/manifiestoBoletoPiloto.html HTTP/1.1" 200 117
190.106.195.251 - - [03/Jan/2025:16:02:52 -0600] "GET /reporte/lgonzalez_2025.01.03_16.02.49_67785e892fb39.pdf?v=2.5 HTTP/1.1" 200 6724
190.149.166.54 - - [03/Jan/2025:16:03:46 -0600] "GET /reportes/cuadreVentaBoleto.html HTTP/1.1" 200 3938
190.106.195.251 - - [03/Jan/2025:16:03:53 -0600] "POST /reportes/manifiestoEncomiendaFull.html HTTP/1.1" 200 117
190.106.195.251 - - [03/Jan/2025:16:03:59 -0600] "GET /reporte/lgonzalez_2025.01.03_16.03.54_67785eca9b238.pdf?v=2.5 HTTP/1.1" 200 2296
190.149.166.54 - - [03/Jan/2025:16:03:55 -0600] "POST /reportes/cuadreVentaBoleto.html HTTP/1.1" 200 113
190.149.166.54 - - [03/Jan/2025:16:04:15 -0600] "GET /reporte/lrosa_2025.01.03_16.03.56_67785ecc6fbc4.pdf?v=2.5 HTTP/1.1" 200 3548
190.149.166.54 - - [03/Jan/2025:16:04:31 -0600] "GET /reportes/encomiendaCuadreEncomienda.html HTTP/1.1" 200 3388
190.149.166.54 - - [03/Jan/2025:16:04:41 -0600] "POST /reportes/encomiendaCuadreEncomienda.html HTTP/1.1" 200 113
190.149.166.54 - - [03/Jan/2025:16:04:48 -0600] "GET /reporte/lrosa_2025.01.03_16.04.42_67785efa76577.pdf?v=2.5 HTTP/1.1" 200 4991
190.56.157.165 - - [03/Jan/2025:16:06:17 -0600] "GET /reportes/detalleGeneralEncomienda.html HTTP/1.1" 200 17155
190.148.193.146 - - [03/Jan/2025:16:06:46 -0600] "POST /reportes/manifiestoBoletoPiloto.html HTTP/1.1" 200 112
190.148.193.146 - - [03/Jan/2025:16:06:49 -0600] "GET /reporte/rpaz_2025.01.03_16.06.46_67785f7701585.pdf?v=2.5 HTTP/1.1" 200 3271
190.56.157.165 - - [03/Jan/2025:16:07:51 -0600] "POST /reportes/detalleGeneralEncomienda.html HTTP/1.1" 200 118
190.56.157.165 - - [03/Jan/2025:16:07:56 -0600] "GET /reporte/jalcantara_2025.01.03_16.07.52_67785fb8ab375.pdf?v=2.5 HTTP/1.1" 200 10238
190.56.157.165 - - [03/Jan/2025:16:08:23 -0600] "POST /reportes/detalleGeneralEncomienda.html HTTP/1.1" 200 118
190.56.157.165 - - [03/Jan/2025:16:08:28 -0600] "GET /reporte/jalcantara_2025.01.03_16.08.24_67785fd8262a9.pdf?v=2.5 HTTP/1.1" 200 11177
190.56.130.48 - - [03/Jan/2025:16:10:55 -0600] "GET /reportes/cuadreVentaBoleto.html HTTP/1.1" 200 3864
45.229.41.92 - - [03/Jan/2025:16:11:02 -0600] "GET /reportes/cuadreVentaBoleto.html HTTP/1.1" 200 3906
190.56.130.48 - - [03/Jan/2025:16:11:08 -0600] "POST /reportes/cuadreVentaBoleto.html HTTP/1.1" 200 116
190.56.130.48 - - [03/Jan/2025:16:11:41 -0600] "GET /reporte/wbarrios_2025.01.03_16.11.17_6778608580d79.pdf?v=2.5 HTTP/1.1" 200 3488
45.229.41.92 - - [03/Jan/2025:16:11:15 -0600] "POST /reportes/cuadreVentaBoleto.html HTTP/1.1" 200 115
45.229.41.92 - - [03/Jan/2025:16:11:44 -0600] "GET /reporte/mdeleon_2025.01.03_16.11.21_67786089f06e9.pdf?v=2.5 HTTP/1.1" 200 3780
45.229.41.92 - - [03/Jan/2025:16:12:06 -0600] "POST /reportes/cuadreVentaBoleto.html HTTP/1.1" 200 115
45.229.41.92 - - [03/Jan/2025:16:12:23 -0600] "GET /reporte/mdeleon_2025.01.03_16.12.07_677860b7c1884.pdf?v=2.5 HTTP/1.1" 200 3923
190.148.193.146 - - [03/Jan/2025:16:13:43 -0600] "POST /reportes/manifiestoBoletoPiloto.html HTTP/1.1" 200 112
190.148.193.146 - - [03/Jan/2025:16:13:49 -0600] "GET /reporte/rpaz_2025.01.03_16.13.46_6778611a9bf53.pdf?v=2.5 HTTP/1.1" 200 3738
190.56.130.48 - - [03/Jan/2025:16:13:34 -0600] "POST /reportes/cuadreVentaBoleto.html HTTP/1.1" 200 116
190.56.130.48 - - [03/Jan/2025:16:14:00 -0600] "GET /reporte/wbarrios_2025.01.03_16.13.37_677861118d05e.pdf?v=2.5 HTTP/1.1" 200 3558
190.143.185.144 - - [03/Jan/2025:16:14:27 -0600] "POST /reportes/manifiestoEncomiendaFull.html HTTP/1.1" 200 114
190.143.185.144 - - [03/Jan/2025:16:14:37 -0600] "GET /reporte/kperez_2025.01.03_16.14.29_67786145c7d09.pdf?v=2.5 HTTP/1.1" 200 2385
186.151.119.106 - - [03/Jan/2025:16:14:59 -0600] "GET /reportes/cuadreVentaBoleto.html HTTP/1.1" 200 3865
186.151.119.106 - - [03/Jan/2025:16:15:04 -0600] "POST /reportes/cuadreVentaBoleto.html HTTP/1.1" 200 116
186.151.119.106 - - [03/Jan/2025:16:15:24 -0600] "GET /reporte/amedrano_2025.01.03_16.15.05_67786169a1ab3.pdf?v=2.5 HTTP/1.1" 200 3594
45.229.41.92 - - [03/Jan/2025:16:15:28 -0600] "POST /reportes/manifiestoBoletoPiloto.html HTTP/1.1" 200 115
45.229.41.92 - - [03/Jan/2025:16:15:36 -0600] "GET /reporte/mdeleon_2025.01.03_16.15.33_67786185e47ac.pdf?v=2.5 HTTP/1.1" 200 3273
190.56.130.48 - - [03/Jan/2025:16:16:13 -0600] "POST /reportes/manifiestoBoletoPiloto.html HTTP/1.1" 200 116
190.56.130.48 - - [03/Jan/2025:16:16:20 -0600] "GET /reporte/wbarrios_2025.01.03_16.16.16_677861b10053b.pdf?v=2.5 HTTP/1.1" 200 5767
45.229.41.92 - - [03/Jan/2025:16:17:06 -0600] "POST /reportes/manifiestoBoletoPiloto.html HTTP/1.1" 200 115
45.229.41.92 - - [03/Jan/2025:16:17:15 -0600] "GET /reporte/mdeleon_2025.01.03_16.17.13_677861e91821e.pdf?v=2.5 HTTP/1.1" 200 2897
45.229.41.92 - - [03/Jan/2025:16:18:37 -0600] "POST /reportes/manifiestoBoletoPiloto.html HTTP/1.1" 200 115
45.229.41.92 - - [03/Jan/2025:16:18:45 -0600] "GET /reporte/mdeleon_2025.01.03_16.18.41_67786241947ba.pdf?v=2.5 HTTP/1.1" 200 3730
190.143.185.144 - - [03/Jan/2025:16:19:16 -0600] "POST /reportes/manifiestoEncomiendaFull.html HTTP/1.1" 200 114
190.143.185.144 - - [03/Jan/2025:16:19:29 -0600] "GET /reporte/kperez_2025.01.03_16.19.21_677862695ce91.pdf?v=2.5 HTTP/1.1" 200 4409
190.56.130.68 - - [03/Jan/2025:16:19:37 -0600] "GET /reportes/encomiendaCuadreEncomienda.html HTTP/1.1" 200 3315
190.56.130.68 - - [03/Jan/2025:16:20:05 -0600] "POST /reportes/encomiendaCuadreEncomienda.html HTTP/1.1" 200 117
190.56.130.68 - - [03/Jan/2025:16:20:16 -0600] "GET /reporte/acastillo_2025.01.03_16.20.09_67786299d4327.pdf?v=2.5 HTTP/1.1" 200 3713
190.56.130.68 - - [03/Jan/2025:16:20:29 -0600] "POST /reportes/encomiendaCuadreEncomienda.html HTTP/1.1" 200 117
190.56.130.68 - - [03/Jan/2025:16:20:38 -0600] "GET /reporte/acastillo_2025.01.03_16.20.33_677862b135bd1.pdf?v=2.5 HTTP/1.1" 200 4001
138.185.79.129 - - [03/Jan/2025:16:20:38 -0600] "POST /reportes/manifiestoBoletoPiloto.html HTTP/1.1" 200 115
138.185.79.129 - - [03/Jan/2025:16:20:50 -0600] "GET /reporte/apathen_2025.01.03_16.20.46_677862bee3f7e.pdf?v=2.5 HTTP/1.1" 200 6673
190.56.130.48 - - [03/Jan/2025:16:25:36 -0600] "POST /reportes/manifiestoBoletoPiloto.html HTTP/1.1" 200 116
190.56.130.48 - - [03/Jan/2025:16:25:55 -0600] "GET /reporte/wbarrios_2025.01.03_16.25.51_677863efec3d3.pdf?v=2.5 HTTP/1.1" 200 5796
190.149.166.54 - - [03/Jan/2025:16:27:00 -0600] "GET /reportes/cuadreVentaBoleto.html HTTP/1.1" 200 3938
190.149.166.54 - - [03/Jan/2025:16:27:39 -0600] "POST /reportes/cuadreVentaBoleto.html HTTP/1.1" 200 113
190.149.166.54 - - [03/Jan/2025:16:28:05 -0600] "GET /reporte/lrosa_2025.01.03_16.27.44_67786460d8803.pdf?v=2.5 HTTP/1.1" 200 3475
190.149.166.54 - - [03/Jan/2025:16:28:22 -0600] "GET /reportes/encomiendaCuadreEncomienda.html HTTP/1.1" 200 3388
24.152.55.4 - - [03/Jan/2025:16:28:24 -0600] "GET /reportes/cuadreVentaBoletoVoucher.html HTTP/1.1" 200 3428
190.149.166.54 - - [03/Jan/2025:16:28:33 -0600] "POST /reportes/encomiendaCuadreEncomienda.html HTTP/1.1" 200 113
24.152.55.4 - - [03/Jan/2025:16:28:41 -0600] "POST /reportes/cuadreVentaBoletoVoucher.html HTTP/1.1" 200 120
24.152.55.4 - - [03/Jan/2025:16:28:45 -0600] "GET /reporte/expresso2024_2025.01.03_16.28.42_6778649a9b89e.pdf?v=2.5 HTTP/1.1" 200 1928
190.149.166.54 - - [03/Jan/2025:16:28:45 -0600] "GET /reporte/lrosa_2025.01.03_16.28.38_6778649668b43.pdf?v=2.5 HTTP/1.1" 200 3778
190.148.193.146 - - [03/Jan/2025:16:32:02 -0600] "POST /reportes/manifiestoBoletoPiloto.html HTTP/1.1" 200 112
190.148.193.146 - - [03/Jan/2025:16:32:05 -0600] "GET /reporte/rpaz_2025.01.03_16.32.03_67786563aa31b.pdf?v=2.5 HTTP/1.1" 200 3340
200.119.168.245 - - [03/Jan/2025:16:32:43 -0600] "POST /reportes/manifiestoBoletoPiloto.html HTTP/1.1" 200 112
200.119.168.245 - - [03/Jan/2025:16:32:46 -0600] "GET /reporte/rpaz_2025.01.03_16.32.44_6778658c9db2d.pdf?v=2.5 HTTP/1.1" 200 3922
138.84.59.224 - - [03/Jan/2025:16:33:55 -0600] "POST /reportes/manifiestoBoletoPiloto.html HTTP/1.1" 200 116
138.84.59.224 - - [03/Jan/2025:16:33:58 -0600] "GET /reporte/Gagustin_2025.01.03_16.33.56_677865d4920e9.pdf?v=2.5 HTTP/1.1" 200 3977
190.56.130.48 - - [03/Jan/2025:16:35:36 -0600] "POST /reportes/manifiestoBoletoPiloto.html HTTP/1.1" 200 116
190.56.130.48 - - [03/Jan/2025:16:35:40 -0600] "GET /reporte/wbarrios_2025.01.03_16.35.37_677866399bb58.pdf?v=2.5 HTTP/1.1" 200 6616
45.229.41.92 - - [03/Jan/2025:16:36:15 -0600] "GET /reportes/cuadreVentaBoleto.html HTTP/1.1" 200 3906
45.229.41.92 - - [03/Jan/2025:16:36:21 -0600] "POST /reportes/cuadreVentaBoleto.html HTTP/1.1" 200 115
45.229.41.92 - - [03/Jan/2025:16:36:41 -0600] "GET /reporte/mdeleon_2025.01.03_16.36.23_677866675fcdc.pdf?v=2.5 HTTP/1.1" 200 3809
190.56.130.48 - - [03/Jan/2025:16:38:16 -0600] "POST /reportes/manifiestoBoletoPiloto.html HTTP/1.1" 200 116
190.56.130.48 - - [03/Jan/2025:16:38:24 -0600] "GET /reporte/wbarrios_2025.01.03_16.38.21_677866dde2eb4.pdf?v=2.5 HTTP/1.1" 200 6211
190.149.186.156 - - [03/Jan/2025:16:40:40 -0600] "GET /reportes/cuadreVentaBoleto.html HTTP/1.1" 200 3866
190.149.186.156 - - [03/Jan/2025:16:40:45 -0600] "POST /reportes/cuadreVentaBoleto.html HTTP/1.1" 200 115
190.149.186.156 - - [03/Jan/2025:16:41:04 -0600] "GET /reporte/wsantos_2025.01.03_16.40.47_6778676f1a96e.pdf?v=2.5 HTTP/1.1" 200 3813
190.56.130.48 - - [03/Jan/2025:16:41:29 -0600] "POST /reportes/manifiestoBoletoPiloto.html HTTP/1.1" 200 116
190.56.130.48 - - [03/Jan/2025:16:41:33 -0600] "GET /reporte/wbarrios_2025.01.03_16.41.31_6778679b5dd51.pdf?v=2.5 HTTP/1.1" 200 4107
190.149.186.156 - - [03/Jan/2025:16:42:17 -0600] "POST /reportes/cuadreVentaBoleto.html HTTP/1.1" 200 115
190.149.186.156 - - [03/Jan/2025:16:42:36 -0600] "GET /reporte/wsantos_2025.01.03_16.42.18_677867ca8deab.pdf?v=2.5 HTTP/1.1" 200 3813
138.84.59.224 - - [03/Jan/2025:16:46:37 -0600] "POST /reportes/manifiestoBoletoPiloto.html HTTP/1.1" 200 116
138.84.59.224 - - [03/Jan/2025:16:46:48 -0600] "GET /reporte/Gagustin_2025.01.03_16.46.45_677868d574115.pdf?v=2.5 HTTP/1.1" 200 3977
190.143.185.144 - - [03/Jan/2025:16:49:59 -0600] "GET /reportes/detalleFacturaBoleto.html HTTP/1.1" 200 4919
24.152.55.4 - - [03/Jan/2025:16:50:14 -0600] "POST /reportes/manifiestoBoletoPiloto.html HTTP/1.1" 200 120
