45.228.233.43 - - [03/Apr/2025:11:25:41 -0600] "GET /boleto/emitirBoletos.html HTTP/1.1" 200 28887
45.233.66.14 - - [03/Apr/2025:11:23:32 -0600] "POST /login_check HTTP/1.1" 302 304
190.56.157.165 - - [03/Apr/2025:11:25:46 -0600] "POST /ajax/listarTipoEncomiendaEspecialPaginando.json HTTP/1.1" 200 58
45.228.234.105 - - [03/Apr/2025:11:26:05 -0600] "GET /caja/preCerrar.html?id=6125002 HTTP/1.1" 200 1215
190.149.166.25 - - [03/Apr/2025:11:25:34 -0600] "GET /ajax/listarClientesPaginando.json?term=roger+samayoa&page_limit=5&_=1743701053992 HTTP/1.1" 200 59
190.148.193.146 - - [03/Apr/2025:11:26:16 -0600] "GET /login HTTP/1.1" 200 2752
200.59.28.77 - - [03/Apr/2025:11:25:54 -0600] "POST /cliente/crear.html HTTP/1.1" 200 146
190.149.186.46 - - [03/Apr/2025:11:26:19 -0600] "GET /login HTTP/1.1" 200 2752
190.149.186.46 - - [03/Apr/2025:11:26:28 -0600] "GET /favicon.ico HTTP/1.1" 200 1150
45.233.66.14 - - [03/Apr/2025:11:23:41 -0600] "POST /login_check HTTP/1.1" 302 304
181.174.75.172 - - [03/Apr/2025:11:26:31 -0600] "-" 408 -
190.56.130.31 - - [03/Apr/2025:11:25:42 -0600] "POST /ajax/listarClientesPaginando.json HTTP/1.1" 200 283
200.35.163.241 - - [03/Apr/2025:11:25:57 -0600] "GET /caja/ HTTP/1.1" 304 -
181.174.75.172 - - [03/Apr/2025:11:25:53 -0600] "POST /ajax/listarSalidasByFecha.html HTTP/1.1" 200 14050
45.233.66.14 - - [03/Apr/2025:11:23:43 -0600] "POST /login_check HTTP/1.1" 302 304
190.148.50.29 - - [03/Apr/2025:11:26:16 -0600] "POST /autorizacioninterna/listarAutorizacionInterna.json HTTP/1.1" 200 1360
45.229.41.189 - - [03/Apr/2025:11:26:41 -0600] "-" 408 -
200.119.178.55 - - [03/Apr/2025:11:25:33 -0600] "POST /ajax/getInformacionPorSalida.json HTTP/1.1" 200 10754
45.233.66.14 - - [03/Apr/2025:11:23:44 -0600] "POST /login_check HTTP/1.1" 302 304
186.151.119.120 - - [03/Apr/2025:11:26:15 -0600] "GET /boleto/emitirBoletos.html HTTP/1.1" 200 28912
190.149.186.46 - - [03/Apr/2025:11:26:29 -0600] "POST /login_check HTTP/1.1" 302 304
190.56.130.31 - - [03/Apr/2025:11:25:40 -0600] "POST /ajax/listarClientesPaginando.json HTTP/1.1" 200 299
45.228.233.43 - - [03/Apr/2025:11:26:18 -0600] "POST /ajax/listarSalidasActivasEmitirBoleto.json HTTP/1.1" 200 34
200.59.28.77 - - [03/Apr/2025:11:26:27 -0600] "POST /ajax/listarClientesPaginando.json HTTP/1.1" 200 62
190.149.4.86 - - [03/Apr/2025:11:26:17 -0600] "POST /cliente/crear.html HTTP/1.1" 200 146
45.233.66.14 - - [03/Apr/2025:11:26:07 -0600] "GET / HTTP/1.1" 200 34075
181.189.154.32 - - [03/Apr/2025:11:26:10 -0600] "POST /ajax/listarSalidasActivasEmitirBoleto.json HTTP/1.1" 200 3031
45.228.234.105 - - [03/Apr/2025:11:26:26 -0600] "POST /caja/preCerrar.html HTTP/1.1" 200 79
45.233.66.14 - - [03/Apr/2025:11:23:44 -0600] "POST /login_check HTTP/1.1" 302 304
190.148.50.29 - - [03/Apr/2025:11:26:20 -0600] "GET /encomienda/registrarEncomienda.html HTTP/1.1" 200 32558
200.35.163.241 - - [03/Apr/2025:11:26:36 -0600] "POST /caja/listarCajas.json HTTP/1.1" 200 222
200.119.178.44 - - [03/Apr/2025:11:26:16 -0600] "POST /ajax/listarSalidasActivasEmitirBoleto.json HTTP/1.1" 200 11046
190.149.166.25 - - [03/Apr/2025:11:25:35 -0600] "POST /boleto/emitirBoletos.html HTTP/1.1" 200 843
190.148.193.146 - - [03/Apr/2025:11:27:04 -0600] "GET /ajax/listarClientesPaginando.json?term=YEFRY+HERRERA+BAIRES&page_limit=5&_=1743700643974 HTTP/1.1" 302 464
45.233.66.14 - - [03/Apr/2025:11:23:44 -0600] "POST /login_check HTTP/1.1" 302 304
45.233.66.14 - - [03/Apr/2025:11:26:21 -0600] "POST /login_check HTTP/1.1" 302 324
45.233.66.14 - - [03/Apr/2025:11:26:56 -0600] "POST /login_check HTTP/1.1" 302 324
190.149.166.86 - - [03/Apr/2025:11:25:35 -0600] "POST /encomienda/entregaMultipleEncomienda.html HTTP/1.1" 200 268
190.56.130.31 - - [03/Apr/2025:11:25:44 -0600] "POST /ajax/listarClientesPaginando.json HTTP/1.1" 200 14
190.56.157.165 - - [03/Apr/2025:11:26:45 -0600] "POST /ajax/getSeriesActivaPorEstacion.json HTTP/1.1" 200 113
45.233.66.14 - - [03/Apr/2025:11:23:45 -0600] "POST /login_check HTTP/1.1" 302 304
190.148.193.146 - - [03/Apr/2025:11:26:54 -0600] "GET /ajax/listarClientesPaginando.json?term=ISABEL+&page_limit=5&_=1743698499696 HTTP/1.1" 200 250
190.148.193.146 - - [03/Apr/2025:11:27:14 -0600] "GET /login HTTP/1.1" 200 2752
45.233.66.14 - - [03/Apr/2025:11:27:15 -0600] "GET /login HTTP/1.1" 200 2821
200.119.178.55 - - [03/Apr/2025:11:26:43 -0600] "GET /encomienda/registrarEncomienda.html HTTP/1.1" 200 32558
190.149.4.86 - - [03/Apr/2025:11:26:57 -0600] "POST /ajax/listarClientesPaginando.json HTTP/1.1" 200 63
45.228.234.105 - - [03/Apr/2025:11:27:05 -0600] "POST /caja/listarCajas.json HTTP/1.1" 200 233
45.229.41.189 - - [03/Apr/2025:11:26:36 -0600] "POST /reportes/cuadreVentaBoleto.html HTTP/1.1" 200 117
45.229.41.189 - - [03/Apr/2025:11:27:32 -0600] "GET /reporte/mmartinez_2025.04.03_11.27.04_67eec4e81a4c6.pdf?v=2.5 HTTP/1.1" 200 3472
190.149.166.25 - - [03/Apr/2025:11:26:09 -0600] "POST /ajax/getInformacionPorSalida.json HTTP/1.1" 200 7850
45.228.233.43 - - [03/Apr/2025:11:26:56 -0600] "POST /ajax/listarDatosIniciales.json HTTP/1.1" 200 60
190.56.130.31 - - [03/Apr/2025:11:25:45 -0600] "POST /ajax/listarClientesPaginando.json HTTP/1.1" 200 14
190.148.50.29 - - [03/Apr/2025:11:27:10 -0600] "POST /ajax/listarMonedasCajasAbiertas.json HTTP/1.1" 200 41
181.189.154.32 - - [03/Apr/2025:11:27:05 -0600] "POST /ajax/listarDatosIniciales.json HTTP/1.1" 200 60
200.119.178.44 - - [03/Apr/2025:11:26:30 -0600] "GET /ajax/listarClientesPaginando.json?term=22913106&page_limit=5&_=1743700301665 HTTP/1.1" 200 81
190.149.186.116 - - [03/Apr/2025:11:26:57 -0600] "GET /boleto/emitirBoletos.html HTTP/1.1" 200 28923
190.148.193.146 - - [03/Apr/2025:11:27:06 -0600] "GET /ajax/listarClientesPaginando.json?term=ELISABEL+ABREU&page_limit=5&_=1743698499697 HTTP/1.1" 200 14
190.56.157.165 - - [03/Apr/2025:11:27:23 -0600] "POST /ajax/calcularImporteTotalMonedaBaseEncomienda.json HTTP/1.1" 200 37
24.152.55.20 - - [03/Apr/2025:11:26:57 -0600] "POST /ajax/listarSalidasActivasEmitirBoleto.json HTTP/1.1" 200 1084
186.151.119.120 - - [03/Apr/2025:11:26:50 -0600] "POST /ajax/listarSalidasActivasEmitirBoleto.json HTTP/1.1" 200 2926
190.149.166.25 - - [03/Apr/2025:11:27:14 -0600] "GET /boleto/emitirBoletos.html HTTP/1.1" 200 29033
190.149.186.46 - - [03/Apr/2025:11:26:52 -0600] "GET / HTTP/1.1" 200 29401
200.119.178.55 - - [03/Apr/2025:11:26:54 -0600] "POST /ajax/calcularImporteTotalMonedaBase.json HTTP/1.1" 200 50
200.119.178.55 - - [03/Apr/2025:11:27:28 -0600] "POST /ajax/listarMonedasCajasAbiertas.json HTTP/1.1" 200 41
45.233.66.14 - - [03/Apr/2025:11:27:33 -0600] "POST /login_check HTTP/1.1" 302 304
190.56.130.31 - - [03/Apr/2025:11:25:53 -0600] "POST /ajax/listarClientesPaginando.json HTTP/1.1" 200 241
200.59.28.77 - - [03/Apr/2025:11:27:20 -0600] "POST /ajax/calcularImporteTotalMonedaBase.json HTTP/1.1" 200 50
190.148.193.146 - - [03/Apr/2025:11:27:08 -0600] "GET /cliente/crear.html HTTP/1.1" 200 10439
186.151.119.120 - - [03/Apr/2025:11:27:13 -0600] "GET /ajax/listarClientesPaginando.json?term=KEYLA+SANDOVAL&page_limit=5&_=1743700054723 HTTP/1.1" 200 271
190.149.186.46 - - [03/Apr/2025:11:27:39 -0600] "GET /login HTTP/1.1" 200 2752
45.228.233.43 - - [03/Apr/2025:11:27:02 -0600] "POST /ajax/listarSalidasActivasEmitirBoleto.json HTTP/1.1" 200 258
45.228.234.105 - - [03/Apr/2025:11:27:38 -0600] "GET /caja/cerrar.html?id=6125002 HTTP/1.1" 200 1034
190.56.130.31 - - [03/Apr/2025:11:27:50 -0600] "GET / HTTP/1.1" 302 464
190.56.130.31 - - [03/Apr/2025:11:26:00 -0600] "POST /ajax/listarClientesPaginando.json HTTP/1.1" 200 14
190.149.186.116 - - [03/Apr/2025:11:27:56 -0600] "-" 408 -
190.149.186.116 - - [03/Apr/2025:11:27:37 -0600] "POST /ajax/listarSalidasActivasEmitirBoleto.json HTTP/1.1" 200 34
190.149.166.25 - - [03/Apr/2025:11:27:39 -0600] "GET /ajax/listarClientesPaginando.json?term=r&page_limit=5&_=1743701053993 HTTP/1.1" 200 269
190.56.130.31 - - [03/Apr/2025:11:27:52 -0600] "GET / HTTP/1.1" 302 464
190.148.193.146 - - [03/Apr/2025:11:27:55 -0600] "GET / HTTP/1.1" 302 464
200.59.28.77 - - [03/Apr/2025:11:27:47 -0600] "POST /ajax/calcularImporteTotalPorMoneda.json HTTP/1.1" 200 57
190.56.130.31 - - [03/Apr/2025:11:27:58 -0600] "GET /login HTTP/1.1" 200 2752
190.148.193.146 - - [03/Apr/2025:11:27:59 -0600] "GET /login HTTP/1.1" 200 2752
186.151.119.120 - - [03/Apr/2025:11:27:39 -0600] "POST /ajax/listarDatosIniciales.json HTTP/1.1" 200 61
190.149.4.86 - - [03/Apr/2025:11:27:50 -0600] "POST /ajax/listarClientesPaginando.json HTTP/1.1" 200 302
190.56.130.31 - - [03/Apr/2025:11:26:06 -0600] "POST /ajax/listarClientesPaginando.json HTTP/1.1" 200 14
190.149.166.25 - - [03/Apr/2025:11:27:41 -0600] "GET /ajax/listarClientesPaginando.json?term=ro&page_limit=5&_=1743701053994 HTTP/1.1" 200 287
45.228.233.43 - - [03/Apr/2025:11:27:14 -0600] "GET /boleto/emitirBoletos.html HTTP/1.1" 200 28887
190.149.186.46 - - [03/Apr/2025:11:27:57 -0600] "POST /login_check HTTP/1.1" 302 304
190.149.166.25 - - [03/Apr/2025:11:27:40 -0600] "POST /ajax/listarSalidasActivasEmitirBoleto.json HTTP/1.1" 200 3185
45.233.66.14 - - [03/Apr/2025:11:27:44 -0600] "GET / HTTP/1.1" 200 34075
190.149.186.116 - - [03/Apr/2025:11:27:56 -0600] "POST /ajax/listarDatosIniciales.json HTTP/1.1" 200 61
45.228.234.105 - - [03/Apr/2025:11:27:56 -0600] "POST /caja/cerrar.html HTTP/1.1" 200 79
190.149.4.86 - - [03/Apr/2025:11:27:53 -0600] "POST /ajax/listarClientesPaginando.json HTTP/1.1" 200 278
190.149.166.25 - - [03/Apr/2025:11:27:43 -0600] "GET /ajax/listarClientesPaginando.json?term=roger+&page_limit=5&_=1743701053995 HTTP/1.1" 200 245
190.56.130.31 - - [03/Apr/2025:11:26:10 -0600] "POST /ajax/listarClientesPaginando.json HTTP/1.1" 200 14
190.56.130.31 - - [03/Apr/2025:11:28:05 -0600] "POST /login_check HTTP/1.1" 302 304
190.148.193.146 - - [03/Apr/2025:11:28:06 -0600] "POST /login_check HTTP/1.1" 302 304
200.59.28.77 - - [03/Apr/2025:11:28:09 -0600] "POST /ajax/calcularImporteTotalPorMoneda.json HTTP/1.1" 200 57
190.149.166.86 - - [03/Apr/2025:11:27:37 -0600] "POST /ajax/listarEncomiendasPendientesEntrega.json HTTP/1.1" 200 37323
24.152.55.20 - - [03/Apr/2025:11:27:40 -0600] "POST /ajax/getInformacionPorSalida.json HTTP/1.1" 200 5876
45.228.233.43 - - [03/Apr/2025:11:28:09 -0600] "POST /ajax/listarSalidasActivasEmitirBoleto.json HTTP/1.1" 200 34
190.148.50.29 - - [03/Apr/2025:11:28:09 -0600] "POST /ajax/listarClientesPaginando.json HTTP/1.1" 200 284
186.151.119.120 - - [03/Apr/2025:11:27:55 -0600] "POST /ajax/listarSalidasActivasEmitirBoleto.json HTTP/1.1" 200 2520
181.174.75.172 - - [03/Apr/2025:11:27:46 -0600] "POST /ajax/getInformacionPorSalida.json HTTP/1.1" 200 6171
190.56.130.31 - - [03/Apr/2025:11:26:13 -0600] "POST /ajax/listarClientesPaginando.json HTTP/1.1" 200 14
190.149.166.25 - - [03/Apr/2025:11:28:12 -0600] "POST /ajax/listarDatosIniciales.json HTTP/1.1" 200 60
190.149.166.25 - - [03/Apr/2025:11:27:46 -0600] "GET /ajax/listarClientesPaginando.json?term=roger+samayoa&page_limit=5&_=1743701053996 HTTP/1.1" 200 59
190.149.4.86 - - [03/Apr/2025:11:27:54 -0600] "POST /ajax/listarClientesPaginando.json HTTP/1.1" 200 202
45.228.234.105 - - [03/Apr/2025:11:28:15 -0600] "POST /caja/listarCajas.json HTTP/1.1" 200 34
181.174.75.172 - - [03/Apr/2025:11:28:17 -0600] "POST /login_check HTTP/1.1" 302 324
181.174.75.172 - - [03/Apr/2025:11:28:28 -0600] "GET /login HTTP/1.1" 200 2821
45.233.66.14 - - [03/Apr/2025:11:28:15 -0600] "GET /boleto/emitirBoletos.html HTTP/1.1" 200 28914
190.56.130.31 - - [03/Apr/2025:11:26:23 -0600] "GET /cliente/crear.html HTTP/1.1" 200 10439
45.229.41.189 - - [03/Apr/2025:11:28:33 -0600] "-" 408 -
190.149.4.86 - - [03/Apr/2025:11:28:00 -0600] "POST /ajax/listarClientesPaginando.json HTTP/1.1" 200 14
45.229.41.189 - - [03/Apr/2025:11:28:33 -0600] "-" 408 -
190.56.157.165 - - [03/Apr/2025:11:27:41 -0600] "POST /encomienda/registrarEncomienda.html HTTP/1.1" 200 1351
200.119.178.55 - - [03/Apr/2025:11:27:43 -0600] "POST /boleto/emitirBoletos.html HTTP/1.1" 200 752
190.149.186.46 - - [03/Apr/2025:11:28:11 -0600] "GET / HTTP/1.1" 200 29401
190.56.130.31 - - [03/Apr/2025:11:28:15 -0600] "GET / HTTP/1.1" 200 34080
190.148.193.146 - - [03/Apr/2025:11:28:15 -0600] "GET / HTTP/1.1" 200 34066
190.148.50.29 - - [03/Apr/2025:11:28:30 -0600] "POST /ajax/listarClientesPaginando.json HTTP/1.1" 200 268
190.149.4.86 - - [03/Apr/2025:11:28:08 -0600] "POST /ajax/listarClientesPaginando.json HTTP/1.1" 200 95
190.149.166.25 - - [03/Apr/2025:11:28:23 -0600] "POST /ajax/listarSalidasActivasEmitirBoleto.json HTTP/1.1" 200 1929
200.35.163.241 - - [03/Apr/2025:11:28:34 -0600] "GET /caja/abrir.html?id=6135049 HTTP/1.1" 200 1190
200.119.178.55 - - [03/Apr/2025:11:28:35 -0600] "POST /ajax/listarTipoEncomiendaEspecialPaginando.json HTTP/1.1" 200 650
45.228.233.43 - - [03/Apr/2025:11:28:10 -0600] "POST /ajax/getInformacionPorSalida.json HTTP/1.1" 200 5583
181.174.75.172 - - [03/Apr/2025:11:28:36 -0600] "POST /login_check HTTP/1.1" 302 304
186.151.119.120 - - [03/Apr/2025:11:28:24 -0600] "POST /ajax/getInformacionPorSalida.json HTTP/1.1" 200 5414
190.56.157.165 - - [03/Apr/2025:11:28:35 -0600] "GET /encomienda/registrarEncomienda.html HTTP/1.1" 200 32558
45.228.234.105 - - [03/Apr/2025:11:28:38 -0600] "GET /caja/crear.html HTTP/1.1" 200 3206
45.233.66.14 - - [03/Apr/2025:11:28:32 -0600] "POST /ajax/listarSalidasActivasEmitirBoleto.json HTTP/1.1" 200 261
190.149.186.46 - - [03/Apr/2025:11:28:36 -0600] "GET /boleto/emitirBoletosAgencia.html HTTP/1.1" 500 1576
200.119.178.55 - - [03/Apr/2025:11:28:35 -0600] "GET /boleto/emitirBoletos.html HTTP/1.1" 200 29032
190.56.130.31 - - [03/Apr/2025:11:28:40 -0600] "GET /encomienda/registrarEncomienda.html HTTP/1.1" 200 32558
190.148.193.146 - - [03/Apr/2025:11:28:39 -0600] "GET /boleto/emitirBoletos.html HTTP/1.1" 200 28892
45.228.233.43 - - [03/Apr/2025:11:28:18 -0600] "POST /ajax/listarDatosIniciales.json HTTP/1.1" 200 60
200.59.28.77 - - [03/Apr/2025:11:28:18 -0600] "POST /boleto/emitirBoletos.html HTTP/1.1" 200 172
190.149.166.25 - - [03/Apr/2025:11:28:42 -0600] "POST /ajax/calcularImporteTotalMonedaBase.json HTTP/1.1" 200 50
190.56.157.165 - - [03/Apr/2025:11:28:48 -0600] "POST /ajax/listarMonedasCajasAbiertas.json HTTP/1.1" 200 41
45.229.41.189 - - [03/Apr/2025:11:28:44 -0600] "POST /reportes/cuadreVentaBoleto.html HTTP/1.1" 200 117
45.229.41.189 - - [03/Apr/2025:11:29:07 -0600] "GET /reporte/mmartinez_2025.04.03_11.28.51_67eec5539b606.pdf?v=2.5 HTTP/1.1" 200 3267
190.148.50.29 - - [03/Apr/2025:11:28:49 -0600] "POST /ajax/getRutasPorEstacion.json HTTP/1.1" 200 2260
45.233.66.14 - - [03/Apr/2025:11:28:50 -0600] "POST /ajax/listarDatosIniciales.json HTTP/1.1" 200 61
190.56.130.31 - - [03/Apr/2025:11:28:52 -0600] "POST /ajax/listarMonedasCajasAbiertas.json HTTP/1.1" 200 41
190.149.166.25 - - [03/Apr/2025:11:28:43 -0600] "POST /ajax/getInformacionPorSalida.json HTTP/1.1" 200 5033
181.174.75.172 - - [03/Apr/2025:11:28:46 -0600] "GET / HTTP/1.1" 200 34951
190.149.4.86 - - [03/Apr/2025:11:28:52 -0600] "POST /ajax/getRutasPorEstacion.json HTTP/1.1" 200 4018
190.148.193.146 - - [03/Apr/2025:11:28:56 -0600] "POST /ajax/listarSalidasActivasEmitirBoleto.json HTTP/1.1" 200 34
200.35.163.241 - - [03/Apr/2025:11:28:54 -0600] "POST /caja/abrir.html HTTP/1.1" 200 79
200.119.178.55 - - [03/Apr/2025:11:28:50 -0600] "POST /ajax/listarSalidasActivasEmitirBoleto.json HTTP/1.1" 200 7082
45.228.234.105 - - [03/Apr/2025:11:28:56 -0600] "POST /caja/crear.html HTTP/1.1" 200 79
200.119.178.55 - - [03/Apr/2025:11:29:05 -0600] "POST /ajax/getRutasPorEstacion.json HTTP/1.1" 200 2210
190.56.157.165 - - [03/Apr/2025:11:28:59 -0600] "GET /encomienda/entregaMultipleEncomienda.html HTTP/1.1" 200 16251
45.228.233.43 - - [03/Apr/2025:11:29:06 -0600] "GET /ajax/listarClientesPaginando.json?term=DMARIS+&page_limit=5&_=1743701140969 HTTP/1.1" 200 59
190.56.130.31 - - [03/Apr/2025:11:29:02 -0600] "POST /ajax/listarClientesPaginando.json HTTP/1.1" 200 241
181.189.154.32 - - [03/Apr/2025:11:28:58 -0600] "POST /ajax/listarSalidasActivasEmitirBoleto.json HTTP/1.1" 200 7082
190.148.193.146 - - [03/Apr/2025:11:29:00 -0600] "GET /ajax/listarClientesPaginando.json?term=....&page_limit=5&_=1743701318366 HTTP/1.1" 200 331
186.151.119.120 - - [03/Apr/2025:11:28:58 -0600] "POST /ajax/calcularImporteTotalMonedaBase.json HTTP/1.1" 200 50
190.148.50.29 - - [03/Apr/2025:11:29:15 -0600] "POST /ajax/getEstacionesDestinosPorRuta.json HTTP/1.1" 200 1029
45.233.66.14 - - [03/Apr/2025:11:28:52 -0600] "POST /ajax/listarSalidasActivasEmitirBoleto.json HTTP/1.1" 200 7082
45.228.233.43 - - [03/Apr/2025:11:29:14 -0600] "GET /ajax/listarClientesPaginando.json?term=DAMARIS+RABANALES&page_limit=5&_=1743701140970 HTTP/1.1" 200 63
190.56.130.31 - - [03/Apr/2025:11:29:13 -0600] "POST /ajax/listarClientesPaginando.json HTTP/1.1" 200 71
200.35.163.241 - - [03/Apr/2025:11:29:24 -0600] "POST /caja/listarCajas.json HTTP/1.1" 200 242
200.119.178.55 - - [03/Apr/2025:11:29:25 -0600] "POST /ajax/listarDatosIniciales.json HTTP/1.1" 200 60
190.149.186.46 - - [03/Apr/2025:11:29:22 -0600] "GET /boleto/emitirBoletosAgencia.html HTTP/1.1" 200 28740
200.119.178.44 - - [03/Apr/2025:11:29:31 -0600] "GET /logout HTTP/1.1" 302 444
200.59.28.77 - - [03/Apr/2025:11:29:15 -0600] "POST /ajax/calcularImporteTotalMonedaBase.json HTTP/1.1" 200 50
190.149.186.46 - - [03/Apr/2025:11:29:47 -0600] "GET /images/select2-spinner.gif HTTP/1.1" 200 1849
190.149.166.25 - - [03/Apr/2025:11:29:28 -0600] "GET /ajax/listarClientesPaginando.json?term=VERONICA+HERNANDEZ&page_limit=5&_=1743697071582 HTTP/1.1" 200 294
190.149.4.86 - - [03/Apr/2025:11:29:27 -0600] "POST /ajax/getEstacionesDestinosPorRuta.json HTTP/1.1" 200 963
181.174.75.172 - - [03/Apr/2025:11:28:57 -0600] "GET / HTTP/1.1" 200 34951
200.119.178.55 - - [03/Apr/2025:11:29:28 -0600] "POST /ajax/getEstacionesDestinosPorRuta.json HTTP/1.1" 200 602
190.148.193.146 - - [03/Apr/2025:11:29:20 -0600] "POST /ajax/listarDatosIniciales.json HTTP/1.1" 200 61
200.119.178.44 - - [03/Apr/2025:11:29:44 -0600] "GET / HTTP/1.1" 302 464
190.148.193.146 - - [03/Apr/2025:11:29:36 -0600] "POST /login_check HTTP/1.1" 302 304
190.56.130.31 - - [03/Apr/2025:11:29:14 -0600] "POST /ajax/listarClientesPaginando.json HTTP/1.1" 200 14
200.119.178.55 - - [03/Apr/2025:11:29:31 -0600] "GET /ajax/listarClientesPaginando.json?term=MARIA+LOPEZ+&page_limit=5&_=1743684724425 HTTP/1.1" 200 288
181.174.75.172 - - [03/Apr/2025:11:29:58 -0600] "-" 408 -
200.119.178.44 - - [03/Apr/2025:11:29:52 -0600] "GET /login HTTP/1.1" 200 2752
45.228.234.105 - - [03/Apr/2025:11:29:29 -0600] "GET /caja/ HTTP/1.1" 304 -
200.59.28.77 - - [03/Apr/2025:11:29:47 -0600] "POST /ajax/calcularImporteTotalPorMoneda.json HTTP/1.1" 200 57
190.56.130.31 - - [03/Apr/2025:11:29:16 -0600] "POST /ajax/listarClientesPaginando.json HTTP/1.1" 200 14
45.229.41.189 - - [03/Apr/2025:11:30:08 -0600] "-" 408 -
200.35.163.241 - - [03/Apr/2025:11:29:50 -0600] "GET /reportes/cuadreVentaBoletoVoucher.html HTTP/1.1" 200 3398
190.56.157.165 - - [03/Apr/2025:11:29:25 -0600] "POST /ajax/listarEncomiendasPendientesEntrega.json HTTP/1.1" 200 37736
200.119.178.55 - - [03/Apr/2025:11:29:56 -0600] "GET /cliente/crear.html HTTP/1.1" 200 10439
45.229.41.189 - - [03/Apr/2025:11:29:34 -0600] "POST /reportes/cuadreVentaBoleto.html HTTP/1.1" 200 117
45.229.41.189 - - [03/Apr/2025:11:30:15 -0600] "GET /reporte/mmartinez_2025.04.03_11.29.50_67eec58e9542b.pdf?v=2.5 HTTP/1.1" 200 3482
190.56.130.31 - - [03/Apr/2025:11:29:50 -0600] "POST /ajax/listarClientesPaginando.json HTTP/1.1" 200 14
190.149.186.46 - - [03/Apr/2025:11:29:43 -0600] "POST /ajax/listarSalidasActivasEmitirBoleto.json HTTP/1.1" 200 24094
190.148.50.29 - - [03/Apr/2025:11:30:20 -0600] "-" 408 -
190.148.193.146 - - [03/Apr/2025:11:29:43 -0600] "POST /ajax/listarSalidasActivasEmitirBoleto.json HTTP/1.1" 200 2926
45.228.234.105 - - [03/Apr/2025:11:30:00 -0600] "POST /caja/listarCajas.json HTTP/1.1" 200 210
24.152.55.20 - - [03/Apr/2025:11:29:52 -0600] "POST /ajax/listarSalidasActivasEmitirBoleto.json HTTP/1.1" 200 1302
190.149.166.25 - - [03/Apr/2025:11:29:10 -0600] "POST /boleto/emitirBoletos.html HTTP/1.1" 200 278
181.189.154.32 - - [03/Apr/2025:11:29:35 -0600] "POST /ajax/getInformacionPorSalida.json HTTP/1.1" 200 5740
190.148.193.146 - - [03/Apr/2025:11:29:53 -0600] "GET / HTTP/1.1" 200 34066
24.152.55.4 - - [03/Apr/2025:11:30:21 -0600] "GET /logout HTTP/1.1" 302 444
45.228.233.43 - - [03/Apr/2025:11:29:45 -0600] "POST /ajax/getInformacionPorSalida.json HTTP/1.1" 200 5583
200.35.163.241 - - [03/Apr/2025:11:30:20 -0600] "POST /reportes/cuadreVentaBoletoVoucher.html HTTP/1.1" 200 117
200.59.28.77 - - [03/Apr/2025:11:30:23 -0600] "POST /ajax/calcularImporteTotalPorMoneda.json HTTP/1.1" 200 55
200.35.163.241 - - [03/Apr/2025:11:30:39 -0600] "GET /reporte/Omayuelas_2025.04.03_11.30.35_67eec5bb05912.pdf?v=2.5 HTTP/1.1" 200 2138
190.149.166.25 - - [03/Apr/2025:11:30:14 -0600] "POST /ajax/calcularImporteTotalMonedaBase.json HTTP/1.1" 200 50
190.149.4.86 - - [03/Apr/2025:11:30:21 -0600] "POST /ajax/getSeriesActivaPorEstacion.json HTTP/1.1" 200 167
24.152.55.4 - - [03/Apr/2025:11:30:33 -0600] "GET / HTTP/1.1" 302 464
190.149.186.46 - - [03/Apr/2025:11:30:20 -0600] "POST /ajax/listarDatosIniciales.json HTTP/1.1" 200 40
24.152.55.4 - - [03/Apr/2025:11:30:41 -0600] "GET /login HTTP/1.1" 200 2752
200.119.178.55 - - [03/Apr/2025:11:30:29 -0600] "POST /cliente/crear.html HTTP/1.1" 200 146
186.151.119.120 - - [03/Apr/2025:11:29:43 -0600] "POST /boleto/emitirBoletos.html HTTP/1.1" 200 762
45.233.66.14 - - [03/Apr/2025:11:30:03 -0600] "POST /ajax/getInformacionPorSalida.json HTTP/1.1" 200 7767
200.119.178.55 - - [03/Apr/2025:11:29:59 -0600] "POST /ajax/getInformacionPorSalida.json HTTP/1.1" 200 10908
190.149.4.86 - - [03/Apr/2025:11:30:42 -0600] "POST /ajax/calcularImporteTotalMonedaBaseEncomienda.json HTTP/1.1" 200 37
190.148.193.146 - - [03/Apr/2025:11:30:36 -0600] "GET /boleto/emitirBoletos.html HTTP/1.1" 200 28892
24.152.55.4 - - [03/Apr/2025:11:30:49 -0600] "POST /login_check HTTP/1.1" 302 304
190.56.157.165 - - [03/Apr/2025:11:30:19 -0600] "POST /ajax/listarEncomiendasPendientesEntrega.json HTTP/1.1" 200 36867
200.119.178.55 - - [03/Apr/2025:11:30:51 -0600] "POST /ajax/listarClientesPaginando.json HTTP/1.1" 200 71
190.149.186.46 - - [03/Apr/2025:11:30:26 -0600] "POST /ajax/listarSalidasActivasEmitirBoleto.json HTTP/1.1" 200 2477
181.189.154.32 - - [03/Apr/2025:11:30:51 -0600] "GET /ajax/listarClientesPaginando.json?term=32195451&page_limit=5&_=1743699907463 HTTP/1.1" 200 77
45.229.41.189 - - [03/Apr/2025:11:30:27 -0600] "POST /reportes/cuadreVentaBoleto.html HTTP/1.1" 200 117
45.229.41.189 - - [03/Apr/2025:11:31:07 -0600] "GET /reporte/mmartinez_2025.04.03_11.30.42_67eec5c2da7ff.pdf?v=2.5 HTTP/1.1" 200 3379
200.35.163.241 - - [03/Apr/2025:11:30:53 -0600] "GET /reportes/detalleFacturaBoleto.html HTTP/1.1" 200 4870
24.152.55.20 - - [03/Apr/2025:11:30:27 -0600] "POST /ajax/getInformacionPorSalida.json HTTP/1.1" 200 6759
24.152.55.4 - - [03/Apr/2025:11:30:59 -0600] "POST /login_check HTTP/1.1" 302 304
190.149.166.25 - - [03/Apr/2025:11:30:28 -0600] "POST /ajax/print/voucherBoleto.pdf HTTP/1.1" 200 698
186.151.119.120 - - [03/Apr/2025:11:30:55 -0600] "GET /boleto/emitirBoletos.html HTTP/1.1" 200 28912
45.228.233.43 - - [03/Apr/2025:11:30:52 -0600] "POST /ajax/calcularImporteTotalMonedaBase.json HTTP/1.1" 200 50
190.149.186.46 - - [03/Apr/2025:11:31:04 -0600] "POST /ajax/listarDatosIniciales.json HTTP/1.1" 200 40
190.148.193.146 - - [03/Apr/2025:11:30:57 -0600] "POST /ajax/listarSalidasActivasEmitirBoleto.json HTTP/1.1" 200 307
190.148.193.146 - - [03/Apr/2025:11:30:37 -0600] "POST /ajax/getInformacionPorSalida.json HTTP/1.1" 200 7103
200.119.178.55 - - [03/Apr/2025:11:31:09 -0600] "POST /ajax/listarClientesPaginando.json HTTP/1.1" 200 297
190.149.166.25 - - [03/Apr/2025:11:30:45 -0600] "POST /boleto/emitirBoletos.html HTTP/1.1" 500 1576
190.148.193.146 - - [03/Apr/2025:11:31:10 -0600] "GET /cliente/crear.html HTTP/1.1" 200 10439
200.35.163.241 - - [03/Apr/2025:11:31:15 -0600] "POST /reportes/detalleFacturaBoleto.html HTTP/1.1" 200 117
200.35.163.241 - - [03/Apr/2025:11:31:30 -0600] "GET /reporte/Omayuelas_2025.04.03_11.31.24_67eec5eca838e.pdf?v=2.5 HTTP/1.1" 200 1980
200.59.28.77 - - [03/Apr/2025:11:30:41 -0600] "POST /boleto/emitirBoletos.html HTTP/1.1" 200 260
190.149.166.25 - - [03/Apr/2025:11:31:11 -0600] "GET /boleto/emitirBoletos.html HTTP/1.1" 200 29033
200.119.178.55 - - [03/Apr/2025:11:31:10 -0600] "POST /ajax/listarClientesPaginando.json HTTP/1.1" 200 162
186.151.119.120 - - [03/Apr/2025:11:31:12 -0600] "POST /ajax/listarSalidasActivasEmitirBoleto.json HTTP/1.1" 200 2926
24.152.55.4 - - [03/Apr/2025:11:31:10 -0600] "GET / HTTP/1.1" 200 34879
190.56.157.165 - - [03/Apr/2025:11:31:20 -0600] "GET /ajax/listarClientesPaginando.json?term=1240&page_limit=5&_=1743688217234 HTTP/1.1" 200 365
190.148.193.146 - - [03/Apr/2025:11:31:17 -0600] "POST /ajax/listarDatosIniciales.json HTTP/1.1" 200 61
200.119.178.55 - - [03/Apr/2025:11:31:12 -0600] "POST /ajax/listarClientesPaginando.json HTTP/1.1" 200 79
181.189.154.32 - - [03/Apr/2025:11:31:18 -0600] "POST /ajax/calcularImporteTotalMonedaBase.json HTTP/1.1" 200 50
190.148.50.29 - - [03/Apr/2025:11:30:56 -0600] "POST /encomienda/registrarEncomienda.html HTTP/1.1" 200 263
190.56.157.165 - - [03/Apr/2025:11:31:22 -0600] "GET /ajax/listarClientesPaginando.json?term=12406686&page_limit=5&_=1743688217235 HTTP/1.1" 200 75
186.151.119.120 - - [03/Apr/2025:11:31:37 -0600] "POST /ajax/listarDatosIniciales.json HTTP/1.1" 200 61
45.229.41.189 - - [03/Apr/2025:11:31:19 -0600] "POST /reportes/cuadreVentaBoleto.html HTTP/1.1" 200 117
45.229.41.189 - - [03/Apr/2025:11:31:58 -0600] "GET /reporte/mmartinez_2025.04.03_11.31.33_67eec5f5b19d3.pdf?v=2.5 HTTP/1.1" 200 3478
190.148.193.146 - - [03/Apr/2025:11:31:31 -0600] "POST /ajax/calcularImporteTotalMonedaBase.json HTTP/1.1" 200 50
190.56.157.165 - - [03/Apr/2025:11:31:31 -0600] "GET /ajax/listarClientesPaginando.json?term=12406686&page_limit=5&_=1743688217236 HTTP/1.1" 200 75
190.149.186.13 - - [03/Apr/2025:11:31:48 -0600] "GET /logout HTTP/1.1" 302 444
200.119.178.55 - - [03/Apr/2025:11:31:34 -0600] "POST /ajax/calcularImporteTotalMonedaBase.json HTTP/1.1" 200 50
200.35.163.241 - - [03/Apr/2025:11:31:41 -0600] "GET /boleto/emitirBoletos.html HTTP/1.1" 200 28912
190.149.186.13 - - [03/Apr/2025:11:32:04 -0600] "GET / HTTP/1.1" 302 464
190.148.193.146 - - [03/Apr/2025:11:31:49 -0600] "GET /ajax/listarClientesPaginando.json?term=YEFRY+HERRERA+BAIRES&page_limit=5&_=1743701425659 HTTP/1.1" 200 348
190.56.130.31 - - [03/Apr/2025:11:31:53 -0600] "POST /ajax/listarClientesPaginando.json HTTP/1.1" 200 14
24.152.55.4 - - [03/Apr/2025:11:31:40 -0600] "GET /salida/ HTTP/1.1" 304 -
45.229.40.95 - - [03/Apr/2025:11:32:01 -0600] "GET /logout HTTP/1.1" 302 444
200.119.178.55 - - [03/Apr/2025:11:31:50 -0600] "POST /ajax/getSeriesActivaPorEstacion.json HTTP/1.1" 200 108
190.149.4.86 - - [03/Apr/2025:11:31:13 -0600] "POST /encomienda/registrarEncomienda.html HTTP/1.1" 200 1324
190.149.186.13 - - [03/Apr/2025:11:32:11 -0600] "GET /login HTTP/1.1" 200 2752
24.152.55.20 - - [03/Apr/2025:11:31:42 -0600] "POST /ajax/listarSalidasActivasEmitirBoleto.json HTTP/1.1" 200 1084
45.229.40.95 - - [03/Apr/2025:11:32:16 -0600] "GET / HTTP/1.1" 302 464
200.59.28.77 - - [03/Apr/2025:11:31:34 -0600] "POST /ajax/print/voucherBoleto.pdf HTTP/1.1" 200 623
190.149.166.25 - - [03/Apr/2025:11:31:42 -0600] "POST /ajax/listarSalidasActivasEmitirBoleto.json HTTP/1.1" 200 3185
190.56.130.31 - - [03/Apr/2025:11:31:54 -0600] "POST /ajax/listarClientesPaginando.json HTTP/1.1" 200 14
190.148.50.29 - - [03/Apr/2025:11:31:48 -0600] "POST /ajax/print/datosEncomienda HTTP/1.1" 200 957
45.229.40.95 - - [03/Apr/2025:11:32:25 -0600] "GET /login HTTP/1.1" 200 2752
200.35.163.241 - - [03/Apr/2025:11:32:10 -0600] "POST /ajax/listarSalidasActivasEmitirBoleto.json HTTP/1.1" 200 34
190.56.157.165 - - [03/Apr/2025:11:32:12 -0600] "GET /ajax/listarClientesPaginando.json?term=12406686&page_limit=5&_=1743688217237 HTTP/1.1" 200 75
200.119.178.55 - - [03/Apr/2025:11:32:17 -0600] "POST /ajax/calcularImporteTotalMonedaBaseEncomienda.json HTTP/1.1" 200 37
190.56.130.31 - - [03/Apr/2025:11:31:57 -0600] "POST /ajax/listarClientesPaginando.json HTTP/1.1" 200 14
190.149.4.86 - - [03/Apr/2025:11:32:21 -0600] "GET /encomienda/registrarEncomienda.html HTTP/1.1" 200 32558
24.152.55.4 - - [03/Apr/2025:11:32:15 -0600] "POST /salida/listarSalidas.json HTTP/1.1" 200 2031
181.189.154.32 - - [03/Apr/2025:11:31:56 -0600] "POST /ajax/getInformacionPorSalida.json HTTP/1.1" 200 7282
190.149.166.25 - - [03/Apr/2025:11:32:26 -0600] "POST /ajax/listarDatosIniciales.json HTTP/1.1" 200 60
200.35.163.241 - - [03/Apr/2025:11:32:16 -0600] "GET /reportes/detalleFacturaEncomienda.html HTTP/1.1" 200 3399
45.228.233.43 - - [03/Apr/2025:11:31:23 -0600] "POST /boleto/emitirBoletos.html HTTP/1.1" 200 967
200.59.28.77 - - [03/Apr/2025:11:32:25 -0600] "GET /boleto/emitirBoletos.html HTTP/1.1" 200 28891
190.148.50.29 - - [03/Apr/2025:11:32:30 -0600] "GET /encomienda/registrarEncomienda.html HTTP/1.1" 200 32558
190.56.130.31 - - [03/Apr/2025:11:32:00 -0600] "POST /ajax/listarClientesPaginando.json HTTP/1.1" 200 14
190.149.4.86 - - [03/Apr/2025:11:32:38 -0600] "POST /ajax/listarMonedasCajasAbiertas.json HTTP/1.1" 200 41
200.35.163.241 - - [03/Apr/2025:11:32:32 -0600] "POST /ajax/listarDatosIniciales.json HTTP/1.1" 200 60
190.56.130.31 - - [03/Apr/2025:11:32:08 -0600] "POST /ajax/listarClientesPaginando.json HTTP/1.1" 200 14
45.228.233.43 - - [03/Apr/2025:11:32:40 -0600] "GET /boleto/emitirBoletos.html HTTP/1.1" 200 28887
190.148.50.29 - - [03/Apr/2025:11:32:41 -0600] "POST /ajax/listarMonedasCajasAbiertas.json HTTP/1.1" 200 41
181.189.154.32 - - [03/Apr/2025:11:31:52 -0600] "POST /boleto/emitirBoletos.html HTTP/1.1" 200 794
190.149.166.25 - - [03/Apr/2025:11:31:45 -0600] "POST /boleto/emitirBoletos.html HTTP/1.1" 200 800
190.56.130.31 - - [03/Apr/2025:11:32:16 -0600] "GET /cliente/crear.html HTTP/1.1" 200 10439
45.229.41.189 - - [03/Apr/2025:11:32:59 -0600] "-" 408 -
200.59.28.77 - - [03/Apr/2025:11:32:40 -0600] "POST /ajax/listarSalidasActivasEmitirBoleto.json HTTP/1.1" 200 585
190.148.50.29 - - [03/Apr/2025:11:32:46 -0600] "POST /ajax/listarClientesPaginando.json HTTP/1.1" 200 53
24.152.55.20 - - [03/Apr/2025:11:32:27 -0600] "POST /ajax/getInformacionPorSalida.json HTTP/1.1" 200 4199
24.152.55.4 - - [03/Apr/2025:11:32:43 -0600] "GET /salida/asignarBusPilotos.html?id=4993686 HTTP/1.1" 200 25633
190.148.193.146 - - [03/Apr/2025:11:32:04 -0600] "POST /boleto/emitirBoletos.html HTTP/1.1" 200 961
190.149.4.86 - - [03/Apr/2025:11:32:44 -0600] "GET /encomienda/procesarEncomienda.html HTTP/1.1" 200 13422
200.119.178.55 - - [03/Apr/2025:11:32:12 -0600] "POST /boleto/emitirBoletos.html HTTP/1.1" 200 982
45.228.233.43 - - [03/Apr/2025:11:32:58 -0600] "POST /ajax/listarSalidasActivasEmitirBoleto.json HTTP/1.1" 200 34
45.229.41.189 - - [03/Apr/2025:11:32:07 -0600] "POST /reportes/cuadreVentaBoleto.html HTTP/1.1" 200 117
45.229.41.189 - - [03/Apr/2025:11:33:09 -0600] "GET /reporte/mmartinez_2025.04.03_11.32.24_67eec628c7241.pdf?v=2.5 HTTP/1.1" 200 3375
200.59.28.77 - - [03/Apr/2025:11:32:59 -0600] "POST /ajax/listarDatosIniciales.json HTTP/1.1" 200 60
190.149.166.25 - - [03/Apr/2025:11:32:57 -0600] "GET /boleto/emitirBoletos.html HTTP/1.1" 200 29033
181.189.154.32 - - [03/Apr/2025:11:32:57 -0600] "GET /boleto/emitirBoletos.html HTTP/1.1" 200 29021
190.149.166.25 - - [03/Apr/2025:11:33:02 -0600] "POST /ajax/listarSalidasActivasEmitirBoleto.json HTTP/1.1" 200 34
190.148.193.146 - - [03/Apr/2025:11:33:02 -0600] "GET /boleto/emitirBoletos.html HTTP/1.1" 200 28892
190.148.193.146 - - [03/Apr/2025:11:32:41 -0600] "POST /ajax/getInformacionPorSalida.json HTTP/1.1" 200 10161
190.56.130.31 - - [03/Apr/2025:11:33:02 -0600] "POST /cliente/crear.html HTTP/1.1" 200 146
190.56.157.165 - - [03/Apr/2025:11:32:35 -0600] "POST /encomienda/entregaMultipleEncomienda.html HTTP/1.1" 200 874
181.189.154.32 - - [03/Apr/2025:11:33:07 -0600] "GET /ajax/listarClientesPaginando.json?term=efrai&page_limit=5&_=1743697496439 HTTP/1.1" 200 286
200.119.178.55 - - [03/Apr/2025:11:33:06 -0600] "GET /boleto/emitirBoletos.html HTTP/1.1" 200 29032
45.228.233.43 - - [03/Apr/2025:11:33:07 -0600] "POST /ajax/listarDatosIniciales.json HTTP/1.1" 200 60
181.189.154.32 - - [03/Apr/2025:11:33:10 -0600] "GET /ajax/listarClientesPaginando.json?term=efrain+hernandez+&page_limit=5&_=1743697496440 HTTP/1.1" 200 298
190.56.130.31 - - [03/Apr/2025:11:33:15 -0600] "POST /ajax/listarClientesPaginando.json HTTP/1.1" 200 78
190.148.193.146 - - [03/Apr/2025:11:33:14 -0600] "POST /ajax/listarSalidasActivasEmitirBoleto.json HTTP/1.1" 200 34
181.189.154.32 - - [03/Apr/2025:11:33:10 -0600] "POST /ajax/listarSalidasActivasEmitirBoleto.json HTTP/1.1" 200 3031
200.119.178.55 - - [03/Apr/2025:11:32:44 -0600] "POST /encomienda/registrarEncomienda.html HTTP/1.1" 200 1316
190.149.166.86 - - [03/Apr/2025:11:33:15 -0600] "GET /boleto/emitirBoletos.html HTTP/1.1" 200 29034
190.148.193.146 - - [03/Apr/2025:11:33:23 -0600] "GET /ajax/listarClientesPaginando.json?term=.....&page_limit=5&_=1743701318367 HTTP/1.1" 200 326
138.84.59.88 - - [03/Apr/2025:11:33:33 -0600] "GET / HTTP/1.1" 302 464
181.189.154.32 - - [03/Apr/2025:11:33:27 -0600] "GET /ajax/listarClientesPaginando.json?term=9678&page_limit=5&_=1743699907464 HTTP/1.1" 200 401
190.149.166.25 - - [03/Apr/2025:11:33:15 -0600] "POST /ajax/listarSalidasActivasEmitirBoleto.json HTTP/1.1" 200 3185
138.84.59.88 - - [03/Apr/2025:11:33:47 -0600] "GET /css/login.css?v=2.5 HTTP/1.1" 200 124645
138.84.59.88 - - [03/Apr/2025:11:33:47 -0600] "GET /images/logo/fdn.png?v=2.5 HTTP/1.1" 200 7555
138.84.59.88 - - [03/Apr/2025:11:33:47 -0600] "GET /js/login.js?v=2.5 HTTP/1.1" 200 135164
200.119.178.55 - - [03/Apr/2025:11:33:19 -0600] "POST /ajax/listarSalidasActivasEmitirBoleto.json HTTP/1.1" 200 7082
138.84.59.88 - - [03/Apr/2025:11:33:39 -0600] "GET /login HTTP/1.1" 200 2752
190.56.130.31 - - [03/Apr/2025:11:33:33 -0600] "POST /ajax/listarClientesPaginando.json HTTP/1.1" 200 276
45.233.66.14 - - [03/Apr/2025:11:33:23 -0600] "POST /ajax/listarSalidasActivasEmitirBoleto.json HTTP/1.1" 200 5729
200.119.178.55 - - [03/Apr/2025:11:33:32 -0600] "GET /encomienda/registrarEncomienda.html HTTP/1.1" 200 32558
24.152.55.4 - - [03/Apr/2025:11:33:09 -0600] "POST /salida/asignarBusPilotos.html HTTP/1.1" 200 79
190.148.193.146 - - [03/Apr/2025:11:33:31 -0600] "POST /ajax/listarDatosIniciales.json HTTP/1.1" 200 61
181.189.154.32 - - [03/Apr/2025:11:33:29 -0600] "GET /ajax/listarClientesPaginando.json?term=96787899&page_limit=5&_=1743699907465 HTTP/1.1" 200 78
24.152.55.20 - - [03/Apr/2025:11:33:29 -0600] "POST /ajax/listarSalidasActivasEmitirBoleto.json HTTP/1.1" 200 1302
190.148.50.29 - - [03/Apr/2025:11:33:38 -0600] "POST /ajax/listarClientesPaginando.json HTTP/1.1" 200 14
190.149.166.25 - - [03/Apr/2025:11:33:42 -0600] "POST /ajax/listarDatosIniciales.json HTTP/1.1" 200 60
45.229.41.189 - - [03/Apr/2025:11:33:24 -0600] "POST /reportes/cuadreVentaBoleto.html HTTP/1.1" 200 117
190.56.157.165 - - [03/Apr/2025:11:33:15 -0600] "POST /ajax/listarEncomiendasPendientesEntrega.json HTTP/1.1" 200 36887
45.229.41.189 - - [03/Apr/2025:11:33:56 -0600] "GET /reporte/mmartinez_2025.04.03_11.33.34_67eec66e4bc26.pdf?v=2.5 HTTP/1.1" 200 3468
190.148.193.146 - - [03/Apr/2025:11:33:31 -0600] "POST /ajax/listarSalidasActivasEmitirBoleto.json HTTP/1.1" 200 2926
190.56.130.31 - - [03/Apr/2025:11:33:36 -0600] "POST /ajax/listarClientesPaginando.json HTTP/1.1" 200 300
190.149.166.86 - - [03/Apr/2025:11:33:33 -0600] "POST /ajax/listarSalidasActivasEmitirBoleto.json HTTP/1.1" 200 622
181.189.154.32 - - [03/Apr/2025:11:33:33 -0600] "POST /ajax/calcularImporteTotalMonedaBase.json HTTP/1.1" 200 50
200.119.178.55 - - [03/Apr/2025:11:33:48 -0600] "POST /ajax/listarDatosIniciales.json HTTP/1.1" 200 60
181.189.154.32 - - [03/Apr/2025:11:33:32 -0600] "POST /ajax/listarDatosIniciales.json HTTP/1.1" 200 60
190.56.130.31 - - [03/Apr/2025:11:33:38 -0600] "POST /ajax/listarClientesPaginando.json HTTP/1.1" 200 14
190.148.50.29 - - [03/Apr/2025:11:33:56 -0600] "GET /cliente/crear.html HTTP/1.1" 200 10439
200.119.178.55 - - [03/Apr/2025:11:33:55 -0600] "GET /autorizacioncortesia/creaBoletosAutorizacionCortesia.html HTTP/1.1" 200 18441
190.148.193.146 - - [03/Apr/2025:11:33:52 -0600] "POST /ajax/listarSalidasActivasEmitirBoleto.json HTTP/1.1" 200 2926
45.229.41.189 - - [03/Apr/2025:11:34:09 -0600] "-" 408 -
24.152.55.4 - - [03/Apr/2025:11:33:53 -0600] "POST /salida/listarSalidas.json HTTP/1.1" 200 2051
190.56.130.31 - - [03/Apr/2025:11:33:40 -0600] "POST /ajax/listarClientesPaginando.json HTTP/1.1" 200 14
190.56.157.165 - - [03/Apr/2025:11:33:58 -0600] "GET /encomienda/registrarEncomienda.html HTTP/1.1" 200 32558
190.149.166.86 - - [03/Apr/2025:11:33:57 -0600] "POST /ajax/listarDatosIniciales.json HTTP/1.1" 200 61
190.149.166.25 - - [03/Apr/2025:11:33:54 -0600] "POST /ajax/listarSalidasActivasEmitirBoleto.json HTTP/1.1" 200 3031
190.149.166.25 - - [03/Apr/2025:11:33:58 -0600] "GET /boleto/emitirBoletos.html HTTP/1.1" 200 29033
200.119.178.55 - - [03/Apr/2025:11:34:07 -0600] "POST /ajax/listarMonedasCajasAbiertas.json HTTP/1.1" 200 41
190.56.130.31 - - [03/Apr/2025:11:33:42 -0600] "POST /ajax/listarClientesPaginando.json HTTP/1.1" 200 14
24.152.55.4 - - [03/Apr/2025:11:34:00 -0600] "GET /boleto/emitirBoletos.html HTTP/1.1" 200 28910
190.56.157.165 - - [03/Apr/2025:11:34:14 -0600] "POST /ajax/listarMonedasCajasAbiertas.json HTTP/1.1" 200 41
45.229.41.189 - - [03/Apr/2025:11:34:06 -0600] "POST /reportes/cuadreVentaBoleto.html HTTP/1.1" 200 117
45.229.41.189 - - [03/Apr/2025:11:34:29 -0600] "GET /reporte/mmartinez_2025.04.03_11.34.18_67eec69a4bde3.pdf?v=2.5 HTTP/1.1" 200 3267
190.56.130.31 - - [03/Apr/2025:11:33:44 -0600] "POST /ajax/listarClientesPaginando.json HTTP/1.1" 200 14
200.119.178.55 - - [03/Apr/2025:11:34:08 -0600] "POST /ajax/listarSalidas.json HTTP/1.1" 200 3769
190.148.50.29 - - [03/Apr/2025:11:34:14 -0600] "POST /cliente/crear.html HTTP/1.1" 200 146
190.149.166.86 - - [03/Apr/2025:11:34:01 -0600] "POST /ajax/listarSalidasActivasEmitirBoleto.json HTTP/1.1" 200 622
190.56.157.165 - - [03/Apr/2025:11:34:16 -0600] "POST /ajax/getRutasPorEstacion.json HTTP/1.1" 200 2116
24.152.55.20 - - [03/Apr/2025:11:33:57 -0600] "POST /ajax/getInformacionPorSalida.json HTTP/1.1" 200 6759
190.56.130.31 - - [03/Apr/2025:11:33:46 -0600] "POST /ajax/listarClientesPaginando.json HTTP/1.1" 200 14
190.149.166.25 - - [03/Apr/2025:11:34:16 -0600] "POST /ajax/listarSalidasActivasEmitirBoleto.json HTTP/1.1" 200 3185
190.148.50.29 - - [03/Apr/2025:11:34:30 -0600] "POST /ajax/listarClientesPaginando.json HTTP/1.1" 200 71
181.189.154.32 - - [03/Apr/2025:11:34:01 -0600] "POST /ajax/getInformacionPorSalida.json HTTP/1.1" 200 7282
190.148.193.146 - - [03/Apr/2025:11:34:03 -0600] "POST /ajax/getInformacionPorSalida.json HTTP/1.1" 200 7409
200.35.163.241 - - [03/Apr/2025:11:34:30 -0600] "POST /reportes/detalleFacturaEncomienda.html HTTP/1.1" 200 117
200.35.163.241 - - [03/Apr/2025:11:34:42 -0600] "GET /reporte/Omayuelas_2025.04.03_11.34.39_67eec6aff00e4.pdf?v=2.5 HTTP/1.1" 200 2076
200.119.178.44 - - [03/Apr/2025:11:34:21 -0600] "POST /ajax/listarSalidasActivasEmitirBoleto.json HTTP/1.1" 200 24120
190.56.130.31 - - [03/Apr/2025:11:33:48 -0600] "POST /ajax/listarClientesPaginando.json HTTP/1.1" 200 14
190.149.166.25 - - [03/Apr/2025:11:34:31 -0600] "GET /ajax/listarClientesPaginando.json?term=er&page_limit=5&_=1743701053997 HTTP/1.1" 200 315
24.152.55.4 - - [03/Apr/2025:11:34:25 -0600] "POST /ajax/listarSalidasActivasEmitirBoleto.json HTTP/1.1" 200 1110
190.149.186.46 - - [03/Apr/2025:11:34:11 -0600] "POST /ajax/getInformacionPorSalida.json HTTP/1.1" 200 7924
190.148.193.146 - - [03/Apr/2025:11:34:11 -0600] "POST /ajax/getInformacionPorSalida.json HTTP/1.1" 200 7411
181.189.154.32 - - [03/Apr/2025:11:34:01 -0600] "POST /boleto/emitirBoletos.html HTTP/1.1" 200 260
190.56.157.165 - - [03/Apr/2025:11:34:40 -0600] "POST /ajax/getEstacionesDestinosPorRuta.json HTTP/1.1" 200 851
190.56.130.31 - - [03/Apr/2025:11:33:50 -0600] "POST /ajax/listarClientesPaginando.json HTTP/1.1" 200 14
190.149.166.25 - - [03/Apr/2025:11:34:35 -0600] "GET /ajax/listarClientesPaginando.json?term=erica+diaz&page_limit=5&_=1743701053998 HTTP/1.1" 200 55
190.149.4.86 - - [03/Apr/2025:11:34:25 -0600] "POST /ajax/listarEncomiendasAProcesar.json HTTP/1.1" 200 13311
190.148.50.29 - - [03/Apr/2025:11:34:44 -0600] "POST /ajax/getRutasPorEstacion.json HTTP/1.1" 200 2260
190.56.130.31 - - [03/Apr/2025:11:33:58 -0600] "GET /cliente/crear.html HTTP/1.1" 200 10439
190.149.166.86 - - [03/Apr/2025:11:34:42 -0600] "POST /ajax/listarSalidasActivasEmitirBoleto.json HTTP/1.1" 200 1495
190.149.166.25 - - [03/Apr/2025:11:34:25 -0600] "POST /ajax/getInformacionPorSalida.json HTTP/1.1" 200 9419
24.152.55.4 - - [03/Apr/2025:11:34:45 -0600] "POST /ajax/listarDatosIniciales.json HTTP/1.1" 200 60
190.149.166.25 - - [03/Apr/2025:11:34:39 -0600] "POST /ajax/listarDatosIniciales.json HTTP/1.1" 200 60
45.229.41.189 - - [03/Apr/2025:11:34:36 -0600] "POST /reportes/cuadreVentaBoleto.html HTTP/1.1" 200 117
45.229.41.189 - - [03/Apr/2025:11:35:03 -0600] "GET /reporte/mmartinez_2025.04.03_11.34.43_67eec6b3c88c2.pdf?v=2.5 HTTP/1.1" 200 3497
45.233.66.14 - - [03/Apr/2025:11:34:45 -0600] "POST /ajax/getInformacionPorSalida.json HTTP/1.1" 200 5308
200.119.178.44 - - [03/Apr/2025:11:34:58 -0600] "GET /ajax/listarClientesPaginando.json?term=51804956&page_limit=5&_=1743700301666 HTTP/1.1" 200 76
200.59.28.77 - - [03/Apr/2025:11:34:52 -0600] "POST /ajax/listarSalidasActivasEmitirBoleto.json HTTP/1.1" 200 485
181.189.154.32 - - [03/Apr/2025:11:34:54 -0600] "POST /ajax/calcularImporteTotalMonedaBase.json HTTP/1.1" 200 50
190.56.130.31 - - [03/Apr/2025:11:35:00 -0600] "POST /cliente/crear.html HTTP/1.1" 200 146
200.59.28.77 - - [03/Apr/2025:11:35:10 -0600] "GET / HTTP/1.1" 302 464
181.189.154.32 - - [03/Apr/2025:11:34:50 -0600] "POST /ajax/print/voucherBoleto.pdf HTTP/1.1" 200 649
190.56.157.165 - - [03/Apr/2025:11:35:05 -0600] "POST /ajax/listarTipoEncomiendaEspecialPaginando.json HTTP/1.1" 200 650
190.149.186.46 - - [03/Apr/2025:11:35:04 -0600] "GET /cliente/crear.html HTTP/1.1" 200 10439
200.59.28.77 - - [03/Apr/2025:11:35:15 -0600] "GET /login HTTP/1.1" 200 2752
24.152.55.4 - - [03/Apr/2025:11:35:07 -0600] "POST /cliente/crear.html HTTP/1.1" 200 146
45.229.41.189 - - [03/Apr/2025:11:35:30 -0600] "-" 408 -
190.56.157.165 - - [03/Apr/2025:11:35:08 -0600] "POST /ajax/listarTipoEncomiendaEspecialPaginando.json HTTP/1.1" 200 58
200.119.178.55 - - [03/Apr/2025:11:35:08 -0600] "POST /ajax/listarSalidas.json HTTP/1.1" 200 3769
190.148.193.146 - - [03/Apr/2025:11:35:05 -0600] "POST /ajax/calcularImporteTotalMonedaBase.json HTTP/1.1" 200 50
190.149.166.25 - - [03/Apr/2025:11:34:59 -0600] "POST /ajax/getInformacionPorSalida.json HTTP/1.1" 200 5744
190.149.166.86 - - [03/Apr/2025:11:35:01 -0600] "POST /ajax/getInformacionPorSalida.json HTTP/1.1" 200 6742
190.56.130.31 - - [03/Apr/2025:11:35:15 -0600] "POST /ajax/listarClientesPaginando.json HTTP/1.1" 200 75
186.151.119.120 - - [03/Apr/2025:11:35:14 -0600] "GET /ajax/listarClientesPaginando.json?term=1424&page_limit=5&_=1743700054724 HTTP/1.1" 200 325
181.174.89.140 - - [03/Apr/2025:11:35:34 -0600] "GET /login HTTP/1.1" 200 2752
190.149.166.86 - - [03/Apr/2025:11:35:42 -0600] "-" 408 -
200.35.163.241 - - [03/Apr/2025:11:35:43 -0600] "-" 408 -
186.151.119.125 - - [03/Apr/2025:11:35:25 -0600] "POST /login_check HTTP/1.1" 302 304
200.59.28.77 - - [03/Apr/2025:11:35:28 -0600] "POST /login_check HTTP/1.1" 302 304
190.148.50.29 - - [03/Apr/2025:11:35:22 -0600] "POST /ajax/getEstacionesDestinosPorRuta.json HTTP/1.1" 200 963
181.189.154.32 - - [03/Apr/2025:11:35:18 -0600] "GET /boleto/emitirBoletos.html HTTP/1.1" 200 29021
24.152.55.4 - - [03/Apr/2025:11:35:31 -0600] "POST /ajax/listarClientesPaginando.json HTTP/1.1" 200 67
186.151.119.125 - - [03/Apr/2025:11:35:25 -0600] "POST /login_check HTTP/1.1" 302 304
200.59.28.77 - - [03/Apr/2025:11:35:27 -0600] "POST /login_check HTTP/1.1" 302 304
190.148.193.146 - - [03/Apr/2025:11:35:13 -0600] "POST /ajax/calcularImporteTotalMonedaBase.json HTTP/1.1" 200 50
186.151.119.120 - - [03/Apr/2025:11:35:17 -0600] "GET /ajax/listarClientesPaginando.json?term=14240866&page_limit=5&_=1743700054725 HTTP/1.1" 200 83
200.119.178.55 - - [03/Apr/2025:11:35:39 -0600] "GET /cliente/crear.html HTTP/1.1" 200 10439
190.56.130.31 - - [03/Apr/2025:11:35:42 -0600] "POST /ajax/getRutasPorEstacion.json HTTP/1.1" 200 1333
24.152.55.20 - - [03/Apr/2025:11:35:21 -0600] "GET /ajax/consultarAsientoSalida.html?idSalida=5004090&numeroAsiento=21 HTTP/1.1" 200 2135
200.119.178.44 - - [03/Apr/2025:11:35:16 -0600] "POST /ajax/getInformacionPorSalida.json HTTP/1.1" 200 5485
45.229.41.189 - - [03/Apr/2025:11:35:13 -0600] "POST /reportes/cuadreVentaBoleto.html HTTP/1.1" 200 117
45.229.41.189 - - [03/Apr/2025:11:35:59 -0600] "GET /reporte/mmartinez_2025.04.03_11.35.33_67eec6e5ec3c3.pdf?v=2.5 HTTP/1.1" 200 3446
190.56.157.165 - - [03/Apr/2025:11:35:50 -0600] "POST /ajax/listarClientesPaginando.json HTTP/1.1" 200 227
186.151.119.125 - - [03/Apr/2025:11:35:43 -0600] "GET / HTTP/1.1" 200 34614
200.59.28.77 - - [03/Apr/2025:11:35:45 -0600] "GET / HTTP/1.1" 200 36340
190.149.166.25 - - [03/Apr/2025:11:35:55 -0600] "GET /ajax/listarClientesPaginando.json?term=2781&page_limit=5&_=1743697071583 HTTP/1.1" 200 327
181.189.154.32 - - [03/Apr/2025:11:35:47 -0600] "POST /ajax/listarSalidasActivasEmitirBoleto.json HTTP/1.1" 200 3031
190.149.166.86 - - [03/Apr/2025:11:36:00 -0600] "GET /ajax/listarClientesPaginando.json?term=MARCO+TULIO+CARRERA+&page_limit=5&_=1743688886538 HTTP/1.1" 200 189
190.149.186.46 - - [03/Apr/2025:11:35:58 -0600] "POST /cliente/crear.html HTTP/1.1" 200 146
190.148.50.29 - - [03/Apr/2025:11:36:06 -0600] "POST /ajax/listarTipoEncomiendaEspecialPaginando.json HTTP/1.1" 200 650
190.56.130.31 - - [03/Apr/2025:11:36:04 -0600] "POST /ajax/getEstacionesDestinosPorRuta.json HTTP/1.1" 200 602
200.119.178.55 - - [03/Apr/2025:11:35:59 -0600] "POST /cliente/crear.html HTTP/1.1" 200 146
190.149.166.25 - - [03/Apr/2025:11:35:59 -0600] "GET /ajax/listarClientesPaginando.json?term=2781453K&page_limit=5&_=1743697071584 HTTP/1.1" 200 74
181.189.154.32 - - [03/Apr/2025:11:35:19 -0600] "POST /boleto/emitirBoletos.html HTTP/1.1" 200 822
181.189.154.32 - - [03/Apr/2025:11:36:17 -0600] "POST /ajax/listarDatosIniciales.json HTTP/1.1" 200 60
24.152.55.4 - - [03/Apr/2025:11:35:49 -0600] "POST /ajax/getInformacionPorSalida.json HTTP/1.1" 200 7418
190.149.186.46 - - [03/Apr/2025:11:36:22 -0600] "POST /ajax/listarClientesPaginando.json HTTP/1.1" 200 80
200.119.178.55 - - [03/Apr/2025:11:36:23 -0600] "POST /ajax/listarClientesPaginando.json HTTP/1.1" 200 107
190.56.157.165 - - [03/Apr/2025:11:36:28 -0600] "POST /ajax/listarClientesPaginando.json HTTP/1.1" 200 14
200.59.28.77 - - [03/Apr/2025:11:36:25 -0600] "GET /boleto/emitirBoletos.html HTTP/1.1" 200 28891
186.151.119.120 - - [03/Apr/2025:11:35:55 -0600] "POST /ajax/getInformacionPorSalida.json HTTP/1.1" 200 7409
181.189.154.32 - - [03/Apr/2025:11:36:27 -0600] "GET /boleto/emitirBoletos.html HTTP/1.1" 200 29021
190.149.166.86 - - [03/Apr/2025:11:36:22 -0600] "POST /ajax/calcularImporteTotalMonedaBase.json HTTP/1.1" 200 50
190.149.4.86 - - [03/Apr/2025:11:35:55 -0600] "POST /encomienda/procesarEncomienda.html HTTP/1.1" 200 79
190.56.157.165 - - [03/Apr/2025:11:36:32 -0600] "POST /ajax/listarClientesPaginando.json HTTP/1.1" 200 14
190.56.130.31 - - [03/Apr/2025:11:36:37 -0600] "POST /ajax/listarTipoEncomiendaEspecialPaginando.json HTTP/1.1" 200 650
190.148.50.29 - - [03/Apr/2025:11:36:38 -0600] "POST /ajax/listarTipoEncomiendaEspecialPaginando.json HTTP/1.1" 200 650
24.152.55.20 - - [03/Apr/2025:11:36:21 -0600] "GET /ajax/consultarAsientoSalida.html?idSalida=5004090&numeroAsiento=22 HTTP/1.1" 200 2135
190.148.193.146 - - [03/Apr/2025:11:35:52 -0600] "POST /boleto/emitirBoletos.html HTTP/1.1" 200 772
45.229.41.189 - - [03/Apr/2025:11:36:59 -0600] "-" 408 -
200.119.178.44 - - [03/Apr/2025:11:36:33 -0600] "POST /ajax/calcularImporteTotalMonedaBase.json HTTP/1.1" 200 50
181.174.89.140 - - [03/Apr/2025:11:36:53 -0600] "POST /login_check HTTP/1.1" 302 324
190.143.185.55 - - [03/Apr/2025:11:36:48 -0600] "GET /logout HTTP/1.1" 302 444
190.56.130.31 - - [03/Apr/2025:11:36:42 -0600] "POST /ajax/listarTipoEncomiendaEspecialPaginando.json HTTP/1.1" 200 141
190.148.50.29 - - [03/Apr/2025:11:36:40 -0600] "POST /ajax/listarTipoEncomiendaEspecialPaginando.json HTTP/1.1" 200 793
200.59.28.77 - - [03/Apr/2025:11:36:42 -0600] "POST /ajax/listarSalidasActivasEmitirBoleto.json HTTP/1.1" 200 585
45.233.66.14 - - [03/Apr/2025:11:36:44 -0600] "GET /ajax/listarClientesPaginando.json?term=ejer&page_limit=5&_=1743701292060 HTTP/1.1" 200 141
181.189.154.32 - - [03/Apr/2025:11:36:19 -0600] "POST /ajax/getInformacionPorSalida.json HTTP/1.1" 200 5318
181.174.89.140 - - [03/Apr/2025:11:37:01 -0600] "GET /login HTTP/1.1" 200 2859
190.143.185.55 - - [03/Apr/2025:11:37:04 -0600] "GET / HTTP/1.1" 302 464
190.56.157.165 - - [03/Apr/2025:11:36:56 -0600] "GET /cliente/crear.html HTTP/1.1" 200 10439
190.56.130.31 - - [03/Apr/2025:11:36:44 -0600] "POST /ajax/listarTipoEncomiendaEspecialPaginando.json HTTP/1.1" 200 141
181.174.89.140 - - [03/Apr/2025:11:37:11 -0600] "POST /login_check HTTP/1.1" 302 324
190.143.185.55 - - [03/Apr/2025:11:37:19 -0600] "GET /images/logo/fdn.png?v=2.5 HTTP/1.1" 200 7555
190.143.185.55 - - [03/Apr/2025:11:37:19 -0600] "GET /css/login.css?v=2.5 HTTP/1.1" 200 124645
181.174.89.140 - - [03/Apr/2025:11:37:13 -0600] "POST /login_check HTTP/1.1" 302 324
190.143.185.55 - - [03/Apr/2025:11:37:19 -0600] "GET /js/login.js?v=2.5 HTTP/1.1" 200 135164
190.143.185.55 - - [03/Apr/2025:11:37:12 -0600] "GET /login HTTP/1.1" 200 2752
