190.143.186.8 - - [04/Feb/2025:16:00:01 -0600] "GET /logout HTTP/1.1" 302 444
190.149.4.89 - - [04/Feb/2025:16:00:01 -0600] "POST /ajax/listarClientesPaginando.json HTTP/1.1" 200 137
190.143.186.8 - - [04/Feb/2025:16:00:04 -0600] "GET / HTTP/1.1" 302 464
190.56.130.17 - - [04/Feb/2025:16:00:02 -0600] "POST /ajax/listarSalidasActivasEmitirBoleto.json HTTP/1.1" 200 3875
190.143.186.8 - - [04/Feb/2025:16:00:06 -0600] "GET /login HTTP/1.1" 200 2752
45.229.41.203 - - [04/Feb/2025:15:59:59 -0600] "POST /encomienda/registrarEncomienda.html HTTP/1.1" 200 263
138.84.59.192 - - [04/Feb/2025:16:00:06 -0600] "POST /reportes/manifiestoBoletoPiloto.html HTTP/1.1" 200 156
190.148.50.106 - - [04/Feb/2025:16:00:08 -0600] "POST /ajax/listarMonedasCajasAbiertas.json HTTP/1.1" 200 41
190.148.50.106 - - [04/Feb/2025:16:00:10 -0600] "POST /ajax/listarClientesPaginando.json HTTP/1.1" 200 270
190.61.91.89 - - [04/Feb/2025:16:00:10 -0600] "POST /login_check HTTP/1.1" 302 304
181.174.72.194 - - [04/Feb/2025:16:00:07 -0600] "GET /ajax/consultarAsientoSalida.html?idSalida=4658527&numeroAsiento=21 HTTP/1.1" 200 2134
186.151.119.59 - - [04/Feb/2025:16:00:14 -0600] "GET /logout HTTP/1.1" 302 444
190.149.4.89 - - [04/Feb/2025:16:00:13 -0600] "POST /ajax/getRutasPorEstacion.json HTTP/1.1" 200 4050
45.229.41.203 - - [04/Feb/2025:16:00:11 -0600] "POST /ajax/print/datosEncomienda HTTP/1.1" 200 870
186.151.119.59 - - [04/Feb/2025:16:00:21 -0600] "GET / HTTP/1.1" 302 464
190.148.50.106 - - [04/Feb/2025:16:00:16 -0600] "POST /ajax/getRutasPorEstacion.json HTTP/1.1" 200 2274
186.151.119.59 - - [04/Feb/2025:16:00:25 -0600] "GET /login HTTP/1.1" 200 2752
190.61.91.89 - - [04/Feb/2025:16:00:14 -0600] "GET / HTTP/1.1" 200 30192
190.56.130.17 - - [04/Feb/2025:16:00:13 -0600] "POST /ajax/getInformacionPorSalida.json HTTP/1.1" 200 10895
45.229.41.203 - - [04/Feb/2025:16:00:25 -0600] "GET /encomienda/registrarEncomienda.html HTTP/1.1" 200 32511
190.61.91.89 - - [04/Feb/2025:16:00:22 -0600] "POST /login_check HTTP/1.1" 302 324
190.61.91.89 - - [04/Feb/2025:16:00:29 -0600] "POST /login_check HTTP/1.1" 302 324
190.61.91.89 - - [04/Feb/2025:16:00:30 -0600] "GET /login HTTP/1.1" 200 2821
190.148.50.106 - - [04/Feb/2025:16:00:30 -0600] "POST /ajax/getEstacionesDestinosPorRuta.json HTTP/1.1" 200 963
181.189.154.32 - - [04/Feb/2025:16:00:30 -0600] "POST /ajax/listarSalidasActivasEmitirBoleto.json HTTP/1.1" 200 3734
181.174.72.194 - - [04/Feb/2025:16:00:34 -0600] "GET /ajax/consultarAsientoSalida.html?idSalida=4658527&numeroAsiento=22 HTTP/1.1" 200 2134
181.189.154.32 - - [04/Feb/2025:16:00:36 -0600] "POST /ajax/listarDatosIniciales.json HTTP/1.1" 200 60
45.229.41.203 - - [04/Feb/2025:16:00:38 -0600] "POST /ajax/listarMonedasCajasAbiertas.json HTTP/1.1" 200 41
190.149.166.61 - - [04/Feb/2025:16:00:39 -0600] "GET / HTTP/1.1" 302 464
186.151.119.59 - - [04/Feb/2025:16:00:39 -0600] "POST /login_check HTTP/1.1" 302 304
190.61.91.89 - - [04/Feb/2025:16:00:40 -0600] "POST /login_check HTTP/1.1" 302 304
190.149.166.61 - - [04/Feb/2025:16:00:40 -0600] "GET /login HTTP/1.1" 200 2752
181.119.106.169 - - [04/Feb/2025:16:00:40 -0600] "POST /login_check HTTP/1.1" 302 304
190.149.4.89 - - [04/Feb/2025:16:00:40 -0600] "POST /ajax/getEstacionesDestinosPorRuta.json HTTP/1.1" 200 368
45.229.41.100 - - [04/Feb/2025:16:00:44 -0600] "GET /encomienda/registrarEncomienda.html HTTP/1.1" 200 32511
186.151.119.59 - - [04/Feb/2025:16:00:41 -0600] "GET / HTTP/1.1" 200 34869
190.56.130.17 - - [04/Feb/2025:16:00:43 -0600] "POST /ajax/listarSalidasActivasEmitirBoleto.json HTTP/1.1" 200 310
190.61.91.89 - - [04/Feb/2025:16:00:43 -0600] "GET / HTTP/1.1" 200 30192
181.119.106.169 - - [04/Feb/2025:16:00:44 -0600] "GET / HTTP/1.1" 200 35321
181.174.72.194 - - [04/Feb/2025:16:00:51 -0600] "GET /reportes/cuadreVentaBoleto.html HTTP/1.1" 200 3865
45.229.41.100 - - [04/Feb/2025:16:00:52 -0600] "POST /ajax/listarMonedasCajasAbiertas.json HTTP/1.1" 200 41
190.148.50.106 - - [04/Feb/2025:16:00:55 -0600] "POST /ajax/listarTipoEncomiendaEspecialPaginando.json HTTP/1.1" 200 650
186.151.119.59 - - [04/Feb/2025:16:00:53 -0600] "GET /boleto/emitirBoletos.html HTTP/1.1" 200 28911
45.229.41.100 - - [04/Feb/2025:16:00:56 -0600] "POST /ajax/getRutasPorEstacion.json HTTP/1.1" 200 767
190.148.50.106 - - [04/Feb/2025:16:00:57 -0600] "POST /ajax/listarTipoEncomiendaEspecialPaginando.json HTTP/1.1" 200 116
186.151.119.59 - - [04/Feb/2025:16:01:01 -0600] "POST /ajax/listarSalidasActivasEmitirBoleto.json HTTP/1.1" 200 34
190.56.130.17 - - [04/Feb/2025:16:00:55 -0600] "POST /ajax/getInformacionPorSalida.json HTTP/1.1" 200 10674
181.174.72.194 - - [04/Feb/2025:16:01:09 -0600] "POST /reportes/cuadreVentaBoleto.html HTTP/1.1" 200 156
190.149.4.89 - - [04/Feb/2025:16:01:09 -0600] "POST /ajax/listarTipoEncomiendaEspecialPaginando.json HTTP/1.1" 200 650
181.119.106.169 - - [04/Feb/2025:16:01:14 -0600] "GET /salida/consultar2.html HTTP/1.1" 200 10775
186.151.119.184 - - [04/Feb/2025:16:01:08 -0600] "GET /ajax/listarClientesPaginando.json?term=64899357&page_limit=5&_=1738705785294 HTTP/1.1" 200 68
45.229.41.100 - - [04/Feb/2025:16:01:07 -0600] "POST /ajax/getEstacionesDestinosPorRuta.json HTTP/1.1" 200 523
190.148.50.106 - - [04/Feb/2025:16:01:14 -0600] "POST /ajax/calcularImporteTotalMonedaBaseEncomienda.json HTTP/1.1" 200 37
190.61.91.89 - - [04/Feb/2025:16:01:00 -0600] "POST /ajax/listarSalidasActivasEmitirBoleto.json HTTP/1.1" 200 28026
45.186.105.130 - - [04/Feb/2025:16:01:19 -0600] "GET /ajax/listarClientesPaginando.json?term=maria+&page_limit=5&_=1738704149438 HTTP/1.1" 200 337
45.5.118.84 - - [04/Feb/2025:16:01:19 -0600] "POST /login_check HTTP/1.1" 302 304
190.149.4.89 - - [04/Feb/2025:16:01:12 -0600] "POST /ajax/listarTipoEncomiendaEspecialPaginando.json HTTP/1.1" 200 142
186.151.119.59 - - [04/Feb/2025:16:01:18 -0600] "POST /ajax/listarDatosIniciales.json HTTP/1.1" 200 61
181.189.154.32 - - [04/Feb/2025:16:01:01 -0600] "POST /ajax/getInformacionPorSalida.json HTTP/1.1" 200 10882
190.61.91.89 - - [04/Feb/2025:16:01:04 -0600] "GET /ajax/listarClientesPaginando.json?term=sinia&page_limit=5&_=1738706456017 HTTP/1.1" 200 297
45.186.105.130 - - [04/Feb/2025:16:01:22 -0600] "GET /ajax/listarClientesPaginando.json?term=maria+cuz+chub&page_limit=5&_=1738704149439 HTTP/1.1" 200 60
45.229.41.100 - - [04/Feb/2025:16:01:32 -0600] "POST /ajax/listarTipoEncomiendaEspecialPaginando.json HTTP/1.1" 200 650
190.61.91.89 - - [04/Feb/2025:16:01:06 -0600] "GET /ajax/listarClientesPaginando.json?term=Sonia+&page_limit=5&_=1738706456018 HTTP/1.1" 200 287
45.186.105.130 - - [04/Feb/2025:16:01:38 -0600] "GET /cliente/crear.html HTTP/1.1" 200 10439
190.148.50.106 - - [04/Feb/2025:16:01:39 -0600] "POST /ajax/listarClientesPaginando.json HTTP/1.1" 200 60
181.174.72.194 - - [04/Feb/2025:16:01:29 -0600] "GET /boleto/emitirBoletos.html HTTP/1.1" 200 28892
181.119.106.169 - - [04/Feb/2025:16:01:24 -0600] "POST /ajax/listarSalidasByFecha.html HTTP/1.1" 200 16216
190.56.130.17 - - [04/Feb/2025:16:01:25 -0600] "POST /ajax/listarSalidasActivasEmitirBoleto.json HTTP/1.1" 200 264
186.151.119.59 - - [04/Feb/2025:16:01:20 -0600] "POST /ajax/listarSalidasActivasEmitirBoleto.json HTTP/1.1" 200 2972
190.61.91.89 - - [04/Feb/2025:16:01:07 -0600] "GET /ajax/listarClientesPaginando.json?term=Sonia+reyes+&page_limit=5&_=1738706456019 HTTP/1.1" 200 275
45.5.118.84 - - [04/Feb/2025:16:01:29 -0600] "GET / HTTP/1.1" 200 36040
190.61.91.89 - - [04/Feb/2025:16:01:09 -0600] "GET /ajax/listarClientesPaginando.json?term=Sonia+reyes+ch&page_limit=5&_=1738706456020 HTTP/1.1" 200 64
200.119.178.44 - - [04/Feb/2025:16:02:10 -0600] "GET / HTTP/1.1" 302 464
190.148.50.106 - - [04/Feb/2025:16:01:59 -0600] "POST /ajax/listarClientesPaginando.json HTTP/1.1" 200 280
186.151.119.184 - - [04/Feb/2025:16:01:30 -0600] "POST /ajax/getInformacionPorSalida.json HTTP/1.1" 200 10895
190.61.91.89 - - [04/Feb/2025:16:01:11 -0600] "GET /ajax/listarClientesPaginando.json?term=Sonia+reyes+cha&page_limit=5&_=1738706456021 HTTP/1.1" 200 64
200.119.178.44 - - [04/Feb/2025:16:02:16 -0600] "GET /login HTTP/1.1" 200 2752
181.174.72.194 - - [04/Feb/2025:16:01:54 -0600] "POST /ajax/listarSalidasActivasEmitirBoleto.json HTTP/1.1" 200 316
190.148.50.106 - - [04/Feb/2025:16:01:26 -0600] "POST /encomienda/registrarEncomienda.html HTTP/1.1" 200 263
45.5.118.84 - - [04/Feb/2025:16:02:03 -0600] "GET /boleto/emitirBoletos.html HTTP/1.1" 200 28887
190.104.126.211 - - [04/Feb/2025:16:02:15 -0600] "POST /login_check HTTP/1.1" 302 304
190.61.91.89 - - [04/Feb/2025:16:01:12 -0600] "GET /ajax/listarClientesPaginando.json?term=Sonia+reyes+chacon+&page_limit=5&_=1738706456022 HTTP/1.1" 200 64
190.148.50.106 - - [04/Feb/2025:16:02:20 -0600] "POST /ajax/getRutasPorEstacion.json HTTP/1.1" 200 2274
190.149.4.89 - - [04/Feb/2025:16:01:43 -0600] "POST /encomienda/registrarEncomienda.html HTTP/1.1" 200 263
181.174.72.194 - - [04/Feb/2025:16:02:23 -0600] "POST /ajax/listarDatosIniciales.json HTTP/1.1" 200 61
190.61.91.89 - - [04/Feb/2025:16:01:29 -0600] "POST /ajax/listarDatosIniciales.json HTTP/1.1" 200 40
181.189.154.32 - - [04/Feb/2025:16:02:26 -0600] "GET /ajax/listarClientesPaginando.json?term=ALFREDO+DOMINGUEZ&page_limit=5&_=1738702127456 HTTP/1.1" 200 14
45.5.118.84 - - [04/Feb/2025:16:02:25 -0600] "POST /ajax/listarSalidasActivasEmitirBoleto.json HTTP/1.1" 200 34
200.119.178.44 - - [04/Feb/2025:16:02:28 -0600] "POST /login_check HTTP/1.1" 302 304
190.56.130.17 - - [04/Feb/2025:16:02:01 -0600] "POST /ajax/getInformacionPorSalida.json HTTP/1.1" 200 7132
186.151.119.59 - - [04/Feb/2025:16:02:01 -0600] "POST /ajax/getInformacionPorSalida.json HTTP/1.1" 200 6279
181.119.106.169 - - [04/Feb/2025:16:02:12 -0600] "POST /ajax/getInformacionPorSalida.json HTTP/1.1" 200 9463
190.148.50.106 - - [04/Feb/2025:16:02:31 -0600] "POST /ajax/getEstacionesDestinosPorRuta.json HTTP/1.1" 200 884
190.104.126.211 - - [04/Feb/2025:16:02:25 -0600] "GET / HTTP/1.1" 200 30205
181.174.90.164 - - [04/Feb/2025:16:02:37 -0600] "GET /logout HTTP/1.1" 302 444
45.5.118.84 - - [04/Feb/2025:16:02:35 -0600] "GET /ajax/listarClientesPaginando.json?term=TALIS&page_limit=5&_=1738706527700 HTTP/1.1" 200 160
181.174.90.164 - - [04/Feb/2025:16:02:44 -0600] "GET / HTTP/1.1" 302 464
190.61.91.89 - - [04/Feb/2025:16:01:30 -0600] "POST /ajax/listarSalidasActivasEmitirBoleto.json HTTP/1.1" 200 19190
181.174.90.164 - - [04/Feb/2025:16:02:46 -0600] "GET /login HTTP/1.1" 200 2752
190.148.50.106 - - [04/Feb/2025:16:02:32 -0600] "POST /ajax/print/datosEncomienda HTTP/1.1" 200 1057
45.5.118.84 - - [04/Feb/2025:16:02:37 -0600] "POST /ajax/listarDatosIniciales.json HTTP/1.1" 200 60
186.151.119.184 - - [04/Feb/2025:16:02:25 -0600] "POST /ajax/getInformacionPorSalida.json HTTP/1.1" 200 6582
190.149.4.89 - - [04/Feb/2025:16:02:34 -0600] "POST /ajax/print/datosEncomienda HTTP/1.1" 200 834
190.61.91.89 - - [04/Feb/2025:16:01:44 -0600] "GET /ajax/listarClientesPaginando.json?term=sonia&page_limit=5&_=1738706456023 HTTP/1.1" 200 251
200.119.178.44 - - [04/Feb/2025:16:02:36 -0600] "GET / HTTP/1.1" 200 34884
45.229.41.100 - - [04/Feb/2025:16:02:47 -0600] "POST /ajax/listarClientesPaginando.json HTTP/1.1" 200 235
186.151.119.59 - - [04/Feb/2025:16:02:46 -0600] "GET /ajax/listarClientesPaginando.json?term=75331683&page_limit=5&_=1738706451514 HTTP/1.1" 200 84
181.119.106.169 - - [04/Feb/2025:16:02:47 -0600] "POST /reportes/manifiestoBoletoPiloto.html HTTP/1.1" 200 156
190.61.91.89 - - [04/Feb/2025:16:01:46 -0600] "GET /ajax/listarClientesPaginando.json?term=Sonia+reyes+&page_limit=5&_=1738706456025 HTTP/1.1" 200 280
45.229.41.100 - - [04/Feb/2025:16:02:48 -0600] "POST /ajax/listarClientesPaginando.json HTTP/1.1" 200 259
190.61.91.89 - - [04/Feb/2025:16:01:47 -0600] "GET /ajax/listarClientesPaginando.json?term=Sonia+reyes+chacon+&page_limit=5&_=1738706456026 HTTP/1.1" 200 64
190.148.50.106 - - [04/Feb/2025:16:02:52 -0600] "GET /encomienda/registrarEncomienda.html HTTP/1.1" 200 32511
190.104.126.211 - - [04/Feb/2025:16:02:54 -0600] "GET /agencia/consultarSaldoAgencia.html HTTP/1.1" 200 2468
190.149.4.89 - - [04/Feb/2025:16:02:52 -0600] "GET /encomienda/registrarEncomienda.html HTTP/1.1" 200 32511
45.229.41.100 - - [04/Feb/2025:16:02:52 -0600] "POST /ajax/listarClientesPaginando.json HTTP/1.1" 200 283
181.189.154.32 - - [04/Feb/2025:16:02:57 -0600] "GET /cliente/crear.html HTTP/1.1" 200 10439
190.61.91.89 - - [04/Feb/2025:16:03:10 -0600] "GET / HTTP/1.1" 302 464
190.148.50.106 - - [04/Feb/2025:16:03:05 -0600] "POST /ajax/listarTipoEncomiendaEspecialPaginando.json HTTP/1.1" 200 650
190.61.91.89 - - [04/Feb/2025:16:02:13 -0600] "GET /cliente/crear.html HTTP/1.1" 200 10439
186.151.119.184 - - [04/Feb/2025:16:02:57 -0600] "POST /ajax/calcularImporteTotalMonedaBase.json HTTP/1.1" 200 50
45.229.41.100 - - [04/Feb/2025:16:02:53 -0600] "POST /ajax/listarClientesPaginando.json HTTP/1.1" 200 266
190.61.91.89 - - [04/Feb/2025:16:03:15 -0600] "GET /login HTTP/1.1" 200 2752
45.229.41.203 - - [04/Feb/2025:16:02:59 -0600] "GET /boleto/chequearBoleto2.html HTTP/1.1" 200 4493
190.14.134.172 - - [04/Feb/2025:16:03:16 -0600] "GET / HTTP/1.1" 302 464
190.148.50.106 - - [04/Feb/2025:16:03:08 -0600] "POST /ajax/listarMonedasCajasAbiertas.json HTTP/1.1" 200 41
190.149.4.89 - - [04/Feb/2025:16:03:08 -0600] "POST /ajax/listarMonedasCajasAbiertas.json HTTP/1.1" 200 41
190.14.134.172 - - [04/Feb/2025:16:03:23 -0600] "GET /css/login.css?v=2.5 HTTP/1.1" 200 124645
190.14.134.172 - - [04/Feb/2025:16:03:23 -0600] "GET /js/login.js?v=2.5 HTTP/1.1" 200 135164
190.14.134.172 - - [04/Feb/2025:16:03:23 -0600] "GET /images/logo/fdn.png?v=2.5 HTTP/1.1" 200 7555
190.148.50.106 - - [04/Feb/2025:16:03:06 -0600] "POST /ajax/listarTipoEncomiendaEspecialPaginando.json HTTP/1.1" 200 116
45.5.118.84 - - [04/Feb/2025:16:03:02 -0600] "POST /ajax/listarSalidasActivasEmitirBoleto.json HTTP/1.1" 200 319
190.14.134.172 - - [04/Feb/2025:16:03:18 -0600] "GET /login HTTP/1.1" 200 2752
190.14.134.172 - - [04/Feb/2025:16:03:23 -0600] "GET /favicon.ico HTTP/1.1" 200 1150
190.61.91.89 - - [04/Feb/2025:16:02:48 -0600] "POST /ajax/listarDatosIniciales.json HTTP/1.1" 200 40
45.229.41.100 - - [04/Feb/2025:16:02:55 -0600] "POST /ajax/listarClientesPaginando.json HTTP/1.1" 200 296
200.119.178.44 - - [04/Feb/2025:16:03:09 -0600] "GET /boleto/emitirBoletos.html HTTP/1.1" 200 29012
181.189.154.32 - - [04/Feb/2025:16:03:15 -0600] "POST /cliente/crear.html HTTP/1.1" 200 146
190.56.130.17 - - [04/Feb/2025:16:03:07 -0600] "GET /ajax/consultarAsientoSalida.html?idSalida=4627998&numeroAsiento=17 HTTP/1.1" 200 2130
45.229.41.100 - - [04/Feb/2025:16:02:57 -0600] "POST /ajax/listarClientesPaginando.json HTTP/1.1" 200 274
190.56.157.165 - - [04/Feb/2025:16:03:21 -0600] "GET /encomienda/registrarEncomienda.html HTTP/1.1" 200 32511
45.186.105.167 - - [04/Feb/2025:16:03:35 -0600] "GET /images/logo/fdn.png?v=2.5 HTTP/1.1" 200 7555
45.186.105.167 - - [04/Feb/2025:16:03:35 -0600] "GET /css/login.css?v=2.5 HTTP/1.1" 200 124645
45.186.105.167 - - [04/Feb/2025:16:03:35 -0600] "GET /js/login.js?v=2.5 HTTP/1.1" 200 135164
45.186.105.167 - - [04/Feb/2025:16:03:28 -0600] "GET /login HTTP/1.1" 200 2752
186.151.119.59 - - [04/Feb/2025:16:03:20 -0600] "POST /ajax/calcularImporteTotalMonedaBase.json HTTP/1.1" 200 50
45.186.105.167 - - [04/Feb/2025:16:03:36 -0600] "GET /favicon.ico HTTP/1.1" 200 1150
190.61.91.89 - - [04/Feb/2025:16:03:25 -0600] "POST /login_check HTTP/1.1" 302 304
190.148.50.106 - - [04/Feb/2025:16:03:26 -0600] "POST /ajax/calcularImporteTotalMonedaBaseEncomienda.json HTTP/1.1" 200 37
45.229.41.100 - - [04/Feb/2025:16:03:00 -0600] "POST /ajax/listarClientesPaginando.json HTTP/1.1" 200 316
190.143.157.97 - - [04/Feb/2025:16:03:32 -0600] "GET /logout HTTP/1.1" 302 444
181.189.154.32 - - [04/Feb/2025:16:03:28 -0600] "POST /ajax/listarClientesPaginando.json HTTP/1.1" 200 63
190.14.134.172 - - [04/Feb/2025:16:03:34 -0600] "POST /login_check HTTP/1.1" 302 304
190.143.157.97 - - [04/Feb/2025:16:03:42 -0600] "GET / HTTP/1.1" 302 464
190.56.157.165 - - [04/Feb/2025:16:03:34 -0600] "POST /ajax/listarMonedasCajasAbiertas.json HTTP/1.1" 200 41
45.186.105.130 - - [04/Feb/2025:16:03:30 -0600] "POST /cliente/crear.html HTTP/1.1" 200 146
190.148.50.106 - - [04/Feb/2025:16:03:36 -0600] "POST /ajax/listarClientesPaginando.json HTTP/1.1" 200 133
181.119.106.169 - - [04/Feb/2025:16:03:38 -0600] "POST /reportes/manifiestoBoletoPiloto.html HTTP/1.1" 200 156
190.143.157.97 - - [04/Feb/2025:16:03:46 -0600] "GET /login HTTP/1.1" 200 2752
200.119.178.44 - - [04/Feb/2025:16:03:25 -0600] "POST /ajax/listarSalidasActivasEmitirBoleto.json HTTP/1.1" 200 28026
190.56.157.165 - - [04/Feb/2025:16:03:43 -0600] "POST /ajax/listarClientesPaginando.json HTTP/1.1" 200 341
45.186.105.167 - - [04/Feb/2025:16:03:46 -0600] "POST /login_check HTTP/1.1" 302 304
190.61.91.89 - - [04/Feb/2025:16:03:38 -0600] "GET / HTTP/1.1" 200 30192
45.186.105.130 - - [04/Feb/2025:16:03:47 -0600] "POST /ajax/listarClientesPaginando.json HTTP/1.1" 200 60
186.151.119.184 - - [04/Feb/2025:16:03:22 -0600] "POST /boleto/emitirBoletos.html HTTP/1.1" 200 769
190.14.134.172 - - [04/Feb/2025:16:03:57 -0600] "GET /css/frontendBase.css?v=2.5 HTTP/1.1" 200 107067
190.14.134.172 - - [04/Feb/2025:16:03:57 -0600] "GET /css/frontend.css?v=2.5 HTTP/1.1" 200 103571
190.14.134.172 - - [04/Feb/2025:16:03:57 -0600] "GET /bundles/acmeterminalomnibus/images/logout.png?v=2.5 HTTP/1.1" 200 1439
190.14.134.172 - - [04/Feb/2025:16:03:57 -0600] "GET /js/printjs/JsBarcode.all.min.js?v=2.5 HTTP/1.1" 200 60818
190.14.134.172 - - [04/Feb/2025:16:03:57 -0600] "GET /js/printjs/qrcode.min.js?v=2.5 HTTP/1.1" 200 19927
190.14.134.172 - - [04/Feb/2025:16:03:57 -0600] "GET /js/printjs/print.min.js?v=2.5 HTTP/1.1" 200 11952
190.14.134.172 - - [04/Feb/2025:16:03:57 -0600] "GET /js/printjs/fdn.js?v=2.5 HTTP/1.1" 200 16776
190.14.134.172 - - [04/Feb/2025:16:03:57 -0600] "GET /images/loader/ajax-barra.gif?v=2.5 HTTP/1.1" 200 2892
190.14.134.172 - - [04/Feb/2025:16:03:57 -0600] "GET /js/frontend.js?v=2.5 HTTP/1.1" 200 927002
45.5.118.84 - - [04/Feb/2025:16:03:28 -0600] "POST /ajax/getInformacionPorSalida.json HTTP/1.1" 200 11140
190.14.134.172 - - [04/Feb/2025:16:03:44 -0600] "GET / HTTP/1.1" 200 30211
190.56.157.165 - - [04/Feb/2025:16:03:51 -0600] "POST /ajax/listarClientesPaginando.json HTTP/1.1" 200 121
200.119.178.44 - - [04/Feb/2025:16:03:50 -0600] "POST /ajax/listarDatosIniciales.json HTTP/1.1" 200 61
190.14.134.172 - - [04/Feb/2025:16:04:01 -0600] "GET /images/loader/wait.gif?v=2.5 HTTP/1.1" 200 1787
45.229.41.142 - - [04/Feb/2025:16:03:42 -0600] "POST /ajax/getInformacionPorSalida.json HTTP/1.1" 200 3743
45.186.105.167 - - [04/Feb/2025:16:03:51 -0600] "GET / HTTP/1.1" 200 30201
181.189.154.32 - - [04/Feb/2025:16:03:54 -0600] "POST /ajax/calcularImporteTotalMonedaBase.json HTTP/1.1" 200 50
186.151.119.184 - - [04/Feb/2025:16:03:57 -0600] "GET /boleto/emitirBoletos.html HTTP/1.1" 200 28912
190.148.50.106 - - [04/Feb/2025:16:03:42 -0600] "POST /encomienda/registrarEncomienda.html HTTP/1.1" 200 263
45.186.105.167 - - [04/Feb/2025:16:03:53 -0600] "POST /login_check HTTP/1.1" 302 324
45.229.41.100 - - [04/Feb/2025:16:04:01 -0600] "POST /ajax/listarClientesPaginando.json HTTP/1.1" 200 14
45.186.105.167 - - [04/Feb/2025:16:04:08 -0600] "GET /login HTTP/1.1" 200 2821
190.14.134.172 - - [04/Feb/2025:16:04:01 -0600] "GET /agencia/registrar.html HTTP/1.1" 200 4029
190.14.134.172 - - [04/Feb/2025:16:04:13 -0600] "GET /images/select2.png HTTP/1.1" 200 613
190.61.91.89 - - [04/Feb/2025:16:03:58 -0600] "POST /ajax/listarSalidasActivasEmitirBoleto.json HTTP/1.1" 200 28026
186.151.119.59 - - [04/Feb/2025:16:03:45 -0600] "POST /boleto/emitirBoletos.html HTTP/1.1" 200 907
45.5.118.84 - - [04/Feb/2025:16:04:02 -0600] "POST /ajax/listarSalidasActivasEmitirBoleto.json HTTP/1.1" 200 277
45.229.41.100 - - [04/Feb/2025:16:04:02 -0600] "POST /ajax/listarClientesPaginando.json HTTP/1.1" 200 14
190.56.157.165 - - [04/Feb/2025:16:04:09 -0600] "POST /ajax/listarClientesPaginando.json HTTP/1.1" 200 135
190.61.91.89 - - [04/Feb/2025:16:04:02 -0600] "GET /ajax/listarClientesPaginando.json?term=c&page_limit=5&_=1738706634511 HTTP/1.1" 200 305
190.148.50.106 - - [04/Feb/2025:16:04:07 -0600] "GET /autorizacioninterna/ HTTP/1.1" 200 2770
45.186.105.167 - - [04/Feb/2025:16:04:14 -0600] "POST /login_check HTTP/1.1" 302 304
181.119.106.169 - - [04/Feb/2025:16:04:15 -0600] "POST /reportes/manifiestoBoletoPiloto.html HTTP/1.1" 200 156
24.152.55.4 - - [04/Feb/2025:16:04:17 -0600] "GET /logout HTTP/1.1" 302 444
45.229.41.100 - - [04/Feb/2025:16:04:04 -0600] "POST /ajax/listarClientesPaginando.json HTTP/1.1" 200 14
186.151.119.184 - - [04/Feb/2025:16:04:09 -0600] "POST /ajax/listarSalidasActivasEmitirBoleto.json HTTP/1.1" 200 3875
45.229.41.142 - - [04/Feb/2025:16:03:42 -0600] "POST /ajax/getInformacionPorSalida.json HTTP/1.1" 200 7854
45.186.105.167 - - [04/Feb/2025:16:04:27 -0600] "GET /login HTTP/1.1" 200 2752
190.61.91.89 - - [04/Feb/2025:16:04:06 -0600] "GET /ajax/listarClientesPaginando.json?term=sonia+&page_limit=5&_=1738706634512 HTTP/1.1" 200 269
24.152.55.4 - - [04/Feb/2025:16:04:28 -0600] "GET / HTTP/1.1" 302 464
186.151.119.59 - - [04/Feb/2025:16:04:15 -0600] "GET /boleto/emitirBoletos.html HTTP/1.1" 200 28911
24.152.55.4 - - [04/Feb/2025:16:04:33 -0600] "GET /login HTTP/1.1" 200 2752
190.148.50.106 - - [04/Feb/2025:16:04:26 -0600] "POST /autorizacioninterna/listarAutorizacionInterna.json HTTP/1.1" 200 437
45.229.41.100 - - [04/Feb/2025:16:04:08 -0600] "POST /ajax/listarClientesPaginando.json HTTP/1.1" 200 14
190.148.50.106 - - [04/Feb/2025:16:04:10 -0600] "POST /ajax/print/datosEncomienda HTTP/1.1" 200 1071
190.61.91.89 - - [04/Feb/2025:16:04:08 -0600] "GET /ajax/listarClientesPaginando.json?term=sonia+re&page_limit=5&_=1738706634513 HTTP/1.1" 200 263
190.56.157.165 - - [04/Feb/2025:16:04:27 -0600] "POST /ajax/getRutasPorEstacion.json HTTP/1.1" 200 2166
186.151.119.184 - - [04/Feb/2025:16:04:31 -0600] "POST /ajax/listarDatosIniciales.json HTTP/1.1" 200 61
45.186.105.130 - - [04/Feb/2025:16:04:09 -0600] "POST /ajax/getInformacionPorSalida.json HTTP/1.1" 200 5531
186.151.119.59 - - [04/Feb/2025:16:04:35 -0600] "POST /ajax/listarSalidasActivasEmitirBoleto.json HTTP/1.1" 200 34
190.61.91.89 - - [04/Feb/2025:16:04:11 -0600] "GET /ajax/listarClientesPaginando.json?term=sonia+reyes&page_limit=5&_=1738706634514 HTTP/1.1" 200 272
190.148.50.106 - - [04/Feb/2025:16:04:38 -0600] "GET /encomienda/registrarEncomienda.html HTTP/1.1" 200 32511
186.151.119.184 - - [04/Feb/2025:16:04:31 -0600] "GET /ajax/listarClientesPaginando.json?term=1955&page_limit=5&_=1738705785295 HTTP/1.1" 200 334
45.186.105.167 - - [04/Feb/2025:16:04:40 -0600] "POST /login_check HTTP/1.1" 302 304
190.61.91.89 - - [04/Feb/2025:16:04:11 -0600] "GET /ajax/listarClientesPaginando.json?term=sonia+reyes+&page_limit=5&_=1738706634515 HTTP/1.1" 200 252
45.5.118.84 - - [04/Feb/2025:16:04:19 -0600] "POST /ajax/getInformacionPorSalida.json HTTP/1.1" 200 6501
45.229.41.142 - - [04/Feb/2025:16:03:50 -0600] "POST /ajax/getInformacionPorSalida.json HTTP/1.1" 200 10857
181.189.154.32 - - [04/Feb/2025:16:04:09 -0600] "POST /boleto/emitirBoletos.html HTTP/1.1" 200 902
186.151.119.184 - - [04/Feb/2025:16:04:33 -0600] "GET /ajax/listarClientesPaginando.json?term=1955543&page_limit=5&_=1738705785296 HTTP/1.1" 200 80
186.151.119.59 - - [04/Feb/2025:16:04:43 -0600] "POST /ajax/listarDatosIniciales.json HTTP/1.1" 200 61
190.61.91.89 - - [04/Feb/2025:16:04:13 -0600] "GET /ajax/listarClientesPaginando.json?term=sonia+reyes+chac&page_limit=5&_=1738706634516 HTTP/1.1" 200 64
190.56.157.165 - - [04/Feb/2025:16:04:44 -0600] "POST /ajax/getEstacionesDestinosPorRuta.json HTTP/1.1" 200 851
190.149.166.61 - - [04/Feb/2025:16:04:48 -0600] "GET /login HTTP/1.1" 200 2752
181.119.106.169 - - [04/Feb/2025:16:04:47 -0600] "POST /reportes/manifiestoBoletoPiloto.html HTTP/1.1" 200 156
45.229.41.100 - - [04/Feb/2025:16:04:47 -0600] "POST /ajax/listarClientesPaginando.json HTTP/1.1" 200 14
181.189.154.32 - - [04/Feb/2025:16:04:28 -0600] "GET /boleto/emitirBoletos.html HTTP/1.1" 200 29021
190.61.91.89 - - [04/Feb/2025:16:04:14 -0600] "POST /ajax/listarDatosIniciales.json HTTP/1.1" 200 40
190.148.50.106 - - [04/Feb/2025:16:04:47 -0600] "GET /encomienda/registrarEncomienda.html HTTP/1.1" 200 32511
190.148.50.106 - - [04/Feb/2025:16:04:47 -0600] "POST /ajax/listarMonedasCajasAbiertas.json HTTP/1.1" 200 41
45.186.105.167 - - [04/Feb/2025:16:04:45 -0600] "GET / HTTP/1.1" 200 30201
186.151.119.61 - - [04/Feb/2025:16:04:55 -0600] "GET /logout HTTP/1.1" 302 444
45.229.41.142 - - [04/Feb/2025:16:04:55 -0600] "POST /reportes/manifiestoBoletoPiloto.html HTTP/1.1" 200 156
186.151.119.61 - - [04/Feb/2025:16:05:06 -0600] "GET / HTTP/1.1" 302 464
45.186.105.167 - - [04/Feb/2025:16:04:49 -0600] "POST /login_check HTTP/1.1" 302 324
45.229.41.100 - - [04/Feb/2025:16:04:51 -0600] "POST /ajax/listarClientesPaginando.json HTTP/1.1" 200 14
45.186.105.167 - - [04/Feb/2025:16:04:50 -0600] "POST /login_check HTTP/1.1" 302 324
190.61.91.89 - - [04/Feb/2025:16:04:15 -0600] "GET /ajax/listarClientesPaginando.json?term=sonia+reyes+chacon+&page_limit=5&_=1738706634517 HTTP/1.1" 200 64
45.186.105.167 - - [04/Feb/2025:16:04:50 -0600] "POST /login_check HTTP/1.1" 302 324
181.189.154.32 - - [04/Feb/2025:16:04:48 -0600] "GET /boleto/emitirBoletos.html HTTP/1.1" 200 29021
138.84.59.192 - - [04/Feb/2025:16:04:59 -0600] "POST /reportes/manifiestoBoletoPiloto.html HTTP/1.1" 200 156
186.151.119.61 - - [04/Feb/2025:16:05:09 -0600] "GET /login HTTP/1.1" 200 2752
190.149.166.61 - - [04/Feb/2025:16:05:03 -0600] "POST /login_check HTTP/1.1" 302 304
190.148.50.106 - - [04/Feb/2025:16:05:01 -0600] "POST /ajax/listarMonedasCajasAbiertas.json HTTP/1.1" 200 41
45.186.105.167 - - [04/Feb/2025:16:05:10 -0600] "GET /login HTTP/1.1" 200 2821
190.56.130.17 - - [04/Feb/2025:16:04:47 -0600] "GET /ajax/consultarAsientoSalida.html?idSalida=4627998&numeroAsiento=17 HTTP/1.1" 200 2130
190.56.157.165 - - [04/Feb/2025:16:05:08 -0600] "POST /ajax/listarTipoEncomiendaEspecialPaginando.json HTTP/1.1" 200 650
45.229.41.100 - - [04/Feb/2025:16:05:01 -0600] "POST /ajax/listarClientesPaginando.json HTTP/1.1" 200 14
24.152.55.4 - - [04/Feb/2025:16:05:17 -0600] "-" 408 -
190.61.91.89 - - [04/Feb/2025:16:04:46 -0600] "GET /ajax/listarClientesPaginando.json?term=sonia&page_limit=5&_=1738706634518 HTTP/1.1" 200 297
186.151.119.184 - - [04/Feb/2025:16:04:58 -0600] "POST /ajax/listarSalidasActivasEmitirBoleto.json HTTP/1.1" 200 2972
190.148.50.106 - - [04/Feb/2025:16:05:10 -0600] "POST /ajax/listarClientesPaginando.json HTTP/1.1" 200 311
190.56.157.165 - - [04/Feb/2025:16:05:09 -0600] "POST /ajax/listarTipoEncomiendaEspecialPaginando.json HTTP/1.1" 200 116
45.229.41.100 - - [04/Feb/2025:16:05:04 -0600] "POST /ajax/listarClientesPaginando.json HTTP/1.1" 200 14
190.61.91.89 - - [04/Feb/2025:16:04:48 -0600] "GET /ajax/listarClientesPaginando.json?term=sonia+t&page_limit=5&_=1738706634519 HTTP/1.1" 200 248
181.189.154.32 - - [04/Feb/2025:16:05:00 -0600] "POST /ajax/listarSalidasActivasEmitirBoleto.json HTTP/1.1" 200 3734
45.229.41.203 - - [04/Feb/2025:16:05:08 -0600] "POST /ajax/listarBoletosAChequear.html HTTP/1.1" 200 3014
190.148.50.106 - - [04/Feb/2025:16:05:20 -0600] "POST /ajax/listarClientesPaginando.json HTTP/1.1" 200 60
190.148.50.106 - - [04/Feb/2025:16:05:14 -0600] "POST /ajax/listarClientesPaginando.json HTTP/1.1" 200 281
45.229.41.100 - - [04/Feb/2025:16:05:13 -0600] "GET /cliente/crear.html HTTP/1.1" 200 10439
45.229.41.142 - - [04/Feb/2025:16:05:19 -0600] "GET /boleto/emitirBoletos.html HTTP/1.1" 200 28906
190.149.166.61 - - [04/Feb/2025:16:05:13 -0600] "GET / HTTP/1.1" 200 37393
190.61.91.89 - - [04/Feb/2025:16:04:49 -0600] "GET /ajax/listarClientesPaginando.json?term=sonia+&page_limit=5&_=1738706634520 HTTP/1.1" 200 272
190.14.134.172 - - [04/Feb/2025:16:05:17 -0600] "POST /agencia/registrar.html HTTP/1.1" 200 79
138.84.59.192 - - [04/Feb/2025:16:05:23 -0600] "GET /boleto/emitirBoletos.html HTTP/1.1" 200 28909
190.148.50.106 - - [04/Feb/2025:16:05:16 -0600] "POST /ajax/listarClientesPaginando.json HTTP/1.1" 200 133
190.56.130.17 - - [04/Feb/2025:16:05:26 -0600] "GET /encomienda/registrarEncomienda.html HTTP/1.1" 200 32511
190.61.91.89 - - [04/Feb/2025:16:04:50 -0600] "GET /ajax/listarClientesPaginando.json?term=sonia+re&page_limit=5&_=1738706634521 HTTP/1.1" 200 269
190.56.157.165 - - [04/Feb/2025:16:05:28 -0600] "POST /ajax/getSeriesActivaPorEstacion.json HTTP/1.1" 200 113
181.189.154.32 - - [04/Feb/2025:16:05:11 -0600] "POST /ajax/listarSalidasActivasEmitirBoleto.json HTTP/1.1" 200 3734
186.151.119.184 - - [04/Feb/2025:16:05:20 -0600] "POST /ajax/getInformacionPorSalida.json HTTP/1.1" 200 8426
45.229.41.142 - - [04/Feb/2025:16:05:32 -0600] "POST /ajax/listarSalidasActivasEmitirBoleto.json HTTP/1.1" 200 34
190.61.91.89 - - [04/Feb/2025:16:04:53 -0600] "GET /ajax/listarClientesPaginando.json?term=sonia+rey&page_limit=5&_=1738706634522 HTTP/1.1" 200 272
138.84.59.192 - - [04/Feb/2025:16:05:34 -0600] "POST /ajax/listarSalidasActivasEmitirBoleto.json HTTP/1.1" 200 34
190.56.157.165 - - [04/Feb/2025:16:05:37 -0600] "POST /ajax/calcularImporteTotalMonedaBaseEncomienda.json HTTP/1.1" 200 37
190.56.130.17 - - [04/Feb/2025:16:05:36 -0600] "POST /ajax/listarMonedasCajasAbiertas.json HTTP/1.1" 200 41
181.189.154.32 - - [04/Feb/2025:16:05:26 -0600] "POST /ajax/listarDatosIniciales.json HTTP/1.1" 200 60
190.148.50.106 - - [04/Feb/2025:16:05:37 -0600] "POST /ajax/listarClientesPaginando.json HTTP/1.1" 200 14
190.61.91.89 - - [04/Feb/2025:16:04:55 -0600] "GET /ajax/listarClientesPaginando.json?term=sonia+reyes+&page_limit=5&_=1738706634523 HTTP/1.1" 200 254
45.229.41.100 - - [04/Feb/2025:16:05:38 -0600] "POST /cliente/crear.html HTTP/1.1" 200 146
190.14.134.172 - - [04/Feb/2025:16:05:35 -0600] "GET /agencia/ HTTP/1.1" 200 3258
190.14.134.172 - - [04/Feb/2025:16:05:54 -0600] "GET /images/glyphicons-halflings-white.png HTTP/1.1" 200 8777
190.14.134.172 - - [04/Feb/2025:16:05:54 -0600] "GET /images/load.png HTTP/1.1" 200 827
190.14.134.172 - - [04/Feb/2025:16:05:54 -0600] "GET /images/last.gif HTTP/1.1" 200 220
190.14.134.172 - - [04/Feb/2025:16:05:54 -0600] "GET /images/line.gif HTTP/1.1" 200 817
190.14.134.172 - - [04/Feb/2025:16:05:54 -0600] "GET /images/load.gif HTTP/1.1" 200 1737
190.14.134.172 - - [04/Feb/2025:16:05:54 -0600] "GET /images/fhbg.gif HTTP/1.1" 200 836
190.14.134.172 - - [04/Feb/2025:16:05:54 -0600] "GET /images/wbg.gif HTTP/1.1" 200 868
190.14.134.172 - - [04/Feb/2025:16:05:54 -0600] "GET /images/first.gif HTTP/1.1" 200 217
190.14.134.172 - - [04/Feb/2025:16:05:54 -0600] "GET /images/prev.gif HTTP/1.1" 200 186
190.14.134.172 - - [04/Feb/2025:16:05:54 -0600] "GET /images/next.gif HTTP/1.1" 200 185
45.229.41.142 - - [04/Feb/2025:16:05:41 -0600] "POST /ajax/listarDatosIniciales.json HTTP/1.1" 200 61
45.229.41.203 - - [04/Feb/2025:16:05:32 -0600] "POST /boleto/chequearBoleto2.html HTTP/1.1" 200 79
181.189.154.32 - - [04/Feb/2025:16:05:37 -0600] "POST /ajax/listarDatosIniciales.json HTTP/1.1" 200 60
45.186.105.130 - - [04/Feb/2025:16:05:40 -0600] "POST /ajax/calcularImporteTotalMonedaBase.json HTTP/1.1" 200 50
190.61.91.89 - - [04/Feb/2025:16:04:56 -0600] "GET /ajax/listarClientesPaginando.json?term=sonia+reyes+ch&page_limit=5&_=1738706634524 HTTP/1.1" 200 64
138.84.59.192 - - [04/Feb/2025:16:05:44 -0600] "POST /ajax/listarDatosIniciales.json HTTP/1.1" 200 61
190.56.130.17 - - [04/Feb/2025:16:05:45 -0600] "POST /ajax/listarClientesPaginando.json HTTP/1.1" 200 263
190.148.50.106 - - [04/Feb/2025:16:05:47 -0600] "GET /cliente/crear.html HTTP/1.1" 200 10439
190.148.50.106 - - [04/Feb/2025:16:05:50 -0600] "POST /ajax/listarClientesPaginando.json HTTP/1.1" 200 314
45.186.105.167 - - [04/Feb/2025:16:05:53 -0600] "POST /login_check HTTP/1.1" 302 304
200.119.178.55 - - [04/Feb/2025:16:05:54 -0600] "GET /logout HTTP/1.1" 302 444
45.229.41.100 - - [04/Feb/2025:16:05:53 -0600] "POST /ajax/listarClientesPaginando.json HTTP/1.1" 200 76
190.14.134.172 - - [04/Feb/2025:16:05:54 -0600] "POST /agencia/listarDepositoAgencia.json HTTP/1.1" 200 4621
190.149.166.61 - - [04/Feb/2025:16:06:07 -0600] "GET /login HTTP/1.1" 200 2752
181.174.90.164 - - [04/Feb/2025:16:06:00 -0600] "POST /login_check HTTP/1.1" 302 304
190.149.166.61 - - [04/Feb/2025:16:06:09 -0600] "GET /login HTTP/1.1" 200 2752
190.61.91.89 - - [04/Feb/2025:16:04:57 -0600] "GET /ajax/listarClientesPaginando.json?term=sonia+reyes+cha&page_limit=5&_=1738706634525 HTTP/1.1" 200 64
200.119.178.55 - - [04/Feb/2025:16:06:12 -0600] "GET / HTTP/1.1" 302 464
45.5.118.84 - - [04/Feb/2025:16:05:55 -0600] "GET /ajax/listarClientesPaginando.json?term=2670&page_limit=5&_=1738706527701 HTTP/1.1" 200 362
190.56.130.17 - - [04/Feb/2025:16:05:46 -0600] "POST /ajax/listarClientesPaginando.json HTTP/1.1" 200 288
181.119.106.169 - - [04/Feb/2025:16:06:13 -0600] "GET / HTTP/1.1" 302 464
181.174.90.164 - - [04/Feb/2025:16:06:01 -0600] "POST /login_check HTTP/1.1" 302 304
181.174.90.164 - - [04/Feb/2025:16:06:01 -0600] "POST /login_check HTTP/1.1" 302 304
200.119.178.55 - - [04/Feb/2025:16:06:15 -0600] "GET /login HTTP/1.1" 200 2752
190.61.91.89 - - [04/Feb/2025:16:04:58 -0600] "GET /ajax/listarClientesPaginando.json?term=sonia+reyes+chacon+&page_limit=5&_=1738706634526 HTTP/1.1" 200 64
45.229.41.203 - - [04/Feb/2025:16:05:59 -0600] "POST /ajax/listarBoletosAChequear.html HTTP/1.1" 200 3152
45.5.118.84 - - [04/Feb/2025:16:05:57 -0600] "GET /ajax/listarClientesPaginando.json?term=2670555&page_limit=5&_=1738706527702 HTTP/1.1" 200 79
190.14.134.172 - - [04/Feb/2025:16:06:05 -0600] "GET /boleto/emitirBoletosAgencia.html HTTP/1.1" 200 28730
190.14.134.172 - - [04/Feb/2025:16:06:43 -0600] "GET /images/glyphicons-halflings.png HTTP/1.1" 200 12799
190.56.130.17 - - [04/Feb/2025:16:05:48 -0600] "POST /ajax/listarClientesPaginando.json HTTP/1.1" 200 288
181.174.90.164 - - [04/Feb/2025:16:06:02 -0600] "POST /login_check HTTP/1.1" 302 304
190.14.134.172 - - [04/Feb/2025:16:06:46 -0600] "GET /bundles/acmeterminalomnibus/images/bus/asientoClaseA.png?v=2.5 HTTP/1.1" 200 10296
190.14.134.172 - - [04/Feb/2025:16:06:46 -0600] "GET /bundles/acmeterminalomnibus/images/bus/asientoClaseACortesia.png?v=2.5 HTTP/1.1" 200 9811
190.14.134.172 - - [04/Feb/2025:16:06:46 -0600] "GET /bundles/acmeterminalomnibus/images/bus/asientoClaseAReservado.png?v=2.5 HTTP/1.1" 200 9893
190.14.134.172 - - [04/Feb/2025:16:06:46 -0600] "GET /bundles/acmeterminalomnibus/images/bus/asientoClaseAVendido.png?v=2.5 HTTP/1.1" 200 7557
190.14.134.172 - - [04/Feb/2025:16:06:46 -0600] "GET /bundles/acmeterminalomnibus/images/bus/asientoClaseAPagina.png?v=2.5 HTTP/1.1" 200 5401
190.14.134.172 - - [04/Feb/2025:16:06:47 -0600] "GET /bundles/acmeterminalomnibus/images/bus/asientoClaseAPaginaTemp.jpeg?v=2.5 HTTP/1.1" 200 5492
190.14.134.172 - - [04/Feb/2025:16:06:47 -0600] "GET /bundles/acmeterminalomnibus/images/bus/asientoClaseB.png?v=2.5 HTTP/1.1" 200 11514
190.14.134.172 - - [04/Feb/2025:16:06:47 -0600] "GET /bundles/acmeterminalomnibus/images/bus/asientoClaseBCortesia.png?v=2.5 HTTP/1.1" 200 10453
190.14.134.172 - - [04/Feb/2025:16:06:47 -0600] "GET /bundles/acmeterminalomnibus/images/bus/asientoClaseBReservado.png?v=2.5 HTTP/1.1" 200 10496
190.14.134.172 - - [04/Feb/2025:16:06:47 -0600] "GET /bundles/acmeterminalomnibus/images/bus/asientoClaseBVendido.png?v=2.5 HTTP/1.1" 200 8592
190.14.134.172 - - [04/Feb/2025:16:06:47 -0600] "GET /bundles/acmeterminalomnibus/images/bus/asientoClaseBPagina.png?v=2.5 HTTP/1.1" 200 5562
190.14.134.172 - - [04/Feb/2025:16:06:47 -0600] "GET /bundles/acmeterminalomnibus/images/bus/asientoClaseBPaginaTemp.jpeg?v=2.5 HTTP/1.1" 200 5707
190.14.134.172 - - [04/Feb/2025:16:06:47 -0600] "GET /bundles/acmeterminalomnibus/images/bus/puerta.png?v=2.5 HTTP/1.1" 200 1467
190.14.134.172 - - [04/Feb/2025:16:06:47 -0600] "GET /bundles/acmeterminalomnibus/images/bus/chofer.png?v=2.5 HTTP/1.1" 200 3523
190.14.134.172 - - [04/Feb/2025:16:06:49 -0600] "GET /images/ddn.png HTTP/1.1" 200 111
190.148.50.106 - - [04/Feb/2025:16:06:14 -0600] "POST /cliente/crear.html HTTP/1.1" 200 146
190.149.166.61 - - [04/Feb/2025:16:06:17 -0600] "POST /login_check HTTP/1.1" 302 304
190.61.91.89 - - [04/Feb/2025:16:05:32 -0600] "GET /ajax/listarClientesPaginando.json?term=soni&page_limit=5&_=1738706634527 HTTP/1.1" 200 277
181.174.90.164 - - [04/Feb/2025:16:06:01 -0600] "POST /login_check HTTP/1.1" 302 304
45.229.41.100 - - [04/Feb/2025:16:06:20 -0600] "POST /ajax/getSeriesActivaPorEstacion.json HTTP/1.1" 200 117
190.56.130.17 - - [04/Feb/2025:16:06:28 -0600] "GET /cliente/crear.html HTTP/1.1" 200 10439
186.151.119.184 - - [04/Feb/2025:16:06:12 -0600] "GET / HTTP/1.1" 200 34868
190.148.50.106 - - [04/Feb/2025:16:06:20 -0600] "POST /ajax/getRutasPorEstacion.json HTTP/1.1" 200 2274
45.5.118.84 - - [04/Feb/2025:16:05:59 -0600] "GET /ajax/listarClientesPaginando.json?term=26705559&page_limit=5&_=1738706527703 HTTP/1.1" 200 79
181.174.90.164 - - [04/Feb/2025:16:06:02 -0600] "POST /login_check HTTP/1.1" 302 304
45.186.105.167 - - [04/Feb/2025:16:06:12 -0600] "GET / HTTP/1.1" 200 30201
45.186.105.167 - - [04/Feb/2025:16:06:56 -0600] "GET /css/frontendBase.css?v=2.5 HTTP/1.1" 200 107067
190.14.134.172 - - [04/Feb/2025:16:06:56 -0600] "GET /images/select2-spinner.gif HTTP/1.1" 200 1849
45.186.105.167 - - [04/Feb/2025:16:06:56 -0600] "GET /css/frontend.css?v=2.5 HTTP/1.1" 200 103571
45.186.105.167 - - [04/Feb/2025:16:06:57 -0600] "GET /bundles/acmeterminalomnibus/images/logout.png?v=2.5 HTTP/1.1" 200 1439
190.56.157.165 - - [04/Feb/2025:16:05:51 -0600] "POST /encomienda/registrarEncomienda.html HTTP/1.1" 200 1280
190.61.91.89 - - [04/Feb/2025:16:05:33 -0600] "GET /ajax/listarClientesPaginando.json?term=sonia&page_limit=5&_=1738706634528 HTTP/1.1" 200 258
45.186.105.167 - - [04/Feb/2025:16:06:57 -0600] "GET /js/frontend.js?v=2.5 HTTP/1.1" 200 927002
45.186.105.167 - - [04/Feb/2025:16:07:01 -0600] "GET /js/printjs/JsBarcode.all.min.js?v=2.5 HTTP/1.1" 200 60818
45.186.105.167 - - [04/Feb/2025:16:07:01 -0600] "GET /js/printjs/qrcode.min.js?v=2.5 HTTP/1.1" 200 19927
45.186.105.167 - - [04/Feb/2025:16:07:01 -0600] "GET /js/printjs/print.min.js?v=2.5 HTTP/1.1" 200 11952
45.186.105.167 - - [04/Feb/2025:16:07:01 -0600] "GET /js/printjs/fdn.js?v=2.5 HTTP/1.1" 200 16776
45.186.105.167 - - [04/Feb/2025:16:07:02 -0600] "GET /images/loader/ajax-barra.gif?v=2.5 HTTP/1.1" 200 2892
181.174.90.164 - - [04/Feb/2025:16:06:02 -0600] "POST /login_check HTTP/1.1" 302 304
190.148.50.106 - - [04/Feb/2025:16:06:50 -0600] "POST /ajax/listarClientesPaginando.json HTTP/1.1" 200 68
186.151.119.184 - - [04/Feb/2025:16:06:43 -0600] "GET /cliente/actualizar.html?id=2055501 HTTP/1.1" 200 10503
190.14.134.172 - - [04/Feb/2025:16:06:43 -0600] "POST /ajax/listarSalidasActivasEmitirBoleto.json HTTP/1.1" 200 28026
181.174.90.164 - - [04/Feb/2025:16:06:16 -0600] "POST /login_check HTTP/1.1" 302 304
181.189.154.32 - - [04/Feb/2025:16:06:12 -0600] "POST /ajax/getInformacionPorSalida.json HTTP/1.1" 200 7811
45.229.41.100 - - [04/Feb/2025:16:06:53 -0600] "POST /ajax/calcularImporteTotalMonedaBaseEncomienda.json HTTP/1.1" 200 37
45.186.105.130 - - [04/Feb/2025:16:06:04 -0600] "POST /boleto/emitirBoletos.html HTTP/1.1" 200 718
190.61.91.89 - - [04/Feb/2025:16:05:39 -0600] "GET /ajax/listarClientesPaginando.json?term=sonia+&page_limit=5&_=1738706634529 HTTP/1.1" 200 276
190.56.130.17 - - [04/Feb/2025:16:06:56 -0600] "POST /cliente/crear.html HTTP/1.1" 200 146
181.174.90.164 - - [04/Feb/2025:16:06:15 -0600] "POST /login_check HTTP/1.1" 302 304
190.56.157.165 - - [04/Feb/2025:16:06:58 -0600] "GET /encomienda/registrarEncomienda.html HTTP/1.1" 200 32511
190.148.50.106 - - [04/Feb/2025:16:07:00 -0600] "POST /ajax/getEstacionesDestinosPorRuta.json HTTP/1.1" 200 723
190.149.166.61 - - [04/Feb/2025:16:06:49 -0600] "GET / HTTP/1.1" 200 35410
181.174.90.164 - - [04/Feb/2025:16:06:15 -0600] "POST /login_check HTTP/1.1" 302 304
190.148.50.106 - - [04/Feb/2025:16:07:05 -0600] "POST /ajax/getRutasPorEstacion.json HTTP/1.1" 200 2274
190.61.91.89 - - [04/Feb/2025:16:05:41 -0600] "GET /ajax/listarClientesPaginando.json?term=sonia+re&page_limit=5&_=1738706634530 HTTP/1.1" 200 264
190.14.134.172 - - [04/Feb/2025:16:07:09 -0600] "POST /ajax/listarDatosIniciales.json HTTP/1.1" 200 40
45.229.41.203 - - [04/Feb/2025:16:07:04 -0600] "GET /encomienda/procesarEncomienda.html HTTP/1.1" 200 6441
190.148.50.106 - - [04/Feb/2025:16:07:21 -0600] "-" 408 -
181.174.90.164 - - [04/Feb/2025:16:06:15 -0600] "POST /login_check HTTP/1.1" 302 304
190.56.130.17 - - [04/Feb/2025:16:07:12 -0600] "POST /ajax/listarClientesPaginando.json HTTP/1.1" 200 61
45.186.105.130 - - [04/Feb/2025:16:07:10 -0600] "GET /boleto/emitirBoletos.html HTTP/1.1" 200 28884
190.56.157.165 - - [04/Feb/2025:16:07:13 -0600] "POST /ajax/listarMonedasCajasAbiertas.json HTTP/1.1" 200 41
181.174.90.164 - - [04/Feb/2025:16:06:16 -0600] "POST /login_check HTTP/1.1" 302 304
190.61.91.89 - - [04/Feb/2025:16:05:43 -0600] "GET /ajax/listarClientesPaginando.json?term=sonia+reyes&page_limit=5&_=1738706634531 HTTP/1.1" 200 281
200.119.178.55 - - [04/Feb/2025:16:07:15 -0600] "GET /encomienda/registrarEncomienda.html HTTP/1.1" 200 32511
181.174.90.164 - - [04/Feb/2025:16:06:16 -0600] "POST /login_check HTTP/1.1" 302 304
190.56.157.165 - - [04/Feb/2025:16:07:20 -0600] "POST /ajax/getRutasPorEstacion.json HTTP/1.1" 200 2166
190.14.134.172 - - [04/Feb/2025:16:07:17 -0600] "POST /ajax/listarSalidasActivasEmitirBoleto.json HTTP/1.1" 200 3218
190.148.50.106 - - [04/Feb/2025:16:07:24 -0600] "POST /ajax/getEstacionesDestinosPorRuta.json HTTP/1.1" 200 963
181.174.90.164 - - [04/Feb/2025:16:06:16 -0600] "POST /login_check HTTP/1.1" 302 304
190.61.91.89 - - [04/Feb/2025:16:05:46 -0600] "GET /ajax/listarClientesPaginando.json?term=sonia+reyes+&page_limit=5&_=1738706634532 HTTP/1.1" 200 267
190.149.166.61 - - [04/Feb/2025:16:07:20 -0600] "GET /boleto/emitirBoletos.html HTTP/1.1" 200 29033
186.151.119.184 - - [04/Feb/2025:16:07:18 -0600] "GET /salida/ HTTP/1.1" 304 -
190.56.130.17 - - [04/Feb/2025:16:07:27 -0600] "POST /ajax/listarClientesPaginando.json HTTP/1.1" 200 51
200.119.178.55 - - [04/Feb/2025:16:07:28 -0600] "POST /ajax/listarMonedasCajasAbiertas.json HTTP/1.1" 200 41
181.174.90.164 - - [04/Feb/2025:16:06:17 -0600] "POST /login_check HTTP/1.1" 302 304
190.14.134.172 - - [04/Feb/2025:16:07:39 -0600] "GET /images/hl.png HTTP/1.1" 200 189
181.174.90.164 - - [04/Feb/2025:16:06:20 -0600] "POST /login_check HTTP/1.1" 302 304
190.61.91.89 - - [04/Feb/2025:16:05:56 -0600] "GET /ajax/listarClientesPaginando.json?term=sonia+&page_limit=5&_=1738706634533 HTTP/1.1" 200 297
45.5.118.84 - - [04/Feb/2025:16:07:27 -0600] "POST /ajax/calcularImporteTotalMonedaBase.json HTTP/1.1" 200 50
190.56.130.17 - - [04/Feb/2025:16:07:29 -0600] "POST /ajax/listarClientesPaginando.json HTTP/1.1" 200 373
181.174.90.164 - - [04/Feb/2025:16:06:23 -0600] "POST /login_check HTTP/1.1" 302 304
190.14.134.172 - - [04/Feb/2025:16:07:36 -0600] "POST /ajax/listarDatosIniciales.json HTTP/1.1" 200 40
190.61.91.89 - - [04/Feb/2025:16:06:02 -0600] "GET /ajax/listarClientesPaginando.json?term=sonia+re&page_limit=5&_=1738706634534 HTTP/1.1" 200 270
181.174.90.164 - - [04/Feb/2025:16:06:17 -0600] "POST /login_check HTTP/1.1" 302 304
45.229.41.203 - - [04/Feb/2025:16:07:26 -0600] "POST /ajax/listarEncomiendasAProcesar.json HTTP/1.1" 200 4015
190.56.130.17 - - [04/Feb/2025:16:07:30 -0600] "POST /ajax/listarClientesPaginando.json HTTP/1.1" 200 14
181.174.90.164 - - [04/Feb/2025:16:06:17 -0600] "POST /login_check HTTP/1.1" 302 304
186.151.119.184 - - [04/Feb/2025:16:07:38 -0600] "POST /salida/listarSalidas.json HTTP/1.1" 200 6069
190.149.166.61 - - [04/Feb/2025:16:07:37 -0600] "POST /ajax/listarSalidasActivasEmitirBoleto.json HTTP/1.1" 200 3184
190.61.91.89 - - [04/Feb/2025:16:06:07 -0600] "GET /ajax/listarClientesPaginando.json?term=sonia+reyes+c&page_limit=5&_=1738706634536 HTTP/1.1" 200 64
181.174.90.164 - - [04/Feb/2025:16:06:16 -0600] "POST /login_check HTTP/1.1" 302 304
45.229.41.100 - - [04/Feb/2025:16:07:20 -0600] "POST /encomienda/registrarEncomienda.html HTTP/1.1" 200 1296
190.56.130.17 - - [04/Feb/2025:16:07:34 -0600] "POST /ajax/listarClientesPaginando.json HTTP/1.1" 200 313
181.174.90.164 - - [04/Feb/2025:16:06:18 -0600] "POST /login_check HTTP/1.1" 302 304
45.186.105.167 - - [04/Feb/2025:16:08:04 -0600] "-" 408 -
45.186.105.167 - - [04/Feb/2025:16:08:04 -0600] "-" 408 -
190.149.166.61 - - [04/Feb/2025:16:07:47 -0600] "GET /ajax/listarClientesPaginando.json?term=ADA+PAZ&page_limit=5&_=1738706835416 HTTP/1.1" 200 206
45.186.105.167 - - [04/Feb/2025:16:08:05 -0600] "GET /images/loader/wait.gif?v=2.5 HTTP/1.1" 200 1787
190.61.91.89 - - [04/Feb/2025:16:06:08 -0600] "GET /ajax/listarClientesPaginando.json?term=sonia+reyes+chacon+&page_limit=5&_=1738706634537 HTTP/1.1" 200 64
45.186.105.130 - - [04/Feb/2025:16:07:47 -0600] "POST /ajax/listarSalidasActivasEmitirBoleto.json HTTP/1.1" 200 1138
181.174.90.164 - - [04/Feb/2025:16:06:17 -0600] "POST /login_check HTTP/1.1" 302 304
45.186.105.167 - - [04/Feb/2025:16:08:11 -0600] "-" 408 -
190.56.130.17 - - [04/Feb/2025:16:07:35 -0600] "POST /ajax/listarClientesPaginando.json HTTP/1.1" 200 285
181.189.154.32 - - [04/Feb/2025:16:07:57 -0600] "GET /ajax/listarClientesPaginando.json?term=BRENDA+PERLA&page_limit=5&_=1738702127457 HTTP/1.1" 200 58
190.14.134.172 - - [04/Feb/2025:16:07:39 -0600] "POST /ajax/getInformacionPorSalida.json HTTP/1.1" 200 6667
181.174.90.164 - - [04/Feb/2025:16:06:18 -0600] "POST /login_check HTTP/1.1" 302 304
45.229.41.100 - - [04/Feb/2025:16:07:59 -0600] "GET /encomienda/registrarEncomienda.html HTTP/1.1" 200 32511
190.149.166.61 - - [04/Feb/2025:16:07:57 -0600] "POST /ajax/listarDatosIniciales.json HTTP/1.1" 200 60
190.148.50.106 - - [04/Feb/2025:16:08:00 -0600] "POST /ajax/getSeriesActivaPorEstacion.json HTTP/1.1" 200 313
190.56.130.17 - - [04/Feb/2025:16:07:37 -0600] "POST /ajax/listarClientesPaginando.json HTTP/1.1" 200 259
190.56.157.165 - - [04/Feb/2025:16:08:01 -0600] "POST /ajax/getEstacionesDestinosPorRuta.json HTTP/1.1" 200 851
181.174.90.164 - - [04/Feb/2025:16:06:22 -0600] "POST /login_check HTTP/1.1" 302 304
186.151.119.59 - - [04/Feb/2025:16:08:04 -0600] "GET /reportes/cuadreVentaBoleto.html HTTP/1.1" 200 3865
45.186.105.167 - - [04/Feb/2025:16:08:05 -0600] "GET /agencia/consultarSaldoAgencia.html HTTP/1.1" 200 2460
45.186.105.167 - - [04/Feb/2025:16:08:29 -0600] "GET /images/select2.png HTTP/1.1" 200 613
45.186.105.130 - - [04/Feb/2025:16:08:06 -0600] "POST /ajax/listarDatosIniciales.json HTTP/1.1" 200 60
181.174.90.164 - - [04/Feb/2025:16:06:17 -0600] "POST /login_check HTTP/1.1" 302 304
190.61.91.89 - - [04/Feb/2025:16:07:13 -0600] "GET / HTTP/1.1" 200 30192
186.151.119.184 - - [04/Feb/2025:16:08:03 -0600] "POST /salida/listarSalidas.json HTTP/1.1" 200 5026
190.56.130.17 - - [04/Feb/2025:16:07:40 -0600] "POST /ajax/listarClientesPaginando.json HTTP/1.1" 200 119
24.152.55.4 - - [04/Feb/2025:16:08:23 -0600] "POST /login_check HTTP/1.1" 302 304
45.229.41.100 - - [04/Feb/2025:16:08:21 -0600] "POST /ajax/listarMonedasCajasAbiertas.json HTTP/1.1" 200 41
181.174.90.164 - - [04/Feb/2025:16:06:28 -0600] "POST /login_check HTTP/1.1" 302 304
190.148.50.106 - - [04/Feb/2025:16:08:24 -0600] "POST /ajax/calcularImporteTotalMonedaBaseEncomienda.json HTTP/1.1" 200 158
190.61.91.89 - - [04/Feb/2025:16:07:25 -0600] "GET /ajax/listarClientesPaginando.json?term=S&page_limit=5&_=1738706634538 HTTP/1.1" 200 282
181.174.90.164 - - [04/Feb/2025:16:06:18 -0600] "POST /login_check HTTP/1.1" 302 304
190.56.130.17 - - [04/Feb/2025:16:07:45 -0600] "GET /cliente/crear.html HTTP/1.1" 200 10439
186.151.119.59 - - [04/Feb/2025:16:08:32 -0600] "POST /reportes/cuadreVentaBoleto.html HTTP/1.1" 200 156
181.174.90.164 - - [04/Feb/2025:16:06:22 -0600] "POST /login_check HTTP/1.1" 302 304
181.189.154.32 - - [04/Feb/2025:16:08:25 -0600] "POST /ajax/calcularImporteTotalMonedaBase.json HTTP/1.1" 200 50
190.61.91.89 - - [04/Feb/2025:16:07:29 -0600] "GET /ajax/listarClientesPaginando.json?term=Sonia+reyes&page_limit=5&_=1738706634540 HTTP/1.1" 200 255
190.56.157.165 - - [04/Feb/2025:16:08:38 -0600] "POST /ajax/listarTipoEncomiendaEspecialPaginando.json HTTP/1.1" 200 650
181.174.90.164 - - [04/Feb/2025:16:06:31 -0600] "POST /login_check HTTP/1.1" 302 304
181.174.90.197 - - [04/Feb/2025:16:08:49 -0600] "GET /logout HTTP/1.1" 302 444
181.174.90.164 - - [04/Feb/2025:16:06:27 -0600] "POST /login_check HTTP/1.1" 302 304
181.174.90.197 - - [04/Feb/2025:16:08:53 -0600] "GET / HTTP/1.1" 302 464
190.56.157.165 - - [04/Feb/2025:16:08:40 -0600] "POST /ajax/listarTipoEncomiendaEspecialPaginando.json HTTP/1.1" 200 116
45.229.41.203 - - [04/Feb/2025:16:08:04 -0600] "POST /encomienda/procesarEncomienda.html HTTP/1.1" 200 79
24.152.55.4 - - [04/Feb/2025:16:08:34 -0600] "GET / HTTP/1.1" 200 35675
190.61.91.89 - - [04/Feb/2025:16:07:27 -0600] "GET /ajax/listarClientesPaginando.json?term=Sonia+&page_limit=5&_=1738706634539 HTTP/1.1" 200 288
181.174.90.164 - - [04/Feb/2025:16:06:39 -0600] "POST /login_check HTTP/1.1" 302 304
190.149.166.61 - - [04/Feb/2025:16:08:07 -0600] "POST /ajax/getInformacionPorSalida.json HTTP/1.1" 200 8059
45.5.118.84 - - [04/Feb/2025:16:07:57 -0600] "POST /boleto/emitirBoletos.html HTTP/1.1" 200 1317
186.151.119.184 - - [04/Feb/2025:16:08:37 -0600] "GET /salida/asignarBusPilotos.html?id=4648481 HTTP/1.1" 200 25633
181.174.90.197 - - [04/Feb/2025:16:08:55 -0600] "GET /login HTTP/1.1" 200 2752
181.174.90.164 - - [04/Feb/2025:16:06:51 -0600] "POST /login_check HTTP/1.1" 302 304
190.148.50.106 - - [04/Feb/2025:16:08:06 -0600] "POST /encomienda/registrarEncomienda.html HTTP/1.1" 200 263
190.56.130.17 - - [04/Feb/2025:16:08:46 -0600] "POST /cliente/crear.html HTTP/1.1" 200 146
181.174.90.164 - - [04/Feb/2025:16:06:51 -0600] "POST /login_check HTTP/1.1" 302 304
