186.151.119.184 - - [04/Feb/2025:14:33:25 -0600] "GET /login HTTP/1.1" 200 2752
45.229.41.203 - - [04/Feb/2025:14:32:57 -0600] "POST /caja/crear.html HTTP/1.1" 200 79
45.229.41.247 - - [04/Feb/2025:14:32:38 -0600] "POST /ajax/getInformacionPorSalida.json HTTP/1.1" 200 9885
186.151.119.59 - - [04/Feb/2025:14:32:56 -0600] "GET /ajax/listarClientesPaginando.json?term=MARTHA+MATEU+&page_limit=5&_=1738701130084 HTTP/1.1" 200 58
190.143.157.97 - - [04/Feb/2025:14:32:56 -0600] "POST /ajax/listarSalidasActivasEmitirBoleto.json HTTP/1.1" 200 27624
181.189.138.174 - - [04/Feb/2025:14:32:40 -0600] "POST /ajax/getInformacionPorSalida.json HTTP/1.1" 200 11214
190.143.157.97 - - [04/Feb/2025:14:33:12 -0600] "GET /ajax/listarClientesPaginando.json?term=getaway&page_limit=5&_=1738695367353 HTTP/1.1" 200 273
190.148.50.106 - - [04/Feb/2025:14:33:34 -0600] "POST /ajax/getRutasPorEstacion.json HTTP/1.1" 200 2274
190.149.166.61 - - [04/Feb/2025:14:32:56 -0600] "POST /boleto/chequearBoleto2.html HTTP/1.1" 200 79
190.148.50.106 - - [04/Feb/2025:14:33:26 -0600] "POST /ajax/getEncomiendaPendientesById.json HTTP/1.1" 200 459
190.56.157.165 - - [04/Feb/2025:14:32:42 -0600] "POST /encomienda/registrarEncomienda.html HTTP/1.1" 200 1333
190.143.157.97 - - [04/Feb/2025:14:33:40 -0600] "POST /ajax/listarDatosIniciales.json HTTP/1.1" 200 40
45.229.41.203 - - [04/Feb/2025:14:33:37 -0600] "GET /caja/ HTTP/1.1" 304 -
200.35.163.241 - - [04/Feb/2025:14:33:44 -0600] "POST /login_check HTTP/1.1" 302 304
24.152.55.20 - - [04/Feb/2025:14:33:34 -0600] "POST /itinerario/crear.html HTTP/1.1" 200 79
190.56.130.17 - - [04/Feb/2025:14:32:47 -0600] "POST /boleto/emitirBoletos.html HTTP/1.1" 200 1064
190.56.157.165 - - [04/Feb/2025:14:33:47 -0600] "GET /encomienda/registrarEncomienda.html HTTP/1.1" 200 32511
45.229.41.203 - - [04/Feb/2025:14:33:50 -0600] "POST /caja/listarCajas.json HTTP/1.1" 200 221
186.151.119.59 - - [04/Feb/2025:14:33:40 -0600] "POST /ajax/getInformacionPorSalida.json HTTP/1.1" 200 5817
190.148.50.106 - - [04/Feb/2025:14:33:53 -0600] "POST /ajax/getEstacionesDestinosPorRuta.json HTTP/1.1" 200 723
190.56.130.17 - - [04/Feb/2025:14:33:53 -0600] "GET /boleto/emitirBoletos.html HTTP/1.1" 200 28915
190.149.166.61 - - [04/Feb/2025:14:33:49 -0600] "POST /ajax/listarBoletosAChequear.html HTTP/1.1" 200 4374
200.35.163.241 - - [04/Feb/2025:14:33:50 -0600] "GET / HTTP/1.1" 200 36203
45.229.41.100 - - [04/Feb/2025:14:33:34 -0600] "POST /boleto/emitirBoletos.html HTTP/1.1" 200 738
190.148.50.106 - - [04/Feb/2025:14:33:52 -0600] "GET / HTTP/1.1" 200 35500
190.149.166.0 - - [04/Feb/2025:14:33:46 -0600] "POST /boleto/emitirBoletos.html HTTP/1.1" 200 818
190.56.130.17 - - [04/Feb/2025:14:34:04 -0600] "POST /ajax/listarSalidasActivasEmitirBoleto.json HTTP/1.1" 200 34
190.143.157.97 - - [04/Feb/2025:14:33:53 -0600] "POST /ajax/getInformacionPorSalida.json HTTP/1.1" 200 12448
190.149.166.0 - - [04/Feb/2025:14:34:07 -0600] "POST /ajax/listarMonedasCajasAbiertas.json HTTP/1.1" 200 41
24.152.55.20 - - [04/Feb/2025:14:34:08 -0600] "GET /itinerario/ HTTP/1.1" 200 4656
45.229.41.100 - - [04/Feb/2025:14:34:06 -0600] "GET /boleto/emitirBoletos.html HTTP/1.1" 200 28905
45.229.41.203 - - [04/Feb/2025:14:34:07 -0600] "GET /caja/abrir.html?id=5582252 HTTP/1.1" 200 1190
190.149.166.61 - - [04/Feb/2025:14:34:08 -0600] "POST /reportes/manifiestoBoletoPiloto.html HTTP/1.1" 200 114
190.149.166.61 - - [04/Feb/2025:14:34:19 -0600] "GET /reporte/creyes_2025.02.04_14.34.16_67a279c8394e2.pdf?v=2.5 HTTP/1.1" 200 3429
181.189.154.32 - - [04/Feb/2025:14:34:10 -0600] "GET /logout HTTP/1.1" 302 444
190.148.50.106 - - [04/Feb/2025:14:34:13 -0600] "GET /logout HTTP/1.1" 302 444
181.189.154.32 - - [04/Feb/2025:14:34:18 -0600] "GET / HTTP/1.1" 302 464
200.119.178.44 - - [04/Feb/2025:14:34:12 -0600] "GET /ajax/listarClientesPaginando.json?term=Vanessa+Zacar%C3%ADas&page_limit=5&_=1738700387067 HTTP/1.1" 200 67
190.56.130.17 - - [04/Feb/2025:14:34:11 -0600] "POST /ajax/listarDatosIniciales.json HTTP/1.1" 200 61
190.148.50.106 - - [04/Feb/2025:14:34:19 -0600] "GET / HTTP/1.1" 302 464
190.149.166.0 - - [04/Feb/2025:14:34:11 -0600] "GET /boleto/emitirBoletos.html HTTP/1.1" 200 29034
181.189.154.32 - - [04/Feb/2025:14:34:19 -0600] "GET /login HTTP/1.1" 200 2752
45.229.41.100 - - [04/Feb/2025:14:34:17 -0600] "POST /ajax/listarSalidasActivasEmitirBoleto.json HTTP/1.1" 200 34
24.152.55.20 - - [04/Feb/2025:14:34:16 -0600] "POST /itinerario/listarItinerariosEspeciales.json HTTP/1.1" 200 1109
190.148.50.106 - - [04/Feb/2025:14:34:21 -0600] "GET /login HTTP/1.1" 200 2752
45.229.41.203 - - [04/Feb/2025:14:34:21 -0600] "POST /caja/abrir.html HTTP/1.1" 200 79
45.229.41.100 - - [04/Feb/2025:14:34:22 -0600] "POST /ajax/listarDatosIniciales.json HTTP/1.1" 200 61
190.56.157.165 - - [04/Feb/2025:14:34:24 -0600] "POST /ajax/listarMonedasCajasAbiertas.json HTTP/1.1" 200 41
190.149.166.0 - - [04/Feb/2025:14:34:22 -0600] "POST /ajax/listarSalidasActivasEmitirBoleto.json HTTP/1.1" 200 622
190.148.50.106 - - [04/Feb/2025:14:34:16 -0600] "POST /encomienda/registrarEncomienda.html HTTP/1.1" 200 263
45.229.41.203 - - [04/Feb/2025:14:34:25 -0600] "POST /caja/listarCajas.json HTTP/1.1" 200 241
190.149.166.0 - - [04/Feb/2025:14:34:27 -0600] "POST /ajax/listarDatosIniciales.json HTTP/1.1" 200 61
190.56.130.17 - - [04/Feb/2025:14:34:27 -0600] "POST /ajax/listarSalidasActivasEmitirBoleto.json HTTP/1.1" 200 261
200.119.178.44 - - [04/Feb/2025:14:34:27 -0600] "POST /ajax/listarSalidasActivasEmitirBoleto.json HTTP/1.1" 200 8171
190.148.50.106 - - [04/Feb/2025:14:34:29 -0600] "POST /ajax/print/datosEncomienda HTTP/1.1" 200 906
190.148.50.106 - - [04/Feb/2025:14:34:32 -0600] "GET /encomienda/registrarEncomienda.html HTTP/1.1" 200 32511
24.152.55.20 - - [04/Feb/2025:14:34:34 -0600] "GET /boleto/emitirBoletos.html HTTP/1.1" 200 28904
186.151.119.59 - - [04/Feb/2025:14:34:34 -0600] "POST /ajax/calcularImporteTotalMonedaBase.json HTTP/1.1" 200 50
190.148.50.106 - - [04/Feb/2025:14:34:37 -0600] "POST /login_check HTTP/1.1" 302 304
200.35.163.241 - - [04/Feb/2025:14:34:45 -0600] "-" 408 -
190.148.50.106 - - [04/Feb/2025:14:34:38 -0600] "POST /ajax/listarMonedasCajasAbiertas.json HTTP/1.1" 200 41
45.229.41.203 - - [04/Feb/2025:14:34:32 -0600] "POST /encomienda/registrarEncomienda.html HTTP/1.1" 200 1290
190.149.166.0 - - [04/Feb/2025:14:34:35 -0600] "POST /ajax/getInformacionPorSalida.json HTTP/1.1" 200 10621
24.152.55.20 - - [04/Feb/2025:14:34:38 -0600] "POST /ajax/listarSalidasActivasEmitirBoleto.json HTTP/1.1" 200 1376
190.149.4.89 - - [04/Feb/2025:14:34:38 -0600] "POST /ajax/calcularImporteTotalMonedaBase.json HTTP/1.1" 200 50
190.56.130.17 - - [04/Feb/2025:14:34:38 -0600] "POST /ajax/listarSalidasActivasEmitirBoleto.json HTTP/1.1" 200 3830
190.143.157.8 - - [04/Feb/2025:14:34:53 -0600] "-" 408 -
190.143.157.8 - - [04/Feb/2025:14:34:53 -0600] "-" 408 -
190.149.166.39 - - [04/Feb/2025:14:34:45 -0600] "GET /encomienda/registrarEncomienda.html HTTP/1.1" 200 32511
190.148.50.106 - - [04/Feb/2025:14:34:42 -0600] "GET / HTTP/1.1" 200 35500
45.229.41.203 - - [04/Feb/2025:14:34:47 -0600] "GET /encomienda/registrarEncomienda.html HTTP/1.1" 200 32511
24.152.55.20 - - [04/Feb/2025:14:34:49 -0600] "POST /ajax/listarDatosIniciales.json HTTP/1.1" 200 60
190.143.157.97 - - [04/Feb/2025:14:34:47 -0600] "POST /ajax/calcularImporteTotalMonedaBase.json HTTP/1.1" 200 54
190.149.166.39 - - [04/Feb/2025:14:34:53 -0600] "POST /ajax/listarMonedasCajasAbiertas.json HTTP/1.1" 200 41
45.229.41.203 - - [04/Feb/2025:14:34:58 -0600] "POST /ajax/listarMonedasCajasAbiertas.json HTTP/1.1" 200 41
190.149.166.39 - - [04/Feb/2025:14:34:58 -0600] "POST /ajax/listarClientesPaginando.json HTTP/1.1" 200 351
190.148.50.106 - - [04/Feb/2025:14:34:59 -0600] "GET /encomienda/pendientesEnvio.html HTTP/1.1" 200 4501
24.152.55.20 - - [04/Feb/2025:14:34:56 -0600] "POST /ajax/listarSalidasActivasEmitirBoleto.json HTTP/1.1" 200 265
200.119.178.44 - - [04/Feb/2025:14:34:48 -0600] "POST /ajax/getInformacionPorSalida.json HTTP/1.1" 200 5579
190.149.166.39 - - [04/Feb/2025:14:35:04 -0600] "POST /ajax/listarClientesPaginando.json HTTP/1.1" 200 322
190.149.166.0 - - [04/Feb/2025:14:35:07 -0600] "GET /ajax/listarClientesPaginando.json?term=VANE&page_limit=5&_=1738695219803 HTTP/1.1" 200 288
45.229.41.203 - - [04/Feb/2025:14:35:05 -0600] "GET /encomienda/entregaMultipleEncomienda.html HTTP/1.1" 200 16233
190.56.130.17 - - [04/Feb/2025:14:34:53 -0600] "POST /ajax/getInformacionPorSalida.json HTTP/1.1" 200 10165
190.149.166.0 - - [04/Feb/2025:14:35:09 -0600] "GET /ajax/listarClientesPaginando.json?term=VANESSA+MEDINA+&page_limit=5&_=1738695219804 HTTP/1.1" 200 131
186.151.119.59 - - [04/Feb/2025:14:34:49 -0600] "POST /boleto/emitirBoletos.html HTTP/1.1" 200 748
190.149.166.39 - - [04/Feb/2025:14:35:06 -0600] "POST /ajax/listarClientesPaginando.json HTTP/1.1" 200 191
181.174.72.194 - - [04/Feb/2025:14:35:14 -0600] "GET /boleto/emitirBoletos.html HTTP/1.1" 200 28892
190.148.50.106 - - [04/Feb/2025:14:35:17 -0600] "GET /autorizacioninterna/crear.html HTTP/1.1" 200 2730
200.119.178.44 - - [04/Feb/2025:14:35:17 -0600] "POST /ajax/calcularImporteTotalMonedaBase.json HTTP/1.1" 200 50
190.143.157.97 - - [04/Feb/2025:14:35:01 -0600] "POST /boleto/emitirBoletosAgencia.html HTTP/1.1" 200 422
186.151.119.59 - - [04/Feb/2025:14:35:19 -0600] "GET /boleto/emitirBoletos.html HTTP/1.1" 200 28911
45.229.41.203 - - [04/Feb/2025:14:35:16 -0600] "POST /ajax/listarEncomiendasPendientesEntrega.json HTTP/1.1" 200 2669
190.149.4.89 - - [04/Feb/2025:14:35:01 -0600] "POST /boleto/emitirBoletos.html HTTP/1.1" 200 790
190.148.50.106 - - [04/Feb/2025:14:35:11 -0600] "POST /ajax/listarEncomiendasPendientesPorEstacion.json HTTP/1.1" 200 183833
24.152.55.20 - - [04/Feb/2025:14:35:17 -0600] "POST /ajax/getInformacionPorSalida.json HTTP/1.1" 200 3572
181.174.72.194 - - [04/Feb/2025:14:35:20 -0600] "POST /ajax/listarSalidasActivasEmitirBoleto.json HTTP/1.1" 200 316
45.229.41.247 - - [04/Feb/2025:14:35:21 -0600] "POST /ajax/calcularImporteTotalMonedaBase.json HTTP/1.1" 200 50
190.148.50.106 - - [04/Feb/2025:14:35:26 -0600] "POST /autorizacioninterna/crear.html HTTP/1.1" 200 79
186.151.119.59 - - [04/Feb/2025:14:35:29 -0600] "POST /ajax/listarSalidasActivasEmitirBoleto.json HTTP/1.1" 200 34
190.149.4.89 - - [04/Feb/2025:14:35:30 -0600] "GET /boleto/emitirBoletos.html HTTP/1.1" 200 28885
190.149.166.0 - - [04/Feb/2025:14:35:28 -0600] "POST /ajax/calcularImporteTotalMonedaBase.json HTTP/1.1" 200 50
181.174.72.194 - - [04/Feb/2025:14:35:34 -0600] "POST /ajax/listarDatosIniciales.json HTTP/1.1" 200 61
190.148.50.106 - - [04/Feb/2025:14:35:37 -0600] "POST /autorizacioninterna/listarAutorizacionInterna.json HTTP/1.1" 200 1363
186.151.119.59 - - [04/Feb/2025:14:35:37 -0600] "POST /ajax/listarDatosIniciales.json HTTP/1.1" 200 61
24.152.55.20 - - [04/Feb/2025:14:35:40 -0600] "GET /ajax/listarClientesPaginando.json?term=2298&page_limit=5&_=1738701089321 HTTP/1.1" 200 358
190.149.4.89 - - [04/Feb/2025:14:35:39 -0600] "POST /ajax/listarSalidasActivasEmitirBoleto.json HTTP/1.1" 200 34
190.56.130.17 - - [04/Feb/2025:14:35:38 -0600] "GET /boleto/emitirBoletos.html HTTP/1.1" 200 28915
190.148.50.106 - - [04/Feb/2025:14:35:38 -0600] "GET /encomienda/registrarEncomienda.html HTTP/1.1" 200 32511
190.149.166.61 - - [04/Feb/2025:14:35:43 -0600] "GET /boleto/emitirBoletos.html HTTP/1.1" 200 29033
190.149.166.39 - - [04/Feb/2025:14:35:47 -0600] "POST /ajax/listarClientesPaginando.json HTTP/1.1" 200 329
24.152.55.20 - - [04/Feb/2025:14:35:42 -0600] "GET /ajax/listarClientesPaginando.json?term=229823815&page_limit=5&_=1738701089322 HTTP/1.1" 200 96
200.119.178.44 - - [04/Feb/2025:14:35:29 -0600] "POST /boleto/emitirBoletos.html HTTP/1.1" 200 768
190.143.157.97 - - [04/Feb/2025:14:35:30 -0600] "POST /ajax/print/voucherBoleto.pdf HTTP/1.1" 200 200
190.149.166.39 - - [04/Feb/2025:14:35:48 -0600] "POST /ajax/listarClientesPaginando.json HTTP/1.1" 200 274
190.149.4.89 - - [04/Feb/2025:14:35:49 -0600] "POST /ajax/listarDatosIniciales.json HTTP/1.1" 200 60
190.56.130.17 - - [04/Feb/2025:14:35:50 -0600] "POST /ajax/listarSalidasActivasEmitirBoleto.json HTTP/1.1" 200 34
190.148.50.106 - - [04/Feb/2025:14:35:52 -0600] "POST /ajax/listarMonedasCajasAbiertas.json HTTP/1.1" 200 41
190.149.166.39 - - [04/Feb/2025:14:35:52 -0600] "POST /ajax/listarClientesPaginando.json HTTP/1.1" 200 268
200.119.178.44 - - [04/Feb/2025:14:35:54 -0600] "GET /boleto/emitirBoletos.html HTTP/1.1" 200 29012
190.143.157.97 - - [04/Feb/2025:14:35:56 -0600] "GET /boleto/emitirBoletosAgencia.html HTTP/1.1" 200 28774
190.148.50.106 - - [04/Feb/2025:14:36:00 -0600] "POST /ajax/listarClientesPaginando.json HTTP/1.1" 200 65
190.56.130.17 - - [04/Feb/2025:14:35:59 -0600] "POST /ajax/listarDatosIniciales.json HTTP/1.1" 200 61
190.149.166.39 - - [04/Feb/2025:14:35:53 -0600] "POST /ajax/listarClientesPaginando.json HTTP/1.1" 200 14
190.149.166.61 - - [04/Feb/2025:14:35:53 -0600] "POST /ajax/listarSalidasActivasEmitirBoleto.json HTTP/1.1" 200 3184
45.229.41.247 - - [04/Feb/2025:14:35:42 -0600] "POST /boleto/emitirBoletos.html HTTP/1.1" 200 972
190.148.50.106 - - [04/Feb/2025:14:35:55 -0600] "POST /ajax/getRutasAlternas.json HTTP/1.1" 200 311
45.229.41.203 - - [04/Feb/2025:14:35:49 -0600] "POST /ajax/listarEncomiendasPendientesEntrega.json HTTP/1.1" 200 35645
190.149.166.61 - - [04/Feb/2025:14:36:11 -0600] "POST /ajax/listarDatosIniciales.json HTTP/1.1" 200 60
190.143.157.97 - - [04/Feb/2025:14:36:08 -0600] "POST /ajax/listarSalidasActivasEmitirBoleto.json HTTP/1.1" 200 27624
45.229.41.247 - - [04/Feb/2025:14:36:11 -0600] "GET /boleto/emitirBoletos.html HTTP/1.1" 200 28883
190.149.166.0 - - [04/Feb/2025:14:35:50 -0600] "POST /boleto/emitirBoletos.html HTTP/1.1" 200 789
190.143.157.97 - - [04/Feb/2025:14:36:14 -0600] "POST /ajax/listarDatosIniciales.json HTTP/1.1" 200 40
190.149.166.0 - - [04/Feb/2025:14:36:15 -0600] "GET /boleto/emitirBoletos.html HTTP/1.1" 200 29034
190.148.50.106 - - [04/Feb/2025:14:36:17 -0600] "POST /ajax/listarClientesPaginando.json HTTP/1.1" 200 228
186.151.119.59 - - [04/Feb/2025:14:36:18 -0600] "POST /ajax/listarSalidasActivasEmitirBoleto.json HTTP/1.1" 200 34
190.148.50.106 - - [04/Feb/2025:14:36:17 -0600] "POST /encomienda/pendientesEnvio.html HTTP/1.1" 200 79
190.149.166.0 - - [04/Feb/2025:14:36:17 -0600] "POST /ajax/listarSalidasActivasEmitirBoleto.json HTTP/1.1" 200 622
190.148.50.106 - - [04/Feb/2025:14:36:21 -0600] "POST /ajax/getRutasPorEstacion.json HTTP/1.1" 200 2274
190.149.166.0 - - [04/Feb/2025:14:36:22 -0600] "POST /ajax/listarDatosIniciales.json HTTP/1.1" 200 61
190.148.50.106 - - [04/Feb/2025:14:36:23 -0600] "POST /ajax/getEncomiendaPendientesById.json HTTP/1.1" 200 455
200.119.178.44 - - [04/Feb/2025:14:36:23 -0600] "POST /ajax/listarSalidasActivasEmitirBoleto.json HTTP/1.1" 200 27624
45.229.41.247 - - [04/Feb/2025:14:36:23 -0600] "POST /ajax/listarSalidasActivasEmitirBoleto.json HTTP/1.1" 200 27624
190.148.50.106 - - [04/Feb/2025:14:36:26 -0600] "POST /ajax/getEstacionesDestinosPorRuta.json HTTP/1.1" 200 723
186.151.119.59 - - [04/Feb/2025:14:36:26 -0600] "POST /ajax/listarSalidasActivasEmitirBoleto.json HTTP/1.1" 200 264
200.119.178.44 - - [04/Feb/2025:14:36:28 -0600] "POST /ajax/listarDatosIniciales.json HTTP/1.1" 200 61
190.149.166.39 - - [04/Feb/2025:14:36:29 -0600] "POST /ajax/listarClientesPaginando.json HTTP/1.1" 200 329
45.229.41.247 - - [04/Feb/2025:14:36:29 -0600] "POST /ajax/listarDatosIniciales.json HTTP/1.1" 200 61
190.149.166.39 - - [04/Feb/2025:14:36:30 -0600] "POST /ajax/listarClientesPaginando.json HTTP/1.1" 200 236
190.149.166.61 - - [04/Feb/2025:14:36:29 -0600] "POST /ajax/listarSalidasActivasEmitirBoleto.json HTTP/1.1" 200 2119
181.174.72.194 - - [04/Feb/2025:14:36:32 -0600] "POST /ajax/listarSalidasActivasEmitirBoleto.json HTTP/1.1" 200 3830
190.149.166.39 - - [04/Feb/2025:14:36:33 -0600] "POST /ajax/listarClientesPaginando.json HTTP/1.1" 200 14
190.149.166.39 - - [04/Feb/2025:14:36:37 -0600] "POST /ajax/listarClientesPaginando.json HTTP/1.1" 200 14
190.149.166.39 - - [04/Feb/2025:14:36:39 -0600] "POST /ajax/listarClientesPaginando.json HTTP/1.1" 200 14
190.149.166.61 - - [04/Feb/2025:14:36:35 -0600] "POST /ajax/getInformacionPorSalida.json HTTP/1.1" 200 7283
190.149.166.39 - - [04/Feb/2025:14:36:42 -0600] "POST /ajax/listarClientesPaginando.json HTTP/1.1" 200 14
190.148.50.106 - - [04/Feb/2025:14:36:44 -0600] "POST /ajax/getEstacionesDestinosPorRuta.json HTTP/1.1" 200 1029
190.148.50.106 - - [04/Feb/2025:14:36:46 -0600] "POST /ajax/getRutasAlternas.json HTTP/1.1" 200 311
181.174.72.194 - - [04/Feb/2025:14:36:47 -0600] "GET /ajax/listarClientesPaginando.json?term=yorbin+&page_limit=5&_=1738695770864 HTTP/1.1" 200 258
181.174.72.194 - - [04/Feb/2025:14:36:48 -0600] "GET /ajax/listarClientesPaginando.json?term=yorbin+e&page_limit=5&_=1738695770865 HTTP/1.1" 200 62
190.149.166.39 - - [04/Feb/2025:14:36:49 -0600] "POST /ajax/listarClientesPaginando.json HTTP/1.1" 200 329
24.152.55.20 - - [04/Feb/2025:14:36:50 -0600] "POST /ajax/calcularImporteTotalMonedaBase.json HTTP/1.1" 200 50
190.149.166.39 - - [04/Feb/2025:14:36:51 -0600] "POST /ajax/listarClientesPaginando.json HTTP/1.1" 200 236
181.174.72.194 - - [04/Feb/2025:14:36:51 -0600] "GET /ajax/listarClientesPaginando.json?term=yorbin+rodriguez&page_limit=5&_=1738695770866 HTTP/1.1" 200 14
190.149.166.39 - - [04/Feb/2025:14:36:52 -0600] "POST /ajax/listarClientesPaginando.json HTTP/1.1" 200 261
186.151.119.59 - - [04/Feb/2025:14:36:52 -0600] "GET /ajax/listarClientesPaginando.json?term=163&page_limit=5&_=1738701130085 HTTP/1.1" 200 354
190.149.166.39 - - [04/Feb/2025:14:36:54 -0600] "POST /ajax/listarClientesPaginando.json HTTP/1.1" 200 105
186.151.119.59 - - [04/Feb/2025:14:36:54 -0600] "GET /ajax/listarClientesPaginando.json?term=1632045&page_limit=5&_=1738701130086 HTTP/1.1" 200 78
186.151.119.59 - - [04/Feb/2025:14:36:55 -0600] "GET /ajax/listarClientesPaginando.json?term=1632045K&page_limit=5&_=1738701130087 HTTP/1.1" 200 78
181.174.72.194 - - [04/Feb/2025:14:36:56 -0600] "GET /cliente/crear.html HTTP/1.1" 200 10439
190.148.50.106 - - [04/Feb/2025:14:36:56 -0600] "POST /encomienda/pendientesEnvio.html HTTP/1.1" 200 79
190.149.166.61 - - [04/Feb/2025:14:36:59 -0600] "GET /ajax/listarClientesPaginando.json?term=YESENIA+PINELO&page_limit=5&_=1738695143157 HTTP/1.1" 200 60
181.174.72.194 - - [04/Feb/2025:14:37:00 -0600] "POST /cliente/crear.html HTTP/1.1" 200 146
190.148.50.106 - - [04/Feb/2025:14:37:01 -0600] "POST /ajax/getEncomiendaPendientesById.json HTTP/1.1" 200 469
181.174.72.194 - - [04/Feb/2025:14:37:03 -0600] "POST /ajax/listarClientesPaginando.json HTTP/1.1" 200 62
181.119.106.169 - - [04/Feb/2025:14:37:05 -0600] "GET /logout HTTP/1.1" 302 444
186.151.119.59 - - [04/Feb/2025:14:37:01 -0600] "POST /ajax/getInformacionPorSalida.json HTTP/1.1" 200 7133
181.119.106.169 - - [04/Feb/2025:14:37:07 -0600] "GET / HTTP/1.1" 302 464
24.152.55.20 - - [04/Feb/2025:14:36:57 -0600] "POST /boleto/emitirBoletos.html HTTP/1.1" 200 791
190.148.50.106 - - [04/Feb/2025:14:37:02 -0600] "POST /encomienda/registrarEncomienda.html HTTP/1.1" 200 263
181.119.106.169 - - [04/Feb/2025:14:37:08 -0600] "GET /login HTTP/1.1" 200 2752
24.152.55.20 - - [04/Feb/2025:14:37:09 -0600] "GET /boleto/emitirBoletos.html HTTP/1.1" 200 28904
181.174.72.194 - - [04/Feb/2025:14:37:07 -0600] "POST /ajax/getInformacionPorSalida.json HTTP/1.1" 200 5663
190.148.50.106 - - [04/Feb/2025:14:37:10 -0600] "POST /ajax/print/datosEncomienda HTTP/1.1" 200 903
181.119.106.169 - - [04/Feb/2025:14:37:12 -0600] "POST /login_check HTTP/1.1" 302 304
190.56.157.165 - - [04/Feb/2025:14:37:12 -0600] "GET /encomienda/entregaMultipleEncomienda.html HTTP/1.1" 200 16251
24.152.55.20 - - [04/Feb/2025:14:37:13 -0600] "POST /ajax/listarSalidasActivasEmitirBoleto.json HTTP/1.1" 200 1376
190.148.50.106 - - [04/Feb/2025:14:37:13 -0600] "GET /encomienda/registrarEncomienda.html HTTP/1.1" 200 32511
190.149.166.61 - - [04/Feb/2025:14:37:14 -0600] "POST /ajax/calcularImporteTotalMonedaBase.json HTTP/1.1" 200 50
181.119.106.169 - - [04/Feb/2025:14:37:14 -0600] "GET / HTTP/1.1" 200 35321
190.148.50.106 - - [04/Feb/2025:14:37:17 -0600] "POST /ajax/listarMonedasCajasAbiertas.json HTTP/1.1" 200 41
24.152.55.20 - - [04/Feb/2025:14:37:17 -0600] "POST /ajax/listarDatosIniciales.json HTTP/1.1" 200 60
190.56.157.165 - - [04/Feb/2025:14:37:16 -0600] "POST /ajax/listarEncomiendasPendientesEntrega.json HTTP/1.1" 200 37355
181.174.72.194 - - [04/Feb/2025:14:37:22 -0600] "POST /ajax/calcularImporteTotalMonedaBase.json HTTP/1.1" 200 50
190.149.166.39 - - [04/Feb/2025:14:37:23 -0600] "POST /ajax/getRutasPorEstacion.json HTTP/1.1" 200 3371
190.148.50.106 - - [04/Feb/2025:14:37:25 -0600] "POST /ajax/getRutasAlternas.json HTTP/1.1" 200 320
190.149.166.61 - - [04/Feb/2025:14:37:22 -0600] "POST /boleto/emitirBoletos.html HTTP/1.1" 200 882
186.151.119.59 - - [04/Feb/2025:14:37:27 -0600] "POST /ajax/listarSalidasActivasEmitirBoleto.json HTTP/1.1" 200 310
190.149.166.61 - - [04/Feb/2025:14:37:29 -0600] "GET /boleto/emitirBoletos.html HTTP/1.1" 200 29033
190.149.166.39 - - [04/Feb/2025:14:37:30 -0600] "POST /ajax/getEstacionesDestinosPorRuta.json HTTP/1.1" 200 963
186.151.119.59 - - [04/Feb/2025:14:37:29 -0600] "POST /ajax/listarSalidasActivasEmitirBoleto.json HTTP/1.1" 200 261
186.151.119.59 - - [04/Feb/2025:14:37:33 -0600] "POST /ajax/getInformacionPorSalida.json HTTP/1.1" 200 8752
190.148.50.106 - - [04/Feb/2025:14:37:37 -0600] "POST /encomienda/pendientesEnvio.html HTTP/1.1" 200 79
181.174.72.194 - - [04/Feb/2025:14:37:35 -0600] "POST /boleto/emitirBoletos.html HTTP/1.1" 200 761
181.174.72.194 - - [04/Feb/2025:14:37:42 -0600] "GET /boleto/emitirBoletos.html HTTP/1.1" 200 28892
190.148.50.106 - - [04/Feb/2025:14:37:42 -0600] "POST /ajax/getEncomiendaPendientesById.json HTTP/1.1" 200 479
190.149.166.61 - - [04/Feb/2025:14:37:42 -0600] "POST /ajax/listarSalidasActivasEmitirBoleto.json HTTP/1.1" 200 3184
186.151.119.184 - - [04/Feb/2025:14:37:45 -0600] "POST /login_check HTTP/1.1" 302 304
190.149.166.61 - - [04/Feb/2025:14:37:45 -0600] "POST /ajax/listarDatosIniciales.json HTTP/1.1" 200 60
181.174.72.194 - - [04/Feb/2025:14:37:47 -0600] "POST /ajax/listarSalidasActivasEmitirBoleto.json HTTP/1.1" 200 316
190.56.157.165 - - [04/Feb/2025:14:37:47 -0600] "GET /encomienda/registrarEncomienda.html HTTP/1.1" 200 32511
186.151.119.184 - - [04/Feb/2025:14:37:46 -0600] "GET / HTTP/1.1" 200 34868
190.149.166.61 - - [04/Feb/2025:14:37:47 -0600] "POST /ajax/listarSalidasActivasEmitirBoleto.json HTTP/1.1" 200 3735
181.174.72.194 - - [04/Feb/2025:14:37:50 -0600] "POST /ajax/listarDatosIniciales.json HTTP/1.1" 200 61
190.56.157.165 - - [04/Feb/2025:14:37:51 -0600] "POST /ajax/listarMonedasCajasAbiertas.json HTTP/1.1" 200 41
190.143.157.97 - - [04/Feb/2025:14:37:54 -0600] "GET /boleto/ HTTP/1.1" 304 -
190.56.157.165 - - [04/Feb/2025:14:37:56 -0600] "POST /ajax/listarClientesPaginando.json HTTP/1.1" 200 249
190.56.157.165 - - [04/Feb/2025:14:37:58 -0600] "POST /ajax/listarClientesPaginando.json HTTP/1.1" 200 14
190.143.157.97 - - [04/Feb/2025:14:37:57 -0600] "POST /boleto/listarBoletos.json HTTP/1.1" 200 10488
190.148.50.106 - - [04/Feb/2025:14:38:01 -0600] "POST /ajax/listarClientesPaginando.json HTTP/1.1" 200 271
190.148.50.106 - - [04/Feb/2025:14:38:00 -0600] "GET /encomienda/procesarEncomienda.html HTTP/1.1" 200 12684
190.149.166.39 - - [04/Feb/2025:14:38:02 -0600] "POST /ajax/getSeriesActivaPorEstacion.json HTTP/1.1" 200 105
190.56.157.165 - - [04/Feb/2025:14:38:03 -0600] "GET /cliente/crear.html HTTP/1.1" 200 10439
190.149.166.61 - - [04/Feb/2025:14:38:05 -0600] "POST /ajax/listarSalidasActivasEmitirBoleto.json HTTP/1.1" 200 3218
190.149.166.39 - - [04/Feb/2025:14:38:06 -0600] "POST /ajax/calcularImporteTotalMonedaBaseEncomienda.json HTTP/1.1" 200 37
181.119.106.169 - - [04/Feb/2025:14:38:07 -0600] "GET /salida/consultar2.html HTTP/1.1" 200 10775
190.56.157.165 - - [04/Feb/2025:14:38:08 -0600] "POST /cliente/crear.html HTTP/1.1" 200 146
190.56.157.165 - - [04/Feb/2025:14:38:11 -0600] "POST /ajax/listarClientesPaginando.json HTTP/1.1" 200 58
181.119.106.169 - - [04/Feb/2025:14:38:10 -0600] "POST /ajax/listarSalidasByFecha.html HTTP/1.1" 200 15914
200.119.178.55 - - [04/Feb/2025:14:38:14 -0600] "GET /logout HTTP/1.1" 302 444
200.119.178.55 - - [04/Feb/2025:14:38:15 -0600] "GET / HTTP/1.1" 302 464
200.119.178.55 - - [04/Feb/2025:14:38:16 -0600] "GET /login HTTP/1.1" 200 2752
190.148.50.106 - - [04/Feb/2025:14:38:15 -0600] "POST /ajax/listarClientesPaginando.json HTTP/1.1" 200 194
190.104.126.211 - - [04/Feb/2025:14:38:17 -0600] "GET /logout HTTP/1.1" 302 444
190.104.126.211 - - [04/Feb/2025:14:38:19 -0600] "GET / HTTP/1.1" 302 464
138.84.59.192 - - [04/Feb/2025:14:38:17 -0600] "GET /boleto/emitirBoletos.html HTTP/1.1" 200 28909
190.104.126.211 - - [04/Feb/2025:14:38:22 -0600] "GET /favicon.ico HTTP/1.1" 200 1150
190.104.126.211 - - [04/Feb/2025:14:38:20 -0600] "GET /login HTTP/1.1" 200 2752
190.148.50.106 - - [04/Feb/2025:14:38:18 -0600] "POST /ajax/listarEncomiendasAProcesar.json HTTP/1.1" 200 14066
138.84.59.192 - - [04/Feb/2025:14:38:21 -0600] "POST /ajax/listarSalidasActivasEmitirBoleto.json HTTP/1.1" 200 34
190.149.166.39 - - [04/Feb/2025:14:38:19 -0600] "POST /encomienda/registrarEncomienda.html HTTP/1.1" 200 1427
138.84.59.192 - - [04/Feb/2025:14:38:25 -0600] "POST /ajax/listarDatosIniciales.json HTTP/1.1" 200 61
190.56.157.165 - - [04/Feb/2025:14:38:26 -0600] "POST /ajax/listarClientesPaginando.json HTTP/1.1" 200 14
190.148.50.106 - - [04/Feb/2025:14:38:26 -0600] "POST /ajax/getRutasPorEstacion.json HTTP/1.1" 200 2274
190.149.166.61 - - [04/Feb/2025:14:38:21 -0600] "POST /ajax/getInformacionPorSalida.json HTTP/1.1" 200 5970
190.56.157.165 - - [04/Feb/2025:14:38:29 -0600] "POST /ajax/listarClientesPaginando.json HTTP/1.1" 200 389
190.149.166.39 - - [04/Feb/2025:14:38:29 -0600] "GET /encomienda/registrarEncomienda.html HTTP/1.1" 200 32511
186.151.119.184 - - [04/Feb/2025:14:38:29 -0600] "GET /boleto/emitirBoletos.html HTTP/1.1" 200 28912
190.56.157.165 - - [04/Feb/2025:14:38:31 -0600] "POST /ajax/listarClientesPaginando.json HTTP/1.1" 200 14
138.84.59.192 - - [04/Feb/2025:14:38:33 -0600] "GET /ajax/listarClientesPaginando.json?term=2653&page_limit=5&_=1738700836668 HTTP/1.1" 200 347
186.151.119.184 - - [04/Feb/2025:14:38:33 -0600] "POST /ajax/listarSalidasActivasEmitirBoleto.json HTTP/1.1" 200 3830
181.119.106.169 - - [04/Feb/2025:14:38:32 -0600] "POST /ajax/getInformacionPorSalida.json HTTP/1.1" 200 12082
138.84.59.192 - - [04/Feb/2025:14:38:36 -0600] "GET /ajax/listarClientesPaginando.json?term=26532476&page_limit=5&_=1738700836669 HTTP/1.1" 200 77
186.151.119.184 - - [04/Feb/2025:14:38:36 -0600] "POST /ajax/listarDatosIniciales.json HTTP/1.1" 200 61
190.56.157.165 - - [04/Feb/2025:14:38:37 -0600] "GET /cliente/crear.html HTTP/1.1" 200 10439
190.56.157.165 - - [04/Feb/2025:14:38:41 -0600] "POST /cliente/crear.html HTTP/1.1" 200 146
190.56.157.165 - - [04/Feb/2025:14:38:43 -0600] "POST /ajax/listarClientesPaginando.json HTTP/1.1" 200 55
181.119.106.169 - - [04/Feb/2025:14:38:43 -0600] "POST /reportes/manifiestoBoletoPiloto.html HTTP/1.1" 200 115
181.119.106.169 - - [04/Feb/2025:14:38:46 -0600] "GET /reporte/oalfaro_2025.02.04_14.38.44_67a27ad43aa9d.pdf?v=2.5 HTTP/1.1" 200 5418
45.229.41.100 - - [04/Feb/2025:14:38:45 -0600] "GET /reportes/cuadreVentaBoleto.html HTTP/1.1" 200 3906
190.56.157.165 - - [04/Feb/2025:14:38:46 -0600] "POST /ajax/getRutasPorEstacion.json HTTP/1.1" 200 2166
138.84.59.192 - - [04/Feb/2025:14:38:47 -0600] "POST /ajax/listarSalidasActivasEmitirBoleto.json HTTP/1.1" 200 3830
190.148.50.106 - - [04/Feb/2025:14:38:49 -0600] "POST /ajax/getEstacionesDestinosPorRuta.json HTTP/1.1" 200 1029
190.56.157.165 - - [04/Feb/2025:14:38:52 -0600] "POST /ajax/getEstacionesDestinosPorRuta.json HTTP/1.1" 200 851
45.233.66.14 - - [04/Feb/2025:14:38:53 -0600] "GET /logout HTTP/1.1" 302 444
45.233.66.14 - - [04/Feb/2025:14:38:54 -0600] "GET / HTTP/1.1" 302 464
190.149.166.61 - - [04/Feb/2025:14:38:54 -0600] "GET /ajax/listarClientesPaginando.json?term=YESENIA+PINELO&page_limit=5&_=1738695143158 HTTP/1.1" 200 60
45.233.66.14 - - [04/Feb/2025:14:38:55 -0600] "GET /login HTTP/1.1" 200 2752
138.84.59.192 - - [04/Feb/2025:14:38:53 -0600] "POST /ajax/getInformacionPorSalida.json HTTP/1.1" 200 5814
186.151.119.184 - - [04/Feb/2025:14:39:07 -0600] "GET /ajax/listarClientesPaginando.json?term=1494&page_limit=5&_=1738701469735 HTTP/1.1" 200 417
190.56.157.165 - - [04/Feb/2025:14:39:08 -0600] "POST /ajax/listarTipoEncomiendaEspecialPaginando.json HTTP/1.1" 200 650
181.119.106.169 - - [04/Feb/2025:14:39:05 -0600] "POST /ajax/getInformacionPorSalida.json HTTP/1.1" 200 10125
181.174.90.164 - - [04/Feb/2025:14:39:10 -0600] "GET /logout HTTP/1.1" 302 444
190.149.166.39 - - [04/Feb/2025:14:39:10 -0600] "POST /ajax/listarMonedasCajasAbiertas.json HTTP/1.1" 200 41
181.174.90.164 - - [04/Feb/2025:14:39:17 -0600] "GET / HTTP/1.1" 302 464
190.56.157.165 - - [04/Feb/2025:14:39:10 -0600] "POST /ajax/listarTipoEncomiendaEspecialPaginando.json HTTP/1.1" 200 116
190.149.166.61 - - [04/Feb/2025:14:39:07 -0600] "POST /ajax/calcularImporteTotalMonedaBase.json HTTP/1.1" 200 50
186.151.119.184 - - [04/Feb/2025:14:39:10 -0600] "GET /ajax/listarClientesPaginando.json?term=14946211&page_limit=5&_=1738701469736 HTTP/1.1" 200 111
181.174.90.164 - - [04/Feb/2025:14:39:20 -0600] "GET /login HTTP/1.1" 200 2752
45.229.41.247 - - [04/Feb/2025:14:39:20 -0600] "POST /ajax/listarSalidasActivasEmitirBoleto.json HTTP/1.1" 200 3184
190.148.50.106 - - [04/Feb/2025:14:39:23 -0600] "POST /ajax/listarTipoEncomiendaEspecialPaginando.json HTTP/1.1" 200 650
45.229.41.203 - - [04/Feb/2025:14:39:22 -0600] "GET /boleto/emitirBoletos.html HTTP/1.1" 200 28912
181.119.106.169 - - [04/Feb/2025:14:39:22 -0600] "POST /reportes/manifiestoBoletoPiloto.html HTTP/1.1" 200 115
181.119.106.169 - - [04/Feb/2025:14:39:29 -0600] "GET /reporte/oalfaro_2025.02.04_14.39.26_67a27afe08a57.pdf?v=2.5 HTTP/1.1" 200 3907
190.56.157.165 - - [04/Feb/2025:14:39:25 -0600] "POST /ajax/getSeriesActivaPorEstacion.json HTTP/1.1" 200 113
45.229.41.247 - - [04/Feb/2025:14:39:27 -0600] "GET /ajax/listarClientesPaginando.json?term=FRED&page_limit=5&_=1738700976899 HTTP/1.1" 200 243
190.148.50.106 - - [04/Feb/2025:14:39:30 -0600] "POST /ajax/calcularImporteTotalMonedaBaseEncomienda.json HTTP/1.1" 200 37
190.56.157.165 - - [04/Feb/2025:14:39:32 -0600] "POST /ajax/calcularImporteTotalMonedaBaseEncomienda.json HTTP/1.1" 200 37
45.229.41.247 - - [04/Feb/2025:14:39:29 -0600] "GET /ajax/listarClientesPaginando.json?term=FREDY+&page_limit=5&_=1738700976900 HTTP/1.1" 200 271
45.229.41.203 - - [04/Feb/2025:14:39:28 -0600] "POST /ajax/listarSalidasActivasEmitirBoleto.json HTTP/1.1" 200 549
186.151.119.184 - - [04/Feb/2025:14:39:30 -0600] "POST /ajax/listarSalidasActivasEmitirBoleto.json HTTP/1.1" 200 2972
45.229.41.247 - - [04/Feb/2025:14:39:33 -0600] "GET /ajax/listarClientesPaginando.json?term=FREDY+HERB%C2%A1NA&page_limit=5&_=1738700976901 HTTP/1.1" 200 14
138.84.59.192 - - [04/Feb/2025:14:39:33 -0600] "POST /ajax/calcularImporteTotalMonedaBase.json HTTP/1.1" 200 50
190.143.157.97 - - [04/Feb/2025:14:39:26 -0600] "GET /boleto/anularBoleto.html?id=13191688 HTTP/1.1" 200 1596
190.115.15.98 - - [04/Feb/2025:14:39:46 -0600] "GET /login HTTP/1.1" 200 2752
45.229.41.247 - - [04/Feb/2025:14:39:40 -0600] "GET /ajax/listarClientesPaginando.json?term=FREDY+HERNANDEZ+&page_limit=5&_=1738700976902 HTTP/1.1" 200 310
45.229.41.203 - - [04/Feb/2025:14:39:45 -0600] "POST /ajax/listarDatosIniciales.json HTTP/1.1" 200 61
190.149.166.61 - - [04/Feb/2025:14:39:27 -0600] "POST /boleto/emitirBoletos.html HTTP/1.1" 200 881
190.149.187.71 - - [04/Feb/2025:14:39:50 -0600] "POST /ajax/listarSalidasActivasEmitirBoleto.json HTTP/1.1" 200 3830
45.229.41.100 - - [04/Feb/2025:14:39:27 -0600] "POST /reportes/cuadreVentaBoleto.html HTTP/1.1" 200 115
45.229.41.100 - - [04/Feb/2025:14:40:05 -0600] "GET /reporte/mdeleon_2025.02.04_14.39.34_67a27b06a93d2.pdf?v=2.5 HTTP/1.1" 200 3608
190.149.166.61 - - [04/Feb/2025:14:39:57 -0600] "GET /boleto/emitirBoletos.html HTTP/1.1" 200 29033
190.148.50.106 - - [04/Feb/2025:14:39:40 -0600] "POST /encomienda/registrarEncomienda.html HTTP/1.1" 200 263
190.149.166.39 - - [04/Feb/2025:14:40:10 -0600] "-" 408 -
186.151.119.184 - - [04/Feb/2025:14:39:50 -0600] "POST /ajax/getInformacionPorSalida.json HTTP/1.1" 200 8272
190.56.157.165 - - [04/Feb/2025:14:39:42 -0600] "POST /encomienda/registrarEncomienda.html HTTP/1.1" 200 1233
138.84.59.192 - - [04/Feb/2025:14:39:53 -0600] "POST /boleto/emitirBoletos.html HTTP/1.1" 200 798
190.143.157.97 - - [04/Feb/2025:14:39:54 -0600] "POST /boleto/anularBoleto.html HTTP/1.1" 200 79
190.56.157.165 - - [04/Feb/2025:14:40:11 -0600] "GET /encomienda/registrarEncomienda.html HTTP/1.1" 200 32511
190.149.187.71 - - [04/Feb/2025:14:40:07 -0600] "POST /ajax/getInformacionPorSalida.json HTTP/1.1" 200 7202
45.229.41.247 - - [04/Feb/2025:14:39:57 -0600] "POST /ajax/getInformacionPorSalida.json HTTP/1.1" 200 13896
190.148.50.106 - - [04/Feb/2025:14:40:10 -0600] "POST /ajax/print/datosEncomienda HTTP/1.1" 200 1071
138.84.59.192 - - [04/Feb/2025:14:40:14 -0600] "GET /boleto/emitirBoletos.html HTTP/1.1" 200 28909
190.143.157.97 - - [04/Feb/2025:14:40:14 -0600] "POST /boleto/listarBoletos.json HTTP/1.1" 200 10488
190.148.50.106 - - [04/Feb/2025:14:40:19 -0600] "GET /encomienda/registrarEncomienda.html HTTP/1.1" 200 32511
190.148.50.106 - - [04/Feb/2025:14:40:23 -0600] "-" 408 -
190.56.157.165 - - [04/Feb/2025:14:40:19 -0600] "POST /ajax/listarMonedasCajasAbiertas.json HTTP/1.1" 200 41
138.84.59.192 - - [04/Feb/2025:14:40:20 -0600] "POST /ajax/listarSalidasActivasEmitirBoleto.json HTTP/1.1" 200 34
186.151.119.184 - - [04/Feb/2025:14:40:19 -0600] "POST /ajax/calcularImporteTotalMonedaBase.json HTTP/1.1" 200 50
190.148.50.106 - - [04/Feb/2025:14:40:24 -0600] "POST /ajax/listarMonedasCajasAbiertas.json HTTP/1.1" 200 41
190.149.166.61 - - [04/Feb/2025:14:40:20 -0600] "POST /ajax/listarSalidasActivasEmitirBoleto.json HTTP/1.1" 200 3184
138.84.59.192 - - [04/Feb/2025:14:40:26 -0600] "POST /ajax/listarDatosIniciales.json HTTP/1.1" 200 61
45.229.41.203 - - [04/Feb/2025:14:40:27 -0600] "GET /ajax/listarClientesPaginando.json?term=2507&page_limit=5&_=1738700628539 HTTP/1.1" 200 356
181.119.106.169 - - [04/Feb/2025:14:40:29 -0600] "-" 408 -
190.149.166.61 - - [04/Feb/2025:14:40:27 -0600] "POST /ajax/listarDatosIniciales.json HTTP/1.1" 200 60
45.229.41.203 - - [04/Feb/2025:14:40:28 -0600] "GET /ajax/listarClientesPaginando.json?term=2507606&page_limit=5&_=1738700628540 HTTP/1.1" 200 88
190.143.185.144 - - [04/Feb/2025:14:40:30 -0600] "GET /autorizacioninterna/crear.html HTTP/1.1" 200 2730
45.229.41.203 - - [04/Feb/2025:14:40:30 -0600] "GET /ajax/listarClientesPaginando.json?term=2507606k&page_limit=5&_=1738700628541 HTTP/1.1" 200 14
190.143.157.97 - - [04/Feb/2025:14:40:29 -0600] "GET /boleto/anularBoleto.html?id=13191689 HTTP/1.1" 200 1596
186.151.119.184 - - [04/Feb/2025:14:40:30 -0600] "POST /boleto/emitirBoletos.html HTTP/1.1" 200 856
45.229.41.203 - - [04/Feb/2025:14:40:38 -0600] "GET /ajax/listarClientesPaginando.json?term=2507606K&page_limit=5&_=1738700628542 HTTP/1.1" 200 87
186.151.119.184 - - [04/Feb/2025:14:40:41 -0600] "GET /boleto/emitirBoletos.html HTTP/1.1" 200 28912
186.151.119.184 - - [04/Feb/2025:14:40:43 -0600] "POST /ajax/listarSalidasActivasEmitirBoleto.json HTTP/1.1" 200 3830
190.143.185.144 - - [04/Feb/2025:14:40:46 -0600] "POST /autorizacioninterna/crear.html HTTP/1.1" 200 79
186.151.119.184 - - [04/Feb/2025:14:40:46 -0600] "POST /ajax/listarDatosIniciales.json HTTP/1.1" 200 61
190.149.166.39 - - [04/Feb/2025:14:40:47 -0600] "POST /ajax/listarClientesPaginando.json HTTP/1.1" 200 92
190.149.187.71 - - [04/Feb/2025:14:40:50 -0600] "-" 408 -
45.229.41.247 - - [04/Feb/2025:14:40:49 -0600] "POST /ajax/calcularImporteTotalMonedaBase.json HTTP/1.1" 200 50
190.148.50.106 - - [04/Feb/2025:14:40:52 -0600] "POST /ajax/listarClientesPaginando.json HTTP/1.1" 200 126
45.229.41.203 - - [04/Feb/2025:14:40:49 -0600] "POST /ajax/getInformacionPorSalida.json HTTP/1.1" 200 6449
190.143.185.144 - - [04/Feb/2025:14:40:51 -0600] "GET /autorizacioninterna/ HTTP/1.1" 200 2770
38.41.237.69 - - [04/Feb/2025:14:40:53 -0600] "POST /login_check HTTP/1.1" 302 304
190.143.185.144 - - [04/Feb/2025:14:40:54 -0600] "POST /autorizacioninterna/listarAutorizacionInterna.json HTTP/1.1" 200 1392
186.151.119.25 - - [04/Feb/2025:14:40:56 -0600] "POST /login_check HTTP/1.1" 302 304
38.41.237.69 - - [04/Feb/2025:14:40:54 -0600] "GET / HTTP/1.1" 200 30198
186.151.119.184 - - [04/Feb/2025:14:40:55 -0600] "POST /ajax/listarSalidasActivasEmitirBoleto.json HTTP/1.1" 200 3830
190.149.166.39 - - [04/Feb/2025:14:40:59 -0600] "POST /ajax/listarClientesPaginando.json HTTP/1.1" 200 274
190.148.50.106 - - [04/Feb/2025:14:40:59 -0600] "POST /ajax/listarClientesPaginando.json HTTP/1.1" 200 188
186.151.119.25 - - [04/Feb/2025:14:40:58 -0600] "GET / HTTP/1.1" 200 37361
190.143.157.97 - - [04/Feb/2025:14:40:57 -0600] "POST /boleto/anularBoleto.html HTTP/1.1" 200 79
190.149.166.39 - - [04/Feb/2025:14:41:04 -0600] "POST /ajax/listarClientesPaginando.json HTTP/1.1" 200 14
45.229.41.247 - - [04/Feb/2025:14:40:56 -0600] "POST /boleto/emitirBoletos.html HTTP/1.1" 200 779
190.148.50.106 - - [04/Feb/2025:14:41:08 -0600] "POST /ajax/getRutasPorEstacion.json HTTP/1.1" 200 2274
190.56.157.165 - - [04/Feb/2025:14:41:08 -0600] "GET /encomienda/entregaMultipleEncomienda.html HTTP/1.1" 200 16251
190.143.185.144 - - [04/Feb/2025:14:41:10 -0600] "GET /encomienda/registrarEncomienda.html HTTP/1.1" 200 32511
45.229.41.247 - - [04/Feb/2025:14:41:11 -0600] "GET /boleto/emitirBoletos.html HTTP/1.1" 200 28883
38.41.237.69 - - [04/Feb/2025:14:41:10 -0600] "GET /boleto/ HTTP/1.1" 304 -
38.41.237.69 - - [04/Feb/2025:14:41:23 -0600] "GET /images/glyphicons-halflings-white.png HTTP/1.1" 200 8777
190.148.50.106 - - [04/Feb/2025:14:41:14 -0600] "POST /ajax/getEstacionesDestinosPorRuta.json HTTP/1.1" 200 884
45.229.41.203 - - [04/Feb/2025:14:41:10 -0600] "POST /ajax/calcularImporteTotalMonedaBase.json HTTP/1.1" 200 50
186.151.119.25 - - [04/Feb/2025:14:41:12 -0600] "GET /boleto/emitirBoletos.html HTTP/1.1" 200 28926
190.149.166.39 - - [04/Feb/2025:14:41:16 -0600] "GET /cliente/crear.html HTTP/1.1" 200 10439
45.229.41.100 - - [04/Feb/2025:14:41:18 -0600] "GET /salida/consultar2.html HTTP/1.1" 200 10775
186.151.119.59 - - [04/Feb/2025:14:41:11 -0600] "POST /ajax/calcularImporteTotalMonedaBase.json HTTP/1.1" 200 50
190.143.185.144 - - [04/Feb/2025:14:41:18 -0600] "POST /login_check HTTP/1.1" 302 304
190.143.185.144 - - [04/Feb/2025:14:41:17 -0600] "POST /ajax/listarMonedasCajasAbiertas.json HTTP/1.1" 200 41
190.143.157.97 - - [04/Feb/2025:14:41:10 -0600] "POST /boleto/listarBoletos.json HTTP/1.1" 200 10488
190.56.157.165 - - [04/Feb/2025:14:41:13 -0600] "POST /ajax/listarEncomiendasPendientesEntrega.json HTTP/1.1" 200 37355
186.151.119.25 - - [04/Feb/2025:14:41:25 -0600] "POST /ajax/listarSalidasActivasEmitirBoleto.json HTTP/1.1" 200 34
190.143.185.144 - - [04/Feb/2025:14:41:28 -0600] "POST /login_check HTTP/1.1" 302 304
190.143.185.144 - - [04/Feb/2025:14:41:27 -0600] "POST /ajax/listarClientesPaginando.json HTTP/1.1" 200 311
45.229.41.247 - - [04/Feb/2025:14:41:22 -0600] "POST /ajax/listarSalidasActivasEmitirBoleto.json HTTP/1.1" 200 27624
181.189.154.32 - - [04/Feb/2025:14:41:34 -0600] "GET /logout HTTP/1.1" 302 444
190.149.166.61 - - [04/Feb/2025:14:41:27 -0600] "POST /ajax/listarSalidasActivasEmitirBoleto.json HTTP/1.1" 200 549
190.148.50.106 - - [04/Feb/2025:14:41:34 -0600] "POST /ajax/listarTipoEncomiendaEspecialPaginando.json HTTP/1.1" 200 650
190.149.166.39 - - [04/Feb/2025:14:41:31 -0600] "POST /cliente/crear.html HTTP/1.1" 200 146
45.229.41.100 - - [04/Feb/2025:14:41:27 -0600] "POST /ajax/listarSalidasByFecha.html HTTP/1.1" 200 15914
190.143.185.144 - - [04/Feb/2025:14:41:26 -0600] "GET / HTTP/1.1" 200 38559
181.189.154.32 - - [04/Feb/2025:14:41:40 -0600] "GET / HTTP/1.1" 302 464
38.41.237.69 - - [04/Feb/2025:14:41:23 -0600] "POST /boleto/listarBoletos.json HTTP/1.1" 200 9573
190.148.50.106 - - [04/Feb/2025:14:41:35 -0600] "POST /ajax/listarTipoEncomiendaEspecialPaginando.json HTTP/1.1" 200 116
181.189.154.32 - - [04/Feb/2025:14:41:43 -0600] "GET /login HTTP/1.1" 200 2752
186.151.119.25 - - [04/Feb/2025:14:41:36 -0600] "POST /ajax/listarDatosIniciales.json HTTP/1.1" 200 61
181.189.154.32 - - [04/Feb/2025:14:41:47 -0600] "GET /ajax/listarClientesPaginando.json?term=MYN&page_limit=5&_=1738691775741 HTTP/1.1" 302 464
45.229.41.247 - - [04/Feb/2025:14:41:40 -0600] "POST /ajax/listarDatosIniciales.json HTTP/1.1" 200 61
190.149.166.39 - - [04/Feb/2025:14:41:42 -0600] "POST /ajax/listarClientesPaginando.json HTTP/1.1" 200 62
181.189.154.32 - - [04/Feb/2025:14:41:48 -0600] "GET /ajax/listarClientesPaginando.json?term=MYNU&page_limit=5&_=1738691775742 HTTP/1.1" 302 464
186.151.119.184 - - [04/Feb/2025:14:41:36 -0600] "GET /boleto/ HTTP/1.1" 200 10067
181.189.154.32 - - [04/Feb/2025:14:41:49 -0600] "GET /ajax/listarClientesPaginando.json?term=MYN&page_limit=5&_=1738691775743 HTTP/1.1" 302 464
190.143.185.144 - - [04/Feb/2025:14:41:36 -0600] "GET / HTTP/1.1" 200 37819
190.143.185.144 - - [04/Feb/2025:14:41:43 -0600] "POST /ajax/listarClientesPaginando.json HTTP/1.1" 200 323
181.189.154.32 - - [04/Feb/2025:14:41:51 -0600] "GET /ajax/listarClientesPaginando.json?term=MYNOR+PU&page_limit=5&_=1738691775744 HTTP/1.1" 302 464
181.189.154.32 - - [04/Feb/2025:14:41:54 -0600] "GET /login HTTP/1.1" 200 2752
181.189.154.32 - - [04/Feb/2025:14:41:55 -0600] "GET /cliente/crear.html HTTP/1.1" 302 464
190.143.185.144 - - [04/Feb/2025:14:41:45 -0600] "GET /boleto/emitirBoletos.html HTTP/1.1" 200 29011
190.148.50.106 - - [04/Feb/2025:14:41:49 -0600] "POST /ajax/getSeriesActivaPorEstacion.json HTTP/1.1" 200 313
190.56.157.165 - - [04/Feb/2025:14:41:40 -0600] "POST /ajax/listarEncomiendasPendientesEntrega.json HTTP/1.1" 200 37444
190.143.157.97 - - [04/Feb/2025:14:41:35 -0600] "GET /boleto/anularBoleto.html?id=13191690 HTTP/1.1" 200 1596
181.189.154.32 - - [04/Feb/2025:14:41:58 -0600] "GET /login HTTP/1.1" 200 2752
181.189.154.32 - - [04/Feb/2025:14:42:04 -0600] "GET /js/login.js?v=2.5&_=1738691775745 HTTP/1.1" 200 135164
190.148.50.106 - - [04/Feb/2025:14:41:35 -0600] "POST /encomienda/procesarEncomienda.html HTTP/1.1" 200 79
181.174.90.164 - - [04/Feb/2025:14:42:03 -0600] "POST /login_check HTTP/1.1" 302 304
190.148.50.106 - - [04/Feb/2025:14:42:03 -0600] "POST /ajax/calcularImporteTotalMonedaBaseEncomienda.json HTTP/1.1" 200 37
190.143.185.144 - - [04/Feb/2025:14:42:01 -0600] "POST /ajax/listarSalidasActivasEmitirBoleto.json HTTP/1.1" 200 34
190.143.185.144 - - [04/Feb/2025:14:42:02 -0600] "POST /ajax/listarClientesPaginando.json HTTP/1.1" 200 319
190.149.166.39 - - [04/Feb/2025:14:42:01 -0600] "POST /ajax/getRutasPorEstacion.json HTTP/1.1" 200 3371
190.149.166.61 - - [04/Feb/2025:14:41:49 -0600] "POST /ajax/getInformacionPorSalida.json HTTP/1.1" 200 10355
45.229.41.100 - - [04/Feb/2025:14:41:50 -0600] "POST /ajax/getInformacionPorSalida.json HTTP/1.1" 200 10129
186.151.119.59 - - [04/Feb/2025:14:41:40 -0600] "POST /boleto/emitirBoletos.html HTTP/1.1" 200 781
186.151.119.25 - - [04/Feb/2025:14:42:04 -0600] "POST /ajax/listarSalidasActivasEmitirBoleto.json HTTP/1.1" 200 3184
45.229.41.203 - - [04/Feb/2025:14:41:44 -0600] "POST /boleto/emitirBoletos.html HTTP/1.1" 200 818
190.143.185.144 - - [04/Feb/2025:14:42:14 -0600] "POST /ajax/listarDatosIniciales.json HTTP/1.1" 200 60
190.148.50.106 - - [04/Feb/2025:14:42:16 -0600] "POST /encomienda/registrarEncomienda.html HTTP/1.1" 500 1576
186.151.119.184 - - [04/Feb/2025:14:41:54 -0600] "POST /boleto/listarBoletos.json HTTP/1.1" 200 11274
45.229.41.142 - - [04/Feb/2025:14:42:22 -0600] "POST /login_check HTTP/1.1" 302 304
190.143.185.144 - - [04/Feb/2025:14:42:21 -0600] "POST /ajax/getRutasPorEstacion.json HTTP/1.1" 200 2621
181.174.90.164 - - [04/Feb/2025:14:42:14 -0600] "GET / HTTP/1.1" 200 34872
186.151.119.59 - - [04/Feb/2025:14:42:20 -0600] "GET /boleto/emitirBoletos.html HTTP/1.1" 200 28911
190.149.166.39 - - [04/Feb/2025:14:42:23 -0600] "POST /ajax/getEstacionesDestinosPorRuta.json HTTP/1.1" 200 963
45.229.41.100 - - [04/Feb/2025:14:42:24 -0600] "POST /reportes/manifiestoBoletoPiloto.html HTTP/1.1" 200 115
45.229.41.100 - - [04/Feb/2025:14:42:37 -0600] "GET /reporte/mdeleon_2025.02.04_14.42.34_67a27bba3b686.pdf?v=2.5 HTTP/1.1" 200 3907
45.229.41.203 - - [04/Feb/2025:14:42:25 -0600] "GET /boleto/emitirBoletos.html HTTP/1.1" 200 28912
190.143.157.97 - - [04/Feb/2025:14:42:07 -0600] "POST /boleto/anularBoleto.html HTTP/1.1" 200 79
190.143.185.144 - - [04/Feb/2025:14:42:17 -0600] "POST /ajax/listarSalidasActivasEmitirBoleto.json HTTP/1.1" 200 3735
190.148.50.106 - - [04/Feb/2025:14:42:16 -0600] "POST /ajax/listarEncomiendasAProcesar.json HTTP/1.1" 200 14397
181.119.106.169 - - [04/Feb/2025:14:42:17 -0600] "POST /ajax/getInformacionPorSalida.json HTTP/1.1" 200 8863
186.151.119.59 - - [04/Feb/2025:14:42:36 -0600] "POST /ajax/listarSalidasActivasEmitirBoleto.json HTTP/1.1" 200 34
190.149.166.39 - - [04/Feb/2025:14:42:41 -0600] "POST /ajax/getRutasPorEstacion.json HTTP/1.1" 200 3371
190.143.185.144 - - [04/Feb/2025:14:42:40 -0600] "POST /ajax/getEstacionesDestinosPorRuta.json HTTP/1.1" 200 851
38.41.237.69 - - [04/Feb/2025:14:42:24 -0600] "GET /boleto/consultarBoleto.html?id=13191612 HTTP/1.1" 200 8015
45.229.41.142 - - [04/Feb/2025:14:42:33 -0600] "GET / HTTP/1.1" 200 34868
45.229.41.203 - - [04/Feb/2025:14:42:40 -0600] "POST /ajax/listarSalidasActivasEmitirBoleto.json HTTP/1.1" 200 549
186.151.119.25 - - [04/Feb/2025:14:42:24 -0600] "POST /ajax/getInformacionPorSalida.json HTTP/1.1" 200 8194
190.56.157.165 - - [04/Feb/2025:14:42:47 -0600] "GET /ajax/listarClientesPaginando.json?term=nery+besa&page_limit=5&_=1738699564492 HTTP/1.1" 200 55
186.151.119.59 - - [04/Feb/2025:14:42:47 -0600] "POST /ajax/listarDatosIniciales.json HTTP/1.1" 200 61
181.119.106.169 - - [04/Feb/2025:14:42:51 -0600] "POST /reportes/manifiestoBoletoPiloto.html HTTP/1.1" 200 115
181.119.106.169 - - [04/Feb/2025:14:43:09 -0600] "GET /reporte/oalfaro_2025.02.04_14.43.06_67a27bda34b49.pdf?v=2.5 HTTP/1.1" 200 3530
45.229.41.203 - - [04/Feb/2025:14:42:52 -0600] "GET /ajax/listarClientesPaginando.json?term=nohemi+ponce&page_limit=5&_=1738700628543 HTTP/1.1" 200 14
181.174.90.164 - - [04/Feb/2025:14:42:49 -0600] "GET /boleto/emitirBoletos.html HTTP/1.1" 200 28892
186.151.119.184 - - [04/Feb/2025:14:42:35 -0600] "POST /ajax/print/reimprimirFacturaBoleto HTTP/1.1" 200 862
181.174.67.38 - - [04/Feb/2025:14:43:15 -0600] "GET /login HTTP/1.1" 403 114
181.174.67.38 - - [04/Feb/2025:14:43:16 -0600] "GET /login HTTP/1.1" 403 114
181.189.154.32 - - [04/Feb/2025:14:43:16 -0600] "GET / HTTP/1.1" 403 114
181.189.154.32 - - [04/Feb/2025:14:43:00 -0600] "POST /login_check HTTP/1.1" 302 304
45.229.41.142 - - [04/Feb/2025:14:43:03 -0600] "GET /salida/consultar2.html HTTP/1.1" 200 10775
45.229.41.142 - - [04/Feb/2025:14:43:17 -0600] "POST /ajax/listarSalidasByFecha.html HTTP/1.1" 403 114
190.143.157.97 - - [04/Feb/2025:14:42:40 -0600] "POST /boleto/listarBoletos.json HTTP/1.1" 200 10488
181.174.90.164 - - [04/Feb/2025:14:43:17 -0600] "GET /ajax/listarClientesPaginando.json?term=.....&page_limit=5&_=1738701754057 HTTP/1.1" 403 114
190.149.166.39 - - [04/Feb/2025:14:42:57 -0600] "POST /ajax/getEstacionesDestinosPorRuta.json HTTP/1.1" 200 686
190.148.50.106 - - [04/Feb/2025:14:42:32 -0600] "POST /encomienda/registrarEncomienda.html HTTP/1.1" 200 1273
190.148.50.106 - - [04/Feb/2025:14:43:20 -0600] "GET /encomienda/registrarEncomienda.html HTTP/1.1" 403 114
45.229.41.203 - - [04/Feb/2025:14:43:00 -0600] "POST /ajax/listarDatosIniciales.json HTTP/1.1" 200 61
181.174.90.164 - - [04/Feb/2025:14:43:12 -0600] "POST /ajax/listarSalidasActivasEmitirBoleto.json HTTP/1.1" 200 34
190.149.166.61 - - [04/Feb/2025:14:43:04 -0600] "POST /ajax/listarSalidasActivasEmitirBoleto.json HTTP/1.1" 200 3735
186.151.119.25 - - [04/Feb/2025:14:43:08 -0600] "GET /ajax/consultarAsientoSalida.html?idSalida=4648408&numeroAsiento=17 HTTP/1.1" 200 2225
190.148.50.106 - - [04/Feb/2025:14:42:57 -0600] "POST /encomienda/procesarEncomienda.html HTTP/1.1" 200 79
190.56.157.165 - - [04/Feb/2025:14:43:07 -0600] "POST /encomienda/entregaMultipleEncomienda.html HTTP/1.1" 200 268
186.151.119.25 - - [04/Feb/2025:14:43:32 -0600] "GET /ajax/consultarAsientoSalida.html?idSalida=4648408&numeroAsiento=6 HTTP/1.1" 403 114
181.174.67.38 - - [04/Feb/2025:14:43:36 -0600] "GET / HTTP/1.1" 403 114
190.143.157.97 - - [04/Feb/2025:14:43:58 -0600] "GET /boleto/anularBoleto.html?id=13191691 HTTP/1.1" 403 114
190.148.50.106 - - [04/Feb/2025:14:43:58 -0600] "GET / HTTP/1.1" 403 114
181.174.67.38 - - [04/Feb/2025:14:43:58 -0600] "GET / HTTP/1.1" 403 114
186.151.119.59 - - [04/Feb/2025:14:43:58 -0600] "POST /ajax/listarSalidasActivasEmitirBoleto.json HTTP/1.1" 403 114
186.151.119.59 - - [04/Feb/2025:14:43:58 -0600] "GET /ajax/listarClientesPaginando.json?term=ELSA+MARINA+GARCIA++&page_limit=5&_=1738701130091 HTTP/1.1" 403 114
200.119.178.44 - - [04/Feb/2025:14:43:58 -0600] "GET /ajax/listarClientesPaginando.json?term=Eulalia+beletzuy&page_limit=5&_=1738700387068 HTTP/1.1" 403 114
186.151.119.25 - - [04/Feb/2025:14:43:58 -0600] "GET /ajax/consultarAsientoSalida.html?idSalida=4648408&numeroAsiento=6 HTTP/1.1" 403 114
190.143.185.144 - - [04/Feb/2025:14:43:58 -0600] "POST /encomienda/registrarEncomienda.html HTTP/1.1" 403 114
190.149.166.61 - - [04/Feb/2025:14:43:58 -0600] "POST /ajax/getInformacionPorSalida.json HTTP/1.1" 403 114
190.149.166.39 - - [04/Feb/2025:14:43:58 -0600] "POST /ajax/getRutasPorEstacion.json HTTP/1.1" 403 114
45.229.41.100 - - [04/Feb/2025:14:43:58 -0600] "POST /ajax/getInformacionPorSalida.json HTTP/1.1" 403 114
