190.148.50.106 - - [04/Feb/2025:16:08:54 -0600] "POST /ajax/listarTipoEncomiendaEspecialPaginando.json HTTP/1.1" 200 650
190.149.4.89 - - [04/Feb/2025:16:08:45 -0600] "GET /encomienda/procesarEncomienda.html HTTP/1.1" 200 15161
190.148.50.106 - - [04/Feb/2025:16:09:06 -0600] "-" 408 -
181.174.90.164 - - [04/Feb/2025:16:06:56 -0600] "POST /login_check HTTP/1.1" 302 304
190.148.50.106 - - [04/Feb/2025:16:08:57 -0600] "POST /ajax/listarTipoEncomiendaEspecialPaginando.json HTTP/1.1" 200 58
181.174.90.164 - - [04/Feb/2025:16:07:22 -0600] "POST /login_check HTTP/1.1" 302 304
45.5.118.84 - - [04/Feb/2025:16:08:58 -0600] "GET /boleto/emitirBoletos.html HTTP/1.1" 200 28887
190.61.91.89 - - [04/Feb/2025:16:07:53 -0600] "POST /ajax/listarSalidasActivasEmitirBoleto.json HTTP/1.1" 200 3184
190.56.130.17 - - [04/Feb/2025:16:09:03 -0600] "POST /ajax/listarClientesPaginando.json HTTP/1.1" 200 59
24.152.55.4 - - [04/Feb/2025:16:09:00 -0600] "GET /boleto/emitirBoletos.html HTTP/1.1" 200 28910
186.151.119.61 - - [04/Feb/2025:16:09:10 -0600] "POST /login_check HTTP/1.1" 302 304
181.174.90.197 - - [04/Feb/2025:16:09:11 -0600] "POST /login_check HTTP/1.1" 302 304
190.148.50.106 - - [04/Feb/2025:16:09:01 -0600] "POST /ajax/print/datosEncomienda HTTP/1.1" 200 941
190.148.50.106 - - [04/Feb/2025:16:09:14 -0600] "POST /ajax/getSeriesActivaPorEstacion.json HTTP/1.1" 200 313
190.56.130.17 - - [04/Feb/2025:16:09:20 -0600] "POST /ajax/getRutasPorEstacion.json HTTP/1.1" 200 1333
181.174.90.164 - - [04/Feb/2025:16:09:12 -0600] "GET / HTTP/1.1" 200 34872
190.61.91.89 - - [04/Feb/2025:16:08:51 -0600] "POST /ajax/listarSalidasActivasEmitirBoleto.json HTTP/1.1" 200 28026
45.229.41.203 - - [04/Feb/2025:16:08:58 -0600] "POST /ajax/listarEncomiendasAProcesar.json HTTP/1.1" 200 4027
181.189.154.32 - - [04/Feb/2025:16:08:50 -0600] "POST /boleto/emitirBoletos.html HTTP/1.1" 200 973
45.229.41.100 - - [04/Feb/2025:16:09:21 -0600] "GET /boleto/emitirBoletos.html HTTP/1.1" 200 28905
190.148.50.106 - - [04/Feb/2025:16:09:29 -0600] "POST /ajax/calcularImporteTotalMonedaBaseEncomienda.json HTTP/1.1" 200 37
190.149.166.61 - - [04/Feb/2025:16:09:16 -0600] "POST /ajax/calcularImporteTotalMonedaBase.json HTTP/1.1" 200 50
190.14.134.172 - - [04/Feb/2025:16:08:58 -0600] "POST /ajax/getInformacionPorSalida.json HTTP/1.1" 200 8773
190.56.157.165 - - [04/Feb/2025:16:09:27 -0600] "POST /ajax/listarClientesPaginando.json HTTP/1.1" 200 14
24.152.55.4 - - [04/Feb/2025:16:09:17 -0600] "POST /ajax/listarSalidasActivasEmitirBoleto.json HTTP/1.1" 200 1132
190.148.50.106 - - [04/Feb/2025:16:09:28 -0600] "GET /encomienda/registrarEncomienda.html HTTP/1.1" 200 32511
190.61.91.89 - - [04/Feb/2025:16:08:57 -0600] "GET /ajax/listarClientesPaginando.json?term=sonia+&page_limit=5&_=1738706921367 HTTP/1.1" 200 278
186.151.119.61 - - [04/Feb/2025:16:09:19 -0600] "GET / HTTP/1.1" 200 35410
45.186.105.130 - - [04/Feb/2025:16:09:10 -0600] "POST /ajax/getInformacionPorSalida.json HTTP/1.1" 200 5685
181.174.90.197 - - [04/Feb/2025:16:09:22 -0600] "GET / HTTP/1.1" 200 32519
45.5.118.84 - - [04/Feb/2025:16:09:36 -0600] "POST /ajax/listarSalidasActivasEmitirBoleto.json HTTP/1.1" 200 34
190.104.126.211 - - [04/Feb/2025:16:09:24 -0600] "POST /ajax/listarSalidasActivasEmitirBoleto.json HTTP/1.1" 200 28026
186.151.119.184 - - [04/Feb/2025:16:09:11 -0600] "POST /salida/asignarBusPilotos.html HTTP/1.1" 200 79
190.56.130.17 - - [04/Feb/2025:16:09:41 -0600] "POST /ajax/getEstacionesDestinosPorRuta.json HTTP/1.1" 200 569
24.152.55.4 - - [04/Feb/2025:16:09:27 -0600] "GET /ajax/listarClientesPaginando.json?term=danissa&page_limit=5&_=1738706933390 HTTP/1.1" 200 268
181.189.154.32 - - [04/Feb/2025:16:09:41 -0600] "GET /boleto/emitirBoletos.html HTTP/1.1" 200 29021
190.61.91.89 - - [04/Feb/2025:16:08:59 -0600] "GET /ajax/listarClientesPaginando.json?term=sonia+reyes+&page_limit=5&_=1738706921368 HTTP/1.1" 200 275
45.229.41.100 - - [04/Feb/2025:16:09:44 -0600] "POST /ajax/listarSalidasActivasEmitirBoleto.json HTTP/1.1" 200 34
190.148.50.106 - - [04/Feb/2025:16:09:46 -0600] "POST /ajax/listarMonedasCajasAbiertas.json HTTP/1.1" 200 41
190.104.126.211 - - [04/Feb/2025:16:09:25 -0600] "GET /cliente/crear.html HTTP/1.1" 200 10439
24.152.55.4 - - [04/Feb/2025:16:09:38 -0600] "GET /cliente/crear.html HTTP/1.1" 200 10439
190.61.91.89 - - [04/Feb/2025:16:09:01 -0600] "GET /ajax/listarClientesPaginando.json?term=sonia+reyes+chacon+&page_limit=5&_=1738706921369 HTTP/1.1" 200 64
45.5.118.84 - - [04/Feb/2025:16:09:50 -0600] "POST /ajax/listarDatosIniciales.json HTTP/1.1" 200 60
190.56.157.165 - - [04/Feb/2025:16:09:52 -0600] "POST /ajax/listarClientesPaginando.json HTTP/1.1" 200 14
186.151.119.184 - - [04/Feb/2025:16:09:51 -0600] "POST /salida/listarSalidas.json HTTP/1.1" 200 5045
190.104.126.211 - - [04/Feb/2025:16:09:51 -0600] "POST /ajax/listarDatosIniciales.json HTTP/1.1" 200 40
186.151.119.61 - - [04/Feb/2025:16:09:52 -0600] "GET /boleto/emitirBoletos.html HTTP/1.1" 200 29038
24.152.55.4 - - [04/Feb/2025:16:09:45 -0600] "POST /ajax/listarDatosIniciales.json HTTP/1.1" 200 60
45.229.41.100 - - [04/Feb/2025:16:09:53 -0600] "POST /ajax/listarDatosIniciales.json HTTP/1.1" 200 61
190.61.91.89 - - [04/Feb/2025:16:09:40 -0600] "POST /ajax/listarDatosIniciales.json HTTP/1.1" 200 40
190.56.130.17 - - [04/Feb/2025:16:09:57 -0600] "POST /ajax/listarTipoEncomiendaEspecialPaginando.json HTTP/1.1" 200 650
190.56.157.165 - - [04/Feb/2025:16:09:52 -0600] "GET /cliente/crear.html HTTP/1.1" 200 10439
181.189.154.32 - - [04/Feb/2025:16:09:52 -0600] "POST /ajax/listarSalidasActivasEmitirBoleto.json HTTP/1.1" 200 3734
45.186.105.130 - - [04/Feb/2025:16:10:00 -0600] "GET /ajax/listarClientesPaginando.json?term=rosa+lemus&page_limit=5&_=1738704149440 HTTP/1.1" 200 210
45.229.41.203 - - [04/Feb/2025:16:09:55 -0600] "GET /salida/ HTTP/1.1" 304 -
190.56.130.17 - - [04/Feb/2025:16:10:01 -0600] "POST /ajax/listarTipoEncomiendaEspecialPaginando.json HTTP/1.1" 200 25
186.151.119.184 - - [04/Feb/2025:16:09:59 -0600] "GET /boleto/emitirBoletos.html HTTP/1.1" 200 28912
190.104.126.211 - - [04/Feb/2025:16:09:58 -0600] "POST /cliente/crear.html HTTP/1.1" 200 146
45.229.41.100 - - [04/Feb/2025:16:09:54 -0600] "POST /ajax/listarSalidasActivasEmitirBoleto.json HTTP/1.1" 200 34
190.148.50.106 - - [04/Feb/2025:16:09:47 -0600] "POST /encomienda/registrarEncomienda.html HTTP/1.1" 200 1277
24.152.55.4 - - [04/Feb/2025:16:10:04 -0600] "POST /cliente/crear.html HTTP/1.1" 200 146
190.56.130.17 - - [04/Feb/2025:16:10:02 -0600] "POST /ajax/listarTipoEncomiendaEspecialPaginando.json HTTP/1.1" 200 51
190.61.91.89 - - [04/Feb/2025:16:10:15 -0600] "GET /homeInternal.html HTTP/1.1" 200 700
181.189.154.32 - - [04/Feb/2025:16:10:14 -0600] "POST /ajax/listarDatosIniciales.json HTTP/1.1" 200 60
186.151.119.61 - - [04/Feb/2025:16:10:08 -0600] "POST /ajax/listarSalidasActivasEmitirBoleto.json HTTP/1.1" 200 319
190.104.126.211 - - [04/Feb/2025:16:10:19 -0600] "POST /ajax/listarClientesPaginando.json HTTP/1.1" 200 53
190.56.157.165 - - [04/Feb/2025:16:10:15 -0600] "POST /cliente/crear.html HTTP/1.1" 200 146
190.56.130.17 - - [04/Feb/2025:16:10:03 -0600] "POST /ajax/listarTipoEncomiendaEspecialPaginando.json HTTP/1.1" 200 51
190.14.134.172 - - [04/Feb/2025:16:10:11 -0600] "POST /ajax/listarSalidasActivasEmitirBoleto.json HTTP/1.1" 200 2955
190.148.50.106 - - [04/Feb/2025:16:10:21 -0600] "POST /ajax/listarClientesPaginando.json HTTP/1.1" 200 51
24.152.55.4 - - [04/Feb/2025:16:10:22 -0600] "POST /ajax/listarClientesPaginando.json HTTP/1.1" 200 63
190.148.50.106 - - [04/Feb/2025:16:10:21 -0600] "GET /encomienda/registrarEncomienda.html HTTP/1.1" 200 32511
190.56.130.17 - - [04/Feb/2025:16:10:19 -0600] "POST /ajax/listarTipoEncomiendaEspecialPaginando.json HTTP/1.1" 200 1043
45.229.41.203 - - [04/Feb/2025:16:10:17 -0600] "POST /salida/listarSalidas.json HTTP/1.1" 200 840
45.228.234.105 - - [04/Feb/2025:16:10:30 -0600] "POST /login_check HTTP/1.1" 302 304
190.61.91.89 - - [04/Feb/2025:16:10:39 -0600] "GET / HTTP/1.1" 302 464
186.151.119.184 - - [04/Feb/2025:16:10:18 -0600] "POST /ajax/listarSalidasActivasEmitirBoleto.json HTTP/1.1" 200 3875
190.56.157.165 - - [04/Feb/2025:16:10:32 -0600] "POST /ajax/listarClientesPaginando.json HTTP/1.1" 200 60
186.151.119.61 - - [04/Feb/2025:16:10:30 -0600] "POST /ajax/listarDatosIniciales.json HTTP/1.1" 200 61
190.56.130.17 - - [04/Feb/2025:16:10:23 -0600] "POST /ajax/listarTipoEncomiendaEspecialPaginando.json HTTP/1.1" 200 650
181.189.154.32 - - [04/Feb/2025:16:10:34 -0600] "GET /ajax/listarClientesPaginando.json?term=61868590&page_limit=5&_=1738702127458 HTTP/1.1" 200 79
190.61.91.89 - - [04/Feb/2025:16:10:44 -0600] "GET /login HTTP/1.1" 200 2752
181.174.72.194 - - [04/Feb/2025:16:10:37 -0600] "GET /salida/consultar2.html HTTP/1.1" 200 10775
190.149.166.61 - - [04/Feb/2025:16:09:57 -0600] "POST /boleto/emitirBoletos.html HTTP/1.1" 200 260
181.174.90.197 - - [04/Feb/2025:16:10:51 -0600] "-" 408 -
190.14.134.172 - - [04/Feb/2025:16:10:33 -0600] "POST /ajax/listarDatosIniciales.json HTTP/1.1" 200 40
190.148.50.106 - - [04/Feb/2025:16:10:36 -0600] "POST /ajax/listarMonedasCajasAbiertas.json HTTP/1.1" 200 41
45.186.105.130 - - [04/Feb/2025:16:10:26 -0600] "POST /ajax/calcularImporteTotalMonedaBase.json HTTP/1.1" 200 50
190.149.4.89 - - [04/Feb/2025:16:10:21 -0600] "POST /ajax/listarEncomiendasAProcesar.json HTTP/1.1" 200 454
190.56.130.17 - - [04/Feb/2025:16:10:28 -0600] "POST /ajax/listarTipoEncomiendaEspecialPaginando.json HTTP/1.1" 200 51
186.151.119.184 - - [04/Feb/2025:16:10:45 -0600] "POST /ajax/listarDatosIniciales.json HTTP/1.1" 200 61
190.148.50.106 - - [04/Feb/2025:16:10:47 -0600] "POST /ajax/listarClientesPaginando.json HTTP/1.1" 200 142
190.14.134.172 - - [04/Feb/2025:16:11:11 -0600] "-" 408 -
45.229.41.100 - - [04/Feb/2025:16:10:40 -0600] "POST /ajax/listarSalidasActivasEmitirBoleto.json HTTP/1.1" 200 3875
190.56.130.17 - - [04/Feb/2025:16:10:32 -0600] "POST /ajax/listarTipoEncomiendaEspecialPaginando.json HTTP/1.1" 200 650
190.61.91.89 - - [04/Feb/2025:16:10:55 -0600] "POST /login_check HTTP/1.1" 302 304
186.151.119.61 - - [04/Feb/2025:16:10:36 -0600] "POST /ajax/listarSalidasActivasEmitirBoleto.json HTTP/1.1" 200 277
45.229.41.203 - - [04/Feb/2025:16:10:46 -0600] "GET /salida/asignarTarjeta.html?id=4638338 HTTP/1.1" 200 3905
45.228.234.105 - - [04/Feb/2025:16:10:41 -0600] "GET / HTTP/1.1" 200 34865
186.151.119.184 - - [04/Feb/2025:16:10:46 -0600] "GET /ajax/listarClientesPaginando.json?term=1955543&page_limit=5&_=1738705785297 HTTP/1.1" 200 80
190.148.50.106 - - [04/Feb/2025:16:10:50 -0600] "POST /ajax/listarClientesPaginando.json HTTP/1.1" 200 142
190.148.50.106 - - [04/Feb/2025:16:11:02 -0600] "POST /ajax/listarClientesPaginando.json HTTP/1.1" 200 296
190.104.126.211 - - [04/Feb/2025:16:10:47 -0600] "POST /ajax/listarSalidasActivasEmitirBoleto.json HTTP/1.1" 200 3734
190.56.130.17 - - [04/Feb/2025:16:10:35 -0600] "POST /ajax/listarTipoEncomiendaEspecialPaginando.json HTTP/1.1" 200 51
181.174.72.194 - - [04/Feb/2025:16:10:50 -0600] "POST /ajax/listarSalidasByFecha.html HTTP/1.1" 200 16216
190.56.157.165 - - [04/Feb/2025:16:11:05 -0600] "POST /ajax/listarClientesPaginando.json HTTP/1.1" 200 293
24.152.55.4 - - [04/Feb/2025:16:10:58 -0600] "POST /ajax/listarSalidasActivasEmitirBoleto.json HTTP/1.1" 200 1030
190.56.130.17 - - [04/Feb/2025:16:11:15 -0600] "POST /ajax/listarTipoEncomiendaEspecialPaginando.json HTTP/1.1" 200 650
190.148.50.106 - - [04/Feb/2025:16:11:04 -0600] "POST /ajax/listarClientesPaginando.json HTTP/1.1" 200 112
186.151.119.184 - - [04/Feb/2025:16:11:17 -0600] "GET /ajax/listarClientesPaginando.json?term=1955543&page_limit=5&_=1738705785298 HTTP/1.1" 200 80
190.56.130.17 - - [04/Feb/2025:16:11:24 -0600] "POST /ajax/listarTipoEncomiendaEspecialPaginando.json HTTP/1.1" 200 650
190.148.50.106 - - [04/Feb/2025:16:11:25 -0600] "POST /ajax/getRutasPorEstacion.json HTTP/1.1" 200 2274
190.104.126.211 - - [04/Feb/2025:16:11:22 -0600] "POST /ajax/listarDatosIniciales.json HTTP/1.1" 200 40
190.149.187.71 - - [04/Feb/2025:16:11:32 -0600] "GET /salida/consultar2.html HTTP/1.1" 200 10775
190.61.91.89 - - [04/Feb/2025:16:11:12 -0600] "GET / HTTP/1.1" 200 30192
190.56.157.165 - - [04/Feb/2025:16:11:27 -0600] "POST /ajax/getSeriesActivaPorEstacion.json HTTP/1.1" 200 113
190.149.166.61 - - [04/Feb/2025:16:10:56 -0600] "POST /ajax/print/voucherBoleto.pdf HTTP/1.1" 200 610
200.119.178.44 - - [04/Feb/2025:16:11:28 -0600] "GET /ajax/listarClientesPaginando.json?term=Alisson+seijas&page_limit=5&_=1738706573860 HTTP/1.1" 200 60
181.174.90.197 - - [04/Feb/2025:16:11:50 -0600] "-" 408 -
45.229.41.100 - - [04/Feb/2025:16:11:19 -0600] "POST /ajax/listarSalidasActivasEmitirBoleto.json HTTP/1.1" 200 3028
190.148.50.106 - - [04/Feb/2025:16:11:44 -0600] "POST /ajax/listarClientesPaginando.json HTTP/1.1" 200 14
24.152.55.4 - - [04/Feb/2025:16:11:57 -0600] "-" 408 -
45.229.41.203 - - [04/Feb/2025:16:11:22 -0600] "POST /salida/asignarTarjeta.html HTTP/1.1" 200 79
190.149.4.89 - - [04/Feb/2025:16:11:03 -0600] "POST /encomienda/procesarEncomienda.html HTTP/1.1" 200 79
190.56.157.165 - - [04/Feb/2025:16:11:49 -0600] "POST /ajax/calcularImporteTotalMonedaBaseEncomienda.json HTTP/1.1" 200 37
190.148.50.106 - - [04/Feb/2025:16:11:47 -0600] "POST /ajax/listarClientesPaginando.json HTTP/1.1" 200 14
45.186.105.130 - - [04/Feb/2025:16:10:58 -0600] "POST /boleto/emitirBoletos.html HTTP/1.1" 200 714
190.148.50.106 - - [04/Feb/2025:16:11:50 -0600] "POST /ajax/getEstacionesDestinosPorRuta.json HTTP/1.1" 200 963
190.149.166.61 - - [04/Feb/2025:16:11:49 -0600] "GET /boleto/emitirBoletos.html HTTP/1.1" 200 29033
190.14.134.172 - - [04/Feb/2025:16:11:41 -0600] "POST /ajax/listarSalidasActivasEmitirBoleto.json HTTP/1.1" 200 28026
186.151.119.184 - - [04/Feb/2025:16:11:43 -0600] "POST /ajax/listarSalidasActivasEmitirBoleto.json HTTP/1.1" 200 3028
181.189.154.32 - - [04/Feb/2025:16:11:26 -0600] "POST /ajax/getInformacionPorSalida.json HTTP/1.1" 200 9397
190.149.187.71 - - [04/Feb/2025:16:11:47 -0600] "POST /ajax/listarSalidasByFecha.html HTTP/1.1" 200 16216
190.148.50.106 - - [04/Feb/2025:16:11:50 -0600] "POST /ajax/listarClientesPaginando.json HTTP/1.1" 200 14
190.148.50.106 - - [04/Feb/2025:16:12:26 -0600] "-" 408 -
24.152.55.4 - - [04/Feb/2025:16:11:34 -0600] "POST /ajax/getInformacionPorSalida.json HTTP/1.1" 200 5872
190.56.130.17 - - [04/Feb/2025:16:12:06 -0600] "POST /ajax/getSeriesActivaPorEstacion.json HTTP/1.1" 200 115
200.119.178.44 - - [04/Feb/2025:16:11:52 -0600] "POST /ajax/listarSalidasActivasEmitirBoleto.json HTTP/1.1" 200 8463
45.186.105.130 - - [04/Feb/2025:16:12:13 -0600] "GET /boleto/emitirBoletos.html HTTP/1.1" 200 28884
45.229.41.203 - - [04/Feb/2025:16:11:59 -0600] "POST /salida/listarSalidas.json HTTP/1.1" 200 845
190.14.134.172 - - [04/Feb/2025:16:12:18 -0600] "POST /ajax/listarDatosIniciales.json HTTP/1.1" 200 40
190.148.50.106 - - [04/Feb/2025:16:12:06 -0600] "POST /ajax/listarClientesPaginando.json HTTP/1.1" 200 81
190.104.126.211 - - [04/Feb/2025:16:11:26 -0600] "POST /ajax/getInformacionPorSalida.json HTTP/1.1" 200 10682
190.61.91.89 - - [04/Feb/2025:16:11:59 -0600] "POST /ajax/listarSalidasActivasEmitirBoleto.json HTTP/1.1" 200 28026
190.56.130.17 - - [04/Feb/2025:16:12:30 -0600] "POST /ajax/calcularImporteTotalMonedaBaseEncomienda.json HTTP/1.1" 200 37
190.149.4.89 - - [04/Feb/2025:16:12:02 -0600] "POST /ajax/listarEncomiendasAProcesar.json HTTP/1.1" 200 455
190.148.50.106 - - [04/Feb/2025:16:12:30 -0600] "POST /ajax/listarClientesPaginando.json HTTP/1.1" 200 81
190.149.166.61 - - [04/Feb/2025:16:12:16 -0600] "POST /ajax/listarSalidasActivasEmitirBoleto.json HTTP/1.1" 200 3184
190.61.91.89 - - [04/Feb/2025:16:12:06 -0600] "GET /ajax/listarClientesPaginando.json?term=sonia&page_limit=5&_=1738707107820 HTTP/1.1" 200 282
45.229.41.100 - - [04/Feb/2025:16:11:53 -0600] "POST /ajax/getInformacionPorSalida.json HTTP/1.1" 200 5817
190.14.134.172 - - [04/Feb/2025:16:12:31 -0600] "POST /ajax/listarSalidasActivasEmitirBoleto.json HTTP/1.1" 200 2550
190.148.50.106 - - [04/Feb/2025:16:12:44 -0600] "POST /ajax/calcularImporteTotalMonedaBaseEncomienda.json HTTP/1.1" 200 37
190.149.166.61 - - [04/Feb/2025:16:12:20 -0600] "GET /ajax/listarClientesPaginando.json?term=ANA&page_limit=5&_=1738706835417 HTTP/1.1" 200 313
190.61.91.89 - - [04/Feb/2025:16:12:11 -0600] "GET /ajax/listarClientesPaginando.json?term=Sonia+&page_limit=5&_=1738707107821 HTTP/1.1" 200 322
200.119.178.44 - - [04/Feb/2025:16:12:45 -0600] "GET /ajax/listarClientesPaginando.json?term=109733983&page_limit=5&_=1738706573861 HTTP/1.1" 200 87
190.149.4.89 - - [04/Feb/2025:16:12:50 -0600] "POST /reportes/manifiestoEncomiendaFull.html HTTP/1.1" 200 156
45.186.105.130 - - [04/Feb/2025:16:12:37 -0600] "POST /ajax/listarSalidasActivasEmitirBoleto.json HTTP/1.1" 200 1138
186.151.119.184 - - [04/Feb/2025:16:12:20 -0600] "POST /ajax/getInformacionPorSalida.json HTTP/1.1" 200 9011
45.229.41.142 - - [04/Feb/2025:16:13:18 -0600] "GET / HTTP/1.1" 302 464
190.148.50.106 - - [04/Feb/2025:16:12:55 -0600] "POST /ajax/getRutasPorEstacion.json HTTP/1.1" 200 2274
190.149.166.61 - - [04/Feb/2025:16:12:24 -0600] "GET /ajax/listarClientesPaginando.json?term=ANA+&page_limit=5&_=1738706835418 HTTP/1.1" 200 313
45.229.41.142 - - [04/Feb/2025:16:13:23 -0600] "GET /login HTTP/1.1" 200 2752
24.152.55.4 - - [04/Feb/2025:16:12:48 -0600] "POST /ajax/calcularImporteTotalMonedaBase.json HTTP/1.1" 200 50
190.149.187.71 - - [04/Feb/2025:16:12:32 -0600] "POST /ajax/getInformacionPorSalida.json HTTP/1.1" 200 11359
45.229.41.142 - - [04/Feb/2025:16:13:03 -0600] "GET /boleto/emitirBoletos.html HTTP/1.1" 200 28906
190.104.126.211 - - [04/Feb/2025:16:12:55 -0600] "POST /ajax/calcularImporteTotalMonedaBase.json HTTP/1.1" 200 52
190.61.91.89 - - [04/Feb/2025:16:12:12 -0600] "GET /ajax/listarClientesPaginando.json?term=Sonia+reyes+&page_limit=5&_=1738707107822 HTTP/1.1" 200 264
181.189.154.32 - - [04/Feb/2025:16:13:00 -0600] "POST /ajax/calcularImporteTotalMonedaBase.json HTTP/1.1" 200 50
190.149.187.71 - - [04/Feb/2025:16:13:32 -0600] "-" 408 -
190.56.157.165 - - [04/Feb/2025:16:12:10 -0600] "POST /encomienda/registrarEncomienda.html HTTP/1.1" 200 1297
190.149.166.61 - - [04/Feb/2025:16:12:28 -0600] "GET /ajax/listarClientesPaginando.json?term=ANA+FRANCISC&page_limit=5&_=1738706835419 HTTP/1.1" 200 296
45.186.105.130 - - [04/Feb/2025:16:13:22 -0600] "POST /ajax/listarDatosIniciales.json HTTP/1.1" 200 60
190.149.4.89 - - [04/Feb/2025:16:13:24 -0600] "POST /reportes/manifiestoEncomiendaFull.html HTTP/1.1" 200 156
186.151.119.61 - - [04/Feb/2025:16:12:46 -0600] "POST /ajax/getInformacionPorSalida.json HTTP/1.1" 200 6964
190.61.91.89 - - [04/Feb/2025:16:12:41 -0600] "POST /ajax/listarDatosIniciales.json HTTP/1.1" 200 40
190.148.50.106 - - [04/Feb/2025:16:13:28 -0600] "POST /ajax/getEstacionesDestinosPorRuta.json HTTP/1.1" 200 884
190.149.166.61 - - [04/Feb/2025:16:12:29 -0600] "GET /ajax/listarClientesPaginando.json?term=ANA+FRANCISCA&page_limit=5&_=1738706835420 HTTP/1.1" 200 328
190.149.187.71 - - [04/Feb/2025:16:13:32 -0600] "POST /reportes/manifiestoBoletoPiloto.html HTTP/1.1" 200 156
181.174.72.194 - - [04/Feb/2025:16:13:14 -0600] "POST /ajax/getInformacionPorSalida.json HTTP/1.1" 200 10857
190.61.91.89 - - [04/Feb/2025:16:12:47 -0600] "GET /ajax/listarClientesPaginando.json?term=c&page_limit=5&_=1738707107823 HTTP/1.1" 200 305
190.56.157.165 - - [04/Feb/2025:16:13:33 -0600] "GET /encomienda/registrarEncomienda.html HTTP/1.1" 200 32511
190.14.134.172 - - [04/Feb/2025:16:13:13 -0600] "POST /ajax/getInformacionPorSalida.json HTTP/1.1" 200 7069
190.149.166.61 - - [04/Feb/2025:16:12:30 -0600] "GET /ajax/listarClientesPaginando.json?term=ANA+FRANCISCA+&page_limit=5&_=1738706835421 HTTP/1.1" 200 289
186.151.119.184 - - [04/Feb/2025:16:13:30 -0600] "POST /ajax/calcularImporteTotalMonedaBase.json HTTP/1.1" 200 50
24.152.55.4 - - [04/Feb/2025:16:13:57 -0600] "-" 408 -
200.119.178.44 - - [04/Feb/2025:16:13:30 -0600] "POST /ajax/listarSalidasActivasEmitirBoleto.json HTTP/1.1" 200 5716
190.61.91.89 - - [04/Feb/2025:16:12:49 -0600] "GET /ajax/listarClientesPaginando.json?term=clara+&page_limit=5&_=1738707107824 HTTP/1.1" 200 283
45.229.41.100 - - [04/Feb/2025:16:13:48 -0600] "GET /ajax/listarClientesPaginando.json?term=DIMAS+&page_limit=5&_=1738698808710 HTTP/1.1" 200 251
190.56.130.17 - - [04/Feb/2025:16:12:47 -0600] "POST /encomienda/registrarEncomienda.html HTTP/1.1" 200 1206
190.14.134.172 - - [04/Feb/2025:16:13:10 -0600] "POST /ajax/listarDatosIniciales.json HTTP/1.1" 200 40
190.56.157.165 - - [04/Feb/2025:16:13:50 -0600] "POST /ajax/listarMonedasCajasAbiertas.json HTTP/1.1" 200 41
190.149.166.61 - - [04/Feb/2025:16:12:33 -0600] "GET /ajax/listarClientesPaginando.json?term=ANA+FRANCISCA+ROSA&page_limit=5&_=1738706835422 HTTP/1.1" 200 90
190.148.50.106 - - [04/Feb/2025:16:13:18 -0600] "POST /encomienda/registrarEncomienda.html HTTP/1.1" 200 263
181.174.72.194 - - [04/Feb/2025:16:13:55 -0600] "POST /reportes/manifiestoBoletoPiloto.html HTTP/1.1" 200 156
190.149.4.89 - - [04/Feb/2025:16:13:56 -0600] "POST /reportes/manifiestoEncomiendaFull.html HTTP/1.1" 200 156
190.61.91.89 - - [04/Feb/2025:16:12:51 -0600] "GET /ajax/listarClientesPaginando.json?term=clara+rey&page_limit=5&_=1738707107825 HTTP/1.1" 200 108
190.148.50.106 - - [04/Feb/2025:16:13:59 -0600] "POST /ajax/listarTipoEncomiendaEspecialPaginando.json HTTP/1.1" 200 650
45.186.105.130 - - [04/Feb/2025:16:13:27 -0600] "POST /ajax/getInformacionPorSalida.json HTTP/1.1" 200 5839
190.149.166.61 - - [04/Feb/2025:16:12:53 -0600] "POST /ajax/listarDatosIniciales.json HTTP/1.1" 200 60
190.56.130.17 - - [04/Feb/2025:16:14:03 -0600] "GET /encomienda/registrarEncomienda.html HTTP/1.1" 200 32511
190.148.50.106 - - [04/Feb/2025:16:14:01 -0600] "POST /ajax/listarTipoEncomiendaEspecialPaginando.json HTTP/1.1" 200 57
190.61.91.89 - - [04/Feb/2025:16:12:55 -0600] "GET /ajax/listarClientesPaginando.json?term=clara+reyes&page_limit=5&_=1738707107826 HTTP/1.1" 200 108
186.151.119.61 - - [04/Feb/2025:16:13:51 -0600] "GET /ajax/consultarAsientoSalida.html?idSalida=4638323&numeroAsiento=9 HTTP/1.1" 200 2180
45.229.41.100 - - [04/Feb/2025:16:14:10 -0600] "GET /ajax/listarClientesPaginando.json?term=DIMAS+LOPEZ+&page_limit=5&_=1738698808711 HTTP/1.1" 200 105
45.229.41.142 - - [04/Feb/2025:16:14:11 -0600] "POST /login_check HTTP/1.1" 302 304
190.104.126.211 - - [04/Feb/2025:16:13:31 -0600] "POST /boleto/emitirBoletosAgencia.html HTTP/1.1" 200 278
200.119.178.44 - - [04/Feb/2025:16:13:59 -0600] "POST /ajax/getInformacionPorSalida.json HTTP/1.1" 200 4797
181.174.72.200 - - [04/Feb/2025:16:14:10 -0600] "GET /ajax/listarClientesPaginando.json?term=sonia+&page_limit=5&_=1738707107827 HTTP/1.1" 200 306
190.56.130.17 - - [04/Feb/2025:16:14:14 -0600] "POST /ajax/listarMonedasCajasAbiertas.json HTTP/1.1" 200 41
190.148.50.106 - - [04/Feb/2025:16:14:16 -0600] "POST /ajax/calcularImporteTotalMonedaBaseEncomienda.json HTTP/1.1" 200 38
24.152.55.4 - - [04/Feb/2025:16:13:32 -0600] "POST /boleto/emitirBoletos.html HTTP/1.1" 200 866
181.189.154.32 - - [04/Feb/2025:16:13:36 -0600] "POST /boleto/emitirBoletos.html HTTP/1.1" 200 824
190.148.50.106 - - [04/Feb/2025:16:14:07 -0600] "POST /ajax/print/datosEncomienda HTTP/1.1" 200 1102
181.174.72.200 - - [04/Feb/2025:16:14:12 -0600] "GET /ajax/listarClientesPaginando.json?term=sonia+reyes&page_limit=5&_=1738707107828 HTTP/1.1" 200 283
190.149.166.61 - - [04/Feb/2025:16:14:17 -0600] "POST /ajax/listarSalidasActivasEmitirBoleto.json HTTP/1.1" 200 614
181.174.72.200 - - [04/Feb/2025:16:14:16 -0600] "GET /ajax/listarClientesPaginando.json?term=sonia+reyes+chacon+&page_limit=5&_=1738707107829 HTTP/1.1" 200 64
186.151.119.184 - - [04/Feb/2025:16:13:58 -0600] "POST /boleto/emitirBoletos.html HTTP/1.1" 200 795
45.229.41.142 - - [04/Feb/2025:16:14:21 -0600] "GET / HTTP/1.1" 200 34868
190.148.50.106 - - [04/Feb/2025:16:14:24 -0600] "GET /encomienda/registrarEncomienda.html HTTP/1.1" 200 32511
200.119.178.44 - - [04/Feb/2025:16:14:26 -0600] "GET /cliente/crear.html HTTP/1.1" 200 10439
24.152.55.4 - - [04/Feb/2025:16:14:24 -0600] "GET /boleto/emitirBoletos.html HTTP/1.1" 200 28910
181.189.154.32 - - [04/Feb/2025:16:14:24 -0600] "GET /boleto/emitirBoletos.html HTTP/1.1" 200 29021
45.229.41.203 - - [04/Feb/2025:16:14:28 -0600] "POST /reportes/manifiestoBoletoPiloto.html HTTP/1.1" 200 156
190.56.157.165 - - [04/Feb/2025:16:14:32 -0600] "POST /ajax/listarClientesPaginando.json HTTP/1.1" 200 297
190.56.130.17 - - [04/Feb/2025:16:14:29 -0600] "GET /boleto/emitirBoletos.html HTTP/1.1" 200 28915
186.151.119.184 - - [04/Feb/2025:16:14:30 -0600] "GET /boleto/emitirBoletos.html HTTP/1.1" 200 28912
190.148.50.106 - - [04/Feb/2025:16:14:35 -0600] "POST /ajax/listarMonedasCajasAbiertas.json HTTP/1.1" 200 41
181.174.72.200 - - [04/Feb/2025:16:14:31 -0600] "POST /ajax/listarSalidasActivasEmitirBoleto.json HTTP/1.1" 200 7435
190.56.157.165 - - [04/Feb/2025:16:14:34 -0600] "POST /ajax/listarClientesPaginando.json HTTP/1.1" 200 343
24.152.55.4 - - [04/Feb/2025:16:14:37 -0600] "POST /ajax/listarSalidasActivasEmitirBoleto.json HTTP/1.1" 200 1132
200.119.178.44 - - [04/Feb/2025:16:14:38 -0600] "POST /cliente/crear.html HTTP/1.1" 200 146
190.104.126.211 - - [04/Feb/2025:16:14:24 -0600] "POST /ajax/print/voucherBoleto.pdf HTTP/1.1" 200 126
190.149.166.61 - - [04/Feb/2025:16:14:29 -0600] "POST /ajax/getInformacionPorSalida.json HTTP/1.1" 200 10663
190.56.130.17 - - [04/Feb/2025:16:14:42 -0600] "POST /ajax/listarSalidasActivasEmitirBoleto.json HTTP/1.1" 200 34
190.104.126.211 - - [04/Feb/2025:16:14:50 -0600] "GET /pdf/asicajan_2025.02.04_16.14.45_fdn_boleto_13191928,13191929.pdf?v=2.5 HTTP/1.1" 200 75432
181.189.154.32 - - [04/Feb/2025:16:14:37 -0600] "POST /ajax/listarSalidasActivasEmitirBoleto.json HTTP/1.1" 200 3734
190.148.50.106 - - [04/Feb/2025:16:14:25 -0600] "POST /encomienda/registrarEncomienda.html HTTP/1.1" 200 263
186.151.119.184 - - [04/Feb/2025:16:14:42 -0600] "POST /ajax/listarSalidasActivasEmitirBoleto.json HTTP/1.1" 200 3875
45.228.234.105 - - [04/Feb/2025:16:14:44 -0600] "GET /boleto/emitirBoletos.html HTTP/1.1" 200 28892
181.174.72.200 - - [04/Feb/2025:16:14:47 -0600] "POST /ajax/listarDatosIniciales.json HTTP/1.1" 200 40
24.152.55.4 - - [04/Feb/2025:16:14:47 -0600] "POST /ajax/listarDatosIniciales.json HTTP/1.1" 200 60
200.119.178.44 - - [04/Feb/2025:16:14:49 -0600] "POST /ajax/listarClientesPaginando.json HTTP/1.1" 200 60
190.56.130.17 - - [04/Feb/2025:16:14:49 -0600] "POST /ajax/listarDatosIniciales.json HTTP/1.1" 200 61
190.104.126.211 - - [04/Feb/2025:16:14:49 -0600] "GET /boleto/emitirBoletosAgencia.html HTTP/1.1" 200 28758
181.189.154.32 - - [04/Feb/2025:16:14:52 -0600] "POST /ajax/listarDatosIniciales.json HTTP/1.1" 200 60
190.56.157.165 - - [04/Feb/2025:16:14:57 -0600] "POST /ajax/listarClientesPaginando.json HTTP/1.1" 200 311
181.189.154.32 - - [04/Feb/2025:16:15:01 -0600] "GET /logout HTTP/1.1" 302 444
181.189.154.32 - - [04/Feb/2025:16:15:16 -0600] "GET / HTTP/1.1" 302 464
186.151.119.184 - - [04/Feb/2025:16:14:59 -0600] "POST /ajax/listarDatosIniciales.json HTTP/1.1" 200 61
200.119.178.55 - - [04/Feb/2025:16:15:08 -0600] "POST /login_check HTTP/1.1" 302 304
181.174.90.164 - - [04/Feb/2025:16:14:59 -0600] "GET /boleto/emitirBoletos.html HTTP/1.1" 200 28892
190.148.50.106 - - [04/Feb/2025:16:15:10 -0600] "POST /ajax/listarClientesPaginando.json HTTP/1.1" 200 263
190.56.130.17 - - [04/Feb/2025:16:14:57 -0600] "POST /ajax/listarSalidasActivasEmitirBoleto.json HTTP/1.1" 200 34
181.189.154.32 - - [04/Feb/2025:16:15:22 -0600] "GET /login HTTP/1.1" 200 2752
190.56.157.165 - - [04/Feb/2025:16:15:00 -0600] "POST /ajax/listarClientesPaginando.json HTTP/1.1" 200 287
45.229.41.100 - - [04/Feb/2025:16:14:53 -0600] "POST /ajax/calcularImporteTotalMonedaBase.json HTTP/1.1" 200 50
181.189.154.32 - - [04/Feb/2025:16:14:51 -0600] "POST /ajax/listarSalidasActivasEmitirBoleto.json HTTP/1.1" 200 8463
45.229.41.142 - - [04/Feb/2025:16:15:20 -0600] "GET /salida/consultar2.html HTTP/1.1" 200 10775
45.228.234.105 - - [04/Feb/2025:16:14:59 -0600] "POST /ajax/listarSalidasActivasEmitirBoleto.json HTTP/1.1" 200 310
200.119.178.44 - - [04/Feb/2025:16:15:15 -0600] "GET /cliente/crear.html HTTP/1.1" 200 10439
190.148.50.106 - - [04/Feb/2025:16:14:55 -0600] "POST /ajax/print/datosEncomienda HTTP/1.1" 200 1119
186.151.119.184 - - [04/Feb/2025:16:15:12 -0600] "GET /ajax/listarClientesPaginando.json?term=ronal+&page_limit=5&_=1738705785299 HTTP/1.1" 200 257
190.149.166.61 - - [04/Feb/2025:16:15:15 -0600] "GET /boleto/emitirBoletos.html HTTP/1.1" 200 29033
190.148.50.106 - - [04/Feb/2025:16:15:11 -0600] "POST /ajax/listarClientesPaginando.json HTTP/1.1" 200 153
181.174.72.200 - - [04/Feb/2025:16:15:11 -0600] "POST /ajax/listarSalidasActivasEmitirBoleto.json HTTP/1.1" 200 2119
190.149.166.61 - - [04/Feb/2025:16:15:12 -0600] "POST /ajax/calcularImporteTotalMonedaBase.json HTTP/1.1" 200 50
181.174.90.164 - - [04/Feb/2025:16:15:27 -0600] "POST /ajax/listarSalidasActivasEmitirBoleto.json HTTP/1.1" 200 34
186.151.119.184 - - [04/Feb/2025:16:15:17 -0600] "GET /ajax/listarClientesPaginando.json?term=ronal+vasquez&page_limit=5&_=1738705785300 HTTP/1.1" 200 265
190.104.126.211 - - [04/Feb/2025:16:15:14 -0600] "POST /ajax/listarSalidasActivasEmitirBoleto.json HTTP/1.1" 200 28026
190.56.157.165 - - [04/Feb/2025:16:15:33 -0600] "POST /ajax/getRutasPorEstacion.json HTTP/1.1" 200 2166
200.119.178.55 - - [04/Feb/2025:16:15:25 -0600] "GET / HTTP/1.1" 200 35821
45.228.234.105 - - [04/Feb/2025:16:15:32 -0600] "POST /ajax/listarDatosIniciales.json HTTP/1.1" 200 61
190.148.50.106 - - [04/Feb/2025:16:15:34 -0600] "GET /encomienda/registrarEncomienda.html HTTP/1.1" 200 32511
181.174.72.200 - - [04/Feb/2025:16:15:36 -0600] "POST /ajax/listarDatosIniciales.json HTTP/1.1" 200 40
190.104.126.211 - - [04/Feb/2025:16:15:28 -0600] "GET /agencia/registrar.html HTTP/1.1" 200 4025
181.174.90.164 - - [04/Feb/2025:16:15:39 -0600] "POST /ajax/listarDatosIniciales.json HTTP/1.1" 200 61
181.189.154.32 - - [04/Feb/2025:16:14:59 -0600] "POST /ajax/getInformacionPorSalida.json HTTP/1.1" 200 11119
45.229.41.142 - - [04/Feb/2025:16:15:33 -0600] "POST /ajax/listarSalidasByFecha.html HTTP/1.1" 200 16216
200.119.178.44 - - [04/Feb/2025:16:15:37 -0600] "POST /cliente/crear.html HTTP/1.1" 200 146
190.149.166.61 - - [04/Feb/2025:16:15:35 -0600] "POST /ajax/listarSalidasActivasEmitirBoleto.json HTTP/1.1" 200 3184
190.148.50.106 - - [04/Feb/2025:16:15:44 -0600] "POST /ajax/listarClientesPaginando.json HTTP/1.1" 200 307
200.119.178.55 - - [04/Feb/2025:16:15:45 -0600] "GET /boleto/emitirBoletos.html HTTP/1.1" 200 29032
181.174.72.200 - - [04/Feb/2025:16:15:40 -0600] "GET /ajax/listarClientesPaginando.json?term=sonia+&page_limit=5&_=1738707107830 HTTP/1.1" 200 287
190.148.50.106 - - [04/Feb/2025:16:15:48 -0600] "POST /ajax/listarMonedasCajasAbiertas.json HTTP/1.1" 200 41
190.104.126.211 - - [04/Feb/2025:16:15:43 -0600] "POST /ajax/listarDatosIniciales.json HTTP/1.1" 200 40
190.56.157.165 - - [04/Feb/2025:16:15:49 -0600] "POST /ajax/getEstacionesDestinosPorRuta.json HTTP/1.1" 200 851
190.148.50.106 - - [04/Feb/2025:16:15:46 -0600] "POST /ajax/listarClientesPaginando.json HTTP/1.1" 200 328
181.174.72.200 - - [04/Feb/2025:16:15:42 -0600] "GET /ajax/listarClientesPaginando.json?term=sonia+reye&page_limit=5&_=1738707107831 HTTP/1.1" 200 258
200.119.178.44 - - [04/Feb/2025:16:15:57 -0600] "POST /ajax/listarClientesPaginando.json HTTP/1.1" 200 60
190.56.130.17 - - [04/Feb/2025:16:15:49 -0600] "POST /ajax/listarSalidasActivasEmitirBoleto.json HTTP/1.1" 200 3875
190.149.166.61 - - [04/Feb/2025:16:15:58 -0600] "POST /ajax/listarDatosIniciales.json HTTP/1.1" 200 60
181.189.154.32 - - [04/Feb/2025:16:16:09 -0600] "GET /logout HTTP/1.1" 302 444
190.148.50.106 - - [04/Feb/2025:16:15:47 -0600] "POST /ajax/listarClientesPaginando.json HTTP/1.1" 200 14
181.174.72.200 - - [04/Feb/2025:16:15:43 -0600] "GET /ajax/listarClientesPaginando.json?term=sonia+reyes+&page_limit=5&_=1738707107832 HTTP/1.1" 200 289
190.56.157.165 - - [04/Feb/2025:16:16:12 -0600] "POST /ajax/listarTipoEncomiendaEspecialPaginando.json HTTP/1.1" 200 650
181.189.154.32 - - [04/Feb/2025:16:16:19 -0600] "GET / HTTP/1.1" 302 464
186.151.119.184 - - [04/Feb/2025:16:15:44 -0600] "POST /ajax/getInformacionPorSalida.json HTTP/1.1" 200 6735
181.189.154.32 - - [04/Feb/2025:16:16:10 -0600] "GET /ajax/listarClientesPaginando.json?term=CRISTI&page_limit=5&_=1738702127459 HTTP/1.1" 200 321
200.119.178.55 - - [04/Feb/2025:16:16:03 -0600] "POST /ajax/listarSalidasActivasEmitirBoleto.json HTTP/1.1" 200 8463
181.189.154.32 - - [04/Feb/2025:16:16:26 -0600] "GET /login HTTP/1.1" 200 2752
45.229.41.100 - - [04/Feb/2025:16:15:36 -0600] "POST /boleto/emitirBoletos.html HTTP/1.1" 200 957
190.148.50.106 - - [04/Feb/2025:16:15:49 -0600] "POST /ajax/listarClientesPaginando.json HTTP/1.1" 200 328
181.189.154.32 - - [04/Feb/2025:16:15:47 -0600] "POST /ajax/getInformacionPorSalida.json HTTP/1.1" 200 6142
190.56.157.165 - - [04/Feb/2025:16:16:14 -0600] "POST /ajax/listarTipoEncomiendaEspecialPaginando.json HTTP/1.1" 200 1180
190.149.166.61 - - [04/Feb/2025:16:16:04 -0600] "POST /ajax/listarSalidasActivasEmitirBoleto.json HTTP/1.1" 200 3734
24.152.55.20 - - [04/Feb/2025:16:16:18 -0600] "GET /boleto/emitirBoletos.html HTTP/1.1" 200 28904
181.189.154.32 - - [04/Feb/2025:16:16:13 -0600] "GET /ajax/listarClientesPaginando.json?term=CRISTINA+MANUEL&page_limit=5&_=1738702127460 HTTP/1.1" 200 115
200.119.178.44 - - [04/Feb/2025:16:16:16 -0600] "POST /ajax/calcularImporteTotalMonedaBase.json HTTP/1.1" 200 50
200.119.178.55 - - [04/Feb/2025:16:16:14 -0600] "GET /ajax/listarClientesPaginando.json?term=JANEISY+&page_limit=5&_=1738707345171 HTTP/1.1" 200 14
190.148.50.106 - - [04/Feb/2025:16:15:50 -0600] "POST /ajax/listarClientesPaginando.json HTTP/1.1" 200 328
190.56.157.165 - - [04/Feb/2025:16:16:37 -0600] "POST /ajax/listarTipoEncomiendaEspecialPaginando.json HTTP/1.1" 200 1214
190.143.185.144 - - [04/Feb/2025:16:16:41 -0600] "POST /login_check HTTP/1.1" 302 304
190.148.50.106 - - [04/Feb/2025:16:16:40 -0600] "POST /ajax/listarClientesPaginando.json HTTP/1.1" 200 162
190.149.166.61 - - [04/Feb/2025:16:15:54 -0600] "POST /boleto/emitirBoletos.html HTTP/1.1" 200 802
190.104.126.211 - - [04/Feb/2025:16:16:23 -0600] "POST /agencia/registrar.html HTTP/1.1" 200 79
200.119.178.55 - - [04/Feb/2025:16:16:16 -0600] "GET /ajax/listarClientesPaginando.json?term=JANEISY+MEDINA&page_limit=5&_=1738707345172 HTTP/1.1" 200 14
45.229.41.100 - - [04/Feb/2025:16:16:40 -0600] "GET /boleto/emitirBoletos.html HTTP/1.1" 200 28905
190.148.50.106 - - [04/Feb/2025:16:15:51 -0600] "POST /ajax/listarClientesPaginando.json HTTP/1.1" 200 328
186.151.119.184 - - [04/Feb/2025:16:16:47 -0600] "POST /ajax/calcularImporteTotalMonedaBase.json HTTP/1.1" 200 50
190.56.130.17 - - [04/Feb/2025:16:16:22 -0600] "POST /ajax/getInformacionPorSalida.json HTTP/1.1" 200 6735
45.229.41.142 - - [04/Feb/2025:16:16:25 -0600] "POST /ajax/getInformacionPorSalida.json HTTP/1.1" 200 10857
181.189.154.32 - - [04/Feb/2025:16:17:04 -0600] "GET /cliente/crear.html HTTP/1.1" 200 10439
200.119.178.55 - - [04/Feb/2025:16:16:37 -0600] "POST /ajax/listarDatosIniciales.json HTTP/1.1" 200 60
181.189.154.32 - - [04/Feb/2025:16:17:19 -0600] "POST /ajax/calcularImporteTotalMonedaBase.json HTTP/1.1" 302 464
24.152.55.20 - - [04/Feb/2025:16:16:51 -0600] "POST /ajax/listarSalidasActivasEmitirBoleto.json HTTP/1.1" 200 1376
190.148.50.106 - - [04/Feb/2025:16:16:19 -0600] "GET /cliente/crear.html HTTP/1.1" 200 10439
190.148.50.106 - - [04/Feb/2025:16:17:06 -0600] "POST /ajax/listarClientesPaginando.json HTTP/1.1" 200 245
181.174.90.197 - - [04/Feb/2025:16:17:01 -0600] "GET /agencia/consultarSaldoAgencia.html HTTP/1.1" 200 2476
186.151.119.59 - - [04/Feb/2025:16:17:08 -0600] "POST /reportes/cuadreVentaBoleto.html HTTP/1.1" 200 156
190.149.166.61 - - [04/Feb/2025:16:17:03 -0600] "GET /boleto/emitirBoletos.html HTTP/1.1" 200 29033
181.189.154.32 - - [04/Feb/2025:16:17:25 -0600] "GET /login HTTP/1.1" 200 2752
45.229.41.100 - - [04/Feb/2025:16:17:10 -0600] "POST /ajax/listarSalidasActivasEmitirBoleto.json HTTP/1.1" 200 34
190.56.157.165 - - [04/Feb/2025:16:17:12 -0600] "POST /ajax/getSeriesActivaPorEstacion.json HTTP/1.1" 200 113
190.143.185.144 - - [04/Feb/2025:16:16:59 -0600] "GET / HTTP/1.1" 200 37819
200.119.178.55 - - [04/Feb/2025:16:17:22 -0600] "GET /cliente/crear.html HTTP/1.1" 200 10439
181.174.72.200 - - [04/Feb/2025:16:16:51 -0600] "POST /ajax/getInformacionPorSalida.json HTTP/1.1" 200 6488
24.152.55.20 - - [04/Feb/2025:16:17:27 -0600] "POST /ajax/listarDatosIniciales.json HTTP/1.1" 200 60
190.148.50.106 - - [04/Feb/2025:16:17:31 -0600] "POST /ajax/getRutasPorEstacion.json HTTP/1.1" 200 2274
181.189.154.32 - - [04/Feb/2025:16:17:41 -0600] "POST /ajax/calcularImporteTotalMonedaBase.json HTTP/1.1" 302 464
190.104.126.211 - - [04/Feb/2025:16:17:18 -0600] "GET /agencia/ HTTP/1.1" 304 -
181.174.90.164 - - [04/Feb/2025:16:17:31 -0600] "GET /ajax/listarClientesPaginando.json?term=.........&page_limit=5&_=1738706977587 HTTP/1.1" 200 234
190.56.157.165 - - [04/Feb/2025:16:17:35 -0600] "POST /ajax/calcularImporteTotalMonedaBaseEncomienda.json HTTP/1.1" 200 37
45.229.41.142 - - [04/Feb/2025:16:17:35 -0600] "POST /reportes/manifiestoBoletoPiloto.html HTTP/1.1" 200 156
190.148.50.106 - - [04/Feb/2025:16:17:31 -0600] "POST /cliente/crear.html HTTP/1.1" 200 146
45.229.41.100 - - [04/Feb/2025:16:17:34 -0600] "POST /ajax/listarDatosIniciales.json HTTP/1.1" 200 61
181.189.154.32 - - [04/Feb/2025:16:17:44 -0600] "GET /login HTTP/1.1" 200 2752
190.56.130.17 - - [04/Feb/2025:16:17:36 -0600] "GET /ajax/listarClientesPaginando.json?term=7730&page_limit=5&_=1738703432145 HTTP/1.1" 200 358
190.149.166.61 - - [04/Feb/2025:16:16:59 -0600] "POST /ajax/getInformacionPorSalida.json HTTP/1.1" 200 11392
200.119.178.55 - - [04/Feb/2025:16:17:39 -0600] "POST /cliente/crear.html HTTP/1.1" 200 146
181.189.154.32 - - [04/Feb/2025:16:17:38 -0600] "POST /cliente/crear.html HTTP/1.1" 200 146
190.149.166.61 - - [04/Feb/2025:16:17:31 -0600] "POST /ajax/listarSalidasActivasEmitirBoleto.json HTTP/1.1" 200 3184
181.174.90.197 - - [04/Feb/2025:16:17:53 -0600] "-" 408 -
190.56.130.17 - - [04/Feb/2025:16:17:39 -0600] "GET /ajax/listarClientesPaginando.json?term=77308719&page_limit=5&_=1738703432146 HTTP/1.1" 200 85
190.104.126.211 - - [04/Feb/2025:16:17:45 -0600] "POST /agencia/listarDepositoAgencia.json HTTP/1.1" 200 4369
190.148.50.106 - - [04/Feb/2025:16:17:46 -0600] "POST /ajax/listarClientesPaginando.json HTTP/1.1" 200 63
200.119.178.44 - - [04/Feb/2025:16:17:01 -0600] "POST /boleto/emitirBoletos.html HTTP/1.1" 200 877
190.148.50.106 - - [04/Feb/2025:16:17:47 -0600] "POST /ajax/getEstacionesDestinosPorRuta.json HTTP/1.1" 200 884
190.149.166.61 - - [04/Feb/2025:16:17:40 -0600] "GET /ajax/listarClientesPaginando.json?term=LUCIA+MARIA+CHUB&page_limit=5&_=1738706835423 HTTP/1.1" 200 14
200.119.178.55 - - [04/Feb/2025:16:17:52 -0600] "POST /ajax/listarClientesPaginando.json HTTP/1.1" 200 60
181.189.154.32 - - [04/Feb/2025:16:17:52 -0600] "POST /ajax/listarClientesPaginando.json HTTP/1.1" 200 55
186.151.119.184 - - [04/Feb/2025:16:17:27 -0600] "POST /boleto/emitirBoletos.html HTTP/1.1" 200 975
24.152.55.20 - - [04/Feb/2025:16:17:47 -0600] "POST /ajax/listarSalidasActivasEmitirBoleto.json HTTP/1.1" 200 1132
190.149.166.61 - - [04/Feb/2025:16:17:52 -0600] "POST /ajax/listarDatosIniciales.json HTTP/1.1" 200 60
200.119.178.44 - - [04/Feb/2025:16:17:56 -0600] "GET /boleto/emitirBoletos.html HTTP/1.1" 200 29012
190.149.187.71 - - [04/Feb/2025:16:18:04 -0600] "GET /logout HTTP/1.1" 302 444
190.148.50.106 - - [04/Feb/2025:16:17:59 -0600] "POST /ajax/getRutasPorEstacion.json HTTP/1.1" 200 2274
181.189.154.32 - - [04/Feb/2025:16:18:06 -0600] "POST /ajax/listarSalidasActivasEmitirBoleto.json HTTP/1.1" 302 464
181.174.90.164 - - [04/Feb/2025:16:17:55 -0600] "POST /ajax/listarSalidasActivasEmitirBoleto.json HTTP/1.1" 200 3875
190.149.187.71 - - [04/Feb/2025:16:18:09 -0600] "GET / HTTP/1.1" 302 464
190.149.166.61 - - [04/Feb/2025:16:18:02 -0600] "GET /cliente/crear.html HTTP/1.1" 200 10439
181.189.154.32 - - [04/Feb/2025:16:18:10 -0600] "GET /login HTTP/1.1" 200 2752
186.151.119.184 - - [04/Feb/2025:16:18:03 -0600] "GET /boleto/emitirBoletos.html HTTP/1.1" 200 28912
190.149.187.71 - - [04/Feb/2025:16:18:13 -0600] "GET /login HTTP/1.1" 200 2752
190.148.50.106 - - [04/Feb/2025:16:18:09 -0600] "POST /ajax/listarTipoEncomiendaEspecialPaginando.json HTTP/1.1" 200 650
24.152.55.20 - - [04/Feb/2025:16:18:10 -0600] "GET /ajax/listarClientesPaginando.json?term=2668&page_limit=5&_=1738703253253 HTTP/1.1" 200 353
200.119.178.55 - - [04/Feb/2025:16:18:04 -0600] "POST /ajax/listarSalidasActivasEmitirBoleto.json HTTP/1.1" 200 5716
190.148.50.106 - - [04/Feb/2025:16:18:12 -0600] "POST /ajax/getEstacionesDestinosPorRuta.json HTTP/1.1" 200 963
190.56.157.165 - - [04/Feb/2025:16:17:49 -0600] "POST /encomienda/registrarEncomienda.html HTTP/1.1" 200 1300
181.189.154.32 - - [04/Feb/2025:16:18:07 -0600] "POST /ajax/calcularImporteTotalMonedaBase.json HTTP/1.1" 200 50
24.152.55.20 - - [04/Feb/2025:16:18:11 -0600] "GET /ajax/listarClientesPaginando.json?term=266865542&page_limit=5&_=1738703253254 HTTP/1.1" 200 91
190.149.166.61 - - [04/Feb/2025:16:18:19 -0600] "POST /cliente/crear.html HTTP/1.1" 200 146
190.149.187.71 - - [04/Feb/2025:16:18:23 -0600] "POST /login_check HTTP/1.1" 302 304
186.151.119.184 - - [04/Feb/2025:16:18:16 -0600] "POST /ajax/listarSalidasActivasEmitirBoleto.json HTTP/1.1" 200 3875
190.148.50.106 - - [04/Feb/2025:16:18:25 -0600] "POST /ajax/calcularImporteTotalMonedaBaseEncomienda.json HTTP/1.1" 200 37
190.56.157.165 - - [04/Feb/2025:16:18:24 -0600] "GET /encomienda/registrarEncomienda.html HTTP/1.1" 200 32511
200.119.178.44 - - [04/Feb/2025:16:18:17 -0600] "POST /ajax/listarSalidasActivasEmitirBoleto.json HTTP/1.1" 200 28026
190.56.130.17 - - [04/Feb/2025:16:18:23 -0600] "POST /ajax/calcularImporteTotalMonedaBase.json HTTP/1.1" 200 50
190.149.166.61 - - [04/Feb/2025:16:18:31 -0600] "POST /ajax/listarClientesPaginando.json HTTP/1.1" 200 62
181.174.90.164 - - [04/Feb/2025:16:18:15 -0600] "POST /ajax/getInformacionPorSalida.json HTTP/1.1" 200 7045
186.151.119.184 - - [04/Feb/2025:16:18:34 -0600] "POST /ajax/listarDatosIniciales.json HTTP/1.1" 200 61
190.56.157.165 - - [04/Feb/2025:16:18:37 -0600] "POST /ajax/listarMonedasCajasAbiertas.json HTTP/1.1" 200 41
200.119.178.44 - - [04/Feb/2025:16:18:38 -0600] "POST /ajax/listarDatosIniciales.json HTTP/1.1" 200 61
190.149.187.71 - - [04/Feb/2025:16:18:31 -0600] "GET / HTTP/1.1" 200 32741
186.151.119.184 - - [04/Feb/2025:16:18:37 -0600] "GET /ajax/listarClientesPaginando.json?term=delmi+cifuentes&page_limit=5&_=1738705785301 HTTP/1.1" 200 60
200.119.178.55 - - [04/Feb/2025:16:18:47 -0600] "GET /logout HTTP/1.1" 302 444
200.119.178.55 - - [04/Feb/2025:16:18:28 -0600] "POST /ajax/getInformacionPorSalida.json HTTP/1.1" 200 7274
200.119.178.55 - - [04/Feb/2025:16:18:51 -0600] "GET / HTTP/1.1" 302 464
24.152.55.20 - - [04/Feb/2025:16:18:31 -0600] "POST /ajax/getInformacionPorSalida.json HTTP/1.1" 200 9724
190.149.166.39 - - [04/Feb/2025:16:18:50 -0600] "POST /login_check HTTP/1.1" 302 324
181.174.90.197 - - [04/Feb/2025:16:18:56 -0600] "-" 408 -
181.174.90.197 - - [04/Feb/2025:16:18:56 -0600] "-" 408 -
200.119.178.55 - - [04/Feb/2025:16:18:52 -0600] "GET /login HTTP/1.1" 200 2752
190.149.166.61 - - [04/Feb/2025:16:18:51 -0600] "GET /ajax/listarClientesPaginando.json?term=rosa+&page_limit=5&_=1738706730804 HTTP/1.1" 200 290
190.149.166.39 - - [04/Feb/2025:16:18:53 -0600] "GET /login HTTP/1.1" 200 2848
190.149.166.61 - - [04/Feb/2025:16:18:49 -0600] "POST /ajax/listarSalidasActivasEmitirBoleto.json HTTP/1.1" 200 622
190.149.166.61 - - [04/Feb/2025:16:18:53 -0600] "GET /ajax/listarClientesPaginando.json?term=rosa+ofelia+&page_limit=5&_=1738706730805 HTTP/1.1" 200 301
181.189.154.32 - - [04/Feb/2025:16:18:35 -0600] "POST /boleto/emitirBoletos.html HTTP/1.1" 200 749
190.148.50.106 - - [04/Feb/2025:16:18:54 -0600] "POST /ajax/listarTipoEncomiendaEspecialPaginando.json HTTP/1.1" 200 650
190.148.50.106 - - [04/Feb/2025:16:18:36 -0600] "POST /encomienda/registrarEncomienda.html HTTP/1.1" 200 263
45.186.105.167 - - [04/Feb/2025:16:18:54 -0600] "GET /agencia/registrar.html HTTP/1.1" 200 4021
190.148.50.106 - - [04/Feb/2025:16:19:00 -0600] "POST /ajax/listarTipoEncomiendaEspecialPaginando.json HTTP/1.1" 200 73
200.119.178.44 - - [04/Feb/2025:16:18:58 -0600] "GET /ajax/listarClientesPaginando.json?term=70526168&page_limit=5&_=1738706573862 HTTP/1.1" 200 84
186.151.119.184 - - [04/Feb/2025:16:18:55 -0600] "POST /ajax/listarSalidasActivasEmitirBoleto.json HTTP/1.1" 200 3028
181.174.72.194 - - [04/Feb/2025:16:18:57 -0600] "GET /boleto/emitirBoletos.html HTTP/1.1" 200 28892
190.149.187.71 - - [04/Feb/2025:16:19:03 -0600] "GET /salida/consultar2.html HTTP/1.1" 200 10775
190.149.166.61 - - [04/Feb/2025:16:19:02 -0600] "GET /ajax/listarClientesPaginando.json?term=rosa+ofelia+rafael+den&page_limit=5&_=1738706730806 HTTP/1.1" 200 14
190.149.166.39 - - [04/Feb/2025:16:19:06 -0600] "POST /login_check HTTP/1.1" 302 304
181.174.72.194 - - [04/Feb/2025:16:19:03 -0600] "GET /logout HTTP/1.1" 302 444
181.174.72.194 - - [04/Feb/2025:16:19:11 -0600] "POST /ajax/listarSalidasActivasEmitirBoleto.json HTTP/1.1" 302 464
181.189.154.32 - - [04/Feb/2025:16:19:03 -0600] "GET /boleto/emitirBoletos.html HTTP/1.1" 200 29021
181.174.72.200 - - [04/Feb/2025:16:18:59 -0600] "POST /ajax/calcularImporteTotalMonedaBase.json HTTP/1.1" 200 52
181.174.72.194 - - [04/Feb/2025:16:19:14 -0600] "GET / HTTP/1.1" 302 464
190.149.166.39 - - [04/Feb/2025:16:19:06 -0600] "POST /login_check HTTP/1.1" 302 304
181.174.72.194 - - [04/Feb/2025:16:19:15 -0600] "GET /login HTTP/1.1" 200 2752
190.149.166.61 - - [04/Feb/2025:16:19:05 -0600] "GET /ajax/listarClientesPaginando.json?term=rosa+ofelia+rafael+denis&page_limit=5&_=1738706730807 HTTP/1.1" 200 14
181.174.72.194 - - [04/Feb/2025:16:19:18 -0600] "GET /login HTTP/1.1" 200 2752
181.189.154.32 - - [04/Feb/2025:16:19:19 -0600] "POST /ajax/calcularImporteTotalMonedaBase.json HTTP/1.1" 302 464
190.148.50.106 - - [04/Feb/2025:16:19:05 -0600] "POST /ajax/print/datosEncomienda HTTP/1.1" 200 1047
181.174.90.164 - - [04/Feb/2025:16:19:09 -0600] "POST /ajax/calcularImporteTotalMonedaBase.json HTTP/1.1" 200 50
181.189.154.32 - - [04/Feb/2025:16:19:22 -0600] "GET /login HTTP/1.1" 200 2752
190.149.187.71 - - [04/Feb/2025:16:19:13 -0600] "POST /ajax/listarSalidasByFecha.html HTTP/1.1" 200 16216
24.152.55.20 - - [04/Feb/2025:16:19:14 -0600] "POST /ajax/calcularImporteTotalMonedaBase.json HTTP/1.1" 200 50
190.149.166.61 - - [04/Feb/2025:16:19:02 -0600] "POST /ajax/getInformacionPorSalida.json HTTP/1.1" 200 12012
190.56.130.17 - - [04/Feb/2025:16:18:56 -0600] "POST /boleto/emitirBoletos.html HTTP/1.1" 200 811
190.149.166.61 - - [04/Feb/2025:16:19:22 -0600] "GET /cliente/crear.html HTTP/1.1" 200 10439
181.189.154.32 - - [04/Feb/2025:16:19:17 -0600] "POST /ajax/listarSalidasActivasEmitirBoleto.json HTTP/1.1" 200 3734
190.148.50.106 - - [04/Feb/2025:16:19:24 -0600] "GET /encomienda/registrarEncomienda.html HTTP/1.1" 200 32511
200.119.178.55 - - [04/Feb/2025:16:19:27 -0600] "POST /ajax/calcularImporteTotalMonedaBase.json HTTP/1.1" 200 50
190.149.166.39 - - [04/Feb/2025:16:19:17 -0600] "GET / HTTP/1.1" 200 34986
181.189.154.32 - - [04/Feb/2025:16:19:32 -0600] "POST /ajax/listarDatosIniciales.json HTTP/1.1" 200 60
190.56.130.17 - - [04/Feb/2025:16:19:32 -0600] "GET /boleto/emitirBoletos.html HTTP/1.1" 200 28915
181.174.72.200 - - [04/Feb/2025:16:19:21 -0600] "POST /boleto/emitirBoletosAgencia.html HTTP/1.1" 200 296
181.174.90.164 - - [04/Feb/2025:16:19:29 -0600] "POST /boleto/emitirBoletos.html HTTP/1.1" 200 130
190.149.166.61 - - [04/Feb/2025:16:19:34 -0600] "POST /cliente/crear.html HTTP/1.1" 200 146
190.149.166.39 - - [04/Feb/2025:16:19:35 -0600] "GET /boleto/emitirBoletos.html HTTP/1.1" 200 28880
190.56.130.17 - - [04/Feb/2025:16:19:39 -0600] "POST /ajax/listarSalidasActivasEmitirBoleto.json HTTP/1.1" 200 34
190.149.166.61 - - [04/Feb/2025:16:19:43 -0600] "POST /ajax/listarClientesPaginando.json HTTP/1.1" 200 70
190.148.50.106 - - [04/Feb/2025:16:19:45 -0600] "POST /ajax/listarTipoEncomiendaEspecialPaginando.json HTTP/1.1" 200 650
190.149.166.61 - - [04/Feb/2025:16:19:41 -0600] "POST /ajax/calcularImporteTotalMonedaBase.json HTTP/1.1" 200 50
186.151.119.184 - - [04/Feb/2025:16:19:35 -0600] "POST /ajax/getInformacionPorSalida.json HTTP/1.1" 200 9165
190.148.50.106 - - [04/Feb/2025:16:19:49 -0600] "POST /ajax/listarMonedasCajasAbiertas.json HTTP/1.1" 200 41
