200.119.178.44 - - [04/Feb/2025:14:14:50 -0600] "POST /ajax/listarSalidasActivasEmitirBoleto.json HTTP/1.1" 200 27626
190.56.157.165 - - [04/Feb/2025:14:16:34 -0600] "POST /ajax/listarEncomiendasPendientesEntrega.json HTTP/1.1" 200 37461
45.229.41.247 - - [04/Feb/2025:14:18:25 -0600] "-" 408 -
45.229.41.247 - - [04/Feb/2025:14:18:21 -0600] "GET /login HTTP/1.1" 200 2752
181.174.90.164 - - [04/Feb/2025:14:16:02 -0600] "POST /boleto/emitirBoletos.html HTTP/1.1" 200 783
190.148.50.106 - - [04/Feb/2025:14:16:05 -0600] "POST /encomienda/registrarEncomienda.html HTTP/1.1" 200 263
190.56.130.17 - - [04/Feb/2025:14:16:28 -0600] "POST /ajax/getInformacionPorSalida.json HTTP/1.1" 200 8135
190.149.186.5 - - [04/Feb/2025:14:16:50 -0600] "POST /ajax/listarEncomiendasAProcesar.json HTTP/1.1" 200 869
181.174.72.194 - - [04/Feb/2025:14:18:16 -0600] "POST /reportes/manifiestoBoletoPiloto.html HTTP/1.1" 200 112
181.174.72.194 - - [04/Feb/2025:14:18:41 -0600] "GET /reporte/rpaz_2025.02.04_14.18.38_67a2761e26dd0.pdf?v=2.5 HTTP/1.1" 200 3904
190.149.166.39 - - [04/Feb/2025:14:17:47 -0600] "POST /ajax/listarSalidasActivasEmitirBoleto.json HTTP/1.1" 200 27626
186.151.119.61 - - [04/Feb/2025:14:17:56 -0600] "POST /ajax/listarSalidasByFecha.html HTTP/1.1" 200 15916
190.149.166.0 - - [04/Feb/2025:14:17:45 -0600] "POST /ajax/listarSalidasActivasEmitirBoleto.json HTTP/1.1" 200 622
200.119.178.44 - - [04/Feb/2025:14:15:29 -0600] "GET /boleto/emitirBoletos.html HTTP/1.1" 200 29012
190.149.187.71 - - [04/Feb/2025:14:18:51 -0600] "-" 408 -
200.119.178.55 - - [04/Feb/2025:14:18:18 -0600] "GET /boleto/emitirBoletos.html HTTP/1.1" 200 29032
45.186.105.130 - - [04/Feb/2025:14:18:06 -0600] "GET / HTTP/1.1" 200 34861
190.61.91.89 - - [04/Feb/2025:14:18:03 -0600] "GET / HTTP/1.1" 200 30192
190.149.166.61 - - [04/Feb/2025:14:18:10 -0600] "POST /ajax/listarSalidasActivasEmitirBoleto.json HTTP/1.1" 200 3218
190.143.157.97 - - [04/Feb/2025:14:17:07 -0600] "POST /boleto/anularBoleto.html HTTP/1.1" 200 79
181.174.90.164 - - [04/Feb/2025:14:18:31 -0600] "GET /boleto/emitirBoletos.html HTTP/1.1" 200 28892
190.56.157.165 - - [04/Feb/2025:14:18:38 -0600] "GET /ajax/listarClientesPaginando.json?term=mi&page_limit=5&_=1738699564488 HTTP/1.1" 200 308
45.229.41.247 - - [04/Feb/2025:14:18:39 -0600] "POST /login_check HTTP/1.1" 302 304
181.189.154.32 - - [04/Feb/2025:14:17:38 -0600] "POST /ajax/getInformacionPorSalida.json HTTP/1.1" 200 6803
190.149.166.39 - - [04/Feb/2025:14:18:43 -0600] "POST /ajax/listarDatosIniciales.json HTTP/1.1" 200 60
45.229.41.247 - - [04/Feb/2025:14:18:47 -0600] "POST /login_check HTTP/1.1" 302 304
190.149.166.0 - - [04/Feb/2025:14:18:49 -0600] "POST /ajax/listarDatosIniciales.json HTTP/1.1" 200 61
190.56.157.165 - - [04/Feb/2025:14:18:41 -0600] "GET /ajax/listarClientesPaginando.json?term=mirna+l&page_limit=5&_=1738699564489 HTTP/1.1" 200 292
181.189.154.32 - - [04/Feb/2025:14:17:49 -0600] "GET /ajax/listarClientesPaginando.json?term=3019&page_limit=5&_=1738698692513 HTTP/1.1" 200 345
200.119.178.44 - - [04/Feb/2025:14:17:07 -0600] "GET / HTTP/1.1" 200 34884
45.229.41.247 - - [04/Feb/2025:14:18:58 -0600] "POST /login_check HTTP/1.1" 302 304
190.149.187.71 - - [04/Feb/2025:14:18:03 -0600] "POST /ajax/getInformacionPorSalida.json HTTP/1.1" 200 5582
190.148.50.106 - - [04/Feb/2025:14:18:33 -0600] "POST /ajax/print/datosEncomienda HTTP/1.1" 200 940
45.186.105.130 - - [04/Feb/2025:14:18:55 -0600] "GET /boleto/emitirBoletos.html HTTP/1.1" 200 28884
181.174.67.38 - - [04/Feb/2025:14:19:13 -0600] "GET /login HTTP/1.1" 200 2752
45.229.41.100 - - [04/Feb/2025:14:17:50 -0600] "POST /boleto/emitirBoletos.html HTTP/1.1" 200 777
181.174.90.164 - - [04/Feb/2025:14:18:59 -0600] "POST /ajax/listarSalidasActivasEmitirBoleto.json HTTP/1.1" 200 34
190.148.50.106 - - [04/Feb/2025:14:18:34 -0600] "POST /ajax/getRutasAlternas.json HTTP/1.1" 200 311
190.104.126.211 - - [04/Feb/2025:14:19:04 -0600] "GET /agencia/consultarSaldoAgencia.html HTTP/1.1" 200 2465
190.56.157.165 - - [04/Feb/2025:14:18:42 -0600] "GET /ajax/listarClientesPaginando.json?term=mirna+lop&page_limit=5&_=1738699564490 HTTP/1.1" 200 288
45.229.41.247 - - [04/Feb/2025:14:19:10 -0600] "POST /login_check HTTP/1.1" 302 304
200.119.178.55 - - [04/Feb/2025:14:18:52 -0600] "POST /ajax/listarSalidasActivasEmitirBoleto.json HTTP/1.1" 200 8171
181.189.154.32 - - [04/Feb/2025:14:17:52 -0600] "GET /ajax/listarClientesPaginando.json?term=30190673&page_limit=5&_=1738698692514 HTTP/1.1" 200 69
200.59.28.77 - - [04/Feb/2025:14:18:23 -0600] "POST /ajax/print/voucherBoleto.pdf HTTP/1.1" 200 607
190.56.157.165 - - [04/Feb/2025:14:18:45 -0600] "GET /ajax/listarClientesPaginando.json?term=mirna+lope&page_limit=5&_=1738699564491 HTTP/1.1" 200 297
181.174.72.194 - - [04/Feb/2025:14:19:41 -0600] "-" 408 -
181.174.67.38 - - [04/Feb/2025:14:19:22 -0600] "POST /login_check HTTP/1.1" 302 304
190.148.50.106 - - [04/Feb/2025:14:19:18 -0600] "GET /encomienda/registrarEncomienda.html HTTP/1.1" 200 32511
190.149.166.0 - - [04/Feb/2025:14:19:00 -0600] "POST /ajax/listarSalidasActivasEmitirBoleto.json HTTP/1.1" 200 554
200.119.178.44 - - [04/Feb/2025:14:17:21 -0600] "GET / HTTP/1.1" 200 34884
181.174.90.164 - - [04/Feb/2025:14:19:02 -0600] "GET /boleto/ HTTP/1.1" 304 -
45.229.41.100 - - [04/Feb/2025:14:19:21 -0600] "GET /boleto/emitirBoletos.html HTTP/1.1" 200 28905
200.119.178.55 - - [04/Feb/2025:14:19:28 -0600] "POST /ajax/listarDatosIniciales.json HTTP/1.1" 200 60
190.143.157.97 - - [04/Feb/2025:14:18:57 -0600] "POST /boleto/listarBoletos.json HTTP/1.1" 200 17463
45.186.105.130 - - [04/Feb/2025:14:19:19 -0600] "POST /ajax/listarSalidasActivasEmitirBoleto.json HTTP/1.1" 200 1138
190.149.166.61 - - [04/Feb/2025:14:18:59 -0600] "POST /ajax/getInformacionPorSalida.json HTTP/1.1" 200 5197
200.59.28.77 - - [04/Feb/2025:14:19:32 -0600] "GET /boleto/emitirBoletos.html HTTP/1.1" 200 28891
190.148.50.106 - - [04/Feb/2025:14:19:43 -0600] "POST /ajax/listarMonedasCajasAbiertas.json HTTP/1.1" 200 41
45.229.41.247 - - [04/Feb/2025:14:19:26 -0600] "GET / HTTP/1.1" 200 35122
181.174.90.164 - - [04/Feb/2025:14:19:23 -0600] "POST /ajax/listarDatosIniciales.json HTTP/1.1" 200 61
45.186.105.130 - - [04/Feb/2025:14:19:30 -0600] "GET /ajax/listarClientesPaginando.json?term=kevin+&page_limit=5&_=1738700333397 HTTP/1.1" 200 263
170.80.22.26 - - [04/Feb/2025:14:20:25 -0600] "GET / HTTP/1.1" 302 464
45.229.41.247 - - [04/Feb/2025:14:19:35 -0600] "POST /login_check HTTP/1.1" 302 324
45.229.41.247 - - [04/Feb/2025:14:20:08 -0600] "GET /login HTTP/1.1" 200 2821
190.149.187.71 - - [04/Feb/2025:14:19:57 -0600] "GET /ajax/listarClientesPaginando.json?term=ERI&page_limit=5&_=1738700088152 HTTP/1.1" 200 329
45.229.41.100 - - [04/Feb/2025:14:19:50 -0600] "POST /ajax/listarSalidasActivasEmitirBoleto.json HTTP/1.1" 200 34
45.229.41.247 - - [04/Feb/2025:14:20:29 -0600] "GET /login HTTP/1.1" 200 2752
190.148.50.106 - - [04/Feb/2025:14:19:54 -0600] "POST /ajax/listarClientesPaginando.json HTTP/1.1" 200 266
45.229.41.247 - - [04/Feb/2025:14:20:33 -0600] "GET /login HTTP/1.1" 200 2752
170.80.22.26 - - [04/Feb/2025:14:20:36 -0600] "GET /login HTTP/1.1" 200 2752
200.119.178.44 - - [04/Feb/2025:14:19:51 -0600] "GET /boleto/emitirBoletos.html HTTP/1.1" 200 29012
181.174.67.38 - - [04/Feb/2025:14:19:41 -0600] "GET / HTTP/1.1" 200 35747
45.186.105.130 - - [04/Feb/2025:14:19:33 -0600] "GET /ajax/listarClientesPaginando.json?term=kevin+berganza&page_limit=5&_=1738700333398 HTTP/1.1" 200 14
181.174.67.38 - - [04/Feb/2025:14:20:50 -0600] "-" 408 -
45.229.41.247 - - [04/Feb/2025:14:20:41 -0600] "GET /login HTTP/1.1" 200 2752
181.174.67.38 - - [04/Feb/2025:14:19:50 -0600] "POST /login_check HTTP/1.1" 302 324
190.149.187.71 - - [04/Feb/2025:14:19:59 -0600] "GET /ajax/listarClientesPaginando.json?term=ERICKA+M&page_limit=5&_=1738700088153 HTTP/1.1" 200 244
190.148.87.200 - - [04/Feb/2025:14:20:48 -0600] "GET / HTTP/1.1" 302 464
190.148.50.106 - - [04/Feb/2025:14:19:28 -0600] "POST /encomienda/pendientesEnvio.html HTTP/1.1" 200 79
181.174.67.38 - - [04/Feb/2025:14:20:13 -0600] "GET /login HTTP/1.1" 200 2821
45.229.41.247 - - [04/Feb/2025:14:20:58 -0600] "GET /login HTTP/1.1" 200 2752
181.189.154.32 - - [04/Feb/2025:14:20:04 -0600] "POST /ajax/calcularImporteTotalMonedaBase.json HTTP/1.1" 200 50
181.174.67.38 - - [04/Feb/2025:14:21:03 -0600] "GET /login HTTP/1.1" 200 2752
190.149.166.61 - - [04/Feb/2025:14:20:44 -0600] "GET /ajax/listarClientesPaginando.json?term=MANOLO+MONTEJO&page_limit=5&_=1738695143154 HTTP/1.1" 200 64
200.59.28.77 - - [04/Feb/2025:14:20:10 -0600] "POST /ajax/listarSalidasActivasEmitirBoleto.json HTTP/1.1" 200 607
45.186.105.130 - - [04/Feb/2025:14:19:59 -0600] "POST /ajax/listarDatosIniciales.json HTTP/1.1" 200 60
190.149.187.71 - - [04/Feb/2025:14:20:01 -0600] "GET /ajax/listarClientesPaginando.json?term=ERICKA+MALTES&page_limit=5&_=1738700088154 HTTP/1.1" 200 69
45.229.41.100 - - [04/Feb/2025:14:20:43 -0600] "POST /ajax/listarDatosIniciales.json HTTP/1.1" 200 61
190.148.50.106 - - [04/Feb/2025:14:20:50 -0600] "POST /ajax/listarClientesPaginando.json HTTP/1.1" 200 317
190.149.187.71 - - [04/Feb/2025:14:21:29 -0600] "-" 408 -
181.189.154.32 - - [04/Feb/2025:14:21:01 -0600] "POST /login_check HTTP/1.1" 302 324
190.149.166.0 - - [04/Feb/2025:14:19:45 -0600] "POST /ajax/getInformacionPorSalida.json HTTP/1.1" 200 8555
186.151.119.61 - - [04/Feb/2025:14:19:44 -0600] "POST /ajax/getInformacionPorSalida.json HTTP/1.1" 200 9061
200.59.28.77 - - [04/Feb/2025:14:20:34 -0600] "GET /cliente/crear.html HTTP/1.1" 200 10439
190.149.166.61 - - [04/Feb/2025:14:21:02 -0600] "GET /ajax/listarClientesPaginando.json?term=MANOLO+MONTEJO+++&page_limit=5&_=1738695143155 HTTP/1.1" 200 64
181.189.154.32 - - [04/Feb/2025:14:21:32 -0600] "GET /login HTTP/1.1" 200 2849
45.186.105.130 - - [04/Feb/2025:14:20:53 -0600] "GET /cliente/crear.html HTTP/1.1" 200 10439
45.229.41.247 - - [04/Feb/2025:14:21:21 -0600] "POST /login_check HTTP/1.1" 302 304
200.119.178.44 - - [04/Feb/2025:14:20:47 -0600] "POST /ajax/listarSalidasActivasEmitirBoleto.json HTTP/1.1" 200 27626
190.143.157.97 - - [04/Feb/2025:14:20:16 -0600] "GET /boleto/anularBoleto.html?id=13191530 HTTP/1.1" 200 1596
190.56.157.165 - - [04/Feb/2025:14:19:43 -0600] "POST /encomienda/entregaMultipleEncomienda.html HTTP/1.1" 200 268
181.174.90.164 - - [04/Feb/2025:14:19:50 -0600] "POST /boleto/listarBoletos.json HTTP/1.1" 200 10823
200.59.28.77 - - [04/Feb/2025:14:21:19 -0600] "POST /ajax/listarDatosIniciales.json HTTP/1.1" 200 60
45.229.41.247 - - [04/Feb/2025:14:21:55 -0600] "-" 408 -
190.148.50.106 - - [04/Feb/2025:14:21:02 -0600] "POST /ajax/getEncomiendaPendientesById.json HTTP/1.1" 200 480
170.80.22.26 - - [04/Feb/2025:14:21:50 -0600] "GET / HTTP/1.1" 302 464
190.148.87.200 - - [04/Feb/2025:14:21:59 -0600] "-" 408 -
181.174.67.38 - - [04/Feb/2025:14:22:04 -0600] "-" 408 -
181.174.67.38 - - [04/Feb/2025:14:22:04 -0600] "-" 408 -
190.148.50.106 - - [04/Feb/2025:14:21:38 -0600] "POST /ajax/getRutasPorEstacion.json HTTP/1.1" 200 2274
181.189.154.32 - - [04/Feb/2025:14:21:45 -0600] "POST /login_check HTTP/1.1" 302 304
200.119.178.44 - - [04/Feb/2025:14:21:40 -0600] "POST /ajax/listarDatosIniciales.json HTTP/1.1" 200 61
45.186.105.130 - - [04/Feb/2025:14:21:43 -0600] "POST /cliente/crear.html HTTP/1.1" 200 146
45.229.41.247 - - [04/Feb/2025:14:21:36 -0600] "GET / HTTP/1.1" 200 35122
190.149.187.71 - - [04/Feb/2025:14:21:40 -0600] "POST /ajax/calcularImporteTotalMonedaBase.json HTTP/1.1" 200 50
200.119.178.44 - - [04/Feb/2025:14:21:53 -0600] "GET /ajax/listarClientesPaginando.json?term=Guatemala%2C+San+Marcos+San+Pedro%2C+Xela+7%3A00am%2C+10%3A45am%2C+3%3A30+pm+%C3%BAnicos+horarios+todos+los+d%C3%ADas++(6%3A15+pm+%C3%BAnicamente+los+d%C3%ADas+viernes)&page_limit=5&_=1738700387064 HTTP/1.1" 200 14
45.229.41.247 - - [04/Feb/2025:14:21:46 -0600] "POST /login_check HTTP/1.1" 302 324
190.149.166.61 - - [04/Feb/2025:14:21:51 -0600] "POST /ajax/calcularImporteTotalMonedaBase.json HTTP/1.1" 200 50
45.229.41.203 - - [04/Feb/2025:14:22:11 -0600] "POST /login_check HTTP/1.1" 302 304
190.148.50.106 - - [04/Feb/2025:14:22:10 -0600] "POST /ajax/getEstacionesDestinosPorRuta.json HTTP/1.1" 200 1029
181.189.154.32 - - [04/Feb/2025:14:21:20 -0600] "POST /boleto/emitirBoletos.html HTTP/1.1" 200 799
45.229.41.247 - - [04/Feb/2025:14:22:26 -0600] "GET /login HTTP/1.1" 200 2821
190.149.166.0 - - [04/Feb/2025:14:22:44 -0600] "GET /images/select2x2.png HTTP/1.1" 200 845
45.186.105.130 - - [04/Feb/2025:14:22:15 -0600] "POST /ajax/listarClientesPaginando.json HTTP/1.1" 200 60
200.119.178.44 - - [04/Feb/2025:14:22:03 -0600] "GET /ajax/listarClientesPaginando.json?term=42217822&page_limit=5&_=1738700387065 HTTP/1.1" 200 83
186.151.119.59 - - [04/Feb/2025:14:22:26 -0600] "GET /logout HTTP/1.1" 302 444
181.189.154.32 - - [04/Feb/2025:14:22:30 -0600] "GET /logout HTTP/1.1" 302 444
200.59.28.77 - - [04/Feb/2025:14:22:22 -0600] "POST /cliente/crear.html HTTP/1.1" 200 146
186.151.119.59 - - [04/Feb/2025:14:23:02 -0600] "GET / HTTP/1.1" 302 464
24.152.55.20 - - [04/Feb/2025:14:22:42 -0600] "GET /logout HTTP/1.1" 302 444
190.149.187.71 - - [04/Feb/2025:14:23:30 -0600] "-" 408 -
181.189.154.32 - - [04/Feb/2025:14:22:38 -0600] "POST /login_check HTTP/1.1" 302 304
181.189.154.32 - - [04/Feb/2025:14:23:13 -0600] "GET / HTTP/1.1" 302 464
181.189.154.32 - - [04/Feb/2025:14:22:13 -0600] "GET / HTTP/1.1" 200 37986
190.106.196.119 - - [04/Feb/2025:14:22:24 -0600] "GET /boleto/emitirBoletos.html HTTP/1.1" 200 29021
186.151.119.61 - - [04/Feb/2025:14:22:35 -0600] "POST /reportes/manifiestoBoletoPiloto.html HTTP/1.1" 200 116
186.151.119.61 - - [04/Feb/2025:14:23:32 -0600] "GET /reporte/wbarrios_2025.02.04_14.23.26_67a2773eabe08.pdf?v=2.5 HTTP/1.1" 200 3981
190.56.130.17 - - [04/Feb/2025:14:21:49 -0600] "POST /ajax/getInformacionPorSalida.json HTTP/1.1" 200 8135
200.119.178.44 - - [04/Feb/2025:14:22:31 -0600] "GET /ajax/listarClientesPaginando.json?term=42217822&page_limit=5&_=1738700387066 HTTP/1.1" 200 83
181.174.90.164 - - [04/Feb/2025:14:21:52 -0600] "POST /ajax/print/reimprimirFacturaBoleto HTTP/1.1" 200 789
24.152.55.20 - - [04/Feb/2025:14:23:25 -0600] "GET / HTTP/1.1" 302 464
190.148.50.106 - - [04/Feb/2025:14:22:50 -0600] "POST /ajax/listarTipoEncomiendaEspecialPaginando.json HTTP/1.1" 200 650
186.151.119.59 - - [04/Feb/2025:14:23:21 -0600] "GET /login HTTP/1.1" 200 2752
181.174.67.38 - - [04/Feb/2025:14:23:39 -0600] "-" 408 -
181.174.67.38 - - [04/Feb/2025:14:23:39 -0600] "-" 408 -
181.189.154.32 - - [04/Feb/2025:14:22:42 -0600] "GET /boleto/emitirBoletos.html HTTP/1.1" 200 29021
181.189.154.32 - - [04/Feb/2025:14:23:29 -0600] "GET /login HTTP/1.1" 200 2752
190.149.186.5 - - [04/Feb/2025:14:21:44 -0600] "POST /encomienda/procesarEncomienda.html HTTP/1.1" 200 79
190.56.157.165 - - [04/Feb/2025:14:22:08 -0600] "POST /ajax/listarEncomiendasPendientesEntrega.json HTTP/1.1" 200 37484
190.149.166.0 - - [04/Feb/2025:14:22:59 -0600] "GET /ajax/listarClientesPaginando.json?term=MARTA+&page_limit=5&_=1738695219798 HTTP/1.1" 200 310
190.143.185.144 - - [04/Feb/2025:14:23:06 -0600] "POST /login_check HTTP/1.1" 302 304
24.152.55.20 - - [04/Feb/2025:14:23:37 -0600] "GET /login HTTP/1.1" 200 2752
45.229.41.203 - - [04/Feb/2025:14:22:28 -0600] "GET / HTTP/1.1" 200 34868
200.59.28.77 - - [04/Feb/2025:14:23:20 -0600] "POST /ajax/listarClientesPaginando.json HTTP/1.1" 200 64
190.149.166.0 - - [04/Feb/2025:14:23:01 -0600] "GET /ajax/listarClientesPaginando.json?term=MARTA+SAMORA&page_limit=5&_=1738695219799 HTTP/1.1" 200 14
190.149.166.0 - - [04/Feb/2025:14:24:01 -0600] "-" 408 -
138.84.59.192 - - [04/Feb/2025:14:23:45 -0600] "GET /logout HTTP/1.1" 302 444
45.186.105.130 - - [04/Feb/2025:14:22:49 -0600] "POST /ajax/getInformacionPorSalida.json HTTP/1.1" 200 5070
190.148.50.106 - - [04/Feb/2025:14:23:42 -0600] "POST /ajax/calcularImporteTotalMonedaBaseEncomienda.json HTTP/1.1" 200 37
138.84.59.192 - - [04/Feb/2025:14:24:01 -0600] "GET / HTTP/1.1" 302 464
190.61.91.89 - - [04/Feb/2025:14:23:26 -0600] "GET /boleto/ HTTP/1.1" 304 -
181.189.154.32 - - [04/Feb/2025:14:23:34 -0600] "GET /boleto/chequearBoleto2.html HTTP/1.1" 200 7170
45.229.41.203 - - [04/Feb/2025:14:23:51 -0600] "GET /encomienda/registrarEncomienda.html HTTP/1.1" 200 32511
181.189.154.32 - - [04/Feb/2025:14:23:29 -0600] "GET / HTTP/1.1" 200 36864
138.84.59.192 - - [04/Feb/2025:14:24:04 -0600] "GET /login HTTP/1.1" 200 2752
181.189.154.32 - - [04/Feb/2025:14:23:40 -0600] "POST /ajax/listarSalidasActivasEmitirBoleto.json HTTP/1.1" 200 3736
190.143.185.144 - - [04/Feb/2025:14:23:42 -0600] "GET / HTTP/1.1" 200 35215
190.149.166.0 - - [04/Feb/2025:14:24:04 -0600] "GET /cliente/crear.html HTTP/1.1" 200 10439
200.119.178.44 - - [04/Feb/2025:14:23:49 -0600] "POST /ajax/listarSalidasActivasEmitirBoleto.json HTTP/1.1" 200 3830
190.149.166.61 - - [04/Feb/2025:14:22:36 -0600] "POST /boleto/emitirBoletos.html HTTP/1.1" 200 994
45.229.41.203 - - [04/Feb/2025:14:24:10 -0600] "POST /ajax/listarMonedasCajasAbiertas.json HTTP/1.1" 200 41
190.149.187.71 - - [04/Feb/2025:14:22:28 -0600] "POST /boleto/emitirBoletos.html HTTP/1.1" 200 914
190.61.91.89 - - [04/Feb/2025:14:24:26 -0600] "-" 408 -
200.59.28.77 - - [04/Feb/2025:14:24:03 -0600] "POST /ajax/listarSalidasActivasEmitirBoleto.json HTTP/1.1" 200 485
181.189.154.32 - - [04/Feb/2025:14:24:17 -0600] "POST /ajax/listarDatosIniciales.json HTTP/1.1" 200 60
190.149.186.5 - - [04/Feb/2025:14:23:53 -0600] "POST /ajax/listarEncomiendasAProcesar.json HTTP/1.1" 200 869
45.229.41.203 - - [04/Feb/2025:14:24:22 -0600] "POST /ajax/getRutasPorEstacion.json HTTP/1.1" 200 397
190.143.185.144 - - [04/Feb/2025:14:24:21 -0600] "GET /encomienda/registrarEncomienda.html HTTP/1.1" 200 32511
181.189.154.32 - - [04/Feb/2025:14:24:16 -0600] "GET /salida/ HTTP/1.1" 304 -
186.151.119.61 - - [04/Feb/2025:14:24:15 -0600] "GET /salida/ HTTP/1.1" 304 -
190.61.91.89 - - [04/Feb/2025:14:24:06 -0600] "POST /boleto/listarBoletos.json HTTP/1.1" 200 11547
45.229.41.247 - - [04/Feb/2025:14:24:36 -0600] "POST /login_check HTTP/1.1" 302 304
190.149.166.61 - - [04/Feb/2025:14:24:25 -0600] "GET /boleto/emitirBoletos.html HTTP/1.1" 200 29033
190.149.187.71 - - [04/Feb/2025:14:24:26 -0600] "GET /boleto/emitirBoletos.html HTTP/1.1" 200 28923
200.119.178.44 - - [04/Feb/2025:14:24:28 -0600] "POST /ajax/listarSalidasActivasEmitirBoleto.json HTTP/1.1" 200 2972
45.186.105.130 - - [04/Feb/2025:14:24:30 -0600] "POST /ajax/calcularImporteTotalMonedaBase.json HTTP/1.1" 200 50
190.143.185.144 - - [04/Feb/2025:14:24:44 -0600] "POST /ajax/listarMonedasCajasAbiertas.json HTTP/1.1" 200 41
45.229.41.203 - - [04/Feb/2025:14:24:44 -0600] "POST /ajax/getEstacionesDestinosPorRuta.json HTTP/1.1" 200 724
190.148.50.106 - - [04/Feb/2025:14:24:06 -0600] "POST /encomienda/registrarEncomienda.html HTTP/1.1" 200 263
190.149.186.5 - - [04/Feb/2025:14:24:50 -0600] "POST /reportes/manifiestoEncomiendaFull.html HTTP/1.1" 200 115
190.149.186.5 - - [04/Feb/2025:14:25:13 -0600] "GET /reporte/crafael_2025.02.04_14.25.04_67a277a0edf24.pdf?v=2.5 HTTP/1.1" 200 2263
190.149.166.0 - - [04/Feb/2025:14:24:32 -0600] "POST /encomienda/registrarEncomienda.html HTTP/1.1" 200 128
190.149.187.71 - - [04/Feb/2025:14:24:53 -0600] "POST /ajax/listarSalidasActivasEmitirBoleto.json HTTP/1.1" 200 34
190.143.185.144 - - [04/Feb/2025:14:24:50 -0600] "POST /ajax/listarClientesPaginando.json HTTP/1.1" 200 294
181.189.154.32 - - [04/Feb/2025:14:24:45 -0600] "POST /salida/listarSalidas.json HTTP/1.1" 200 6348
186.151.119.61 - - [04/Feb/2025:14:24:45 -0600] "POST /salida/listarSalidas.json HTTP/1.1" 200 435
45.229.41.247 - - [04/Feb/2025:14:24:51 -0600] "GET / HTTP/1.1" 200 35122
190.149.166.61 - - [04/Feb/2025:14:24:52 -0600] "POST /ajax/listarSalidasActivasEmitirBoleto.json HTTP/1.1" 200 3184
190.149.166.0 - - [04/Feb/2025:14:24:34 -0600] "POST /cliente/crear.html HTTP/1.1" 200 146
45.229.41.247 - - [04/Feb/2025:14:25:06 -0600] "GET /login HTTP/1.1" 200 2752
200.59.28.77 - - [04/Feb/2025:14:24:37 -0600] "POST /ajax/getInformacionPorSalida.json HTTP/1.1" 200 5419
190.149.187.71 - - [04/Feb/2025:14:25:19 -0600] "POST /ajax/listarDatosIniciales.json HTTP/1.1" 200 61
190.149.166.61 - - [04/Feb/2025:14:25:00 -0600] "GET /ajax/listarClientesPaginando.json?term=EMILSA+REYES&page_limit=5&_=1738695143156 HTTP/1.1" 200 14
190.143.185.144 - - [04/Feb/2025:14:25:27 -0600] "POST /ajax/listarClientesPaginando.json HTTP/1.1" 200 288
190.149.166.0 - - [04/Feb/2025:14:25:36 -0600] "POST /ajax/listarClientesPaginando.json HTTP/1.1" 200 58
190.148.50.106 - - [04/Feb/2025:14:25:11 -0600] "POST /ajax/print/datosEncomienda HTTP/1.1" 200 1123
45.229.41.247 - - [04/Feb/2025:14:25:39 -0600] "POST /login_check HTTP/1.1" 302 304
190.148.50.106 - - [04/Feb/2025:14:25:14 -0600] "POST /ajax/getRutasAlternas.json HTTP/1.1" 200 311
186.151.119.61 - - [04/Feb/2025:14:25:24 -0600] "POST /salida/listarSalidas.json HTTP/1.1" 200 418
190.143.185.144 - - [04/Feb/2025:14:25:29 -0600] "POST /ajax/listarClientesPaginando.json HTTP/1.1" 200 259
181.189.154.32 - - [04/Feb/2025:14:25:30 -0600] "GET /salida/abordar.html?id=4617537 HTTP/1.1" 200 919
45.229.41.203 - - [04/Feb/2025:14:25:42 -0600] "POST /ajax/listarClientesPaginando.json HTTP/1.1" 200 304
190.149.166.61 - - [04/Feb/2025:14:25:31 -0600] "POST /ajax/listarDatosIniciales.json HTTP/1.1" 200 60
190.143.157.97 - - [04/Feb/2025:14:24:51 -0600] "POST /boleto/anularBoleto.html HTTP/1.1" 200 79
190.149.166.0 - - [04/Feb/2025:14:25:38 -0600] "GET /login HTTP/1.1" 200 2752
200.119.178.44 - - [04/Feb/2025:14:25:02 -0600] "POST /ajax/getInformacionPorSalida.json HTTP/1.1" 200 5658
190.149.187.71 - - [04/Feb/2025:14:25:22 -0600] "POST /ajax/listarSalidasActivasEmitirBoleto.json HTTP/1.1" 200 264
190.143.185.144 - - [04/Feb/2025:14:25:34 -0600] "POST /ajax/listarClientesPaginando.json HTTP/1.1" 200 302
45.229.41.203 - - [04/Feb/2025:14:25:43 -0600] "POST /ajax/listarClientesPaginando.json HTTP/1.1" 200 285
181.174.90.164 - - [04/Feb/2025:14:25:50 -0600] "GET /boleto/emitirBoletos.html HTTP/1.1" 200 28892
200.59.28.77 - - [04/Feb/2025:14:25:50 -0600] "POST /ajax/calcularImporteTotalMonedaBase.json HTTP/1.1" 200 50
190.148.50.106 - - [04/Feb/2025:14:25:58 -0600] "GET /encomienda/registrarEncomienda.html HTTP/1.1" 200 32511
45.186.105.130 - - [04/Feb/2025:14:25:09 -0600] "POST /boleto/emitirBoletos.html HTTP/1.1" 200 718
45.233.66.14 - - [04/Feb/2025:14:26:10 -0600] "GET /salida/consultar2.html HTTP/1.1" 200 10775
190.143.185.144 - - [04/Feb/2025:14:25:32 -0600] "POST /ajax/listarClientesPaginando.json HTTP/1.1" 200 301
190.56.32.172 - - [04/Feb/2025:14:26:21 -0600] "GET / HTTP/1.1" 302 464
190.149.166.0 - - [04/Feb/2025:14:26:00 -0600] "POST /ajax/calcularImporteTotalMonedaBase.json HTTP/1.1" 200 50
45.229.41.203 - - [04/Feb/2025:14:25:46 -0600] "POST /ajax/listarClientesPaginando.json HTTP/1.1" 200 61
45.229.41.247 - - [04/Feb/2025:14:25:58 -0600] "GET / HTTP/1.1" 200 35122
181.189.154.32 - - [04/Feb/2025:14:26:04 -0600] "POST /salida/abordar.html HTTP/1.1" 200 79
190.56.32.172 - - [04/Feb/2025:14:26:38 -0600] "POST /login_check HTTP/1.1" 302 324
190.149.166.0 - - [04/Feb/2025:14:26:09 -0600] "POST /login_check HTTP/1.1" 302 304
190.149.186.5 - - [04/Feb/2025:14:26:08 -0600] "GET /salida/ HTTP/1.1" 304 -
200.59.28.77 - - [04/Feb/2025:14:26:26 -0600] "POST /ajax/calcularImporteTotalPorMoneda.json HTTP/1.1" 200 57
181.174.90.164 - - [04/Feb/2025:14:26:19 -0600] "POST /ajax/listarSalidasActivasEmitirBoleto.json HTTP/1.1" 200 34
190.143.185.144 - - [04/Feb/2025:14:26:24 -0600] "POST /ajax/getRutasPorEstacion.json HTTP/1.1" 200 2621
45.229.41.247 - - [04/Feb/2025:14:26:07 -0600] "POST /login_check HTTP/1.1" 302 324
190.149.166.61 - - [04/Feb/2025:14:26:25 -0600] "GET /cliente/crear.html HTTP/1.1" 200 10439
190.148.50.106 - - [04/Feb/2025:14:26:26 -0600] "POST /ajax/listarMonedasCajasAbiertas.json HTTP/1.1" 200 41
190.56.32.172 - - [04/Feb/2025:14:26:49 -0600] "GET /login HTTP/1.1" 200 2821
181.119.106.169 - - [04/Feb/2025:14:26:36 -0600] "GET /salida/consultar2.html HTTP/1.1" 200 10775
190.149.166.0 - - [04/Feb/2025:14:26:08 -0600] "POST /login_check HTTP/1.1" 302 304
45.229.41.247 - - [04/Feb/2025:14:26:53 -0600] "GET /login HTTP/1.1" 200 2821
45.186.105.130 - - [04/Feb/2025:14:26:27 -0600] "GET /boleto/emitirBoletos.html HTTP/1.1" 200 28884
186.151.119.61 - - [04/Feb/2025:14:26:20 -0600] "GET /salida/asignarBusPilotos.html?id=4638323 HTTP/1.1" 200 25633
138.84.59.192 - - [04/Feb/2025:14:26:47 -0600] "POST /login_check HTTP/1.1" 302 304
190.148.50.106 - - [04/Feb/2025:14:26:42 -0600] "POST /ajax/listarClientesPaginando.json HTTP/1.1" 200 216
45.229.41.203 - - [04/Feb/2025:14:26:50 -0600] "POST /ajax/listarClientesPaginando.json HTTP/1.1" 200 296
45.233.66.14 - - [04/Feb/2025:14:26:28 -0600] "POST /ajax/listarSalidasByFecha.html HTTP/1.1" 200 15915
200.59.28.77 - - [04/Feb/2025:14:26:59 -0600] "POST /ajax/calcularImporteTotalPorMoneda.json HTTP/1.1" 200 55
190.143.157.97 - - [04/Feb/2025:14:26:06 -0600] "POST /boleto/listarBoletos.json HTTP/1.1" 200 17463
181.174.90.164 - - [04/Feb/2025:14:26:55 -0600] "POST /ajax/listarDatosIniciales.json HTTP/1.1" 200 61
190.143.185.144 - - [04/Feb/2025:14:26:59 -0600] "POST /ajax/getEstacionesDestinosPorRuta.json HTTP/1.1" 200 851
190.149.166.61 - - [04/Feb/2025:14:26:58 -0600] "POST /cliente/crear.html HTTP/1.1" 200 146
181.189.154.32 - - [04/Feb/2025:14:26:46 -0600] "POST /salida/listarSalidas.json HTTP/1.1" 200 6347
45.229.41.203 - - [04/Feb/2025:14:26:51 -0600] "POST /ajax/listarClientesPaginando.json HTTP/1.1" 200 249
190.149.166.0 - - [04/Feb/2025:14:26:50 -0600] "GET / HTTP/1.1" 200 34870
190.104.126.211 - - [04/Feb/2025:14:26:55 -0600] "GET /agencia/ HTTP/1.1" 304 -
190.149.186.5 - - [04/Feb/2025:14:26:50 -0600] "POST /salida/listarSalidas.json HTTP/1.1" 200 875
190.149.187.71 - - [04/Feb/2025:14:26:18 -0600] "POST /ajax/getInformacionPorSalida.json HTTP/1.1" 200 6978
190.56.32.172 - - [04/Feb/2025:14:27:22 -0600] "POST /login_check HTTP/1.1" 302 304
181.119.106.169 - - [04/Feb/2025:14:26:59 -0600] "POST /ajax/listarSalidasByFecha.html HTTP/1.1" 200 15915
190.56.157.165 - - [04/Feb/2025:14:26:03 -0600] "POST /encomienda/entregaMultipleEncomienda.html HTTP/1.1" 200 268
138.84.59.192 - - [04/Feb/2025:14:27:11 -0600] "GET / HTTP/1.1" 200 35336
45.186.105.130 - - [04/Feb/2025:14:27:08 -0600] "POST /ajax/listarSalidasActivasEmitirBoleto.json HTTP/1.1" 200 1138
190.148.50.106 - - [04/Feb/2025:14:27:26 -0600] "POST /ajax/listarClientesPaginando.json HTTP/1.1" 200 59
190.149.166.61 - - [04/Feb/2025:14:27:28 -0600] "POST /ajax/listarClientesPaginando.json HTTP/1.1" 200 58
190.104.126.211 - - [04/Feb/2025:14:27:31 -0600] "POST /agencia/listarDepositoAgencia.json HTTP/1.1" 200 4370
190.143.185.144 - - [04/Feb/2025:14:27:38 -0600] "POST /ajax/getSeriesActivaPorEstacion.json HTTP/1.1" 200 117
190.148.50.106 - - [04/Feb/2025:14:27:27 -0600] "POST /ajax/listarClientesPaginando.json HTTP/1.1" 200 59
45.229.41.203 - - [04/Feb/2025:14:27:44 -0600] "POST /ajax/listarClientesPaginando.json HTTP/1.1" 200 51
190.149.187.71 - - [04/Feb/2025:14:27:43 -0600] "GET /ajax/listarClientesPaginando.json?term=52&page_limit=5&_=1738700088155 HTTP/1.1" 200 309
190.115.15.98 - - [04/Feb/2025:14:28:04 -0600] "-" 408 -
181.189.154.32 - - [04/Feb/2025:14:27:35 -0600] "GET /boleto/chequearBoleto2.html HTTP/1.1" 200 7169
45.186.105.130 - - [04/Feb/2025:14:27:47 -0600] "POST /ajax/listarDatosIniciales.json HTTP/1.1" 200 60
190.149.166.0 - - [04/Feb/2025:14:26:38 -0600] "POST /boleto/emitirBoletos.html HTTP/1.1" 200 790
190.143.185.144 - - [04/Feb/2025:14:27:57 -0600] "POST /ajax/calcularImporteTotalMonedaBaseEncomienda.json HTTP/1.1" 200 37
190.149.187.71 - - [04/Feb/2025:14:27:45 -0600] "GET /ajax/listarClientesPaginando.json?term=5207&page_limit=5&_=1738700088156 HTTP/1.1" 200 309
45.233.66.14 - - [04/Feb/2025:14:27:23 -0600] "POST /ajax/getInformacionPorSalida.json HTTP/1.1" 200 7862
190.149.186.5 - - [04/Feb/2025:14:27:55 -0600] "GET /salida/abordar.html?id=4597383 HTTP/1.1" 200 915
190.149.166.0 - - [04/Feb/2025:14:27:51 -0600] "GET /autorizacioninterna/ HTTP/1.1" 200 2770
190.148.50.106 - - [04/Feb/2025:14:28:01 -0600] "POST /ajax/getRutasPorEstacion.json HTTP/1.1" 200 2274
186.151.119.61 - - [04/Feb/2025:14:27:27 -0600] "POST /salida/asignarBusPilotos.html HTTP/1.1" 200 79
190.149.166.61 - - [04/Feb/2025:14:28:04 -0600] "POST /ajax/listarSalidasActivasEmitirBoleto.json HTTP/1.1" 200 549
45.229.41.203 - - [04/Feb/2025:14:28:13 -0600] "POST /ajax/getSeriesActivaPorEstacion.json HTTP/1.1" 200 115
190.149.187.71 - - [04/Feb/2025:14:27:46 -0600] "GET /ajax/listarClientesPaginando.json?term=5207258&page_limit=5&_=1738700088157 HTTP/1.1" 200 149
200.59.28.77 - - [04/Feb/2025:14:27:23 -0600] "POST /boleto/emitirBoletos.html HTTP/1.1" 200 260
190.143.157.97 - - [04/Feb/2025:14:27:30 -0600] "GET /boleto/anularBoleto.html?id=13191531 HTTP/1.1" 200 1596
45.233.66.14 - - [04/Feb/2025:14:28:25 -0600] "GET /login HTTP/1.1" 200 2752
190.149.166.0 - - [04/Feb/2025:14:28:15 -0600] "GET /boleto/emitirBoletos.html HTTP/1.1" 200 29034
45.233.66.14 - - [04/Feb/2025:14:28:25 -0600] "GET /login HTTP/1.1" 200 2752
45.233.66.14 - - [04/Feb/2025:14:28:02 -0600] "GET / HTTP/1.1" 200 34871
190.148.50.106 - - [04/Feb/2025:14:28:10 -0600] "POST /encomienda/pendientesEnvio.html HTTP/1.1" 200 79
190.149.166.0 - - [04/Feb/2025:14:28:22 -0600] "POST /autorizacioninterna/listarAutorizacionInterna.json HTTP/1.1" 200 205
190.56.157.165 - - [04/Feb/2025:14:27:45 -0600] "POST /ajax/listarEncomiendasPendientesEntrega.json HTTP/1.1" 200 37444
45.229.41.100 - - [04/Feb/2025:14:28:13 -0600] "POST /ajax/listarSalidasActivasEmitirBoleto.json HTTP/1.1" 200 3830
190.149.187.71 - - [04/Feb/2025:14:27:47 -0600] "GET /ajax/listarClientesPaginando.json?term=52072584&page_limit=5&_=1738700088158 HTTP/1.1" 200 89
45.229.41.203 - - [04/Feb/2025:14:28:27 -0600] "POST /ajax/calcularImporteTotalMonedaBaseEncomienda.json HTTP/1.1" 200 37
200.35.163.241 - - [04/Feb/2025:14:28:30 -0600] "GET /logout HTTP/1.1" 302 444
45.233.66.14 - - [04/Feb/2025:14:28:30 -0600] "POST /login_check HTTP/1.1" 302 304
186.151.119.61 - - [04/Feb/2025:14:28:24 -0600] "POST /salida/listarSalidas.json HTTP/1.1" 200 394
190.149.4.89 - - [04/Feb/2025:14:28:31 -0600] "GET /logout HTTP/1.1" 302 444
190.148.50.106 - - [04/Feb/2025:14:28:27 -0600] "POST /ajax/getEstacionesDestinosPorRuta.json HTTP/1.1" 200 723
181.189.154.32 - - [04/Feb/2025:14:28:24 -0600] "POST /ajax/listarBoletosAChequear.html HTTP/1.1" 200 10319
190.149.186.5 - - [04/Feb/2025:14:28:29 -0600] "POST /salida/abordar.html HTTP/1.1" 200 79
190.149.4.89 - - [04/Feb/2025:14:28:36 -0600] "GET / HTTP/1.1" 302 464
200.35.163.241 - - [04/Feb/2025:14:28:36 -0600] "GET / HTTP/1.1" 302 464
190.149.166.0 - - [04/Feb/2025:14:28:28 -0600] "POST /ajax/listarSalidasActivasEmitirBoleto.json HTTP/1.1" 200 622
45.233.66.14 - - [04/Feb/2025:14:28:03 -0600] "GET / HTTP/1.1" 200 34871
190.149.4.89 - - [04/Feb/2025:14:28:39 -0600] "GET /login HTTP/1.1" 200 2752
200.35.163.241 - - [04/Feb/2025:14:28:39 -0600] "GET /login HTTP/1.1" 200 2752
186.151.119.61 - - [04/Feb/2025:14:28:30 -0600] "GET /boleto/emitirBoletos.html HTTP/1.1" 200 29038
200.59.28.77 - - [04/Feb/2025:14:28:29 -0600] "POST /ajax/print/voucherBoleto.pdf HTTP/1.1" 200 619
190.148.50.106 - - [04/Feb/2025:14:28:35 -0600] "POST /ajax/getEncomiendaPendientesById.json HTTP/1.1" 200 480
45.233.66.14 - - [04/Feb/2025:14:28:36 -0600] "GET / HTTP/1.1" 200 34871
190.149.166.0 - - [04/Feb/2025:14:28:40 -0600] "POST /ajax/listarDatosIniciales.json HTTP/1.1" 200 61
190.149.186.5 - - [04/Feb/2025:14:28:40 -0600] "POST /salida/listarSalidas.json HTTP/1.1" 200 874
190.143.185.144 - - [04/Feb/2025:14:28:21 -0600] "POST /encomienda/registrarEncomienda.html HTTP/1.1" 200 1224
190.149.4.89 - - [04/Feb/2025:14:28:44 -0600] "POST /login_check HTTP/1.1" 302 304
200.59.28.77 - - [04/Feb/2025:14:28:45 -0600] "GET /boleto/emitirBoletos.html HTTP/1.1" 200 28891
186.151.119.61 - - [04/Feb/2025:14:28:44 -0600] "POST /ajax/listarSalidasActivasEmitirBoleto.json HTTP/1.1" 200 319
45.233.66.14 - - [04/Feb/2025:14:28:02 -0600] "GET / HTTP/1.1" 200 34871
190.56.157.165 - - [04/Feb/2025:14:28:47 -0600] "GET /encomienda/registrarEncomienda.html HTTP/1.1" 200 32511
190.143.157.97 - - [04/Feb/2025:14:28:32 -0600] "POST /boleto/anularBoleto.html HTTP/1.1" 200 79
45.229.41.247 - - [04/Feb/2025:14:28:55 -0600] "GET /login HTTP/1.1" 200 2752
190.149.187.71 - - [04/Feb/2025:14:28:52 -0600] "POST /ajax/calcularImporteTotalMonedaBase.json HTTP/1.1" 200 50
190.143.185.144 - - [04/Feb/2025:14:28:54 -0600] "GET /encomienda/registrarEncomienda.html HTTP/1.1" 200 32511
186.151.119.61 - - [04/Feb/2025:14:28:56 -0600] "POST /ajax/listarDatosIniciales.json HTTP/1.1" 200 61
190.56.157.165 - - [04/Feb/2025:14:28:57 -0600] "POST /ajax/listarMonedasCajasAbiertas.json HTTP/1.1" 200 41
190.148.50.106 - - [04/Feb/2025:14:28:55 -0600] "POST /ajax/getRutasAlternas.json HTTP/1.1" 200 311
45.233.66.14 - - [04/Feb/2025:14:28:06 -0600] "GET / HTTP/1.1" 200 34871
190.149.4.89 - - [04/Feb/2025:14:28:55 -0600] "GET / HTTP/1.1" 200 35358
190.148.50.106 - - [04/Feb/2025:14:28:57 -0600] "POST /ajax/listarTipoEncomiendaEspecialPaginando.json HTTP/1.1" 200 650
200.59.28.77 - - [04/Feb/2025:14:28:56 -0600] "POST /ajax/listarSalidasActivasEmitirBoleto.json HTTP/1.1" 200 607
190.149.166.61 - - [04/Feb/2025:14:28:48 -0600] "POST /ajax/getInformacionPorSalida.json HTTP/1.1" 200 9740
45.229.41.247 - - [04/Feb/2025:14:28:59 -0600] "POST /login_check HTTP/1.1" 302 304
190.143.185.144 - - [04/Feb/2025:14:29:00 -0600] "POST /ajax/listarMonedasCajasAbiertas.json HTTP/1.1" 200 41
190.148.50.106 - - [04/Feb/2025:14:29:01 -0600] "POST /ajax/listarTipoEncomiendaEspecialPaginando.json HTTP/1.1" 200 57
45.229.41.203 - - [04/Feb/2025:14:28:47 -0600] "POST /encomienda/registrarEncomienda.html HTTP/1.1" 200 163
45.229.41.100 - - [04/Feb/2025:14:28:55 -0600] "POST /ajax/getInformacionPorSalida.json HTTP/1.1" 200 5511
190.56.157.165 - - [04/Feb/2025:14:29:07 -0600] "POST /ajax/listarClientesPaginando.json HTTP/1.1" 200 320
200.59.28.77 - - [04/Feb/2025:14:29:03 -0600] "POST /ajax/listarDatosIniciales.json HTTP/1.1" 200 60
186.151.119.61 - - [04/Feb/2025:14:28:59 -0600] "POST /ajax/listarSalidasActivasEmitirBoleto.json HTTP/1.1" 200 277
190.149.4.89 - - [04/Feb/2025:14:29:05 -0600] "GET /boleto/emitirBoletos.html HTTP/1.1" 200 28885
45.233.66.14 - - [04/Feb/2025:14:28:04 -0600] "GET / HTTP/1.1" 200 34871
190.149.166.61 - - [04/Feb/2025:14:29:22 -0600] "GET /logout HTTP/1.1" 302 444
190.149.186.5 - - [04/Feb/2025:14:29:09 -0600] "GET /salida/asignarTarjeta.html?id=4597383 HTTP/1.1" 200 3905
190.148.50.106 - - [04/Feb/2025:14:29:20 -0600] "POST /ajax/calcularImporteTotalMonedaBaseEncomienda.json HTTP/1.1" 200 38
190.143.157.97 - - [04/Feb/2025:14:28:57 -0600] "POST /boleto/listarBoletos.json HTTP/1.1" 200 17463
190.149.166.61 - - [04/Feb/2025:14:29:28 -0600] "GET / HTTP/1.1" 302 464
200.119.178.44 - - [04/Feb/2025:14:29:03 -0600] "POST /ajax/calcularImporteTotalMonedaBase.json HTTP/1.1" 200 50
181.189.154.32 - - [04/Feb/2025:14:28:57 -0600] "POST /boleto/chequearBoleto2.html HTTP/1.1" 200 79
190.149.166.61 - - [04/Feb/2025:14:29:31 -0600] "GET /login HTTP/1.1" 200 2752
45.229.41.247 - - [04/Feb/2025:14:29:14 -0600] "GET / HTTP/1.1" 200 35122
190.149.4.89 - - [04/Feb/2025:14:29:26 -0600] "POST /ajax/listarSalidasActivasEmitirBoleto.json HTTP/1.1" 200 34
190.149.166.61 - - [04/Feb/2025:14:29:21 -0600] "POST /ajax/calcularImporteTotalMonedaBase.json HTTP/1.1" 200 50
45.233.66.14 - - [04/Feb/2025:14:28:07 -0600] "GET / HTTP/1.1" 200 34871
190.148.50.106 - - [04/Feb/2025:14:29:07 -0600] "POST /encomienda/pendientesEnvio.html HTTP/1.1" 200 79
45.229.41.203 - - [04/Feb/2025:14:29:25 -0600] "GET / HTTP/1.1" 200 34868
190.149.187.71 - - [04/Feb/2025:14:29:02 -0600] "POST /boleto/emitirBoletos.html HTTP/1.1" 200 845
190.149.4.89 - - [04/Feb/2025:14:29:37 -0600] "POST /ajax/listarDatosIniciales.json HTTP/1.1" 200 60
190.56.157.165 - - [04/Feb/2025:14:29:42 -0600] "POST /ajax/listarClientesPaginando.json HTTP/1.1" 200 278
45.229.41.100 - - [04/Feb/2025:14:29:32 -0600] "GET /ajax/consultarAsientoSalida.html?idSalida=4658528&numeroAsiento=23 HTTP/1.1" 200 2174
45.229.41.247 - - [04/Feb/2025:14:30:00 -0600] "-" 408 -
45.229.41.247 - - [04/Feb/2025:14:29:42 -0600] "GET /boleto/emitirBoletos.html HTTP/1.1" 200 28883
45.233.66.14 - - [04/Feb/2025:14:28:08 -0600] "GET / HTTP/1.1" 200 34871
190.149.186.5 - - [04/Feb/2025:14:29:37 -0600] "POST /salida/asignarTarjeta.html HTTP/1.1" 200 79
190.149.4.89 - - [04/Feb/2025:14:29:37 -0600] "GET /ajax/listarClientesPaginando.json?term=3680&page_limit=5&_=1738700941042 HTTP/1.1" 200 334
190.56.157.165 - - [04/Feb/2025:14:29:43 -0600] "POST /ajax/listarClientesPaginando.json HTTP/1.1" 200 236
45.229.41.142 - - [04/Feb/2025:14:29:55 -0600] "GET /logout HTTP/1.1" 302 444
190.149.187.71 - - [04/Feb/2025:14:29:52 -0600] "GET /boleto/emitirBoletos.html HTTP/1.1" 200 28923
45.229.41.142 - - [04/Feb/2025:14:30:12 -0600] "GET / HTTP/1.1" 302 464
190.56.157.165 - - [04/Feb/2025:14:29:48 -0600] "POST /ajax/listarClientesPaginando.json HTTP/1.1" 200 14
190.149.4.89 - - [04/Feb/2025:14:29:41 -0600] "GET /ajax/listarClientesPaginando.json?term=3680804&page_limit=5&_=1738700941043 HTTP/1.1" 200 134
186.151.119.61 - - [04/Feb/2025:14:29:37 -0600] "POST /ajax/getInformacionPorSalida.json HTTP/1.1" 200 6503
190.148.50.106 - - [04/Feb/2025:14:29:31 -0600] "POST /encomienda/registrarEncomienda.html HTTP/1.1" 200 263
45.229.41.142 - - [04/Feb/2025:14:30:20 -0600] "GET /login HTTP/1.1" 200 2752
45.229.41.203 - - [04/Feb/2025:14:29:55 -0600] "GET /caja/ HTTP/1.1" 304 -
181.189.154.32 - - [04/Feb/2025:14:29:45 -0600] "POST /ajax/listarBoletosAChequear.html HTTP/1.1" 200 11837
190.149.166.0 - - [04/Feb/2025:14:29:33 -0600] "POST /encomienda/registrarEncomienda.html HTTP/1.1" 200 263
190.143.157.97 - - [04/Feb/2025:14:29:41 -0600] "GET /boleto/anularBoleto.html?id=13191532 HTTP/1.1" 200 1596
190.149.166.0 - - [04/Feb/2025:14:30:33 -0600] "-" 408 -
190.56.157.165 - - [04/Feb/2025:14:29:51 -0600] "POST /ajax/listarClientesPaginando.json HTTP/1.1" 200 66
190.149.4.89 - - [04/Feb/2025:14:29:42 -0600] "GET /ajax/listarClientesPaginando.json?term=36808040&page_limit=5&_=1738700941044 HTTP/1.1" 200 73
190.148.50.106 - - [04/Feb/2025:14:29:49 -0600] "POST /ajax/getEncomiendaPendientesById.json HTTP/1.1" 200 457
190.149.186.5 - - [04/Feb/2025:14:30:06 -0600] "POST /salida/listarSalidas.json HTTP/1.1" 200 879
190.149.187.71 - - [04/Feb/2025:14:30:20 -0600] "POST /ajax/listarSalidasActivasEmitirBoleto.json HTTP/1.1" 200 34
45.229.41.247 - - [04/Feb/2025:14:30:01 -0600] "POST /ajax/listarSalidasActivasEmitirBoleto.json HTTP/1.1" 200 27624
45.229.41.203 - - [04/Feb/2025:14:30:31 -0600] "POST /caja/listarCajas.json HTTP/1.1" 200 241
45.229.41.247 - - [04/Feb/2025:14:30:08 -0600] "GET /ajax/listarClientesPaginando.json?term=DILIA+CAAL+&page_limit=5&_=1738700976897 HTTP/1.1" 200 60
181.189.154.32 - - [04/Feb/2025:14:30:36 -0600] "POST /reportes/manifiestoBoletoPiloto.html HTTP/1.1" 200 114
181.189.154.32 - - [04/Feb/2025:14:30:52 -0600] "GET /reporte/amejia_2025.02.04_14.30.48_67a278f82636e.pdf?v=2.5 HTTP/1.1" 200 6749
190.149.166.61 - - [04/Feb/2025:14:29:44 -0600] "POST /boleto/emitirBoletos.html HTTP/1.1" 200 260
190.149.186.5 - - [04/Feb/2025:14:30:11 -0600] "GET /boleto/chequearBoleto2.html HTTP/1.1" 200 4335
45.186.105.130 - - [04/Feb/2025:14:29:55 -0600] "POST /ajax/getInformacionPorSalida.json HTTP/1.1" 200 5223
186.151.119.61 - - [04/Feb/2025:14:30:37 -0600] "GET /boleto/emitirBoletos.html HTTP/1.1" 200 29038
190.149.187.71 - - [04/Feb/2025:14:30:37 -0600] "POST /ajax/listarDatosIniciales.json HTTP/1.1" 200 61
190.148.50.106 - - [04/Feb/2025:14:30:28 -0600] "POST /ajax/print/datosEncomienda HTTP/1.1" 200 1115
181.174.72.194 - - [04/Feb/2025:14:30:43 -0600] "POST /reportes/manifiestoBoletoPiloto.html HTTP/1.1" 200 112
181.174.72.194 - - [04/Feb/2025:14:31:03 -0600] "GET /reporte/rpaz_2025.02.04_14.30.59_67a27903db7a2.pdf?v=2.5 HTTP/1.1" 200 3903
200.119.178.44 - - [04/Feb/2025:14:29:54 -0600] "POST /boleto/emitirBoletos.html HTTP/1.1" 200 795
45.229.41.203 - - [04/Feb/2025:14:30:48 -0600] "GET /caja/preCerrar.html?id=5582179 HTTP/1.1" 200 1216
45.229.41.247 - - [04/Feb/2025:14:30:40 -0600] "POST /ajax/listarDatosIniciales.json HTTP/1.1" 200 61
190.149.166.0 - - [04/Feb/2025:14:30:35 -0600] "POST /ajax/print/datosEncomienda HTTP/1.1" 200 888
45.229.41.100 - - [04/Feb/2025:14:30:56 -0600] "GET /ajax/listarClientesPaginando.json?term=ES&page_limit=5&_=1738698808708 HTTP/1.1" 200 281
190.56.157.165 - - [04/Feb/2025:14:31:01 -0600] "POST /ajax/getRutasPorEstacion.json HTTP/1.1" 200 2166
190.148.50.106 - - [04/Feb/2025:14:31:00 -0600] "GET /encomienda/registrarEncomienda.html HTTP/1.1" 200 32511
190.148.50.106 - - [04/Feb/2025:14:30:43 -0600] "POST /ajax/getRutasAlternas.json HTTP/1.1" 200 311
190.149.4.89 - - [04/Feb/2025:14:30:48 -0600] "POST /ajax/listarSalidasActivasEmitirBoleto.json HTTP/1.1" 200 3735
24.152.55.4 - - [04/Feb/2025:14:31:14 -0600] "GET /logout HTTP/1.1" 302 444
24.152.55.20 - - [04/Feb/2025:14:31:09 -0600] "POST /login_check HTTP/1.1" 302 304
45.229.41.100 - - [04/Feb/2025:14:31:00 -0600] "GET /ajax/listarClientesPaginando.json?term=ESVIN+PIRIR&page_limit=5&_=1738698808709 HTTP/1.1" 200 14
45.229.41.247 - - [04/Feb/2025:14:31:08 -0600] "GET /ajax/listarClientesPaginando.json?term=DILIA+CAAL+BAC&page_limit=5&_=1738700976898 HTTP/1.1" 200 14
186.151.119.61 - - [04/Feb/2025:14:30:59 -0600] "POST /ajax/listarSalidasActivasEmitirBoleto.json HTTP/1.1" 200 319
24.152.55.4 - - [04/Feb/2025:14:31:22 -0600] "GET / HTTP/1.1" 302 464
45.229.41.203 - - [04/Feb/2025:14:31:12 -0600] "POST /caja/preCerrar.html HTTP/1.1" 200 79
190.148.50.106 - - [04/Feb/2025:14:31:20 -0600] "POST /ajax/listarMonedasCajasAbiertas.json HTTP/1.1" 200 41
200.119.178.44 - - [04/Feb/2025:14:31:08 -0600] "GET /boleto/emitirBoletos.html HTTP/1.1" 200 29012
190.143.157.97 - - [04/Feb/2025:14:30:38 -0600] "POST /boleto/anularBoleto.html HTTP/1.1" 200 79
45.229.41.247 - - [04/Feb/2025:14:31:15 -0600] "GET /cliente/crear.html HTTP/1.1" 200 10439
190.149.166.61 - - [04/Feb/2025:14:30:56 -0600] "POST /ajax/print/voucherBoleto.pdf HTTP/1.1" 200 619
190.149.166.0 - - [04/Feb/2025:14:30:42 -0600] "POST /ajax/getInformacionPorSalida.json HTTP/1.1" 200 10467
24.152.55.4 - - [04/Feb/2025:14:31:25 -0600] "GET /login HTTP/1.1" 200 2752
186.151.119.61 - - [04/Feb/2025:14:31:24 -0600] "POST /ajax/listarDatosIniciales.json HTTP/1.1" 200 61
190.148.50.106 - - [04/Feb/2025:14:31:23 -0600] "GET /autorizacioninterna/crear.html HTTP/1.1" 200 2730
190.149.166.0 - - [04/Feb/2025:14:31:07 -0600] "GET /encomienda/registrarEncomienda.html HTTP/1.1" 200 32511
45.229.41.203 - - [04/Feb/2025:14:31:26 -0600] "POST /caja/listarCajas.json HTTP/1.1" 200 244
24.152.55.20 - - [04/Feb/2025:14:31:22 -0600] "GET / HTTP/1.1" 200 36199
190.56.157.165 - - [04/Feb/2025:14:31:29 -0600] "POST /ajax/getEstacionesDestinosPorRuta.json HTTP/1.1" 200 851
190.149.166.61 - - [04/Feb/2025:14:31:27 -0600] "GET /boleto/emitirBoletos.html HTTP/1.1" 200 29033
190.143.157.97 - - [04/Feb/2025:14:31:26 -0600] "POST /boleto/listarBoletos.json HTTP/1.1" 200 17463
190.148.50.106 - - [04/Feb/2025:14:31:31 -0600] "POST /autorizacioninterna/crear.html HTTP/1.1" 200 79
190.148.50.106 - - [04/Feb/2025:14:31:29 -0600] "POST /encomienda/pendientesEnvio.html HTTP/1.1" 200 79
45.229.41.247 - - [04/Feb/2025:14:31:32 -0600] "POST /cliente/crear.html HTTP/1.1" 200 146
45.229.41.203 - - [04/Feb/2025:14:31:33 -0600] "GET /caja/preCerrar.html?id=5582179 HTTP/1.1" 200 155
190.149.166.61 - - [04/Feb/2025:14:31:32 -0600] "POST /ajax/listarSalidasActivasEmitirBoleto.json HTTP/1.1" 200 3184
190.148.50.106 - - [04/Feb/2025:14:31:35 -0600] "POST /autorizacioninterna/listarAutorizacionInterna.json HTTP/1.1" 200 1363
24.152.55.20 - - [04/Feb/2025:14:31:35 -0600] "GET /boleto/emitirBoletos.html HTTP/1.1" 200 28904
45.229.41.100 - - [04/Feb/2025:14:31:36 -0600] "GET /cliente/crear.html HTTP/1.1" 200 10439
186.151.119.59 - - [04/Feb/2025:14:31:38 -0600] "POST /login_check HTTP/1.1" 302 304
45.229.41.247 - - [04/Feb/2025:14:31:37 -0600] "POST /ajax/listarClientesPaginando.json HTTP/1.1" 200 60
190.148.50.106 - - [04/Feb/2025:14:31:35 -0600] "POST /ajax/getEncomiendaPendientesById.json HTTP/1.1" 200 510
190.149.166.61 - - [04/Feb/2025:14:31:38 -0600] "POST /ajax/listarDatosIniciales.json HTTP/1.1" 200 60
45.229.41.203 - - [04/Feb/2025:14:31:40 -0600] "GET /caja/cerrar.html?id=5582179 HTTP/1.1" 200 1035
190.148.50.106 - - [04/Feb/2025:14:31:40 -0600] "GET /encomienda/registrarEncomienda.html HTTP/1.1" 200 32511
181.189.138.174 - - [04/Feb/2025:14:31:43 -0600] "GET /salida/consultar2.html HTTP/1.1" 200 10775
181.189.154.32 - - [04/Feb/2025:14:31:52 -0600] "-" 408 -
190.149.166.61 - - [04/Feb/2025:14:31:38 -0600] "GET /boleto/chequearBoleto2.html HTTP/1.1" 200 5969
190.56.130.17 - - [04/Feb/2025:14:31:37 -0600] "POST /ajax/getInformacionPorSalida.json HTTP/1.1" 200 8135
190.149.166.0 - - [04/Feb/2025:14:31:48 -0600] "GET /ajax/listarClientesPaginando.json?term=24&page_limit=5&_=1738695219800 HTTP/1.1" 200 375
24.152.55.20 - - [04/Feb/2025:14:31:44 -0600] "POST /ajax/listarSalidasActivasEmitirBoleto.json HTTP/1.1" 200 1376
190.148.50.106 - - [04/Feb/2025:14:31:50 -0600] "POST /ajax/listarMonedasCajasAbiertas.json HTTP/1.1" 200 41
45.229.41.100 - - [04/Feb/2025:14:31:48 -0600] "POST /cliente/crear.html HTTP/1.1" 200 146
181.174.72.194 - - [04/Feb/2025:14:32:03 -0600] "-" 408 -
186.151.119.59 - - [04/Feb/2025:14:31:44 -0600] "GET / HTTP/1.1" 200 34869
45.229.41.203 - - [04/Feb/2025:14:31:50 -0600] "POST /caja/cerrar.html HTTP/1.1" 200 79
190.56.157.165 - - [04/Feb/2025:14:31:52 -0600] "POST /ajax/getSeriesActivaPorEstacion.json HTTP/1.1" 200 113
190.149.166.0 - - [04/Feb/2025:14:31:52 -0600] "GET /ajax/listarClientesPaginando.json?term=2433026&page_limit=5&_=1738695219801 HTTP/1.1" 200 81
190.149.4.89 - - [04/Feb/2025:14:31:41 -0600] "POST /ajax/getInformacionPorSalida.json HTTP/1.1" 200 9579
190.148.50.106 - - [04/Feb/2025:14:31:57 -0600] "POST /ajax/listarClientesPaginando.json HTTP/1.1" 200 103
181.189.138.174 - - [04/Feb/2025:14:31:51 -0600] "POST /ajax/listarSalidasByFecha.html HTTP/1.1" 200 15914
24.152.55.20 - - [04/Feb/2025:14:31:58 -0600] "POST /ajax/listarDatosIniciales.json HTTP/1.1" 200 60
45.229.41.100 - - [04/Feb/2025:14:32:01 -0600] "POST /ajax/listarClientesPaginando.json HTTP/1.1" 200 57
190.143.157.97 - - [04/Feb/2025:14:31:57 -0600] "GET /boleto/emitirBoletosAgencia.html HTTP/1.1" 200 28774
200.119.178.44 - - [04/Feb/2025:14:31:54 -0600] "POST /ajax/listarSalidasActivasEmitirBoleto.json HTTP/1.1" 200 27624
45.229.41.203 - - [04/Feb/2025:14:32:13 -0600] "POST /caja/listarCajas.json HTTP/1.1" 200 34
181.174.72.194 - - [04/Feb/2025:14:32:07 -0600] "POST /reportes/manifiestoBoletoPiloto.html HTTP/1.1" 200 112
181.174.72.194 - - [04/Feb/2025:14:32:28 -0600] "GET /reporte/rpaz_2025.02.04_14.32.25_67a2795957682.pdf?v=2.5 HTTP/1.1" 200 3905
190.149.166.0 - - [04/Feb/2025:14:31:54 -0600] "GET /ajax/listarClientesPaginando.json?term=24330264&page_limit=5&_=1738695219802 HTTP/1.1" 200 81
190.148.50.106 - - [04/Feb/2025:14:31:53 -0600] "POST /ajax/getRutasAlternas.json HTTP/1.1" 200 311
190.56.157.165 - - [04/Feb/2025:14:32:17 -0600] "POST /ajax/calcularImporteTotalMonedaBaseEncomienda.json HTTP/1.1" 200 37
186.151.119.59 - - [04/Feb/2025:14:32:12 -0600] "GET /boleto/emitirBoletos.html HTTP/1.1" 200 28911
45.229.41.247 - - [04/Feb/2025:14:31:59 -0600] "POST /ajax/listarSalidasActivasEmitirBoleto.json HTTP/1.1" 200 549
24.152.55.20 - - [04/Feb/2025:14:32:02 -0600] "POST /ajax/listarSalidasActivasEmitirBoleto.json HTTP/1.1" 200 34
190.149.166.61 - - [04/Feb/2025:14:32:02 -0600] "POST /ajax/listarBoletosAChequear.html HTTP/1.1" 200 3822
200.119.178.44 - - [04/Feb/2025:14:32:28 -0600] "POST /ajax/listarDatosIniciales.json HTTP/1.1" 200 61
190.56.130.17 - - [04/Feb/2025:14:32:26 -0600] "POST /ajax/calcularImporteTotalMonedaBase.json HTTP/1.1" 200 50
186.151.119.59 - - [04/Feb/2025:14:32:30 -0600] "POST /ajax/listarSalidasActivasEmitirBoleto.json HTTP/1.1" 200 34
190.143.157.97 - - [04/Feb/2025:14:32:27 -0600] "POST /ajax/listarSalidasActivasEmitirBoleto.json HTTP/1.1" 200 27624
190.143.157.97 - - [04/Feb/2025:14:32:30 -0600] "GET /agencia/consultarSaldoAgencia.html HTTP/1.1" 200 2466
186.151.119.59 - - [04/Feb/2025:14:32:35 -0600] "POST /ajax/listarDatosIniciales.json HTTP/1.1" 200 61
45.229.41.203 - - [04/Feb/2025:14:32:35 -0600] "GET /caja/crear.html HTTP/1.1" 200 3229
190.143.157.97 - - [04/Feb/2025:14:32:36 -0600] "POST /ajax/listarDatosIniciales.json HTTP/1.1" 200 40
190.148.50.106 - - [04/Feb/2025:14:32:48 -0600] "POST /ajax/listarClientesPaginando.json HTTP/1.1" 200 296
24.152.55.20 - - [04/Feb/2025:14:32:40 -0600] "GET /itinerario/crear.html HTTP/1.1" 200 11602
186.151.119.184 - - [04/Feb/2025:14:32:53 -0600] "GET /logout HTTP/1.1" 302 444
186.151.119.59 - - [04/Feb/2025:14:32:36 -0600] "POST /ajax/listarSalidasActivasEmitirBoleto.json HTTP/1.1" 200 2972
190.148.50.106 - - [04/Feb/2025:14:32:34 -0600] "POST /encomienda/pendientesEnvio.html HTTP/1.1" 200 79
186.151.119.184 - - [04/Feb/2025:14:33:19 -0600] "GET / HTTP/1.1" 302 464
45.229.41.100 - - [04/Feb/2025:14:32:40 -0600] "POST /ajax/calcularImporteTotalMonedaBase.json HTTP/1.1" 200 50
181.174.72.194 - - [04/Feb/2025:14:33:28 -0600] "-" 408 -
190.149.166.0 - - [04/Feb/2025:14:32:44 -0600] "POST /ajax/calcularImporteTotalMonedaBase.json HTTP/1.1" 200 50
190.148.50.106 - - [04/Feb/2025:14:32:51 -0600] "POST /ajax/listarClientesPaginando.json HTTP/1.1" 200 309
186.151.119.59 - - [04/Feb/2025:14:32:52 -0600] "GET /ajax/listarClientesPaginando.json?term=MARTHA&page_limit=5&_=1738701130083 HTTP/1.1" 200 259
