190.148.50.106 - - [04/Feb/2025:14:43:58 -0600] "POST /ajax/listarEncomiendasAProcesar.json HTTP/1.1" 403 114
190.149.187.71 - - [04/Feb/2025:14:43:59 -0600] "POST /ajax/getInformacionPorSalida.json HTTP/1.1" 403 114
181.174.90.164 - - [04/Feb/2025:14:43:59 -0600] "POST /ajax/listarDatosIniciales.json HTTP/1.1" 403 114
181.174.67.38 - - [04/Feb/2025:14:43:59 -0600] "GET / HTTP/1.1" 403 114
190.143.185.144 - - [04/Feb/2025:14:44:00 -0600] "POST /encomienda/registrarEncomienda.html HTTP/1.1" 403 114
190.143.157.97 - - [04/Feb/2025:14:44:00 -0600] "GET /boleto/anularBoleto.html?id=13191691 HTTP/1.1" 403 114
190.56.157.165 - - [04/Feb/2025:14:44:00 -0600] "POST /ajax/listarEncomiendasPendientesEntrega.json HTTP/1.1" 403 114
190.149.166.0 - - [04/Feb/2025:14:44:01 -0600] "POST /autorizacioninterna/listarAutorizacionInterna.json HTTP/1.1" 403 114
45.229.41.142 - - [04/Feb/2025:14:44:01 -0600] "GET /boleto/emitirBoletos.html HTTP/1.1" 403 114
190.143.157.97 - - [04/Feb/2025:14:44:02 -0600] "GET /boleto/anularBoleto.html?id=13191691 HTTP/1.1" 403 114
186.151.119.25 - - [04/Feb/2025:14:44:03 -0600] "GET /ajax/consultarAsientoSalida.html?idSalida=4648408&numeroAsiento=6 HTTP/1.1" 403 114
190.143.185.144 - - [04/Feb/2025:14:44:04 -0600] "POST /encomienda/registrarEncomienda.html HTTP/1.1" 403 114
186.151.119.184 - - [04/Feb/2025:14:44:04 -0600] "GET /boleto/emitirBoletos.html HTTP/1.1" 403 114
186.151.119.25 - - [04/Feb/2025:14:44:05 -0600] "GET /ajax/consultarAsientoSalida.html?idSalida=4648408&numeroAsiento=6 HTTP/1.1" 403 114
190.143.157.97 - - [04/Feb/2025:14:44:05 -0600] "GET /boleto/anularBoleto.html?id=13191692 HTTP/1.1" 403 114
190.149.166.39 - - [04/Feb/2025:14:44:05 -0600] "POST /ajax/getRutasPorEstacion.json HTTP/1.1" 403 114
190.143.185.144 - - [04/Feb/2025:14:44:05 -0600] "POST /encomienda/registrarEncomienda.html HTTP/1.1" 403 114
45.229.41.203 - - [04/Feb/2025:14:44:06 -0600] "GET /cliente/crear.html HTTP/1.1" 403 114
190.143.185.144 - - [04/Feb/2025:14:44:07 -0600] "POST /encomienda/registrarEncomienda.html HTTP/1.1" 200 263
190.143.157.97 - - [04/Feb/2025:14:44:08 -0600] "GET /boleto/anularBoleto.html?id=13191691 HTTP/1.1" 200 1596
190.149.166.39 - - [04/Feb/2025:14:44:13 -0600] "POST /ajax/getRutasPorEstacion.json HTTP/1.1" 200 3371
190.148.50.106 - - [04/Feb/2025:14:44:11 -0600] "POST /reportes/manifiestoEncomiendaFull.html HTTP/1.1" 200 116
186.151.119.25 - - [04/Feb/2025:14:44:13 -0600] "GET /ajax/consultarAsientoSalida.html?idSalida=4648408&numeroAsiento=6 HTTP/1.1" 200 2200
190.148.50.106 - - [04/Feb/2025:14:44:19 -0600] "GET /reporte/estuardo_2025.02.04_14.44.13_67a27c1d24565.pdf?v=2.5 HTTP/1.1" 200 5670
190.143.185.144 - - [04/Feb/2025:14:44:15 -0600] "POST /ajax/print/datosEncomienda HTTP/1.1" 200 902
45.229.41.142 - - [04/Feb/2025:14:44:18 -0600] "GET /boleto/emitirBoletos.html HTTP/1.1" 200 28906
190.149.187.71 - - [04/Feb/2025:14:44:18 -0600] "POST /ajax/listarSalidasActivasEmitirBoleto.json HTTP/1.1" 200 3830
190.143.185.144 - - [04/Feb/2025:14:44:21 -0600] "GET /encomienda/registrarEncomienda.html HTTP/1.1" 200 32511
45.229.41.142 - - [04/Feb/2025:14:44:25 -0600] "POST /ajax/listarSalidasActivasEmitirBoleto.json HTTP/1.1" 200 34
181.119.106.169 - - [04/Feb/2025:14:44:22 -0600] "POST /ajax/getInformacionPorSalida.json HTTP/1.1" 200 4747
190.143.157.97 - - [04/Feb/2025:14:44:17 -0600] "POST /boleto/anularBoleto.html HTTP/1.1" 200 79
190.148.50.106 - - [04/Feb/2025:14:44:22 -0600] "GET / HTTP/1.1" 200 35492
45.229.41.203 - - [04/Feb/2025:14:44:26 -0600] "GET /cliente/crear.html HTTP/1.1" 200 10439
190.143.185.144 - - [04/Feb/2025:14:44:27 -0600] "POST /ajax/listarMonedasCajasAbiertas.json HTTP/1.1" 200 41
45.229.41.142 - - [04/Feb/2025:14:44:33 -0600] "POST /ajax/listarDatosIniciales.json HTTP/1.1" 200 61
190.149.166.39 - - [04/Feb/2025:14:44:35 -0600] "POST /ajax/getEstacionesDestinosPorRuta.json HTTP/1.1" 200 723
190.148.50.106 - - [04/Feb/2025:14:44:35 -0600] "GET /encomienda/registrarEncomienda.html HTTP/1.1" 200 32511
45.229.41.203 - - [04/Feb/2025:14:44:37 -0600] "POST /cliente/crear.html HTTP/1.1" 200 146
190.143.157.97 - - [04/Feb/2025:14:44:33 -0600] "POST /boleto/listarBoletos.json HTTP/1.1" 200 10488
45.229.41.100 - - [04/Feb/2025:14:44:38 -0600] "POST /reportes/manifiestoBoletoPiloto.html HTTP/1.1" 200 115
45.229.41.100 - - [04/Feb/2025:14:44:45 -0600] "GET /reporte/mdeleon_2025.02.04_14.44.43_67a27c3ba0a4f.pdf?v=2.5 HTTP/1.1" 200 2872
190.148.50.106 - - [04/Feb/2025:14:44:44 -0600] "POST /ajax/listarMonedasCajasAbiertas.json HTTP/1.1" 200 41
45.229.41.203 - - [04/Feb/2025:14:44:45 -0600] "POST /ajax/listarClientesPaginando.json HTTP/1.1" 200 58
190.149.166.61 - - [04/Feb/2025:14:44:35 -0600] "POST /ajax/getInformacionPorSalida.json HTTP/1.1" 200 10437
190.148.50.106 - - [04/Feb/2025:14:44:44 -0600] "GET /encomienda/procesarEncomienda.html HTTP/1.1" 200 12684
190.149.187.71 - - [04/Feb/2025:14:44:49 -0600] "POST /ajax/getInformacionPorSalida.json HTTP/1.1" 200 10428
190.143.157.97 - - [04/Feb/2025:14:44:47 -0600] "GET /boleto/anularBoleto.html?id=13191692 HTTP/1.1" 200 1596
186.151.119.59 - - [04/Feb/2025:14:44:58 -0600] "-" 408 -
186.151.119.59 - - [04/Feb/2025:14:44:58 -0600] "-" 408 -
186.151.119.59 - - [04/Feb/2025:14:44:58 -0600] "-" 408 -
181.174.67.38 - - [04/Feb/2025:14:44:59 -0600] "-" 408 -
181.119.106.169 - - [04/Feb/2025:14:44:53 -0600] "POST /ajax/getInformacionPorSalida.json HTTP/1.1" 200 9059
181.174.67.38 - - [04/Feb/2025:14:45:00 -0600] "-" 408 -
186.151.119.25 - - [04/Feb/2025:14:45:10 -0600] "-" 408 -
190.149.166.61 - - [04/Feb/2025:14:45:02 -0600] "GET /ajax/listarClientesPaginando.json?term=1025&page_limit=5&_=1738695143159 HTTP/1.1" 200 370
45.229.41.142 - - [04/Feb/2025:14:44:59 -0600] "POST /ajax/listarSalidasActivasEmitirBoleto.json HTTP/1.1" 200 3830
181.119.106.169 - - [04/Feb/2025:14:45:06 -0600] "POST /reportes/manifiestoBoletoPiloto.html HTTP/1.1" 200 115
181.119.106.169 - - [04/Feb/2025:14:45:15 -0600] "GET /reporte/oalfaro_2025.02.04_14.45.12_67a27c58e0648.pdf?v=2.5 HTTP/1.1" 200 3982
45.229.41.100 - - [04/Feb/2025:14:45:05 -0600] "POST /reportes/manifiestoBoletoPiloto.html HTTP/1.1" 200 115
45.229.41.100 - - [04/Feb/2025:14:45:15 -0600] "GET /reporte/mdeleon_2025.02.04_14.45.13_67a27c591fdf7.pdf?v=2.5 HTTP/1.1" 200 2872
190.149.166.61 - - [04/Feb/2025:14:45:05 -0600] "GET /ajax/listarClientesPaginando.json?term=102519005&page_limit=5&_=1738695143160 HTTP/1.1" 200 77
190.148.50.106 - - [04/Feb/2025:14:44:57 -0600] "POST /ajax/listarEncomiendasAProcesar.json HTTP/1.1" 200 14398
190.149.187.71 - - [04/Feb/2025:14:45:02 -0600] "POST /ajax/getInformacionPorSalida.json HTTP/1.1" 200 12122
190.143.157.97 - - [04/Feb/2025:14:44:58 -0600] "POST /boleto/anularBoleto.html HTTP/1.1" 200 79
200.119.178.44 - - [04/Feb/2025:14:45:17 -0600] "GET /ajax/listarClientesPaginando.json?term=Eulalia+beletzuy&page_limit=5&_=1738700387069 HTTP/1.1" 200 112
45.229.41.203 - - [04/Feb/2025:14:45:10 -0600] "POST /ajax/getInformacionPorSalida.json HTTP/1.1" 200 6603
186.151.119.59 - - [04/Feb/2025:14:45:24 -0600] "GET /ajax/listarClientesPaginando.json?term=ELSA+MARINA+GARCIA+++++&page_limit=5&_=1738701130092 HTTP/1.1" 200 245
190.143.157.97 - - [04/Feb/2025:14:45:23 -0600] "POST /boleto/listarBoletos.json HTTP/1.1" 200 10488
190.148.50.106 - - [04/Feb/2025:14:45:19 -0600] "POST /reportes/manifiestoEncomiendaFull.html HTTP/1.1" 200 114
190.148.50.106 - - [04/Feb/2025:14:45:30 -0600] "GET /reporte/breyes_2025.02.04_14.45.24_67a27c64cec96.pdf?v=2.5 HTTP/1.1" 200 5673
190.149.187.71 - - [04/Feb/2025:14:45:24 -0600] "POST /ajax/getInformacionPorSalida.json HTTP/1.1" 200 10165
190.149.4.89 - - [04/Feb/2025:14:45:29 -0600] "POST /ajax/listarSalidasActivasEmitirBoleto.json HTTP/1.1" 200 3735
190.149.166.39 - - [04/Feb/2025:14:45:33 -0600] "POST /ajax/getSeriesActivaPorEstacion.json HTTP/1.1" 200 105
190.149.166.0 - - [04/Feb/2025:14:45:36 -0600] "GET /login HTTP/1.1" 200 2752
200.119.178.44 - - [04/Feb/2025:14:45:29 -0600] "POST /ajax/listarSalidasActivasEmitirBoleto.json HTTP/1.1" 200 8688
45.229.41.203 - - [04/Feb/2025:14:45:33 -0600] "POST /ajax/calcularImporteTotalMonedaBase.json HTTP/1.1" 200 50
186.151.119.61 - - [04/Feb/2025:14:45:34 -0600] "POST /ajax/listarSalidasActivasEmitirBoleto.json HTTP/1.1" 200 277
190.149.166.39 - - [04/Feb/2025:14:45:41 -0600] "POST /ajax/calcularImporteTotalMonedaBaseEncomienda.json HTTP/1.1" 200 37
190.148.50.106 - - [04/Feb/2025:14:45:43 -0600] "GET /encomienda/registrarEncomienda.html HTTP/1.1" 200 32511
190.143.157.97 - - [04/Feb/2025:14:45:31 -0600] "GET /boleto/anularBoleto.html?id=13191693 HTTP/1.1" 200 1596
190.149.186.5 - - [04/Feb/2025:14:45:46 -0600] "GET /logout HTTP/1.1" 302 444
190.149.187.71 - - [04/Feb/2025:14:45:43 -0600] "POST /ajax/getInformacionPorSalida.json HTTP/1.1" 200 7202
190.148.50.106 - - [04/Feb/2025:14:45:47 -0600] "POST /ajax/listarMonedasCajasAbiertas.json HTTP/1.1" 200 41
190.149.186.5 - - [04/Feb/2025:14:45:48 -0600] "GET / HTTP/1.1" 302 464
190.149.186.5 - - [04/Feb/2025:14:45:48 -0600] "GET /login HTTP/1.1" 200 2752
190.148.50.106 - - [04/Feb/2025:14:45:50 -0600] "POST /ajax/listarClientesPaginando.json HTTP/1.1" 200 151
190.149.4.89 - - [04/Feb/2025:14:45:49 -0600] "POST /ajax/getInformacionPorSalida.json HTTP/1.1" 200 9733
45.229.41.100 - - [04/Feb/2025:14:45:52 -0600] "POST /ajax/listarSalidasByFecha.html HTTP/1.1" 200 12187
200.119.178.44 - - [04/Feb/2025:14:45:52 -0600] "POST /ajax/getInformacionPorSalida.json HTTP/1.1" 200 5427
190.148.50.106 - - [04/Feb/2025:14:45:58 -0600] "POST /ajax/listarClientesPaginando.json HTTP/1.1" 200 131
190.143.157.97 - - [04/Feb/2025:14:45:51 -0600] "POST /boleto/anularBoleto.html HTTP/1.1" 200 79
186.151.119.25 - - [04/Feb/2025:14:46:10 -0600] "-" 408 -
45.229.41.203 - - [04/Feb/2025:14:45:51 -0600] "POST /boleto/emitirBoletos.html HTTP/1.1" 200 764
190.149.166.61 - - [04/Feb/2025:14:45:57 -0600] "POST /ajax/calcularImporteTotalMonedaBase.json HTTP/1.1" 200 50
181.119.106.169 - - [04/Feb/2025:14:45:54 -0600] "POST /ajax/getInformacionPorSalida.json HTTP/1.1" 200 6999
190.148.50.106 - - [04/Feb/2025:14:46:10 -0600] "POST /ajax/getRutasPorEstacion.json HTTP/1.1" 200 2274
45.229.41.203 - - [04/Feb/2025:14:46:12 -0600] "GET /boleto/emitirBoletos.html HTTP/1.1" 200 28912
45.229.41.100 - - [04/Feb/2025:14:46:08 -0600] "POST /ajax/getInformacionPorSalida.json HTTP/1.1" 200 6505
190.143.157.97 - - [04/Feb/2025:14:46:10 -0600] "POST /boleto/listarBoletos.json HTTP/1.1" 200 10488
45.186.105.130 - - [04/Feb/2025:14:46:13 -0600] "POST /ajax/getInformacionPorSalida.json HTTP/1.1" 200 5223
190.149.166.39 - - [04/Feb/2025:14:46:05 -0600] "POST /encomienda/registrarEncomienda.html HTTP/1.1" 200 1384
190.148.50.106 - - [04/Feb/2025:14:46:23 -0600] "POST /ajax/getEstacionesDestinosPorRuta.json HTTP/1.1" 200 963
200.119.178.44 - - [04/Feb/2025:14:46:21 -0600] "POST /ajax/calcularImporteTotalMonedaBase.json HTTP/1.1" 200 50
45.229.41.100 - - [04/Feb/2025:14:46:26 -0600] "POST /reportes/manifiestoBoletoPiloto.html HTTP/1.1" 200 115
45.229.41.100 - - [04/Feb/2025:14:46:36 -0600] "GET /reporte/mdeleon_2025.02.04_14.46.33_67a27ca9251f8.pdf?v=2.5 HTTP/1.1" 200 2971
190.149.166.0 - - [04/Feb/2025:14:46:36 -0600] "-" 408 -
190.149.166.39 - - [04/Feb/2025:14:46:31 -0600] "GET /encomienda/registrarEncomienda.html HTTP/1.1" 200 32511
45.186.105.130 - - [04/Feb/2025:14:46:31 -0600] "GET /boleto/emitirBoletos.html HTTP/1.1" 200 28884
190.149.166.61 - - [04/Feb/2025:14:46:19 -0600] "POST /boleto/emitirBoletos.html HTTP/1.1" 200 950
45.229.41.203 - - [04/Feb/2025:14:46:32 -0600] "POST /ajax/listarSalidasActivasEmitirBoleto.json HTTP/1.1" 200 549
190.143.157.97 - - [04/Feb/2025:14:46:26 -0600] "GET /boleto/anularBoleto.html?id=13191694 HTTP/1.1" 200 1596
190.148.50.106 - - [04/Feb/2025:14:46:38 -0600] "GET /encomienda/registrarEncomienda.html HTTP/1.1" 200 32511
190.149.186.5 - - [04/Feb/2025:14:46:49 -0600] "-" 408 -
45.186.105.130 - - [04/Feb/2025:14:46:41 -0600] "POST /ajax/listarSalidasActivasEmitirBoleto.json HTTP/1.1" 200 1138
190.149.166.61 - - [04/Feb/2025:14:46:43 -0600] "GET /boleto/emitirBoletos.html HTTP/1.1" 200 29033
45.229.41.203 - - [04/Feb/2025:14:46:43 -0600] "POST /ajax/listarDatosIniciales.json HTTP/1.1" 200 61
190.148.50.106 - - [04/Feb/2025:14:46:45 -0600] "POST /ajax/listarMonedasCajasAbiertas.json HTTP/1.1" 200 41
190.143.185.144 - - [04/Feb/2025:14:46:35 -0600] "POST /ajax/getInformacionPorSalida.json HTTP/1.1" 200 10811
190.149.166.0 - - [04/Feb/2025:14:46:48 -0600] "POST /login_check HTTP/1.1" 302 304
200.119.178.44 - - [04/Feb/2025:14:46:37 -0600] "POST /boleto/emitirBoletos.html HTTP/1.1" 200 759
45.186.105.130 - - [04/Feb/2025:14:46:49 -0600] "POST /ajax/listarDatosIniciales.json HTTP/1.1" 200 60
190.149.166.0 - - [04/Feb/2025:14:46:49 -0600] "POST /login_check HTTP/1.1" 302 304
190.149.166.61 - - [04/Feb/2025:14:46:50 -0600] "POST /ajax/listarSalidasActivasEmitirBoleto.json HTTP/1.1" 200 3184
181.174.67.38 - - [04/Feb/2025:14:47:16 -0600] "GET /css/login.css?v=2.5 HTTP/1.1" 200 124645
190.149.166.0 - - [04/Feb/2025:14:46:58 -0600] "GET /autorizacioninterna/crear.html HTTP/1.1" 200 2730
45.229.41.100 - - [04/Feb/2025:14:46:45 -0600] "POST /ajax/getInformacionPorSalida.json HTTP/1.1" 200 5779
181.174.67.38 - - [04/Feb/2025:14:47:10 -0600] "GET /login HTTP/1.1" 200 2752
181.174.67.38 - - [04/Feb/2025:14:47:17 -0600] "GET /images/logo/fdn.png?v=2.5 HTTP/1.1" 200 7555
181.174.67.38 - - [04/Feb/2025:14:47:17 -0600] "GET /js/login.js?v=2.5 HTTP/1.1" 200 135164
200.59.28.77 - - [04/Feb/2025:14:46:54 -0600] "POST /ajax/listarSalidasActivasEmitirBoleto.json HTTP/1.1" 200 485
200.119.178.44 - - [04/Feb/2025:14:46:58 -0600] "GET /boleto/emitirBoletos.html HTTP/1.1" 200 29012
190.149.166.39 - - [04/Feb/2025:14:47:02 -0600] "POST /ajax/listarMonedasCajasAbiertas.json HTTP/1.1" 200 41
190.148.50.106 - - [04/Feb/2025:14:47:13 -0600] "POST /ajax/listarTipoEncomiendaEspecialPaginando.json HTTP/1.1" 200 650
190.143.157.97 - - [04/Feb/2025:14:46:48 -0600] "POST /boleto/anularBoleto.html HTTP/1.1" 200 79
200.59.28.77 - - [04/Feb/2025:14:47:02 -0600] "GET /cliente/crear.html HTTP/1.1" 200 10439
190.149.166.61 - - [04/Feb/2025:14:47:15 -0600] "POST /ajax/listarDatosIniciales.json HTTP/1.1" 200 60
190.149.166.0 - - [04/Feb/2025:14:47:01 -0600] "GET / HTTP/1.1" 200 34870
181.174.90.164 - - [04/Feb/2025:14:47:19 -0600] "GET /ajax/listarClientesPaginando.json?term=...&page_limit=5&_=1738701754058 HTTP/1.1" 200 266
190.149.4.89 - - [04/Feb/2025:14:46:59 -0600] "GET /ajax/consultarAsientoSalida.html?idSalida=4617542&numeroAsiento=39 HTTP/1.1" 200 2232
181.174.67.38 - - [04/Feb/2025:14:47:27 -0600] "GET /favicon.ico HTTP/1.1" 200 1150
190.149.166.0 - - [04/Feb/2025:14:47:02 -0600] "POST /login_check HTTP/1.1" 302 324
190.149.166.0 - - [04/Feb/2025:14:47:02 -0600] "POST /login_check HTTP/1.1" 302 324
190.149.166.0 - - [04/Feb/2025:14:47:03 -0600] "POST /login_check HTTP/1.1" 302 324
190.149.166.0 - - [04/Feb/2025:14:47:03 -0600] "POST /login_check HTTP/1.1" 302 324
190.149.166.0 - - [04/Feb/2025:14:47:02 -0600] "POST /login_check HTTP/1.1" 302 324
190.149.166.0 - - [04/Feb/2025:14:47:03 -0600] "POST /login_check HTTP/1.1" 302 324
190.149.166.0 - - [04/Feb/2025:14:47:02 -0600] "POST /login_check HTTP/1.1" 302 324
190.149.166.0 - - [04/Feb/2025:14:47:03 -0600] "POST /login_check HTTP/1.1" 302 324
190.149.166.0 - - [04/Feb/2025:14:47:02 -0600] "POST /login_check HTTP/1.1" 302 324
190.149.166.0 - - [04/Feb/2025:14:47:02 -0600] "POST /login_check HTTP/1.1" 302 324
181.174.90.164 - - [04/Feb/2025:14:47:21 -0600] "GET /ajax/listarClientesPaginando.json?term=........&page_limit=5&_=1738701754059 HTTP/1.1" 200 234
190.149.166.0 - - [04/Feb/2025:14:47:03 -0600] "POST /login_check HTTP/1.1" 302 324
200.119.178.44 - - [04/Feb/2025:14:47:23 -0600] "POST /ajax/listarSalidasActivasEmitirBoleto.json HTTP/1.1" 200 27915
190.148.50.106 - - [04/Feb/2025:14:47:26 -0600] "POST /ajax/calcularImporteTotalMonedaBaseEncomienda.json HTTP/1.1" 200 37
190.149.166.0 - - [04/Feb/2025:14:47:29 -0600] "GET /login HTTP/1.1" 200 2821
190.115.15.98 - - [04/Feb/2025:14:47:28 -0600] "POST /login_check HTTP/1.1" 302 304
181.189.138.151 - - [04/Feb/2025:14:47:29 -0600] "POST /login_check HTTP/1.1" 302 304
186.151.119.184 - - [04/Feb/2025:14:47:27 -0600] "GET /boleto/emitirBoletos.html HTTP/1.1" 200 28912
190.149.166.61 - - [04/Feb/2025:14:47:19 -0600] "POST /ajax/getInformacionPorSalida.json HTTP/1.1" 200 8201
190.143.157.97 - - [04/Feb/2025:14:47:26 -0600] "POST /boleto/listarBoletos.json HTTP/1.1" 200 10488
190.56.130.17 - - [04/Feb/2025:14:47:34 -0600] "GET /logout HTTP/1.1" 302 444
190.56.130.17 - - [04/Feb/2025:14:47:38 -0600] "GET / HTTP/1.1" 302 464
200.119.178.44 - - [04/Feb/2025:14:47:33 -0600] "POST /ajax/listarDatosIniciales.json HTTP/1.1" 200 61
190.56.130.17 - - [04/Feb/2025:14:47:40 -0600] "GET /login HTTP/1.1" 200 2752
186.151.119.184 - - [04/Feb/2025:14:47:35 -0600] "POST /ajax/listarSalidasActivasEmitirBoleto.json HTTP/1.1" 200 3830
181.119.106.169 - - [04/Feb/2025:14:47:37 -0600] "GET /boleto/emitirBoletos.html HTTP/1.1" 200 28917
190.115.15.98 - - [04/Feb/2025:14:47:33 -0600] "GET / HTTP/1.1" 200 30179
190.149.166.0 - - [04/Feb/2025:14:47:45 -0600] "POST /autorizacioninterna/crear.html HTTP/1.1" 302 464
181.189.138.151 - - [04/Feb/2025:14:47:33 -0600] "GET / HTTP/1.1" 200 30196
190.149.166.0 - - [04/Feb/2025:14:47:48 -0600] "GET /login HTTP/1.1" 200 2752
190.143.185.144 - - [04/Feb/2025:14:47:39 -0600] "POST /ajax/listarSalidasActivasEmitirBoleto.json HTTP/1.1" 200 3184
190.149.166.0 - - [04/Feb/2025:14:47:55 -0600] "POST /autorizacioninterna/listarAutorizacionInterna.json HTTP/1.1" 302 464
186.151.119.184 - - [04/Feb/2025:14:47:48 -0600] "POST /ajax/listarDatosIniciales.json HTTP/1.1" 200 61
181.174.90.164 - - [04/Feb/2025:14:47:45 -0600] "POST /ajax/listarSalidasActivasEmitirBoleto.json HTTP/1.1" 200 3830
181.119.106.169 - - [04/Feb/2025:14:47:48 -0600] "POST /ajax/listarSalidasActivasEmitirBoleto.json HTTP/1.1" 200 34
190.149.166.0 - - [04/Feb/2025:14:47:59 -0600] "GET /login HTTP/1.1" 200 2752
190.143.157.97 - - [04/Feb/2025:14:47:42 -0600] "GET /boleto/anularBoleto.html?id=13191695 HTTP/1.1" 200 1596
200.59.28.77 - - [04/Feb/2025:14:47:53 -0600] "POST /cliente/crear.html HTTP/1.1" 200 146
190.148.50.106 - - [04/Feb/2025:14:47:37 -0600] "POST /encomienda/registrarEncomienda.html HTTP/1.1" 200 263
190.115.15.98 - - [04/Feb/2025:14:47:55 -0600] "GET /boleto/emitirBoletosAgencia.html HTTP/1.1" 200 28730
181.119.106.169 - - [04/Feb/2025:14:48:02 -0600] "POST /ajax/listarDatosIniciales.json HTTP/1.1" 200 60
181.174.90.164 - - [04/Feb/2025:14:48:02 -0600] "POST /ajax/listarDatosIniciales.json HTTP/1.1" 200 61
190.149.166.61 - - [04/Feb/2025:14:47:59 -0600] "POST /ajax/listarSalidasActivasEmitirBoleto.json HTTP/1.1" 200 2119
190.149.187.71 - - [04/Feb/2025:14:47:48 -0600] "POST /ajax/getInformacionPorSalida.json HTTP/1.1" 200 10165
200.59.28.77 - - [04/Feb/2025:14:48:11 -0600] "POST /ajax/listarClientesPaginando.json HTTP/1.1" 200 58
181.119.106.169 - - [04/Feb/2025:14:48:03 -0600] "POST /ajax/listarSalidasActivasEmitirBoleto.json HTTP/1.1" 200 34
190.143.185.144 - - [04/Feb/2025:14:47:57 -0600] "POST /ajax/getInformacionPorSalida.json HTTP/1.1" 200 13205
181.174.72.194 - - [04/Feb/2025:14:48:23 -0600] "GET /salida/consultar2.html HTTP/1.1" 200 10775
190.115.15.98 - - [04/Feb/2025:14:48:12 -0600] "POST /ajax/listarSalidasActivasEmitirBoleto.json HTTP/1.1" 200 27917
181.119.106.169 - - [04/Feb/2025:14:48:18 -0600] "GET /boleto/emitirBoletos.html HTTP/1.1" 200 28917
190.149.166.0 - - [04/Feb/2025:14:48:24 -0600] "POST /login_check HTTP/1.1" 302 304
190.148.50.106 - - [04/Feb/2025:14:48:12 -0600] "POST /ajax/print/datosEncomienda HTTP/1.1" 200 1047
190.149.166.0 - - [04/Feb/2025:14:48:24 -0600] "POST /login_check HTTP/1.1" 302 304
24.152.55.20 - - [04/Feb/2025:14:48:28 -0600] "POST /login_check HTTP/1.1" 302 304
45.229.41.100 - - [04/Feb/2025:14:48:11 -0600] "POST /ajax/getInformacionPorSalida.json HTTP/1.1" 200 8390
190.149.166.0 - - [04/Feb/2025:14:48:24 -0600] "POST /login_check HTTP/1.1" 302 304
181.174.68.225 - - [04/Feb/2025:14:48:33 -0600] "POST /login_check HTTP/1.1" 302 304
181.174.90.164 - - [04/Feb/2025:14:48:14 -0600] "POST /ajax/getInformacionPorSalida.json HTTP/1.1" 200 10167
190.115.15.98 - - [04/Feb/2025:14:48:33 -0600] "POST /ajax/listarDatosIniciales.json HTTP/1.1" 200 40
190.149.166.0 - - [04/Feb/2025:14:48:24 -0600] "POST /login_check HTTP/1.1" 302 304
190.149.166.61 - - [04/Feb/2025:14:48:28 -0600] "POST /ajax/listarSalidasActivasEmitirBoleto.json HTTP/1.1" 200 554
181.189.154.32 - - [04/Feb/2025:14:48:27 -0600] "GET / HTTP/1.1" 200 35249
190.149.187.71 - - [04/Feb/2025:14:48:49 -0600] "-" 408 -
181.119.106.169 - - [04/Feb/2025:14:48:33 -0600] "POST /ajax/listarSalidasActivasEmitirBoleto.json HTTP/1.1" 200 34
190.148.50.106 - - [04/Feb/2025:14:48:36 -0600] "GET /encomienda/registrarEncomienda.html HTTP/1.1" 200 32511
181.174.72.194 - - [04/Feb/2025:14:48:32 -0600] "POST /ajax/listarSalidasByFecha.html HTTP/1.1" 200 16201
200.59.28.77 - - [04/Feb/2025:14:48:22 -0600] "POST /ajax/getInformacionPorSalida.json HTTP/1.1" 200 5572
181.119.106.169 - - [04/Feb/2025:14:48:39 -0600] "GET /ajax/listarClientesPaginando.json?term=ANA&page_limit=5&_=1738701439298 HTTP/1.1" 200 313
190.115.15.98 - - [04/Feb/2025:14:48:45 -0600] "GET /ajax/listarClientesPaginando.json?term=trotamundos+S&page_limit=5&_=1738702067982 HTTP/1.1" 200 316
24.152.55.20 - - [04/Feb/2025:14:48:38 -0600] "GET / HTTP/1.1" 200 36207
190.143.185.144 - - [04/Feb/2025:14:48:34 -0600] "GET /ajax/consultarAsientoSalida.html?idSalida=4648402&numeroAsiento=53 HTTP/1.1" 200 2246
190.143.157.97 - - [04/Feb/2025:14:48:22 -0600] "POST /boleto/anularBoleto.html HTTP/1.1" 200 79
45.229.41.100 - - [04/Feb/2025:14:48:50 -0600] "POST /reportes/manifiestoBoletoPiloto.html HTTP/1.1" 200 115
45.229.41.100 - - [04/Feb/2025:14:49:07 -0600] "GET /reporte/mdeleon_2025.02.04_14.49.04_67a27d407f24f.pdf?v=2.5 HTTP/1.1" 200 2480
190.148.50.106 - - [04/Feb/2025:14:48:51 -0600] "POST /ajax/listarMonedasCajasAbiertas.json HTTP/1.1" 200 41
24.152.55.20 - - [04/Feb/2025:14:48:43 -0600] "POST /login_check HTTP/1.1" 302 324
24.152.55.20 - - [04/Feb/2025:14:49:01 -0600] "POST /login_check HTTP/1.1" 302 324
24.152.55.20 - - [04/Feb/2025:14:49:01 -0600] "POST /login_check HTTP/1.1" 302 324
181.119.106.169 - - [04/Feb/2025:14:48:41 -0600] "GET /ajax/listarClientesPaginando.json?term=ANABELLY+&page_limit=5&_=1738701439299 HTTP/1.1" 200 293
181.189.154.32 - - [04/Feb/2025:14:48:52 -0600] "GET /boleto/emitirBoletos.html HTTP/1.1" 200 29021
190.149.166.0 - - [04/Feb/2025:14:48:43 -0600] "GET / HTTP/1.1" 200 34870
181.174.68.225 - - [04/Feb/2025:14:49:11 -0600] "GET /css/frontend.css?v=2.5 HTTP/1.1" 200 103571
181.174.68.225 - - [04/Feb/2025:14:49:11 -0600] "GET /css/frontendBase.css?v=2.5 HTTP/1.1" 200 107067
181.174.68.225 - - [04/Feb/2025:14:49:11 -0600] "GET /bundles/acmeterminalomnibus/images/logout.png?v=2.5 HTTP/1.1" 200 1439
181.174.68.225 - - [04/Feb/2025:14:49:11 -0600] "GET /js/printjs/JsBarcode.all.min.js?v=2.5 HTTP/1.1" 200 60818
181.174.68.225 - - [04/Feb/2025:14:48:43 -0600] "GET / HTTP/1.1" 200 35747
24.152.55.20 - - [04/Feb/2025:14:49:08 -0600] "GET /login HTTP/1.1" 200 2821
181.174.68.225 - - [04/Feb/2025:14:49:12 -0600] "GET /js/printjs/qrcode.min.js?v=2.5 HTTP/1.1" 200 19927
181.174.68.225 - - [04/Feb/2025:14:49:12 -0600] "GET /js/printjs/print.min.js?v=2.5 HTTP/1.1" 200 11952
181.174.68.225 - - [04/Feb/2025:14:49:12 -0600] "GET /js/printjs/fdn.js?v=2.5 HTTP/1.1" 200 16776
181.174.68.225 - - [04/Feb/2025:14:49:12 -0600] "GET /images/loader/ajax-barra.gif?v=2.5 HTTP/1.1" 200 2892
181.174.68.225 - - [04/Feb/2025:14:49:12 -0600] "GET /images/glyphicons-halflings.png HTTP/1.1" 200 12799
181.174.68.225 - - [04/Feb/2025:14:49:11 -0600] "GET /js/frontend.js?v=2.5 HTTP/1.1" 200 927002
181.119.106.169 - - [04/Feb/2025:14:48:47 -0600] "GET /ajax/listarClientesPaginando.json?term=ANABELLY+SALES+CABRERA+&page_limit=5&_=1738701439300 HTTP/1.1" 200 14
181.174.68.225 - - [04/Feb/2025:14:49:17 -0600] "GET /images/loader/wait.gif?v=2.5 HTTP/1.1" 200 1787
181.174.90.164 - - [04/Feb/2025:14:49:03 -0600] "POST /ajax/calcularImporteTotalMonedaBase.json HTTP/1.1" 200 50
181.119.106.169 - - [04/Feb/2025:14:48:49 -0600] "POST /ajax/listarDatosIniciales.json HTTP/1.1" 200 60
24.152.55.20 - - [04/Feb/2025:14:49:15 -0600] "POST /login_check HTTP/1.1" 302 304
190.149.166.61 - - [04/Feb/2025:14:48:52 -0600] "POST /ajax/getInformacionPorSalida.json HTTP/1.1" 200 8709
181.174.68.225 - - [04/Feb/2025:14:49:17 -0600] "GET /salida/consultar2.html HTTP/1.1" 200 10775
200.59.28.77 - - [04/Feb/2025:14:49:09 -0600] "POST /ajax/calcularImporteTotalMonedaBase.json HTTP/1.1" 200 50
181.174.68.225 - - [04/Feb/2025:14:49:25 -0600] "GET /bundles/acmeterminalomnibus/images/bus/asientoClaseA.png?v=2.5 HTTP/1.1" 200 10296
181.174.68.225 - - [04/Feb/2025:14:49:25 -0600] "GET /bundles/acmeterminalomnibus/images/bus/asientoClaseAReservado.png?v=2.5 HTTP/1.1" 200 9893
181.174.68.225 - - [04/Feb/2025:14:49:25 -0600] "GET /bundles/acmeterminalomnibus/images/bus/asientoClaseACortesia.png?v=2.5 HTTP/1.1" 200 9811
181.174.68.225 - - [04/Feb/2025:14:49:25 -0600] "GET /bundles/acmeterminalomnibus/images/bus/asientoClaseAPagina.png?v=2.5 HTTP/1.1" 200 5401
181.174.68.225 - - [04/Feb/2025:14:49:25 -0600] "GET /bundles/acmeterminalomnibus/images/bus/asientoClaseAVendido.png?v=2.5 HTTP/1.1" 200 7557
181.174.68.225 - - [04/Feb/2025:14:49:25 -0600] "GET /bundles/acmeterminalomnibus/images/bus/asientoClaseAPaginaTemp.jpeg?v=2.5 HTTP/1.1" 200 5492
181.174.68.225 - - [04/Feb/2025:14:49:25 -0600] "GET /bundles/acmeterminalomnibus/images/bus/asientoClaseB.png?v=2.5 HTTP/1.1" 200 11514
181.174.68.225 - - [04/Feb/2025:14:49:25 -0600] "GET /bundles/acmeterminalomnibus/images/bus/asientoClaseBVendido.png?v=2.5 HTTP/1.1" 200 8592
181.174.68.225 - - [04/Feb/2025:14:49:25 -0600] "GET /bundles/acmeterminalomnibus/images/bus/asientoClaseBCortesia.png?v=2.5 HTTP/1.1" 200 10453
181.174.68.225 - - [04/Feb/2025:14:49:25 -0600] "GET /bundles/acmeterminalomnibus/images/bus/asientoClaseBReservado.png?v=2.5 HTTP/1.1" 200 10496
181.174.68.225 - - [04/Feb/2025:14:49:25 -0600] "GET /bundles/acmeterminalomnibus/images/bus/asientoClaseBPagina.png?v=2.5 HTTP/1.1" 200 5562
181.174.68.225 - - [04/Feb/2025:14:49:25 -0600] "GET /bundles/acmeterminalomnibus/images/bus/asientoClaseBPaginaTemp.jpeg?v=2.5 HTTP/1.1" 200 5707
181.174.68.225 - - [04/Feb/2025:14:49:25 -0600] "GET /bundles/acmeterminalomnibus/images/bus/chofer.png?v=2.5 HTTP/1.1" 200 3523
181.174.68.225 - - [04/Feb/2025:14:49:25 -0600] "GET /bundles/acmeterminalomnibus/images/bus/puerta.png?v=2.5 HTTP/1.1" 200 1467
181.189.154.32 - - [04/Feb/2025:14:49:10 -0600] "POST /ajax/listarSalidasActivasEmitirBoleto.json HTTP/1.1" 200 3735
181.119.106.169 - - [04/Feb/2025:14:48:53 -0600] "GET /cliente/crear.html HTTP/1.1" 200 10439
190.143.157.97 - - [04/Feb/2025:14:49:04 -0600] "POST /boleto/listarBoletos.json HTTP/1.1" 200 10488
181.189.154.32 - - [04/Feb/2025:14:49:27 -0600] "-" 408 -
181.174.72.194 - - [04/Feb/2025:14:49:03 -0600] "POST /ajax/getInformacionPorSalida.json HTTP/1.1" 200 10127
200.59.28.77 - - [04/Feb/2025:14:49:24 -0600] "POST /ajax/calcularImporteTotalPorMoneda.json HTTP/1.1" 200 57
190.115.15.98 - - [04/Feb/2025:14:49:20 -0600] "POST /ajax/listarSalidasActivasEmitirBoleto.json HTTP/1.1" 200 3735
181.189.154.32 - - [04/Feb/2025:14:49:26 -0600] "POST /ajax/listarDatosIniciales.json HTTP/1.1" 200 60
24.152.55.20 - - [04/Feb/2025:14:49:22 -0600] "GET / HTTP/1.1" 200 36207
181.174.68.225 - - [04/Feb/2025:14:49:24 -0600] "POST /ajax/listarSalidasByFecha.html HTTP/1.1" 200 16201
181.174.72.194 - - [04/Feb/2025:14:49:30 -0600] "POST /reportes/manifiestoBoletoPiloto.html HTTP/1.1" 200 112
181.174.72.194 - - [04/Feb/2025:14:49:37 -0600] "GET /reporte/rpaz_2025.02.04_14.49.34_67a27d5e60296.pdf?v=2.5 HTTP/1.1" 200 3903
190.115.15.98 - - [04/Feb/2025:14:49:32 -0600] "POST /ajax/listarDatosIniciales.json HTTP/1.1" 200 40
181.119.106.169 - - [04/Feb/2025:14:49:31 -0600] "POST /cliente/crear.html HTTP/1.1" 200 146
200.59.28.77 - - [04/Feb/2025:14:49:33 -0600] "POST /ajax/calcularImporteTotalPorMoneda.json HTTP/1.1" 200 55
24.152.55.20 - - [04/Feb/2025:14:49:35 -0600] "GET /boleto/emitirBoletos.html HTTP/1.1" 200 28900
181.119.106.169 - - [04/Feb/2025:14:49:38 -0600] "POST /ajax/listarClientesPaginando.json HTTP/1.1" 200 68
181.174.90.164 - - [04/Feb/2025:14:49:26 -0600] "POST /boleto/emitirBoletos.html HTTP/1.1" 200 1851
24.152.55.20 - - [04/Feb/2025:14:49:40 -0600] "POST /ajax/listarSalidasActivasEmitirBoleto.json HTTP/1.1" 200 34
190.143.157.97 - - [04/Feb/2025:14:49:36 -0600] "GET /boleto/anularBoleto.html?id=13191696 HTTP/1.1" 200 1596
45.229.41.100 - - [04/Feb/2025:14:49:39 -0600] "POST /ajax/getInformacionPorSalida.json HTTP/1.1" 200 5779
181.119.106.169 - - [04/Feb/2025:14:49:43 -0600] "POST /ajax/listarSalidasActivasEmitirBoleto.json HTTP/1.1" 200 34
24.152.55.20 - - [04/Feb/2025:14:49:44 -0600] "POST /ajax/listarDatosIniciales.json HTTP/1.1" 200 60
181.174.90.164 - - [04/Feb/2025:14:49:44 -0600] "GET /boleto/emitirBoletos.html HTTP/1.1" 200 28892
200.59.28.77 - - [04/Feb/2025:14:49:40 -0600] "POST /boleto/emitirBoletos.html HTTP/1.1" 200 260
24.152.55.20 - - [04/Feb/2025:14:49:44 -0600] "POST /ajax/listarSalidasActivasEmitirBoleto.json HTTP/1.1" 200 1132
190.143.185.144 - - [04/Feb/2025:14:49:45 -0600] "POST /ajax/listarSalidasActivasEmitirBoleto.json HTTP/1.1" 200 3735
45.229.41.100 - - [04/Feb/2025:14:49:49 -0600] "POST /reportes/manifiestoBoletoPiloto.html HTTP/1.1" 200 115
45.229.41.100 - - [04/Feb/2025:14:49:55 -0600] "GET /reporte/mdeleon_2025.02.04_14.49.53_67a27d7189ad3.pdf?v=2.5 HTTP/1.1" 200 2481
190.149.166.61 - - [04/Feb/2025:14:49:55 -0600] "GET /ajax/listarClientesPaginando.json?term=ERICK+GONZALES&page_limit=5&_=1738695143161 HTTP/1.1" 200 123
181.174.68.225 - - [04/Feb/2025:14:49:50 -0600] "POST /ajax/getInformacionPorSalida.json HTTP/1.1" 200 5856
190.115.15.98 - - [04/Feb/2025:14:49:46 -0600] "POST /ajax/getInformacionPorSalida.json HTTP/1.1" 200 10682
181.174.90.164 - - [04/Feb/2025:14:49:57 -0600] "POST /ajax/listarSalidasActivasEmitirBoleto.json HTTP/1.1" 200 34
190.143.157.97 - - [04/Feb/2025:14:49:47 -0600] "POST /boleto/anularBoleto.html HTTP/1.1" 200 79
181.119.106.169 - - [04/Feb/2025:14:49:54 -0600] "POST /ajax/listarSalidasActivasEmitirBoleto.json HTTP/1.1" 200 2972
186.151.119.59 - - [04/Feb/2025:14:49:55 -0600] "GET / HTTP/1.1" 200 34869
190.143.185.144 - - [04/Feb/2025:14:50:02 -0600] "POST /ajax/listarSalidasActivasEmitirBoleto.json HTTP/1.1" 200 3218
200.59.28.77 - - [04/Feb/2025:14:49:54 -0600] "POST /ajax/print/voucherBoleto.pdf HTTP/1.1" 200 614
24.152.55.20 - - [04/Feb/2025:14:49:54 -0600] "POST /ajax/getInformacionPorSalida.json HTTP/1.1" 200 8493
181.174.90.164 - - [04/Feb/2025:14:50:11 -0600] "POST /ajax/listarDatosIniciales.json HTTP/1.1" 200 61
181.174.68.225 - - [04/Feb/2025:14:50:16 -0600] "GET /homeInternal.html HTTP/1.1" 200 700
45.229.41.203 - - [04/Feb/2025:14:50:16 -0600] "GET /autorizacioninterna/crear.html HTTP/1.1" 200 2730
186.151.119.59 - - [04/Feb/2025:14:50:13 -0600] "GET /boleto/emitirBoletos.html HTTP/1.1" 200 28911
200.59.28.77 - - [04/Feb/2025:14:50:17 -0600] "GET /boleto/emitirBoletos.html HTTP/1.1" 200 28891
45.229.41.100 - - [04/Feb/2025:14:50:11 -0600] "GET /ajax/consultarAsientoSalida.json?idSalida=4658558&numeroAsiento=1 HTTP/1.1" 200 402
190.149.166.61 - - [04/Feb/2025:14:50:19 -0600] "POST /ajax/calcularImporteTotalMonedaBase.json HTTP/1.1" 200 50
190.143.157.97 - - [04/Feb/2025:14:50:11 -0600] "POST /boleto/listarBoletos.json HTTP/1.1" 200 10488
190.115.15.98 - - [04/Feb/2025:14:50:24 -0600] "GET /cliente/crear.html HTTP/1.1" 200 10439
186.151.119.59 - - [04/Feb/2025:14:50:25 -0600] "POST /ajax/listarSalidasActivasEmitirBoleto.json HTTP/1.1" 200 34
190.148.50.106 - - [04/Feb/2025:14:50:27 -0600] "POST /ajax/listarClientesPaginando.json HTTP/1.1" 200 60
181.119.106.169 - - [04/Feb/2025:14:50:21 -0600] "POST /ajax/getInformacionPorSalida.json HTTP/1.1" 200 5354
190.149.166.0 - - [04/Feb/2025:14:50:31 -0600] "POST /autorizacioninterna/listarAutorizacionInterna.json HTTP/1.1" 200 119
200.59.28.77 - - [04/Feb/2025:14:50:26 -0600] "POST /ajax/listarSalidasActivasEmitirBoleto.json HTTP/1.1" 200 607
181.174.72.194 - - [04/Feb/2025:14:50:37 -0600] "-" 408 -
186.151.119.59 - - [04/Feb/2025:14:50:33 -0600] "POST /ajax/listarDatosIniciales.json HTTP/1.1" 200 61
190.143.185.144 - - [04/Feb/2025:14:50:27 -0600] "POST /ajax/getInformacionPorSalida.json HTTP/1.1" 200 4959
190.115.15.98 - - [04/Feb/2025:14:50:35 -0600] "POST /cliente/crear.html HTTP/1.1" 200 146
200.59.28.77 - - [04/Feb/2025:14:50:37 -0600] "POST /ajax/listarDatosIniciales.json HTTP/1.1" 200 60
45.229.41.100 - - [04/Feb/2025:14:50:34 -0600] "GET /ajax/consultarAsientoSalida.json?idSalida=4658558&numeroAsiento=2 HTTP/1.1" 200 489
186.151.119.59 - - [04/Feb/2025:14:50:36 -0600] "POST /ajax/listarSalidasActivasEmitirBoleto.json HTTP/1.1" 200 261
190.143.157.97 - - [04/Feb/2025:14:50:35 -0600] "GET /boleto/anularBoleto.html?id=13191697 HTTP/1.1" 200 1596
190.149.166.61 - - [04/Feb/2025:14:50:35 -0600] "POST /boleto/emitirBoletos.html HTTP/1.1" 200 884
190.149.166.61 - - [04/Feb/2025:14:50:50 -0600] "GET /boleto/emitirBoletos.html HTTP/1.1" 200 29033
45.229.41.100 - - [04/Feb/2025:14:50:54 -0600] "GET /ajax/consultarAsientoSalida.json?idSalida=4658558&numeroAsiento=16 HTTP/1.1" 200 436
190.143.185.144 - - [04/Feb/2025:14:50:54 -0600] "POST /ajax/getInformacionPorSalida.json HTTP/1.1" 200 6912
190.149.166.61 - - [04/Feb/2025:14:50:55 -0600] "POST /ajax/listarSalidasActivasEmitirBoleto.json HTTP/1.1" 200 3184
190.148.50.106 - - [04/Feb/2025:14:50:59 -0600] "POST /ajax/listarClientesPaginando.json HTTP/1.1" 200 233
186.151.119.59 - - [04/Feb/2025:14:51:00 -0600] "GET /ajax/listarClientesPaginando.json?term=ELSA+MARINA+GR&page_limit=5&_=1738702211997 HTTP/1.1" 200 14
190.149.166.61 - - [04/Feb/2025:14:51:00 -0600] "POST /ajax/listarDatosIniciales.json HTTP/1.1" 200 60
190.143.157.97 - - [04/Feb/2025:14:50:55 -0600] "POST /boleto/anularBoleto.html HTTP/1.1" 200 79
186.151.119.59 - - [04/Feb/2025:14:51:02 -0600] "GET /ajax/listarClientesPaginando.json?term=ELSA+MARINA+GARCIA+&page_limit=5&_=1738702211998 HTTP/1.1" 200 245
190.143.157.97 - - [04/Feb/2025:14:51:03 -0600] "POST /boleto/listarBoletos.json HTTP/1.1" 200 10488
181.189.154.32 - - [04/Feb/2025:14:51:07 -0600] "GET /ajax/listarClientesPaginando.json?term=mynor+pu&page_limit=5&_=1738702127434 HTTP/1.1" 200 204
45.229.41.100 - - [04/Feb/2025:14:51:05 -0600] "POST /ajax/getInformacionPorSalida.json HTTP/1.1" 200 5934
190.115.15.98 - - [04/Feb/2025:14:51:08 -0600] "POST /ajax/listarClientesPaginando.json HTTP/1.1" 200 79
186.151.119.59 - - [04/Feb/2025:14:51:06 -0600] "POST /ajax/getInformacionPorSalida.json HTTP/1.1" 200 8905
190.143.185.144 - - [04/Feb/2025:14:51:06 -0600] "POST /ajax/getInformacionPorSalida.json HTTP/1.1" 200 7181
181.189.154.32 - - [04/Feb/2025:14:51:13 -0600] "GET /ajax/listarClientesPaginando.json?term=mynor+pu!&page_limit=5&_=1738702127435 HTTP/1.1" 200 14
190.115.15.98 - - [04/Feb/2025:14:51:14 -0600] "GET /cliente/crear.html HTTP/1.1" 200 10439
190.143.157.97 - - [04/Feb/2025:14:51:14 -0600] "POST /ajax/listarSalidasActivasEmitirBoleto.json HTTP/1.1" 200 27917
190.143.157.97 - - [04/Feb/2025:14:51:18 -0600] "POST /ajax/listarDatosIniciales.json HTTP/1.1" 200 40
45.229.41.100 - - [04/Feb/2025:14:51:17 -0600] "POST /reportes/manifiestoBoletoPiloto.html HTTP/1.1" 200 115
45.229.41.100 - - [04/Feb/2025:14:51:21 -0600] "GET /reporte/mdeleon_2025.02.04_14.51.19_67a27dc706205.pdf?v=2.5 HTTP/1.1" 200 2924
190.143.185.144 - - [04/Feb/2025:14:51:15 -0600] "POST /ajax/getInformacionPorSalida.json HTTP/1.1" 200 7191
190.115.15.98 - - [04/Feb/2025:14:51:19 -0600] "POST /cliente/crear.html HTTP/1.1" 200 146
190.148.50.106 - - [04/Feb/2025:14:51:21 -0600] "POST /ajax/getRutasPorEstacion.json HTTP/1.1" 200 2274
190.143.157.97 - - [04/Feb/2025:14:51:24 -0600] "POST /ajax/listarSalidasActivasEmitirBoleto.json HTTP/1.1" 200 3184
190.148.50.106 - - [04/Feb/2025:14:51:25 -0600] "POST /ajax/getEstacionesDestinosPorRuta.json HTTP/1.1" 200 884
190.143.157.97 - - [04/Feb/2025:14:51:27 -0600] "POST /ajax/listarDatosIniciales.json HTTP/1.1" 200 40
190.115.15.98 - - [04/Feb/2025:14:51:28 -0600] "POST /ajax/listarClientesPaginando.json HTTP/1.1" 200 76
190.115.15.98 - - [04/Feb/2025:14:51:34 -0600] "POST /ajax/listarSalidasActivasEmitirBoleto.json HTTP/1.1" 200 3218
186.151.119.184 - - [04/Feb/2025:14:51:34 -0600] "GET /salida/ HTTP/1.1" 304 -
190.115.15.98 - - [04/Feb/2025:14:51:38 -0600] "POST /ajax/listarDatosIniciales.json HTTP/1.1" 200 40
186.151.119.184 - - [04/Feb/2025:14:51:38 -0600] "POST /salida/listarSalidas.json HTTP/1.1" 200 6069
190.148.50.106 - - [04/Feb/2025:14:51:40 -0600] "POST /ajax/calcularImporteTotalMonedaBaseEncomienda.json HTTP/1.1" 200 37
190.115.15.98 - - [04/Feb/2025:14:51:41 -0600] "POST /ajax/getInformacionPorSalida.json HTTP/1.1" 200 7666
190.149.166.0 - - [04/Feb/2025:14:51:46 -0600] "GET /encomienda/registrarEncomienda.html HTTP/1.1" 200 32511
190.148.50.106 - - [04/Feb/2025:14:51:44 -0600] "POST /encomienda/registrarEncomienda.html HTTP/1.1" 200 263
190.149.166.0 - - [04/Feb/2025:14:51:49 -0600] "POST /ajax/listarMonedasCajasAbiertas.json HTTP/1.1" 200 41
190.148.50.106 - - [04/Feb/2025:14:51:50 -0600] "POST /ajax/print/datosEncomienda HTTP/1.1" 200 1108
186.151.119.59 - - [04/Feb/2025:14:51:53 -0600] "POST /ajax/calcularImporteTotalMonedaBase.json HTTP/1.1" 200 50
190.148.50.106 - - [04/Feb/2025:14:51:53 -0600] "GET /encomienda/registrarEncomienda.html HTTP/1.1" 200 32511
190.143.185.144 - - [04/Feb/2025:14:51:55 -0600] "GET /logout HTTP/1.1" 302 444
190.143.185.144 - - [04/Feb/2025:14:51:57 -0600] "GET / HTTP/1.1" 302 464
190.143.185.144 - - [04/Feb/2025:14:51:57 -0600] "GET /login HTTP/1.1" 200 2752
45.229.41.142 - - [04/Feb/2025:14:51:55 -0600] "POST /ajax/getInformacionPorSalida.json HTTP/1.1" 200 6428
190.143.157.97 - - [04/Feb/2025:14:51:54 -0600] "POST /ajax/getInformacionPorSalida.json HTTP/1.1" 200 12602
190.149.166.0 - - [04/Feb/2025:14:52:00 -0600] "POST /ajax/listarClientesPaginando.json HTTP/1.1" 200 290
186.151.119.59 - - [04/Feb/2025:14:51:59 -0600] "POST /boleto/emitirBoletos.html HTTP/1.1" 200 757
190.148.50.106 - - [04/Feb/2025:14:52:02 -0600] "POST /ajax/listarMonedasCajasAbiertas.json HTTP/1.1" 200 41
190.115.15.98 - - [04/Feb/2025:14:52:04 -0600] "GET /ajax/listarClientesPaginando.json?term=Kevin+David+G%C3%B3mez+P%C3%A9rez&page_limit=5&_=1738702067983 HTTP/1.1" 200 79
190.149.166.0 - - [04/Feb/2025:14:52:06 -0600] "POST /ajax/listarClientesPaginando.json HTTP/1.1" 200 264
45.229.41.203 - - [04/Feb/2025:14:52:05 -0600] "POST /autorizacioninterna/crear.html HTTP/1.1" 200 79
186.151.119.59 - - [04/Feb/2025:14:52:07 -0600] "GET /boleto/emitirBoletos.html HTTP/1.1" 200 28911
45.229.41.142 - - [04/Feb/2025:14:52:08 -0600] "GET /ajax/listarClientesPaginando.json?term=113220&page_limit=5&_=1738701767075 HTTP/1.1" 200 188
190.149.166.0 - - [04/Feb/2025:14:52:08 -0600] "POST /ajax/listarClientesPaginando.json HTTP/1.1" 200 136
45.229.41.142 - - [04/Feb/2025:14:52:11 -0600] "GET /ajax/listarClientesPaginando.json?term=113220774&page_limit=5&_=1738701767076 HTTP/1.1" 200 123
186.151.119.59 - - [04/Feb/2025:14:52:13 -0600] "POST /ajax/listarSalidasActivasEmitirBoleto.json HTTP/1.1" 200 34
186.151.119.59 - - [04/Feb/2025:14:52:16 -0600] "POST /ajax/listarDatosIniciales.json HTTP/1.1" 200 61
190.143.157.97 - - [04/Feb/2025:14:52:16 -0600] "GET /ajax/listarClientesPaginando.json?term=getaway&page_limit=5&_=1738695367354 HTTP/1.1" 200 273
181.189.154.32 - - [04/Feb/2025:14:52:17 -0600] "GET /ajax/listarClientesPaginando.json?term=mynor+pu&page_limit=5&_=1738702127436 HTTP/1.1" 200 204
190.115.15.98 - - [04/Feb/2025:14:52:19 -0600] "GET /ajax/listarClientesPaginando.json?term=Lila+Marie+Drigeard+Desgarnier&page_limit=5&_=1738702067984 HTTP/1.1" 200 76
190.149.166.0 - - [04/Feb/2025:14:52:21 -0600] "POST /ajax/listarClientesPaginando.json HTTP/1.1" 200 136
190.149.166.0 - - [04/Feb/2025:14:52:26 -0600] "POST /ajax/getRutasPorEstacion.json HTTP/1.1" 200 524
190.149.166.61 - - [04/Feb/2025:14:52:28 -0600] "POST /ajax/listarSalidasActivasEmitirBoleto.json HTTP/1.1" 200 622
190.149.166.0 - - [04/Feb/2025:14:52:30 -0600] "POST /ajax/getEstacionesDestinosPorRuta.json HTTP/1.1" 200 954
181.189.154.32 - - [04/Feb/2025:14:52:29 -0600] "POST /ajax/getInformacionPorSalida.json HTTP/1.1" 200 7396
181.119.106.169 - - [04/Feb/2025:14:52:32 -0600] "POST /ajax/calcularImporteTotalMonedaBase.json HTTP/1.1" 200 50
190.149.166.0 - - [04/Feb/2025:14:52:37 -0600] "POST /ajax/listarTipoEncomiendaEspecialPaginando.json HTTP/1.1" 200 650
190.149.166.0 - - [04/Feb/2025:14:52:39 -0600] "POST /ajax/listarTipoEncomiendaEspecialPaginando.json HTTP/1.1" 200 339
45.229.41.142 - - [04/Feb/2025:14:52:41 -0600] "POST /ajax/calcularImporteTotalMonedaBase.json HTTP/1.1" 200 50
190.149.166.61 - - [04/Feb/2025:14:52:41 -0600] "POST /ajax/getInformacionPorSalida.json HTTP/1.1" 200 10780
190.143.157.97 - - [04/Feb/2025:14:52:47 -0600] "POST /ajax/calcularImporteTotalMonedaBase.json HTTP/1.1" 200 54
190.143.185.144 - - [04/Feb/2025:14:52:57 -0600] "-" 408 -
190.115.15.98 - - [04/Feb/2025:14:52:50 -0600] "POST /ajax/calcularImporteTotalMonedaBase.json HTTP/1.1" 200 52
45.186.105.130 - - [04/Feb/2025:14:52:53 -0600] "GET /ajax/listarClientesPaginando.json?term=jo&page_limit=5&_=1738700333399 HTTP/1.1" 200 344
45.186.105.130 - - [04/Feb/2025:14:52:56 -0600] "GET /ajax/listarClientesPaginando.json?term=jose+luis+&page_limit=5&_=1738700333400 HTTP/1.1" 200 331
190.149.166.61 - - [04/Feb/2025:14:52:59 -0600] "GET /ajax/listarClientesPaginando.json?term=MIRNA+TRUJILLO&page_limit=5&_=1738695143162 HTTP/1.1" 200 107
38.41.237.69 - - [04/Feb/2025:14:52:49 -0600] "POST /ajax/print/sendEmailVoucherBoleto HTTP/1.1" 200 79
45.186.105.130 - - [04/Feb/2025:14:52:58 -0600] "GET /ajax/listarClientesPaginando.json?term=jose+luis+sacul&page_limit=5&_=1738700333401 HTTP/1.1" 200 67
190.148.50.106 - - [04/Feb/2025:14:53:22 -0600] "POST /ajax/listarClientesPaginando.json HTTP/1.1" 200 301
190.143.157.97 - - [04/Feb/2025:14:52:51 -0600] "POST /boleto/emitirBoletosAgencia.html HTTP/1.1" 200 314
181.189.154.32 - - [04/Feb/2025:14:53:31 -0600] "GET /logout HTTP/1.1" 302 444
24.152.55.20 - - [04/Feb/2025:14:53:25 -0600] "GET /ajax/listarClientesPaginando.json?term=AIZA+&page_limit=5&_=1738702173274 HTTP/1.1" 200 253
190.56.157.165 - - [04/Feb/2025:14:53:25 -0600] "GET /encomienda/entregaMultipleEncomienda.html HTTP/1.1" 200 16251
181.189.154.32 - - [04/Feb/2025:14:53:46 -0600] "GET / HTTP/1.1" 302 464
190.148.50.106 - - [04/Feb/2025:14:53:24 -0600] "POST /ajax/listarClientesPaginando.json HTTP/1.1" 200 306
45.229.41.142 - - [04/Feb/2025:14:52:53 -0600] "POST /boleto/emitirBoletos.html HTTP/1.1" 200 875
181.189.154.32 - - [04/Feb/2025:14:53:51 -0600] "GET /login HTTP/1.1" 200 2752
24.152.55.20 - - [04/Feb/2025:14:53:29 -0600] "GET /ajax/listarClientesPaginando.json?term=AIZA+MU&page_limit=5&_=1738702173275 HTTP/1.1" 200 14
190.149.166.0 - - [04/Feb/2025:14:52:57 -0600] "POST /encomienda/registrarEncomienda.html HTTP/1.1" 200 263
186.151.119.184 - - [04/Feb/2025:14:53:36 -0600] "POST /salida/listarSalidas.json HTTP/1.1" 200 9205
190.148.50.106 - - [04/Feb/2025:14:53:26 -0600] "POST /ajax/listarClientesPaginando.json HTTP/1.1" 200 79
24.152.55.20 - - [04/Feb/2025:14:53:30 -0600] "GET /ajax/listarClientesPaginando.json?term=AIZA+MU%C3%91O&page_limit=5&_=1738702173276 HTTP/1.1" 200 14
45.229.41.203 - - [04/Feb/2025:14:53:46 -0600] "GET /autorizacioninterna/ HTTP/1.1" 200 2770
190.115.15.98 - - [04/Feb/2025:14:53:06 -0600] "POST /boleto/emitirBoletosAgencia.html HTTP/1.1" 200 278
181.119.106.169 - - [04/Feb/2025:14:53:02 -0600] "POST /boleto/emitirBoletos.html HTTP/1.1" 200 1297
200.35.163.241 - - [04/Feb/2025:14:54:06 -0600] "GET /logout HTTP/1.1" 302 444
45.229.41.142 - - [04/Feb/2025:14:53:56 -0600] "GET /boleto/emitirBoletos.html HTTP/1.1" 200 28906
24.152.55.20 - - [04/Feb/2025:14:53:32 -0600] "GET /ajax/listarClientesPaginando.json?term=AIZA+MU%C3%91OZ+&page_limit=5&_=1738702173277 HTTP/1.1" 200 14
200.35.163.241 - - [04/Feb/2025:14:54:18 -0600] "GET / HTTP/1.1" 302 464
190.149.166.61 - - [04/Feb/2025:14:53:55 -0600] "POST /ajax/listarSalidasActivasEmitirBoleto.json HTTP/1.1" 200 3184
200.35.163.241 - - [04/Feb/2025:14:54:34 -0600] "GET /login HTTP/1.1" 200 2752
190.56.157.165 - - [04/Feb/2025:14:53:51 -0600] "POST /ajax/listarEncomiendasPendientesEntrega.json HTTP/1.1" 200 37355
45.229.41.203 - - [04/Feb/2025:14:54:16 -0600] "POST /autorizacioninterna/listarAutorizacionInterna.json HTTP/1.1" 200 122
24.152.55.20 - - [04/Feb/2025:14:53:33 -0600] "GET /ajax/listarClientesPaginando.json?term=AIZA+MU%C3%91OZ+ES&page_limit=5&_=1738702173278 HTTP/1.1" 200 14
190.148.50.106 - - [04/Feb/2025:14:54:16 -0600] "POST /ajax/listarClientesPaginando.json HTTP/1.1" 200 321
186.151.119.61 - - [04/Feb/2025:14:54:05 -0600] "POST /ajax/listarSalidasActivasEmitirBoleto.json HTTP/1.1" 200 260
190.148.50.106 - - [04/Feb/2025:14:54:18 -0600] "POST /ajax/listarClientesPaginando.json HTTP/1.1" 200 265
190.143.185.144 - - [04/Feb/2025:14:54:05 -0600] "POST /ajax/listarSalidasActivasEmitirBoleto.json HTTP/1.1" 200 3735
190.143.157.97 - - [04/Feb/2025:14:53:47 -0600] "POST /ajax/print/voucherBoleto.pdf HTTP/1.1" 200 146
181.119.106.169 - - [04/Feb/2025:14:54:18 -0600] "GET /boleto/emitirBoletos.html HTTP/1.1" 200 28917
190.149.166.0 - - [04/Feb/2025:14:54:03 -0600] "POST /ajax/print/datosEncomienda HTTP/1.1" 200 1269
186.151.119.184 - - [04/Feb/2025:14:54:10 -0600] "GET /salida/asignarBusPilotos.html?id=4658528 HTTP/1.1" 200 25633
45.229.41.142 - - [04/Feb/2025:14:54:29 -0600] "POST /ajax/listarSalidasActivasEmitirBoleto.json HTTP/1.1" 200 34
24.152.55.20 - - [04/Feb/2025:14:54:44 -0600] "GET /ajax/listarClientesPaginando.json?term=3496&page_limit=5&_=1738702173279 HTTP/1.1" 200 398
190.148.50.106 - - [04/Feb/2025:14:54:18 -0600] "POST /ajax/listarClientesPaginando.json HTTP/1.1" 200 287
186.151.119.59 - - [04/Feb/2025:14:54:13 -0600] "POST /ajax/listarSalidasActivasEmitirBoleto.json HTTP/1.1" 200 3830
190.148.50.106 - - [04/Feb/2025:14:54:20 -0600] "POST /ajax/listarClientesPaginando.json HTTP/1.1" 200 58
45.229.41.203 - - [04/Feb/2025:14:54:39 -0600] "GET /encomienda/registrarEncomienda.html HTTP/1.1" 200 32511
190.115.15.98 - - [04/Feb/2025:14:55:30 -0600] "-" 408 -
24.152.55.20 - - [04/Feb/2025:14:54:46 -0600] "GET /ajax/listarClientesPaginando.json?term=349600&page_limit=5&_=1738702173280 HTTP/1.1" 200 83
190.148.50.106 - - [04/Feb/2025:14:54:23 -0600] "POST /ajax/listarClientesPaginando.json HTTP/1.1" 200 14
190.149.166.0 - - [04/Feb/2025:14:55:09 -0600] "GET /encomienda/registrarEncomienda.html HTTP/1.1" 200 32511
190.143.157.97 - - [04/Feb/2025:14:55:01 -0600] "GET /boleto/emitirBoletosAgencia.html HTTP/1.1" 200 28774
181.119.106.169 - - [04/Feb/2025:14:55:09 -0600] "POST /ajax/listarSalidasActivasEmitirBoleto.json HTTP/1.1" 200 34
45.229.41.142 - - [04/Feb/2025:14:55:14 -0600] "POST /ajax/listarDatosIniciales.json HTTP/1.1" 200 61
181.189.154.32 - - [04/Feb/2025:14:54:54 -0600] "POST /ajax/calcularImporteTotalMonedaBase.json HTTP/1.1" 200 50
181.174.90.164 - - [04/Feb/2025:14:55:36 -0600] "GET /salida/consultar2.html HTTP/1.1" 200 10775
190.148.50.106 - - [04/Feb/2025:14:55:21 -0600] "POST /ajax/getRutasPorEstacion.json HTTP/1.1" 200 2274
45.229.41.203 - - [04/Feb/2025:14:55:30 -0600] "POST /ajax/listarMonedasCajasAbiertas.json HTTP/1.1" 200 41
106.75.67.217 - - [04/Feb/2025:14:56:00 -0600] "GET / HTTP/1.1" 301 335
24.152.55.20 - - [04/Feb/2025:14:54:48 -0600] "GET /ajax/listarClientesPaginando.json?term=3496001&page_limit=5&_=1738702173281 HTTP/1.1" 200 83
190.148.50.106 - - [04/Feb/2025:14:54:24 -0600] "POST /ajax/listarClientesPaginando.json HTTP/1.1" 200 14
181.119.106.169 - - [04/Feb/2025:14:55:21 -0600] "GET /salida/consultar2.html HTTP/1.1" 200 10775
190.115.15.98 - - [04/Feb/2025:14:54:30 -0600] "POST /ajax/print/voucherBoleto.pdf HTTP/1.1" 200 125
190.115.15.98 - - [04/Feb/2025:14:56:12 -0600] "GET /pdf/jnajera_2025.02.04_14.56.06_fdn_boleto_13191743,13191744.pdf?v=2.5 HTTP/1.1" 200 74799
45.186.105.130 - - [04/Feb/2025:14:54:35 -0600] "POST /ajax/getInformacionPorSalida.json HTTP/1.1" 200 5223
190.149.166.0 - - [04/Feb/2025:14:55:49 -0600] "POST /ajax/listarMonedasCajasAbiertas.json HTTP/1.1" 200 41
45.229.41.203 - - [04/Feb/2025:14:55:47 -0600] "POST /ajax/listarClientesPaginando.json HTTP/1.1" 200 301
24.152.55.20 - - [04/Feb/2025:14:54:49 -0600] "GET /ajax/listarClientesPaginando.json?term=34960015&page_limit=5&_=1738702173282 HTTP/1.1" 200 83
190.148.50.106 - - [04/Feb/2025:14:54:26 -0600] "POST /ajax/listarClientesPaginando.json HTTP/1.1" 200 14
186.151.119.184 - - [04/Feb/2025:14:55:21 -0600] "POST /salida/asignarBusPilotos.html HTTP/1.1" 200 79
190.149.166.61 - - [04/Feb/2025:14:54:49 -0600] "POST /ajax/getInformacionPorSalida.json HTTP/1.1" 200 8676
181.119.106.169 - - [04/Feb/2025:14:55:55 -0600] "POST /ajax/listarDatosIniciales.json HTTP/1.1" 200 60
190.149.166.0 - - [04/Feb/2025:14:56:06 -0600] "GET /autorizacioninterna/crear.html HTTP/1.1" 200 2730
45.229.41.203 - - [04/Feb/2025:14:56:04 -0600] "POST /ajax/listarClientesPaginando.json HTTP/1.1" 200 297
72.46.130.218 - - [04/Feb/2025:14:56:34 -0600] "GET /admin/modules/framework/amp_conf/htdocs/admin/config.php HTTP/1.1" 301 335
190.148.50.106 - - [04/Feb/2025:14:56:02 -0600] "POST /ajax/getEstacionesDestinosPorRuta.json HTTP/1.1" 200 723
