24.152.55.4 - - [04/Feb/2025:14:00:00 -0600] "GET /images/select2-spinner.gif HTTP/1.1" 200 1849
181.189.154.32 - - [04/Feb/2025:13:59:32 -0600] "GET /ajax/listarClientesPaginando.json?term=ROBERTO+&page_limit=5&_=1738691775739 HTTP/1.1" 200 291
138.84.59.192 - - [04/Feb/2025:13:59:06 -0600] "GET /boleto/emitirBoletos.html HTTP/1.1" 200 28909
190.148.50.106 - - [04/Feb/2025:13:59:09 -0600] "POST /ajax/getRutasAlternas.json HTTP/1.1" 200 311
45.228.234.105 - - [04/Feb/2025:13:59:53 -0600] "GET /logout HTTP/1.1" 302 444
190.149.166.61 - - [04/Feb/2025:13:59:32 -0600] "GET /boleto/emitirBoletos.html HTTP/1.1" 200 29033
190.149.166.61 - - [04/Feb/2025:13:59:29 -0600] "POST /ajax/calcularImporteTotalMonedaBase.json HTTP/1.1" 200 50
24.152.55.20 - - [04/Feb/2025:13:58:49 -0600] "POST /boleto/emitirBoletos.html HTTP/1.1" 200 260
190.56.130.17 - - [04/Feb/2025:13:59:18 -0600] "GET / HTTP/1.1" 200 34876
45.228.234.105 - - [04/Feb/2025:14:00:01 -0600] "GET / HTTP/1.1" 302 464
181.174.72.194 - - [04/Feb/2025:13:59:55 -0600] "POST /ajax/listarDatosIniciales.json HTTP/1.1" 200 61
181.189.154.32 - - [04/Feb/2025:13:59:34 -0600] "GET /ajax/listarClientesPaginando.json?term=ROBERTO+PEREZ&page_limit=5&_=1738691775740 HTTP/1.1" 200 297
45.229.41.100 - - [04/Feb/2025:13:59:40 -0600] "POST /ajax/listarSalidasByFecha.html HTTP/1.1" 200 15916
190.143.157.97 - - [04/Feb/2025:13:59:04 -0600] "GET /boleto/anularBoleto.html?id=13191526 HTTP/1.1" 200 1596
45.229.41.142 - - [04/Feb/2025:14:00:08 -0600] "GET / HTTP/1.1" 302 464
190.14.134.172 - - [04/Feb/2025:14:00:24 -0600] "-" 408 -
45.228.234.105 - - [04/Feb/2025:14:00:12 -0600] "GET /login HTTP/1.1" 200 2752
190.14.134.172 - - [04/Feb/2025:13:59:56 -0600] "POST /ajax/listarDatosIniciales.json HTTP/1.1" 200 40
45.229.41.142 - - [04/Feb/2025:14:00:22 -0600] "GET /login HTTP/1.1" 200 2752
190.14.134.172 - - [04/Feb/2025:14:00:34 -0600] "GET /images/hl.png HTTP/1.1" 200 189
24.152.55.4 - - [04/Feb/2025:14:00:00 -0600] "POST /ajax/listarClientesPaginando.json HTTP/1.1" 200 331
190.149.166.0 - - [04/Feb/2025:13:58:53 -0600] "POST /boleto/emitirBoletos.html HTTP/1.1" 200 787
181.174.90.164 - - [04/Feb/2025:14:00:00 -0600] "POST /ajax/listarSalidasActivasEmitirBoleto.json HTTP/1.1" 200 34
190.56.130.17 - - [04/Feb/2025:13:59:42 -0600] "POST /ajax/listarSalidasActivasEmitirBoleto.json HTTP/1.1" 200 34
138.84.59.192 - - [04/Feb/2025:14:00:01 -0600] "POST /ajax/listarSalidasActivasEmitirBoleto.json HTTP/1.1" 200 34
200.59.28.77 - - [04/Feb/2025:13:59:59 -0600] "POST /ajax/listarSalidasActivasEmitirBoleto.json HTTP/1.1" 200 607
190.14.134.172 - - [04/Feb/2025:14:00:44 -0600] "POST /ajax/listarSalidasActivasEmitirBoleto.json HTTP/1.1" 302 464
24.152.55.4 - - [04/Feb/2025:14:00:01 -0600] "POST /ajax/listarClientesPaginando.json HTTP/1.1" 200 279
181.174.90.164 - - [04/Feb/2025:14:00:08 -0600] "GET /ajax/listarClientesPaginando.json?term=ANGELA+MARIA+&page_limit=5&_=1738697778026 HTTP/1.1" 200 357
190.149.166.0 - - [04/Feb/2025:13:59:09 -0600] "POST /ajax/listarDatosIniciales.json HTTP/1.1" 200 61
190.56.130.17 - - [04/Feb/2025:13:59:45 -0600] "GET /ajax/listarClientesPaginando.json?term=as&page_limit=5&_=1738698712590 HTTP/1.1" 200 291
190.14.134.172 - - [04/Feb/2025:14:00:54 -0600] "GET /login HTTP/1.1" 200 2752
181.189.154.32 - - [04/Feb/2025:13:59:48 -0600] "POST /ajax/calcularImporteTotalMonedaBase.json HTTP/1.1" 200 50
186.151.119.59 - - [04/Feb/2025:13:59:48 -0600] "POST /ajax/getInformacionPorSalida.json HTTP/1.1" 200 7982
190.148.50.106 - - [04/Feb/2025:14:00:35 -0600] "POST /ajax/listarClientesPaginando.json HTTP/1.1" 200 243
190.149.166.61 - - [04/Feb/2025:14:00:04 -0600] "POST /ajax/listarSalidasActivasEmitirBoleto.json HTTP/1.1" 200 3184
186.151.119.184 - - [04/Feb/2025:14:00:43 -0600] "GET /ajax/listarClientesPaginando.json?term=gerber+&page_limit=5&_=1738696370584 HTTP/1.1" 200 275
24.152.55.4 - - [04/Feb/2025:14:00:07 -0600] "POST /ajax/listarClientesPaginando.json HTTP/1.1" 200 334
190.14.134.172 - - [04/Feb/2025:14:01:21 -0600] "GET /favicon.ico HTTP/1.1" 200 1150
138.84.59.192 - - [04/Feb/2025:14:00:39 -0600] "GET /boleto/emitirBoletos.html HTTP/1.1" 200 28909
181.174.90.164 - - [04/Feb/2025:14:00:06 -0600] "GET /ajax/listarClientesPaginando.json?term=ANGELA+&page_limit=5&_=1738697778025 HTTP/1.1" 200 267
181.119.106.169 - - [04/Feb/2025:14:01:01 -0600] "GET /logout HTTP/1.1" 302 444
190.56.130.17 - - [04/Feb/2025:13:59:47 -0600] "GET /ajax/listarClientesPaginando.json?term=assh&page_limit=5&_=1738698712591 HTTP/1.1" 200 14
200.59.28.77 - - [04/Feb/2025:14:00:51 -0600] "POST /ajax/listarDatosIniciales.json HTTP/1.1" 200 60
190.14.134.172 - - [04/Feb/2025:14:01:18 -0600] "GET / HTTP/1.1" 302 464
190.148.50.106 - - [04/Feb/2025:14:00:37 -0600] "POST /ajax/listarClientesPaginando.json HTTP/1.1" 200 243
190.14.134.172 - - [04/Feb/2025:14:01:34 -0600] "-" 408 -
190.149.166.0 - - [04/Feb/2025:14:00:36 -0600] "GET /boleto/emitirBoletos.html HTTP/1.1" 200 29034
181.119.106.169 - - [04/Feb/2025:14:01:22 -0600] "GET / HTTP/1.1" 302 464
186.151.119.184 - - [04/Feb/2025:14:00:45 -0600] "GET /ajax/listarClientesPaginando.json?term=gerber+rivero&page_limit=5&_=1738696370585 HTTP/1.1" 200 14
24.152.55.4 - - [04/Feb/2025:14:00:11 -0600] "POST /ajax/listarClientesPaginando.json HTTP/1.1" 200 313
190.149.166.61 - - [04/Feb/2025:14:00:49 -0600] "GET /boleto/emitirBoletos.html HTTP/1.1" 200 29033
181.174.90.164 - - [04/Feb/2025:14:00:10 -0600] "GET /ajax/listarClientesPaginando.json?term=ANGELA+MARIA+STRADA+&page_limit=5&_=1738697778027 HTTP/1.1" 200 14
181.119.106.169 - - [04/Feb/2025:14:01:34 -0600] "GET /login HTTP/1.1" 200 2752
186.151.119.61 - - [04/Feb/2025:14:01:25 -0600] "GET /logout HTTP/1.1" 302 444
190.56.130.17 - - [04/Feb/2025:13:59:49 -0600] "GET /ajax/listarClientesPaginando.json?term=as&page_limit=5&_=1738698712592 HTTP/1.1" 200 291
138.84.59.192 - - [04/Feb/2025:14:00:43 -0600] "POST /ajax/listarDatosIniciales.json HTTP/1.1" 200 61
200.59.28.77 - - [04/Feb/2025:14:01:47 -0600] "GET /login HTTP/1.1" 200 2752
186.151.119.61 - - [04/Feb/2025:14:01:52 -0600] "GET / HTTP/1.1" 302 464
190.148.50.106 - - [04/Feb/2025:14:00:06 -0600] "POST /encomienda/pendientesEnvio.html HTTP/1.1" 200 79
181.174.72.238 - - [04/Feb/2025:14:01:59 -0600] "GET /login HTTP/1.1" 200 2752
24.152.55.20 - - [04/Feb/2025:14:00:12 -0600] "POST /ajax/print/voucherBoleto.pdf HTTP/1.1" 200 647
24.152.55.4 - - [04/Feb/2025:14:00:09 -0600] "POST /ajax/listarClientesPaginando.json HTTP/1.1" 200 14
181.174.90.164 - - [04/Feb/2025:14:00:14 -0600] "GET /ajax/listarClientesPaginando.json?term=ANGELA+MARIA+ESTRADA+&page_limit=5&_=1738697778028 HTTP/1.1" 200 102
186.151.119.61 - - [04/Feb/2025:14:02:04 -0600] "GET /login HTTP/1.1" 200 2752
190.56.130.17 - - [04/Feb/2025:13:59:54 -0600] "GET /ajax/listarClientesPaginando.json?term=ashli+cifuent&page_limit=5&_=1738698712593 HTTP/1.1" 200 14
190.148.50.106 - - [04/Feb/2025:14:01:41 -0600] "POST /ajax/listarClientesPaginando.json HTTP/1.1" 200 287
190.149.166.61 - - [04/Feb/2025:14:01:13 -0600] "POST /ajax/listarDatosIniciales.json HTTP/1.1" 200 60
186.151.119.184 - - [04/Feb/2025:14:01:41 -0600] "GET /cliente/crear.html HTTP/1.1" 200 10439
190.14.134.172 - - [04/Feb/2025:14:00:34 -0600] "POST /ajax/getInformacionPorSalida.json HTTP/1.1" 200 4955
200.59.28.77 - - [04/Feb/2025:14:00:54 -0600] "POST /ajax/listarSalidasActivasEmitirBoleto.json HTTP/1.1" 200 485
186.151.119.59 - - [04/Feb/2025:14:01:22 -0600] "POST /ajax/calcularImporteTotalMonedaBase.json HTTP/1.1" 200 50
24.152.55.4 - - [04/Feb/2025:14:00:14 -0600] "POST /ajax/listarClientesPaginando.json HTTP/1.1" 200 293
138.84.59.192 - - [04/Feb/2025:14:01:22 -0600] "POST /ajax/listarSalidasActivasEmitirBoleto.json HTTP/1.1" 200 34
181.174.90.164 - - [04/Feb/2025:14:00:17 -0600] "GET /ajax/listarClientesPaginando.json?term=ANGELA+MARIA+ESTRADA+NU&page_limit=5&_=1738697778029 HTTP/1.1" 200 102
190.56.130.17 - - [04/Feb/2025:13:59:55 -0600] "GET /ajax/listarClientesPaginando.json?term=ashli+cifuentes&page_limit=5&_=1738698712594 HTTP/1.1" 200 14
190.56.157.165 - - [04/Feb/2025:14:01:58 -0600] "GET /encomienda/registrarEncomienda.html HTTP/1.1" 200 32511
190.148.50.106 - - [04/Feb/2025:14:01:44 -0600] "POST /ajax/listarClientesPaginando.json HTTP/1.1" 200 289
190.149.166.0 - - [04/Feb/2025:14:01:35 -0600] "POST /ajax/listarSalidasActivasEmitirBoleto.json HTTP/1.1" 200 622
190.143.157.97 - - [04/Feb/2025:14:00:36 -0600] "POST /boleto/anularBoleto.html HTTP/1.1" 200 79
181.174.72.238 - - [04/Feb/2025:14:02:17 -0600] "POST /login_check HTTP/1.1" 302 304
200.59.28.77 - - [04/Feb/2025:14:02:16 -0600] "POST /login_check HTTP/1.1" 302 304
190.149.166.61 - - [04/Feb/2025:14:00:30 -0600] "POST /boleto/emitirBoletos.html HTTP/1.1" 200 837
181.174.90.164 - - [04/Feb/2025:14:00:19 -0600] "GET /ajax/listarClientesPaginando.json?term=ANGELA+MARIA+ESTRADA+NU%C3%91EZ&page_limit=5&_=1738697778030 HTTP/1.1" 200 102
24.152.55.4 - - [04/Feb/2025:14:00:12 -0600] "POST /ajax/listarClientesPaginando.json HTTP/1.1" 200 281
190.56.157.165 - - [04/Feb/2025:14:03:07 -0600] "GET /login HTTP/1.1" 200 2752
181.174.72.238 - - [04/Feb/2025:14:02:26 -0600] "POST /login_check HTTP/1.1" 302 304
190.56.157.165 - - [04/Feb/2025:14:03:00 -0600] "GET /login HTTP/1.1" 200 2752
190.148.50.106 - - [04/Feb/2025:14:01:46 -0600] "POST /ajax/listarClientesPaginando.json HTTP/1.1" 200 299
190.56.130.17 - - [04/Feb/2025:14:00:26 -0600] "GET /cliente/crear.html HTTP/1.1" 200 10439
190.56.157.165 - - [04/Feb/2025:14:03:09 -0600] "GET /login HTTP/1.1" 200 2752
190.56.157.165 - - [04/Feb/2025:14:03:11 -0600] "GET /login HTTP/1.1" 200 2752
24.152.55.20 - - [04/Feb/2025:14:02:13 -0600] "GET /boleto/emitirBoletos.html HTTP/1.1" 200 28904
190.56.157.165 - - [04/Feb/2025:14:03:09 -0600] "GET /login HTTP/1.1" 200 2752
190.56.157.165 - - [04/Feb/2025:14:03:09 -0600] "GET /login HTTP/1.1" 200 2752
190.56.157.165 - - [04/Feb/2025:14:03:09 -0600] "GET /login HTTP/1.1" 200 2752
190.56.157.165 - - [04/Feb/2025:14:03:10 -0600] "GET /login HTTP/1.1" 200 2752
190.56.157.165 - - [04/Feb/2025:14:03:12 -0600] "GET /login HTTP/1.1" 200 2752
190.149.166.61 - - [04/Feb/2025:14:01:44 -0600] "POST /ajax/listarSalidasActivasEmitirBoleto.json HTTP/1.1" 200 3184
190.149.166.39 - - [04/Feb/2025:14:03:23 -0600] "GET /login HTTP/1.1" 200 2752
181.174.72.238 - - [04/Feb/2025:14:02:34 -0600] "POST /login_check HTTP/1.1" 302 304
190.56.157.165 - - [04/Feb/2025:14:03:23 -0600] "GET /login HTTP/1.1" 200 2752
186.151.119.184 - - [04/Feb/2025:14:02:29 -0600] "POST /cliente/crear.html HTTP/1.1" 200 146
181.174.72.194 - - [04/Feb/2025:14:02:56 -0600] "GET /salida/consultar2.html HTTP/1.1" 200 10775
181.189.154.32 - - [04/Feb/2025:14:01:13 -0600] "POST /boleto/emitirBoletos.html HTTP/1.1" 200 1019
190.148.50.106 - - [04/Feb/2025:14:02:08 -0600] "POST /ajax/getEncomiendaPendientesById.json HTTP/1.1" 200 502
181.174.90.164 - - [04/Feb/2025:14:00:24 -0600] "GET /cliente/crear.html HTTP/1.1" 200 10439
24.152.55.4 - - [04/Feb/2025:14:01:33 -0600] "GET /cliente/crear.html HTTP/1.1" 200 10439
190.148.50.106 - - [04/Feb/2025:14:01:47 -0600] "POST /ajax/listarClientesPaginando.json HTTP/1.1" 200 289
190.149.166.0 - - [04/Feb/2025:14:03:01 -0600] "POST /ajax/listarDatosIniciales.json HTTP/1.1" 200 61
38.41.237.69 - - [04/Feb/2025:14:01:37 -0600] "POST /ajax/print/sendEmailVoucherBoleto HTTP/1.1" 200 79
190.149.166.39 - - [04/Feb/2025:14:03:47 -0600] "GET /login HTTP/1.1" 200 2752
190.56.130.17 - - [04/Feb/2025:14:00:43 -0600] "POST /ajax/listarDatosIniciales.json HTTP/1.1" 200 61
181.174.72.238 - - [04/Feb/2025:14:02:44 -0600] "POST /login_check HTTP/1.1" 302 304
181.174.90.164 - - [04/Feb/2025:14:04:03 -0600] "GET /login HTTP/1.1" 200 2752
190.149.166.61 - - [04/Feb/2025:14:03:15 -0600] "GET /boleto/emitirBoletos.html HTTP/1.1" 200 29033
138.84.59.192 - - [04/Feb/2025:14:03:16 -0600] "GET /boleto/emitirBoletos.html HTTP/1.1" 200 28909
181.189.154.32 - - [04/Feb/2025:14:03:51 -0600] "GET /logout HTTP/1.1" 302 444
181.174.72.238 - - [04/Feb/2025:14:02:57 -0600] "POST /login_check HTTP/1.1" 302 304
200.119.178.44 - - [04/Feb/2025:14:03:51 -0600] "GET /logout HTTP/1.1" 302 444
181.174.90.164 - - [04/Feb/2025:14:00:41 -0600] "POST /ajax/listarDatosIniciales.json HTTP/1.1" 200 61
181.174.90.164 - - [04/Feb/2025:14:04:11 -0600] "GET /login HTTP/1.1" 200 2752
190.104.126.211 - - [04/Feb/2025:14:03:58 -0600] "GET /logout HTTP/1.1" 302 444
190.149.186.5 - - [04/Feb/2025:14:03:50 -0600] "POST /login_check HTTP/1.1" 302 304
200.59.28.77 - - [04/Feb/2025:14:03:12 -0600] "GET / HTTP/1.1" 200 37136
190.56.157.165 - - [04/Feb/2025:14:03:52 -0600] "POST /login_check HTTP/1.1" 302 304
181.189.154.32 - - [04/Feb/2025:14:04:15 -0600] "GET / HTTP/1.1" 302 464
200.119.178.44 - - [04/Feb/2025:14:04:18 -0600] "GET / HTTP/1.1" 302 464
190.149.166.0 - - [04/Feb/2025:14:03:36 -0600] "GET /encomienda/entregaMultipleEncomienda.html HTTP/1.1" 200 16242
181.174.72.238 - - [04/Feb/2025:14:03:08 -0600] "POST /login_check HTTP/1.1" 302 304
190.148.50.106 - - [04/Feb/2025:14:04:04 -0600] "POST /ajax/getRutasPorEstacion.json HTTP/1.1" 200 2274
190.104.126.211 - - [04/Feb/2025:14:04:20 -0600] "GET / HTTP/1.1" 302 464
200.59.28.77 - - [04/Feb/2025:14:03:28 -0600] "POST /login_check HTTP/1.1" 302 324
200.59.28.77 - - [04/Feb/2025:14:03:40 -0600] "POST /login_check HTTP/1.1" 302 324
181.189.154.32 - - [04/Feb/2025:14:01:28 -0600] "POST /ajax/calcularImporteTotalMonedaBase.json HTTP/1.1" 200 50
186.151.119.184 - - [04/Feb/2025:14:02:28 -0600] "POST /ajax/listarSalidasActivasEmitirBoleto.json HTTP/1.1" 200 3830
181.189.154.32 - - [04/Feb/2025:14:04:24 -0600] "GET /login HTTP/1.1" 200 2752
200.119.178.44 - - [04/Feb/2025:14:04:26 -0600] "GET /login HTTP/1.1" 200 2752
24.152.55.20 - - [04/Feb/2025:14:03:42 -0600] "POST /ajax/listarSalidasActivasEmitirBoleto.json HTTP/1.1" 200 1376
181.174.72.238 - - [04/Feb/2025:14:03:25 -0600] "POST /login_check HTTP/1.1" 302 304
181.174.90.164 - - [04/Feb/2025:14:04:14 -0600] "POST /login_check HTTP/1.1" 302 304
190.56.130.17 - - [04/Feb/2025:14:02:00 -0600] "GET / HTTP/1.1" 200 34876
181.174.72.194 - - [04/Feb/2025:14:03:55 -0600] "POST /ajax/listarSalidasByFecha.html HTTP/1.1" 200 15916
24.152.55.4 - - [04/Feb/2025:14:04:12 -0600] "POST /cliente/crear.html HTTP/1.1" 200 146
181.189.138.151 - - [04/Feb/2025:14:04:32 -0600] "GET /login HTTP/1.1" 200 2752
200.59.28.77 - - [04/Feb/2025:14:04:35 -0600] "GET /login HTTP/1.1" 200 2821
181.174.72.238 - - [04/Feb/2025:14:03:48 -0600] "GET /login HTTP/1.1" 200 2752
190.143.157.97 - - [04/Feb/2025:14:03:02 -0600] "POST /boleto/listarBoletos.json HTTP/1.1" 200 17463
190.104.126.211 - - [04/Feb/2025:14:05:00 -0600] "GET /favicon.ico HTTP/1.1" 200 1150
190.104.126.211 - - [04/Feb/2025:14:04:34 -0600] "GET /login HTTP/1.1" 200 2752
138.84.59.192 - - [04/Feb/2025:14:04:15 -0600] "POST /ajax/listarSalidasActivasEmitirBoleto.json HTTP/1.1" 200 34
181.174.72.238 - - [04/Feb/2025:14:03:40 -0600] "POST /login_check HTTP/1.1" 302 304
190.149.166.39 - - [04/Feb/2025:14:04:20 -0600] "POST /login_check HTTP/1.1" 302 304
186.151.119.184 - - [04/Feb/2025:14:03:52 -0600] "POST /ajax/listarClientesPaginando.json HTTP/1.1" 200 59
181.189.138.151 - - [04/Feb/2025:14:04:56 -0600] "GET /login HTTP/1.1" 200 2752
181.189.154.32 - - [04/Feb/2025:14:05:23 -0600] "-" 408 -
181.189.154.32 - - [04/Feb/2025:14:05:23 -0600] "-" 408 -
190.149.166.61 - - [04/Feb/2025:14:04:13 -0600] "POST /ajax/listarSalidasActivasEmitirBoleto.json HTTP/1.1" 200 3184
181.174.90.164 - - [04/Feb/2025:14:04:43 -0600] "POST /login_check HTTP/1.1" 302 304
181.189.154.32 - - [04/Feb/2025:14:03:57 -0600] "GET /boleto/emitirBoletos.html HTTP/1.1" 200 29021
190.148.50.106 - - [04/Feb/2025:14:04:35 -0600] "POST /ajax/getEstacionesDestinosPorRuta.json HTTP/1.1" 200 723
181.174.90.164 - - [04/Feb/2025:14:05:12 -0600] "GET /login HTTP/1.1" 200 2752
186.151.119.59 - - [04/Feb/2025:14:02:54 -0600] "POST /boleto/emitirBoletos.html HTTP/1.1" 200 798
181.174.90.164 - - [04/Feb/2025:14:04:43 -0600] "POST /login_check HTTP/1.1" 302 304
181.189.138.151 - - [04/Feb/2025:14:05:20 -0600] "GET /login HTTP/1.1" 200 2752
24.152.55.4 - - [04/Feb/2025:14:04:56 -0600] "POST /ajax/listarClientesPaginando.json HTTP/1.1" 200 64
190.149.186.5 - - [04/Feb/2025:14:04:21 -0600] "GET / HTTP/1.1" 200 34885
190.56.130.17 - - [04/Feb/2025:14:02:49 -0600] "GET / HTTP/1.1" 200 34876
24.152.55.4 - - [04/Feb/2025:14:05:46 -0600] "-" 408 -
24.152.55.20 - - [04/Feb/2025:14:04:45 -0600] "POST /ajax/listarDatosIniciales.json HTTP/1.1" 200 60
200.59.28.77 - - [04/Feb/2025:14:05:01 -0600] "POST /login_check HTTP/1.1" 302 304
190.149.166.0 - - [04/Feb/2025:14:04:28 -0600] "POST /ajax/listarEncomiendasPendientesEntrega.json HTTP/1.1" 200 6426
181.174.90.164 - - [04/Feb/2025:14:05:32 -0600] "GET /login HTTP/1.1" 200 2752
190.56.157.165 - - [04/Feb/2025:14:04:22 -0600] "GET / HTTP/1.1" 200 35157
181.174.90.164 - - [04/Feb/2025:14:04:43 -0600] "POST /login_check HTTP/1.1" 302 304
138.84.59.192 - - [04/Feb/2025:14:05:00 -0600] "POST /ajax/listarDatosIniciales.json HTTP/1.1" 200 61
190.149.166.0 - - [04/Feb/2025:14:04:39 -0600] "GET /autorizacioninterna/crear.html HTTP/1.1" 200 2730
190.148.50.106 - - [04/Feb/2025:14:04:43 -0600] "POST /ajax/getRutasAlternas.json HTTP/1.1" 200 311
190.149.166.61 - - [04/Feb/2025:14:05:24 -0600] "POST /ajax/listarDatosIniciales.json HTTP/1.1" 200 60
181.174.90.164 - - [04/Feb/2025:14:04:42 -0600] "POST /login_check HTTP/1.1" 302 304
181.189.138.151 - - [04/Feb/2025:14:06:20 -0600] "-" 408 -
190.148.50.106 - - [04/Feb/2025:14:05:45 -0600] "POST /ajax/listarTipoEncomiendaEspecialPaginando.json HTTP/1.1" 200 650
186.151.119.59 - - [04/Feb/2025:14:05:35 -0600] "GET /boleto/emitirBoletos.html HTTP/1.1" 200 28911
181.174.90.164 - - [04/Feb/2025:14:05:53 -0600] "POST /login_check HTTP/1.1" 302 304
181.174.90.164 - - [04/Feb/2025:14:04:43 -0600] "POST /login_check HTTP/1.1" 302 304
190.149.166.39 - - [04/Feb/2025:14:05:08 -0600] "GET / HTTP/1.1" 200 35231
181.189.154.32 - - [04/Feb/2025:14:05:30 -0600] "POST /ajax/listarSalidasActivasEmitirBoleto.json HTTP/1.1" 200 3736
190.56.157.165 - - [04/Feb/2025:14:05:59 -0600] "GET /encomienda/registrarEncomienda.html HTTP/1.1" 200 32511
181.174.90.164 - - [04/Feb/2025:14:04:42 -0600] "POST /login_check HTTP/1.1" 302 304
190.56.130.17 - - [04/Feb/2025:14:04:34 -0600] "GET / HTTP/1.1" 200 34876
200.59.28.77 - - [04/Feb/2025:14:05:46 -0600] "GET / HTTP/1.1" 200 37136
181.174.72.194 - - [04/Feb/2025:14:05:08 -0600] "POST /ajax/getInformacionPorSalida.json HTTP/1.1" 200 10127
181.174.90.164 - - [04/Feb/2025:14:04:42 -0600] "POST /login_check HTTP/1.1" 302 304
200.59.28.77 - - [04/Feb/2025:14:06:57 -0600] "-" 408 -
186.151.119.184 - - [04/Feb/2025:14:05:18 -0600] "POST /ajax/getInformacionPorSalida.json HTTP/1.1" 200 6428
45.229.41.142 - - [04/Feb/2025:14:06:22 -0600] "POST /login_check HTTP/1.1" 302 324
186.151.119.59 - - [04/Feb/2025:14:06:22 -0600] "POST /ajax/listarSalidasActivasEmitirBoleto.json HTTP/1.1" 200 34
190.148.50.106 - - [04/Feb/2025:14:06:25 -0600] "POST /ajax/calcularImporteTotalMonedaBaseEncomienda.json HTTP/1.1" 200 37
190.143.157.97 - - [04/Feb/2025:14:05:12 -0600] "GET /boleto/anularBoleto.html?id=13191527 HTTP/1.1" 200 1596
181.174.90.164 - - [04/Feb/2025:14:05:02 -0600] "POST /login_check HTTP/1.1" 302 304
24.152.55.4 - - [04/Feb/2025:14:06:31 -0600] "POST /ajax/listarClientesPaginando.json HTTP/1.1" 200 260
190.149.186.5 - - [04/Feb/2025:14:06:20 -0600] "GET /boleto/emitirBoletos.html HTTP/1.1" 200 28919
45.229.41.142 - - [04/Feb/2025:14:06:58 -0600] "GET /login HTTP/1.1" 200 2850
190.149.166.61 - - [04/Feb/2025:14:05:27 -0600] "POST /ajax/getInformacionPorSalida.json HTTP/1.1" 200 13444
190.56.157.165 - - [04/Feb/2025:14:06:38 -0600] "POST /ajax/listarMonedasCajasAbiertas.json HTTP/1.1" 200 41
190.149.166.0 - - [04/Feb/2025:14:06:28 -0600] "POST /autorizacioninterna/crear.html HTTP/1.1" 200 79
181.174.90.164 - - [04/Feb/2025:14:05:01 -0600] "POST /login_check HTTP/1.1" 302 304
190.56.130.17 - - [04/Feb/2025:14:04:38 -0600] "GET / HTTP/1.1" 200 34876
181.174.72.194 - - [04/Feb/2025:14:06:59 -0600] "POST /reportes/manifiestoBoletoPiloto.html HTTP/1.1" 200 112
181.174.72.194 - - [04/Feb/2025:14:07:35 -0600] "GET /reporte/rpaz_2025.02.04_14.07.29_67a2738156e0a.pdf?v=2.5 HTTP/1.1" 200 3903
45.229.41.142 - - [04/Feb/2025:14:07:25 -0600] "GET / HTTP/1.1" 302 464
181.174.90.164 - - [04/Feb/2025:14:06:24 -0600] "GET / HTTP/1.1" 200 34872
24.152.55.4 - - [04/Feb/2025:14:06:34 -0600] "POST /ajax/listarClientesPaginando.json HTTP/1.1" 200 274
181.174.90.164 - - [04/Feb/2025:14:05:01 -0600] "POST /login_check HTTP/1.1" 302 304
181.174.90.164 - - [04/Feb/2025:14:07:29 -0600] "GET /login HTTP/1.1" 200 2752
190.149.166.61 - - [04/Feb/2025:14:06:49 -0600] "GET /boleto/emitirBoletos.html HTTP/1.1" 200 29033
24.152.55.4 - - [04/Feb/2025:14:07:46 -0600] "-" 408 -
200.59.28.77 - - [04/Feb/2025:14:07:02 -0600] "GET /boleto/emitirBoletos.html HTTP/1.1" 200 28891
190.56.157.165 - - [04/Feb/2025:14:06:43 -0600] "POST /ajax/getRutasPorEstacion.json HTTP/1.1" 200 2166
45.229.41.142 - - [04/Feb/2025:14:07:37 -0600] "GET /login HTTP/1.1" 200 2752
186.151.119.59 - - [04/Feb/2025:14:07:07 -0600] "POST /ajax/listarDatosIniciales.json HTTP/1.1" 200 61
190.149.166.39 - - [04/Feb/2025:14:07:04 -0600] "GET /boleto/emitirBoletos.html HTTP/1.1" 200 28880
45.229.41.100 - - [04/Feb/2025:14:07:15 -0600] "GET /boleto/emitirBoletos.html HTTP/1.1" 200 28905
181.174.90.164 - - [04/Feb/2025:14:07:42 -0600] "POST /login_check HTTP/1.1" 302 304
190.56.130.17 - - [04/Feb/2025:14:04:58 -0600] "GET / HTTP/1.1" 200 34876
190.149.186.5 - - [04/Feb/2025:14:07:15 -0600] "POST /ajax/listarSalidasActivasEmitirBoleto.json HTTP/1.1" 200 667
190.148.50.106 - - [04/Feb/2025:14:06:25 -0600] "POST /encomienda/pendientesEnvio.html HTTP/1.1" 200 79
181.189.154.32 - - [04/Feb/2025:14:05:39 -0600] "POST /boleto/emitirBoletos.html HTTP/1.1" 200 816
190.56.157.165 - - [04/Feb/2025:14:07:55 -0600] "POST /ajax/getEstacionesDestinosPorRuta.json HTTP/1.1" 200 851
190.149.166.0 - - [04/Feb/2025:14:06:35 -0600] "POST /ajax/listarEncomiendasPendientesEntrega.json HTTP/1.1" 200 34959
45.229.41.100 - - [04/Feb/2025:14:07:54 -0600] "POST /ajax/listarSalidasActivasEmitirBoleto.json HTTP/1.1" 200 34
200.119.178.55 - - [04/Feb/2025:14:08:12 -0600] "GET /logout HTTP/1.1" 302 444
200.59.28.77 - - [04/Feb/2025:14:07:49 -0600] "POST /ajax/listarSalidasActivasEmitirBoleto.json HTTP/1.1" 200 607
181.174.72.194 - - [04/Feb/2025:14:08:35 -0600] "-" 408 -
190.149.166.61 - - [04/Feb/2025:14:07:46 -0600] "POST /ajax/listarSalidasActivasEmitirBoleto.json HTTP/1.1" 200 3184
190.56.130.17 - - [04/Feb/2025:14:07:38 -0600] "GET /boleto/emitirBoletos.html HTTP/1.1" 200 28915
190.149.166.39 - - [04/Feb/2025:14:07:54 -0600] "POST /ajax/listarSalidasActivasEmitirBoleto.json HTTP/1.1" 200 27626
200.119.178.55 - - [04/Feb/2025:14:08:33 -0600] "GET / HTTP/1.1" 302 464
181.189.154.32 - - [04/Feb/2025:14:06:34 -0600] "POST /ajax/listarDatosIniciales.json HTTP/1.1" 200 60
45.229.41.142 - - [04/Feb/2025:14:08:16 -0600] "POST /login_check HTTP/1.1" 302 304
190.149.186.5 - - [04/Feb/2025:14:08:08 -0600] "POST /ajax/listarDatosIniciales.json HTTP/1.1" 200 61
190.149.166.0 - - [04/Feb/2025:14:08:19 -0600] "POST /autorizacioninterna/listarAutorizacionInterna.json HTTP/1.1" 200 205
200.119.178.44 - - [04/Feb/2025:14:08:19 -0600] "POST /login_check HTTP/1.1" 302 304
190.149.166.61 - - [04/Feb/2025:14:07:49 -0600] "GET /ajax/consultarAsientoSalida.html?idSalida=4648402&numeroAsiento=24 HTTP/1.1" 200 2165
181.174.90.164 - - [04/Feb/2025:14:07:58 -0600] "GET / HTTP/1.1" 200 34872
190.143.157.97 - - [04/Feb/2025:14:07:18 -0600] "POST /boleto/anularBoleto.html HTTP/1.1" 200 79
200.119.178.55 - - [04/Feb/2025:14:08:52 -0600] "GET /login HTTP/1.1" 200 2752
181.189.138.174 - - [04/Feb/2025:14:08:32 -0600] "POST /login_check HTTP/1.1" 302 304
190.148.50.106 - - [04/Feb/2025:14:07:09 -0600] "POST /encomienda/registrarEncomienda.html HTTP/1.1" 200 263
190.56.157.165 - - [04/Feb/2025:14:08:35 -0600] "POST /ajax/listarClientesPaginando.json HTTP/1.1" 200 336
190.149.166.39 - - [04/Feb/2025:14:08:15 -0600] "GET /ajax/listarClientesPaginando.json?term=katerin+castillo+&page_limit=5&_=1738699586542 HTTP/1.1" 200 65
24.152.55.4 - - [04/Feb/2025:14:09:18 -0600] "-" 408 -
45.229.41.100 - - [04/Feb/2025:14:08:33 -0600] "POST /ajax/listarDatosIniciales.json HTTP/1.1" 200 61
200.59.28.77 - - [04/Feb/2025:14:08:35 -0600] "POST /ajax/listarDatosIniciales.json HTTP/1.1" 200 60
190.56.130.17 - - [04/Feb/2025:14:08:39 -0600] "POST /ajax/listarSalidasActivasEmitirBoleto.json HTTP/1.1" 200 34
181.189.138.174 - - [04/Feb/2025:14:08:32 -0600] "POST /login_check HTTP/1.1" 302 304
190.149.166.61 - - [04/Feb/2025:14:08:38 -0600] "POST /ajax/listarDatosIniciales.json HTTP/1.1" 200 60
24.152.55.4 - - [04/Feb/2025:14:08:44 -0600] "POST /ajax/getRutasPorEstacion.json HTTP/1.1" 200 4571
181.189.138.174 - - [04/Feb/2025:14:08:42 -0600] "POST /login_check HTTP/1.1" 302 304
190.148.50.106 - - [04/Feb/2025:14:08:25 -0600] "POST /ajax/getEncomiendaPendientesById.json HTTP/1.1" 200 467
190.56.130.17 - - [04/Feb/2025:14:09:04 -0600] "GET /ajax/listarClientesPaginando.json?term=as&page_limit=5&_=1738699650711 HTTP/1.1" 200 291
190.149.166.39 - - [04/Feb/2025:14:08:53 -0600] "POST /ajax/listarDatosIniciales.json HTTP/1.1" 200 60
181.189.138.174 - - [04/Feb/2025:14:09:06 -0600] "POST /login_check HTTP/1.1" 302 304
200.119.178.55 - - [04/Feb/2025:14:09:21 -0600] "GET /logout HTTP/1.1" 302 444
190.106.196.119 - - [04/Feb/2025:14:09:33 -0600] "POST /login_check HTTP/1.1" 302 324
200.119.178.44 - - [04/Feb/2025:14:09:01 -0600] "GET / HTTP/1.1" 200 34884
181.174.90.164 - - [04/Feb/2025:14:09:11 -0600] "GET /boleto/emitirBoletos.html HTTP/1.1" 200 28892
181.189.138.174 - - [04/Feb/2025:14:09:06 -0600] "POST /login_check HTTP/1.1" 302 304
200.119.178.55 - - [04/Feb/2025:14:09:45 -0600] "GET / HTTP/1.1" 302 464
45.229.41.142 - - [04/Feb/2025:14:08:55 -0600] "GET / HTTP/1.1" 200 34868
181.189.154.32 - - [04/Feb/2025:14:06:46 -0600] "POST /ajax/getInformacionPorSalida.json HTTP/1.1" 200 7396
45.229.41.100 - - [04/Feb/2025:14:08:38 -0600] "POST /ajax/listarSalidasActivasEmitirBoleto.json HTTP/1.1" 200 3830
190.56.130.17 - - [04/Feb/2025:14:09:05 -0600] "GET /ajax/listarClientesPaginando.json?term=ash&page_limit=5&_=1738699650712 HTTP/1.1" 200 244
190.56.157.165 - - [04/Feb/2025:14:09:34 -0600] "POST /ajax/listarClientesPaginando.json HTTP/1.1" 200 158
190.106.196.119 - - [04/Feb/2025:14:09:49 -0600] "GET /login HTTP/1.1" 200 2821
181.189.138.174 - - [04/Feb/2025:14:09:08 -0600] "GET / HTTP/1.1" 302 464
200.119.178.55 - - [04/Feb/2025:14:09:54 -0600] "GET /login HTTP/1.1" 200 2752
181.189.138.174 - - [04/Feb/2025:14:09:06 -0600] "POST /login_check HTTP/1.1" 302 304
190.148.50.106 - - [04/Feb/2025:14:09:16 -0600] "POST /ajax/print/datosEncomienda HTTP/1.1" 200 1089
190.143.157.97 - - [04/Feb/2025:14:09:09 -0600] "POST /boleto/listarBoletos.json HTTP/1.1" 200 17463
181.189.138.174 - - [04/Feb/2025:14:09:06 -0600] "POST /login_check HTTP/1.1" 302 304
24.152.55.4 - - [04/Feb/2025:14:09:49 -0600] "POST /ajax/getEstacionesDestinosPorRuta.json HTTP/1.1" 200 454
190.56.130.17 - - [04/Feb/2025:14:09:13 -0600] "GET /ajax/listarClientesPaginando.json?term=ashli+cifuentes&page_limit=5&_=1738699650714 HTTP/1.1" 200 14
190.149.166.39 - - [04/Feb/2025:14:09:31 -0600] "POST /ajax/listarSalidasActivasEmitirBoleto.json HTTP/1.1" 200 3184
181.174.90.164 - - [04/Feb/2025:14:09:52 -0600] "POST /ajax/listarSalidasActivasEmitirBoleto.json HTTP/1.1" 200 34
200.59.28.77 - - [04/Feb/2025:14:08:38 -0600] "POST /ajax/getInformacionPorSalida.json HTTP/1.1" 200 8211
181.189.154.32 - - [04/Feb/2025:14:08:21 -0600] "GET /boleto/emitirBoletos.html HTTP/1.1" 200 29021
138.84.59.192 - - [04/Feb/2025:14:09:42 -0600] "POST /ajax/listarSalidasActivasEmitirBoleto.json HTTP/1.1" 200 3830
190.149.166.0 - - [04/Feb/2025:14:09:55 -0600] "GET /encomienda/registrarEncomienda.html HTTP/1.1" 200 32511
181.189.138.174 - - [04/Feb/2025:14:09:17 -0600] "POST /login_check HTTP/1.1" 302 304
45.229.41.142 - - [04/Feb/2025:14:10:03 -0600] "GET /salida/consultar2.html HTTP/1.1" 200 10775
200.119.178.44 - - [04/Feb/2025:14:09:22 -0600] "GET / HTTP/1.1" 200 34884
181.189.138.174 - - [04/Feb/2025:14:09:17 -0600] "POST /login_check HTTP/1.1" 302 304
190.56.130.17 - - [04/Feb/2025:14:09:07 -0600] "GET /ajax/listarClientesPaginando.json?term=ashli&page_limit=5&_=1738699650713 HTTP/1.1" 200 297
181.174.90.164 - - [04/Feb/2025:14:09:59 -0600] "GET /ajax/listarClientesPaginando.json?term=ANGELA+MARIA+&page_limit=5&_=1738699746580 HTTP/1.1" 200 323
181.189.138.174 - - [04/Feb/2025:14:10:35 -0600] "-" 408 -
190.149.166.0 - - [04/Feb/2025:14:10:07 -0600] "GET /ajax/listarClientesPaginando.json?term=-+CARLOS+GONZALES&page_limit=5&_=1738695219793 HTTP/1.1" 200 14
190.148.50.106 - - [04/Feb/2025:14:10:12 -0600] "GET /encomienda/registrarEncomienda.html HTTP/1.1" 200 32511
190.106.196.119 - - [04/Feb/2025:14:10:15 -0600] "POST /login_check HTTP/1.1" 302 304
181.189.138.174 - - [04/Feb/2025:14:09:35 -0600] "POST /login_check HTTP/1.1" 302 304
45.229.41.100 - - [04/Feb/2025:14:10:05 -0600] "POST /ajax/listarSalidasActivasEmitirBoleto.json HTTP/1.1" 200 2972
200.59.28.77 - - [04/Feb/2025:14:10:44 -0600] "-" 408 -
190.148.50.106 - - [04/Feb/2025:14:09:59 -0600] "POST /ajax/getRutasAlternas.json HTTP/1.1" 200 311
190.56.157.165 - - [04/Feb/2025:14:10:20 -0600] "POST /ajax/getSeriesActivaPorEstacion.json HTTP/1.1" 200 113
181.189.138.174 - - [04/Feb/2025:14:09:35 -0600] "POST /login_check HTTP/1.1" 302 304
181.174.90.164 - - [04/Feb/2025:14:10:02 -0600] "GET /ajax/listarClientesPaginando.json?term=ANGELA+MARIA+ESTRADA+&page_limit=5&_=1738699746581 HTTP/1.1" 200 102
190.56.130.17 - - [04/Feb/2025:14:09:21 -0600] "POST /ajax/listarDatosIniciales.json HTTP/1.1" 200 61
190.149.166.0 - - [04/Feb/2025:14:10:09 -0600] "GET /ajax/listarClientesPaginando.json?term=-CARLOS+GONZALES&page_limit=5&_=1738695219794 HTTP/1.1" 200 14
200.119.178.44 - - [04/Feb/2025:14:09:22 -0600] "GET / HTTP/1.1" 200 34884
200.59.28.77 - - [04/Feb/2025:14:10:20 -0600] "POST /ajax/listarSalidasActivasEmitirBoleto.json HTTP/1.1" 200 485
190.148.50.106 - - [04/Feb/2025:14:10:38 -0600] "POST /ajax/listarMonedasCajasAbiertas.json HTTP/1.1" 200 41
181.189.154.32 - - [04/Feb/2025:14:10:18 -0600] "POST /ajax/listarSalidasActivasEmitirBoleto.json HTTP/1.1" 200 3736
45.229.41.142 - - [04/Feb/2025:14:10:24 -0600] "POST /ajax/listarSalidasByFecha.html HTTP/1.1" 200 15916
181.174.90.164 - - [04/Feb/2025:14:10:06 -0600] "GET /cliente/crear.html HTTP/1.1" 200 10439
24.152.55.4 - - [04/Feb/2025:14:11:18 -0600] "-" 408 -
190.149.186.5 - - [04/Feb/2025:14:10:02 -0600] "POST /ajax/getInformacionPorSalida.json HTTP/1.1" 200 3935
190.149.166.0 - - [04/Feb/2025:14:10:10 -0600] "GET /ajax/listarClientesPaginando.json?term=CARLOS+GONZALES&page_limit=5&_=1738695219795 HTTP/1.1" 200 307
190.56.130.17 - - [04/Feb/2025:14:09:26 -0600] "GET /cliente/crear.html HTTP/1.1" 200 10439
190.56.157.165 - - [04/Feb/2025:14:10:50 -0600] "POST /ajax/calcularImporteTotalMonedaBaseEncomienda.json HTTP/1.1" 200 37
190.148.50.106 - - [04/Feb/2025:14:10:55 -0600] "GET /autorizacioninterna/crear.html HTTP/1.1" 200 2730
186.151.119.184 - - [04/Feb/2025:14:10:43 -0600] "POST /ajax/calcularImporteTotalMonedaBase.json HTTP/1.1" 200 50
181.174.90.164 - - [04/Feb/2025:14:10:06 -0600] "GET /ajax/listarClientesPaginando.json?term=ANGELA+MARIA+ESTRADA+NU%C3%91EZ&page_limit=5&_=1738699746582 HTTP/1.1" 200 102
190.106.196.119 - - [04/Feb/2025:14:10:38 -0600] "GET / HTTP/1.1" 200 37986
190.149.166.0 - - [04/Feb/2025:14:10:15 -0600] "GET /ajax/listarClientesPaginando.json?term=+CARLOS+GONZALES&page_limit=5&_=1738695219797 HTTP/1.1" 200 255
138.84.59.192 - - [04/Feb/2025:14:10:22 -0600] "POST /ajax/getInformacionPorSalida.json HTTP/1.1" 200 12119
190.149.166.39 - - [04/Feb/2025:14:10:22 -0600] "POST /ajax/getInformacionPorSalida.json HTTP/1.1" 200 9076
181.189.154.32 - - [04/Feb/2025:14:11:10 -0600] "POST /ajax/listarDatosIniciales.json HTTP/1.1" 200 60
200.119.178.44 - - [04/Feb/2025:14:09:23 -0600] "GET / HTTP/1.1" 200 34884
181.189.138.174 - - [04/Feb/2025:14:10:50 -0600] "GET / HTTP/1.1" 200 35211
181.174.90.164 - - [04/Feb/2025:14:10:17 -0600] "POST /ajax/listarDatosIniciales.json HTTP/1.1" 200 61
190.149.166.0 - - [04/Feb/2025:14:10:13 -0600] "GET /ajax/listarClientesPaginando.json?term=-+CARLOS+GONZALES&page_limit=5&_=1738695219796 HTTP/1.1" 200 14
190.56.130.17 - - [04/Feb/2025:14:11:26 -0600] "POST /cliente/crear.html HTTP/1.1" 200 146
190.148.50.106 - - [04/Feb/2025:14:11:40 -0600] "POST /autorizacioninterna/crear.html HTTP/1.1" 200 79
190.149.166.0 - - [04/Feb/2025:14:10:21 -0600] "POST /ajax/listarMonedasCajasAbiertas.json HTTP/1.1" 200 41
190.143.157.97 - - [04/Feb/2025:14:10:53 -0600] "GET /boleto/anularBoleto.html?id=13191528 HTTP/1.1" 200 1596
200.119.178.44 - - [04/Feb/2025:14:09:23 -0600] "GET / HTTP/1.1" 200 34884
181.189.154.32 - - [04/Feb/2025:14:12:16 -0600] "-" 408 -
181.189.154.32 - - [04/Feb/2025:14:12:16 -0600] "-" 408 -
45.229.41.100 - - [04/Feb/2025:14:10:55 -0600] "POST /ajax/getInformacionPorSalida.json HTTP/1.1" 200 5665
181.174.90.164 - - [04/Feb/2025:14:11:29 -0600] "POST /cliente/crear.html HTTP/1.1" 200 146
190.56.130.17 - - [04/Feb/2025:14:12:02 -0600] "POST /ajax/listarClientesPaginando.json HTTP/1.1" 200 61
200.119.178.44 - - [04/Feb/2025:14:09:22 -0600] "GET / HTTP/1.1" 200 -
200.59.28.77 - - [04/Feb/2025:14:11:10 -0600] "POST /ajax/getInformacionPorSalida.json HTTP/1.1" 200 5266
190.148.50.106 - - [04/Feb/2025:14:10:57 -0600] "POST /encomienda/pendientesEnvio.html HTTP/1.1" 200 79
190.149.166.0 - - [04/Feb/2025:14:11:06 -0600] "POST /ajax/listarClientesPaginando.json HTTP/1.1" 200 273
181.174.90.164 - - [04/Feb/2025:14:12:18 -0600] "POST /ajax/listarClientesPaginando.json HTTP/1.1" 200 98
190.148.50.106 - - [04/Feb/2025:14:12:06 -0600] "GET /autorizacioninterna/ HTTP/1.1" 200 2770
181.189.154.32 - - [04/Feb/2025:14:11:30 -0600] "POST /ajax/getInformacionPorSalida.json HTTP/1.1" 200 11281
24.152.55.4 - - [04/Feb/2025:14:11:27 -0600] "POST /encomienda/registrarEncomienda.html HTTP/1.1" 200 263
200.59.28.77 - - [04/Feb/2025:14:12:26 -0600] "GET /cliente/crear.html HTTP/1.1" 200 10439
200.119.178.44 - - [04/Feb/2025:14:09:23 -0600] "GET / HTTP/1.1" 200 34884
190.148.50.106 - - [04/Feb/2025:14:12:37 -0600] "POST /autorizacioninterna/listarAutorizacionInterna.json HTTP/1.1" 200 1363
190.56.157.165 - - [04/Feb/2025:14:11:32 -0600] "POST /encomienda/registrarEncomienda.html HTTP/1.1" 200 1369
186.151.119.184 - - [04/Feb/2025:14:11:48 -0600] "POST /boleto/emitirBoletos.html HTTP/1.1" 200 976
190.149.187.71 - - [04/Feb/2025:14:12:51 -0600] "GET /logout HTTP/1.1" 302 444
190.149.166.39 - - [04/Feb/2025:14:12:30 -0600] "POST /ajax/calcularImporteTotalMonedaBase.json HTTP/1.1" 200 50
200.119.178.44 - - [04/Feb/2025:14:11:19 -0600] "GET /boleto/emitirBoletos.html HTTP/1.1" 200 29012
45.233.66.14 - - [04/Feb/2025:14:12:58 -0600] "POST /login_check HTTP/1.1" 302 304
190.149.187.71 - - [04/Feb/2025:14:13:19 -0600] "GET / HTTP/1.1" 302 464
190.148.50.106 - - [04/Feb/2025:14:12:38 -0600] "GET /encomienda/registrarEncomienda.html HTTP/1.1" 200 32511
190.149.187.71 - - [04/Feb/2025:14:13:31 -0600] "GET /login HTTP/1.1" 200 2752
45.233.66.14 - - [04/Feb/2025:14:13:02 -0600] "POST /login_check HTTP/1.1" 302 304
200.59.28.77 - - [04/Feb/2025:14:13:02 -0600] "POST /cliente/crear.html HTTP/1.1" 200 146
190.148.50.106 - - [04/Feb/2025:14:12:31 -0600] "POST /ajax/getEncomiendaPendientesById.json HTTP/1.1" 200 464
181.174.90.164 - - [04/Feb/2025:14:12:39 -0600] "POST /ajax/listarSalidasActivasEmitirBoleto.json HTTP/1.1" 200 8171
190.56.157.165 - - [04/Feb/2025:14:13:07 -0600] "GET /encomienda/registrarEncomienda.html HTTP/1.1" 200 32511
45.229.41.100 - - [04/Feb/2025:14:13:15 -0600] "GET /ajax/listarClientesPaginando.json?term=81777&page_limit=5&_=1738698808706 HTTP/1.1" 200 138
200.119.178.44 - - [04/Feb/2025:14:11:45 -0600] "GET /boleto/emitirBoletos.html HTTP/1.1" 200 29012
190.56.130.17 - - [04/Feb/2025:14:12:53 -0600] "POST /ajax/listarSalidasActivasEmitirBoleto.json HTTP/1.1" 200 261
186.151.119.184 - - [04/Feb/2025:14:13:13 -0600] "GET /boleto/emitirBoletos.html HTTP/1.1" 200 28912
190.149.166.0 - - [04/Feb/2025:14:12:10 -0600] "POST /encomienda/entregaMultipleEncomienda.html HTTP/1.1" 200 268
190.143.157.97 - - [04/Feb/2025:14:12:22 -0600] "POST /boleto/anularBoleto.html HTTP/1.1" 200 79
24.152.55.4 - - [04/Feb/2025:14:13:57 -0600] "-" 408 -
24.152.55.4 - - [04/Feb/2025:14:12:55 -0600] "POST /ajax/print/datosEncomienda HTTP/1.1" 200 863
190.148.50.106 - - [04/Feb/2025:14:13:32 -0600] "POST /ajax/listarMonedasCajasAbiertas.json HTTP/1.1" 200 41
45.229.41.100 - - [04/Feb/2025:14:13:17 -0600] "GET /ajax/listarClientesPaginando.json?term=81777647&page_limit=5&_=1738698808707 HTTP/1.1" 200 80
190.149.187.71 - - [04/Feb/2025:14:13:39 -0600] "POST /login_check HTTP/1.1" 302 304
200.59.28.77 - - [04/Feb/2025:14:13:41 -0600] "POST /ajax/listarClientesPaginando.json HTTP/1.1" 200 58
190.149.186.5 - - [04/Feb/2025:14:13:29 -0600] "GET /encomienda/procesarEncomienda.html HTTP/1.1" 200 6293
190.56.157.165 - - [04/Feb/2025:14:13:44 -0600] "POST /ajax/listarMonedasCajasAbiertas.json HTTP/1.1" 200 41
200.119.178.44 - - [04/Feb/2025:14:11:44 -0600] "GET /boleto/emitirBoletos.html HTTP/1.1" 200 29012
190.149.166.0 - - [04/Feb/2025:14:12:36 -0600] "POST /ajax/listarClientesPaginando.json HTTP/1.1" 200 313
190.148.50.106 - - [04/Feb/2025:14:13:42 -0600] "POST /ajax/listarClientesPaginando.json HTTP/1.1" 200 323
45.233.66.14 - - [04/Feb/2025:14:13:37 -0600] "GET / HTTP/1.1" 200 34871
190.149.166.39 - - [04/Feb/2025:14:13:44 -0600] "POST /ajax/calcularImporteTotalMonedaBase.json HTTP/1.1" 200 50
190.149.166.0 - - [04/Feb/2025:14:12:39 -0600] "POST /ajax/listarClientesPaginando.json HTTP/1.1" 200 317
24.152.55.4 - - [04/Feb/2025:14:13:58 -0600] "GET /encomienda/registrarEncomienda.html HTTP/1.1" 200 32511
190.56.157.165 - - [04/Feb/2025:14:14:03 -0600] "GET /encomienda/entregaMultipleEncomienda.html HTTP/1.1" 200 16251
200.119.178.44 - - [04/Feb/2025:14:11:45 -0600] "GET /boleto/emitirBoletos.html HTTP/1.1" 200 29012
186.151.119.184 - - [04/Feb/2025:14:13:52 -0600] "POST /ajax/listarSalidasActivasEmitirBoleto.json HTTP/1.1" 200 3830
190.149.166.61 - - [04/Feb/2025:14:14:00 -0600] "GET /ajax/consultarAsientoSalida.html?idSalida=4648402&numeroAsiento=34 HTTP/1.1" 200 1807
190.56.130.17 - - [04/Feb/2025:14:13:58 -0600] "POST /ajax/listarSalidasActivasEmitirBoleto.json HTTP/1.1" 200 3830
190.149.166.0 - - [04/Feb/2025:14:12:41 -0600] "POST /ajax/listarClientesPaginando.json HTTP/1.1" 200 273
190.148.50.106 - - [04/Feb/2025:14:14:29 -0600] "POST /ajax/listarClientesPaginando.json HTTP/1.1" 200 315
190.149.187.71 - - [04/Feb/2025:14:14:07 -0600] "GET / HTTP/1.1" 200 32741
24.152.55.4 - - [04/Feb/2025:14:14:33 -0600] "POST /ajax/listarMonedasCajasAbiertas.json HTTP/1.1" 200 20
190.148.50.106 - - [04/Feb/2025:14:13:59 -0600] "POST /ajax/getRutasAlternas.json HTTP/1.1" 200 311
200.119.178.44 - - [04/Feb/2025:14:11:45 -0600] "GET /boleto/emitirBoletos.html HTTP/1.1" 200 29012
200.59.28.77 - - [04/Feb/2025:14:14:18 -0600] "POST /ajax/calcularImporteTotalMonedaBase.json HTTP/1.1" 200 50
190.149.166.0 - - [04/Feb/2025:14:12:43 -0600] "POST /ajax/listarClientesPaginando.json HTTP/1.1" 200 321
45.186.105.130 - - [04/Feb/2025:14:14:43 -0600] "POST /login_check HTTP/1.1" 302 304
190.143.157.97 - - [04/Feb/2025:14:13:56 -0600] "POST /boleto/listarBoletos.json HTTP/1.1" 200 17463
186.151.119.184 - - [04/Feb/2025:14:14:42 -0600] "POST /ajax/listarDatosIniciales.json HTTP/1.1" 200 61
181.174.90.164 - - [04/Feb/2025:14:13:49 -0600] "POST /ajax/getInformacionPorSalida.json HTTP/1.1" 200 9343
190.149.166.61 - - [04/Feb/2025:14:13:53 -0600] "POST /ajax/getInformacionPorSalida.json HTTP/1.1" 200 13136
200.59.28.77 - - [04/Feb/2025:14:14:52 -0600] "POST /ajax/calcularImporteTotalPorMoneda.json HTTP/1.1" 200 57
190.148.50.106 - - [04/Feb/2025:14:14:51 -0600] "POST /ajax/getRutasPorEstacion.json HTTP/1.1" 200 2274
24.152.55.4 - - [04/Feb/2025:14:14:49 -0600] "GET /boleto/emitirBoletos.html HTTP/1.1" 200 29028
24.152.55.4 - - [04/Feb/2025:14:15:13 -0600] "GET /bundles/acmeterminalomnibus/images/bus/asientoClaseA.png?v=2.5 HTTP/1.1" 200 10296
24.152.55.4 - - [04/Feb/2025:14:15:13 -0600] "GET /bundles/acmeterminalomnibus/images/bus/asientoClaseACortesia.png?v=2.5 HTTP/1.1" 200 9811
24.152.55.4 - - [04/Feb/2025:14:15:13 -0600] "GET /bundles/acmeterminalomnibus/images/bus/asientoClaseAReservado.png?v=2.5 HTTP/1.1" 200 9893
24.152.55.4 - - [04/Feb/2025:14:15:13 -0600] "GET /bundles/acmeterminalomnibus/images/bus/asientoClaseAVendido.png?v=2.5 HTTP/1.1" 200 7557
45.186.105.130 - - [04/Feb/2025:14:14:55 -0600] "POST /login_check HTTP/1.1" 302 304
24.152.55.4 - - [04/Feb/2025:14:15:13 -0600] "GET /bundles/acmeterminalomnibus/images/bus/asientoClaseAPagina.png?v=2.5 HTTP/1.1" 200 5401
24.152.55.4 - - [04/Feb/2025:14:15:13 -0600] "GET /bundles/acmeterminalomnibus/images/bus/asientoClaseAPaginaTemp.jpeg?v=2.5 HTTP/1.1" 200 5492
24.152.55.4 - - [04/Feb/2025:14:15:13 -0600] "GET /bundles/acmeterminalomnibus/images/bus/asientoClaseB.png?v=2.5 HTTP/1.1" 200 11514
24.152.55.4 - - [04/Feb/2025:14:15:13 -0600] "GET /bundles/acmeterminalomnibus/images/bus/asientoClaseBCortesia.png?v=2.5 HTTP/1.1" 200 10453
24.152.55.4 - - [04/Feb/2025:14:15:13 -0600] "GET /bundles/acmeterminalomnibus/images/bus/asientoClaseBReservado.png?v=2.5 HTTP/1.1" 200 10496
24.152.55.4 - - [04/Feb/2025:14:15:14 -0600] "GET /bundles/acmeterminalomnibus/images/bus/asientoClaseBPagina.png?v=2.5 HTTP/1.1" 200 5562
24.152.55.4 - - [04/Feb/2025:14:15:14 -0600] "GET /bundles/acmeterminalomnibus/images/bus/asientoClaseBVendido.png?v=2.5 HTTP/1.1" 200 8592
24.152.55.4 - - [04/Feb/2025:14:15:14 -0600] "GET /bundles/acmeterminalomnibus/images/bus/asientoClaseBPaginaTemp.jpeg?v=2.5 HTTP/1.1" 200 5707
24.152.55.4 - - [04/Feb/2025:14:15:14 -0600] "GET /bundles/acmeterminalomnibus/images/bus/puerta.png?v=2.5 HTTP/1.1" 200 1467
24.152.55.4 - - [04/Feb/2025:14:15:14 -0600] "GET /bundles/acmeterminalomnibus/images/bus/chofer.png?v=2.5 HTTP/1.1" 200 3523
190.56.32.172 - - [04/Feb/2025:14:14:59 -0600] "POST /login_check HTTP/1.1" 302 304
200.119.178.44 - - [04/Feb/2025:14:12:03 -0600] "GET / HTTP/1.1" 200 34884
200.119.178.44 - - [04/Feb/2025:14:15:20 -0600] "GET /favicon.ico HTTP/1.1" 200 1150
190.149.187.71 - - [04/Feb/2025:14:14:50 -0600] "GET /boleto/emitirBoletos.html HTTP/1.1" 200 28923
190.61.91.89 - - [04/Feb/2025:14:15:11 -0600] "GET / HTTP/1.1" 302 464
190.56.157.165 - - [04/Feb/2025:14:14:37 -0600] "POST /ajax/listarEncomiendasPendientesEntrega.json HTTP/1.1" 200 37355
190.148.50.106 - - [04/Feb/2025:14:15:29 -0600] "-" 408 -
190.61.91.89 - - [04/Feb/2025:14:15:20 -0600] "GET /login HTTP/1.1" 200 2752
45.229.41.100 - - [04/Feb/2025:14:14:51 -0600] "POST /ajax/calcularImporteTotalMonedaBase.json HTTP/1.1" 200 50
190.149.166.39 - - [04/Feb/2025:14:15:42 -0600] "-" 408 -
190.61.91.89 - - [04/Feb/2025:14:15:28 -0600] "POST /ajax/listarSalidasActivasEmitirBoleto.json HTTP/1.1" 302 464
190.56.130.17 - - [04/Feb/2025:14:14:57 -0600] "POST /ajax/listarSalidasActivasEmitirBoleto.json HTTP/1.1" 200 261
181.119.106.169 - - [04/Feb/2025:14:15:18 -0600] "POST /login_check HTTP/1.1" 302 304
190.149.187.71 - - [04/Feb/2025:14:15:49 -0600] "-" 408 -
200.59.28.77 - - [04/Feb/2025:14:15:20 -0600] "POST /ajax/calcularImporteTotalPorMoneda.json HTTP/1.1" 200 55
186.151.119.61 - - [04/Feb/2025:14:15:20 -0600] "POST /login_check HTTP/1.1" 302 304
200.119.178.44 - - [04/Feb/2025:14:13:26 -0600] "GET /boleto/emitirBoletos.html HTTP/1.1" 200 29012
24.152.55.4 - - [04/Feb/2025:14:15:13 -0600] "POST /ajax/listarSalidasActivasEmitirBoleto.json HTTP/1.1" 200 34
181.174.67.38 - - [04/Feb/2025:14:15:46 -0600] "GET /salida/consultar2.html HTTP/1.1" 302 464
190.148.50.106 - - [04/Feb/2025:14:15:17 -0600] "POST /ajax/getEstacionesDestinosPorRuta.json HTTP/1.1" 200 1029
190.149.166.0 - - [04/Feb/2025:14:13:59 -0600] "POST /ajax/listarEncomiendasPendientesEntrega.json HTTP/1.1" 200 34577
45.233.66.14 - - [04/Feb/2025:14:15:17 -0600] "GET /boleto/emitirBoletos.html HTTP/1.1" 200 28914
190.149.187.71 - - [04/Feb/2025:14:15:22 -0600] "POST /ajax/listarSalidasActivasEmitirBoleto.json HTTP/1.1" 200 34
181.174.90.164 - - [04/Feb/2025:14:15:07 -0600] "POST /ajax/calcularImporteTotalMonedaBase.json HTTP/1.1" 200 50
190.61.91.89 - - [04/Feb/2025:14:15:40 -0600] "POST /login_check HTTP/1.1" 302 304
181.174.67.38 - - [04/Feb/2025:14:15:51 -0600] "GET /login HTTP/1.1" 200 2752
181.174.67.38 - - [04/Feb/2025:14:16:04 -0600] "GET /js/login.js?v=2.5&_=1738700138796 HTTP/1.1" 200 135164
181.189.154.32 - - [04/Feb/2025:14:14:45 -0600] "POST /ajax/getInformacionPorSalida.json HTTP/1.1" 200 7197
45.186.105.130 - - [04/Feb/2025:14:15:13 -0600] "GET / HTTP/1.1" 200 34861
190.149.166.61 - - [04/Feb/2025:14:15:02 -0600] "GET /ajax/consultarAsientoSalida.html?idSalida=4648402&numeroAsiento=36 HTTP/1.1" 200 2157
190.61.91.89 - - [04/Feb/2025:14:15:47 -0600] "POST /login_check HTTP/1.1" 302 304
200.119.178.44 - - [04/Feb/2025:14:13:50 -0600] "GET /boleto/emitirBoletos.html HTTP/1.1" 200 29012
190.56.32.172 - - [04/Feb/2025:14:15:18 -0600] "GET / HTTP/1.1" 200 30211
190.149.166.0 - - [04/Feb/2025:14:15:29 -0600] "POST /ajax/getRutasPorEstacion.json HTTP/1.1" 200 524
45.186.105.130 - - [04/Feb/2025:14:15:22 -0600] "POST /login_check HTTP/1.1" 302 324
45.186.105.130 - - [04/Feb/2025:14:15:53 -0600] "GET / HTTP/1.1" 302 464
190.148.50.106 - - [04/Feb/2025:14:14:55 -0600] "POST /encomienda/pendientesEnvio.html HTTP/1.1" 200 79
190.149.166.39 - - [04/Feb/2025:14:14:41 -0600] "POST /boleto/emitirBoletos.html HTTP/1.1" 200 868
24.152.55.4 - - [04/Feb/2025:14:15:52 -0600] "POST /ajax/listarDatosIniciales.json HTTP/1.1" 200 40
190.149.186.5 - - [04/Feb/2025:14:15:14 -0600] "POST /ajax/listarEncomiendasAProcesar.json HTTP/1.1" 200 141
190.61.91.89 - - [04/Feb/2025:14:16:01 -0600] "POST /login_check HTTP/1.1" 302 304
190.149.187.71 - - [04/Feb/2025:14:15:58 -0600] "POST /ajax/listarDatosIniciales.json HTTP/1.1" 200 61
45.186.105.130 - - [04/Feb/2025:14:16:23 -0600] "GET /login HTTP/1.1" 200 2821
200.119.178.44 - - [04/Feb/2025:14:14:16 -0600] "GET /boleto/emitirBoletos.html HTTP/1.1" 200 29012
181.174.67.38 - - [04/Feb/2025:14:16:08 -0600] "POST /login_check HTTP/1.1" 302 304
190.143.157.97 - - [04/Feb/2025:14:15:27 -0600] "GET /boleto/anularBoleto.html?id=13191529 HTTP/1.1" 200 1596
181.119.106.169 - - [04/Feb/2025:14:15:47 -0600] "GET / HTTP/1.1" 200 35321
190.61.91.89 - - [04/Feb/2025:14:16:03 -0600] "POST /login_check HTTP/1.1" 302 304
200.119.178.55 - - [04/Feb/2025:14:16:21 -0600] "POST /login_check HTTP/1.1" 302 304
45.233.66.14 - - [04/Feb/2025:14:15:57 -0600] "POST /ajax/listarSalidasActivasEmitirBoleto.json HTTP/1.1" 200 261
186.151.119.61 - - [04/Feb/2025:14:15:50 -0600] "GET / HTTP/1.1" 200 35410
190.61.91.89 - - [04/Feb/2025:14:16:55 -0600] "GET / HTTP/1.1" 302 464
181.174.67.38 - - [04/Feb/2025:14:16:26 -0600] "POST /login_check HTTP/1.1" 302 304
190.104.126.211 - - [04/Feb/2025:14:16:27 -0600] "POST /login_check HTTP/1.1" 302 304
38.41.237.69 - - [04/Feb/2025:14:16:28 -0600] "GET /logout HTTP/1.1" 302 444
190.61.91.89 - - [04/Feb/2025:14:16:16 -0600] "POST /login_check HTTP/1.1" 302 304
200.119.178.44 - - [04/Feb/2025:14:14:37 -0600] "GET /boleto/emitirBoletos.html HTTP/1.1" 200 29012
190.61.91.89 - - [04/Feb/2025:14:17:22 -0600] "GET /login HTTP/1.1" 200 2752
190.61.91.89 - - [04/Feb/2025:14:16:33 -0600] "GET / HTTP/1.1" 302 464
38.41.237.69 - - [04/Feb/2025:14:17:29 -0600] "GET / HTTP/1.1" 302 464
45.229.41.100 - - [04/Feb/2025:14:16:11 -0600] "POST /ajax/calcularImporteTotalMonedaBase.json HTTP/1.1" 200 50
181.174.67.38 - - [04/Feb/2025:14:16:27 -0600] "POST /login_check HTTP/1.1" 302 304
45.186.105.130 - - [04/Feb/2025:14:16:50 -0600] "POST /login_check HTTP/1.1" 302 304
190.61.91.89 - - [04/Feb/2025:14:16:23 -0600] "POST /login_check HTTP/1.1" 302 304
190.149.166.0 - - [04/Feb/2025:14:16:31 -0600] "GET /boleto/emitirBoletos.html HTTP/1.1" 200 29034
190.149.166.39 - - [04/Feb/2025:14:16:28 -0600] "GET /boleto/emitirBoletos.html HTTP/1.1" 200 28880
181.174.67.38 - - [04/Feb/2025:14:17:52 -0600] "-" 408 -
38.41.237.69 - - [04/Feb/2025:14:17:41 -0600] "GET /login HTTP/1.1" 200 2752
181.174.67.38 - - [04/Feb/2025:14:17:53 -0600] "-" 408 -
181.174.67.38 - - [04/Feb/2025:14:16:51 -0600] "POST /login_check HTTP/1.1" 302 304
186.151.119.61 - - [04/Feb/2025:14:17:27 -0600] "GET /salida/consultar2.html HTTP/1.1" 200 10775
45.186.105.130 - - [04/Feb/2025:14:16:57 -0600] "POST /login_check HTTP/1.1" 302 304
45.233.66.14 - - [04/Feb/2025:14:17:16 -0600] "POST /ajax/listarDatosIniciales.json HTTP/1.1" 200 61
190.149.187.71 - - [04/Feb/2025:14:16:02 -0600] "POST /ajax/listarSalidasActivasEmitirBoleto.json HTTP/1.1" 200 5716
190.149.166.61 - - [04/Feb/2025:14:16:37 -0600] "POST /ajax/listarSalidasActivasEmitirBoleto.json HTTP/1.1" 200 2119
190.61.91.89 - - [04/Feb/2025:14:17:38 -0600] "POST /login_check HTTP/1.1" 302 304
45.186.105.130 - - [04/Feb/2025:14:17:38 -0600] "POST /login_check HTTP/1.1" 302 304
190.149.166.0 - - [04/Feb/2025:14:16:32 -0600] "POST /ajax/getEstacionesDestinosPorRuta.json HTTP/1.1" 200 954
200.119.178.55 - - [04/Feb/2025:14:17:15 -0600] "GET / HTTP/1.1" 200 35821
200.59.28.77 - - [04/Feb/2025:14:15:52 -0600] "POST /boleto/emitirBoletos.html HTTP/1.1" 200 260
190.104.126.211 - - [04/Feb/2025:14:17:27 -0600] "GET / HTTP/1.1" 200 30205
190.148.50.106 - - [04/Feb/2025:14:16:27 -0600] "POST /ajax/getEncomiendaPendientesById.json HTTP/1.1" 200 527
45.229.41.247 - - [04/Feb/2025:14:18:22 -0600] "-" 408 -
