189.238.101.111 - - [21/Mar/2025:10:26:54 -0600] "POST /boleto/emitirBoletos.html HTTP/1.1" 200 843
190.148.50.68 - - [21/Mar/2025:10:27:02 -0600] "POST /ajax/listarClientesPaginando.json HTTP/1.1" 200 109
200.35.163.241 - - [21/Mar/2025:10:27:05 -0600] "GET /reporte/Omayuelas_2025.03.21_10.26.55_67dd934fcba19.pdf?v=2.5 HTTP/1.1" 200 2223
189.238.101.111 - - [21/Mar/2025:10:27:04 -0600] "GET /boleto/emitirBoletos.html HTTP/1.1" 200 29042
190.56.157.165 - - [21/Mar/2025:10:27:02 -0600] "POST /encomienda/entregaMultipleEncomienda.html HTTP/1.1" 200 268
190.148.50.68 - - [21/Mar/2025:10:27:06 -0600] "POST /ajax/getRutasPorEstacion.json HTTP/1.1" 200 2290
181.189.154.32 - - [21/Mar/2025:10:27:06 -0600] "GET /boleto/chequearBoleto2.html HTTP/1.1" 200 6759
200.119.178.55 - - [21/Mar/2025:10:27:00 -0600] "POST /boleto/emitirBoletos.html HTTP/1.1" 200 753
181.78.50.47 - - [21/Mar/2025:10:27:10 -0600] "GET /logout HTTP/1.1" 302 444
186.151.92.77 - - [21/Mar/2025:10:27:14 -0600] "-" 408 -
200.35.163.241 - - [21/Mar/2025:10:27:09 -0600] "POST /reportes/detalleFacturaBoleto.html HTTP/1.1" 200 117
200.35.163.241 - - [21/Mar/2025:10:27:14 -0600] "GET /reporte/Omayuelas_2025.03.21_10.27.12_67dd9360713c1.pdf?v=2.5 HTTP/1.1" 200 2223
186.151.119.120 - - [21/Mar/2025:10:27:09 -0600] "GET /ajax/listarClientesPaginando.json?term=72464666&page_limit=5&_=1742563673701 HTTP/1.1" 200 75
181.78.50.47 - - [21/Mar/2025:10:27:12 -0600] "GET / HTTP/1.1" 302 464
181.78.50.47 - - [21/Mar/2025:10:27:15 -0600] "GET /login HTTP/1.1" 200 2752
190.148.193.146 - - [21/Mar/2025:10:27:12 -0600] "POST /ajax/listarClientesPaginando.json HTTP/1.1" 200 75
190.148.50.68 - - [21/Mar/2025:10:27:13 -0600] "POST /ajax/getEstacionesDestinosPorRuta.json HTTP/1.1" 200 963
190.56.157.165 - - [21/Mar/2025:10:27:09 -0600] "POST /ajax/listarEncomiendasPendientesEntrega.json HTTP/1.1" 200 37044
200.119.178.55 - - [21/Mar/2025:10:27:13 -0600] "GET /boleto/emitirBoletos.html HTTP/1.1" 200 29032
190.148.193.146 - - [21/Mar/2025:10:27:14 -0600] "POST /ajax/listarClientesPaginando.json HTTP/1.1" 200 75
190.148.193.146 - - [21/Mar/2025:10:27:19 -0600] "POST /ajax/listarClientesPaginando.json HTTP/1.1" 200 14
181.189.154.32 - - [21/Mar/2025:10:27:17 -0600] "POST /ajax/listarBoletosAChequear.html HTTP/1.1" 200 9617
190.148.50.68 - - [21/Mar/2025:10:27:24 -0600] "POST /ajax/listarTipoEncomiendaEspecialPaginando.json HTTP/1.1" 200 650
190.148.193.146 - - [21/Mar/2025:10:27:21 -0600] "POST /ajax/listarClientesPaginando.json HTTP/1.1" 200 14
181.189.154.32 - - [21/Mar/2025:10:27:26 -0600] "GET /ajax/listarClientesPaginando.json?term=OZA&page_limit=5&_=1742569463299 HTTP/1.1" 200 309
190.56.157.165 - - [21/Mar/2025:10:27:23 -0600] "GET /encomienda/registrarEncomienda.html HTTP/1.1" 200 32558
200.119.178.55 - - [21/Mar/2025:10:27:22 -0600] "POST /ajax/listarSalidasActivasEmitirBoleto.json HTTP/1.1" 200 7710
190.148.193.146 - - [21/Mar/2025:10:27:22 -0600] "GET /cliente/crear.html HTTP/1.1" 200 10439
200.35.163.241 - - [21/Mar/2025:10:27:30 -0600] "GET /reportes/detalleFacturaEncomienda.html HTTP/1.1" 200 3399
181.189.154.32 - - [21/Mar/2025:10:27:31 -0600] "GET /cliente/crear.html HTTP/1.1" 200 10439
186.151.119.120 - - [21/Mar/2025:10:27:24 -0600] "POST /ajax/getInformacionPorSalida.json HTTP/1.1" 200 6488
190.56.157.165 - - [21/Mar/2025:10:27:32 -0600] "POST /ajax/listarMonedasCajasAbiertas.json HTTP/1.1" 200 41
200.119.178.55 - - [21/Mar/2025:10:27:32 -0600] "POST /ajax/listarDatosIniciales.json HTTP/1.1" 200 60
190.148.193.146 - - [21/Mar/2025:10:27:35 -0600] "POST /cliente/crear.html HTTP/1.1" 200 146
190.149.186.106 - - [21/Mar/2025:10:27:37 -0600] "GET / HTTP/1.1" 302 464
181.189.154.32 - - [21/Mar/2025:10:27:36 -0600] "POST /cliente/crear.html HTTP/1.1" 200 146
190.149.186.106 - - [21/Mar/2025:10:27:38 -0600] "GET /login HTTP/1.1" 200 2752
190.148.193.146 - - [21/Mar/2025:10:27:37 -0600] "POST /ajax/listarClientesPaginando.json HTTP/1.1" 200 72
45.228.233.43 - - [21/Mar/2025:10:27:40 -0600] "-" 408 -
181.189.154.32 - - [21/Mar/2025:10:27:39 -0600] "POST /ajax/listarClientesPaginando.json HTTP/1.1" 200 57
190.148.193.146 - - [21/Mar/2025:10:27:40 -0600] "POST /ajax/getRutasPorEstacion.json HTTP/1.1" 200 398
190.148.50.68 - - [21/Mar/2025:10:27:41 -0600] "POST /ajax/calcularImporteTotalMonedaBaseEncomienda.json HTTP/1.1" 200 37
190.56.157.165 - - [21/Mar/2025:10:27:41 -0600] "POST /ajax/listarClientesPaginando.json HTTP/1.1" 200 314
190.149.186.106 - - [21/Mar/2025:10:27:41 -0600] "POST /login_check HTTP/1.1" 302 304
190.56.157.165 - - [21/Mar/2025:10:27:43 -0600] "POST /ajax/listarClientesPaginando.json HTTP/1.1" 200 341
189.238.101.111 - - [21/Mar/2025:10:27:43 -0600] "POST /ajax/listarSalidasActivasEmitirBoleto.json HTTP/1.1" 200 330
200.35.163.241 - - [21/Mar/2025:10:27:43 -0600] "POST /reportes/detalleFacturaEncomienda.html HTTP/1.1" 200 117
190.148.193.146 - - [21/Mar/2025:10:27:44 -0600] "POST /ajax/getEstacionesDestinosPorRuta.json HTTP/1.1" 200 264
200.35.163.241 - - [21/Mar/2025:10:27:52 -0600] "GET /reporte/Omayuelas_2025.03.21_10.27.47_67dd93839484c.pdf?v=2.5 HTTP/1.1" 200 2076
190.56.157.165 - - [21/Mar/2025:10:27:44 -0600] "POST /ajax/listarClientesPaginando.json HTTP/1.1" 200 118
189.238.101.111 - - [21/Mar/2025:10:27:49 -0600] "POST /ajax/listarDatosIniciales.json HTTP/1.1" 200 61
186.151.119.120 - - [21/Mar/2025:10:27:49 -0600] "POST /ajax/calcularImporteTotalMonedaBase.json HTTP/1.1" 200 50
190.149.186.106 - - [21/Mar/2025:10:27:43 -0600] "GET / HTTP/1.1" 200 31945
190.148.50.68 - - [21/Mar/2025:10:27:45 -0600] "POST /encomienda/registrarEncomienda.html HTTP/1.1" 200 263
181.189.154.32 - - [21/Mar/2025:10:27:44 -0600] "POST /ajax/getInformacionPorSalida.json HTTP/1.1" 200 9932
186.151.92.77 - - [21/Mar/2025:10:27:56 -0600] "GET /cliente/crear.html HTTP/1.1" 200 10439
190.149.166.93 - - [21/Mar/2025:10:27:57 -0600] "GET /ajax/listarClientesPaginando.json?term=VALENTIN+TORRES&page_limit=5&_=1742569701677 HTTP/1.1" 200 311
190.148.50.68 - - [21/Mar/2025:10:27:56 -0600] "POST /ajax/print/datosEncomienda HTTP/1.1" 200 1011
190.56.157.165 - - [21/Mar/2025:10:28:01 -0600] "POST /ajax/listarClientesPaginando.json HTTP/1.1" 200 58
190.149.186.106 - - [21/Mar/2025:10:28:02 -0600] "GET /salida/consultar2.html HTTP/1.1" 200 10775
190.148.50.68 - - [21/Mar/2025:10:28:02 -0600] "GET /encomienda/registrarEncomienda.html HTTP/1.1" 200 32558
186.151.119.120 - - [21/Mar/2025:10:27:55 -0600] "POST /boleto/emitirBoletos.html HTTP/1.1" 200 784
181.189.154.32 - - [21/Mar/2025:10:28:05 -0600] "POST /ajax/calcularImporteTotalMonedaBase.json HTTP/1.1" 200 50
190.148.193.146 - - [21/Mar/2025:10:28:06 -0600] "POST /ajax/listarTipoEncomiendaEspecialPaginando.json HTTP/1.1" 200 650
190.56.157.165 - - [21/Mar/2025:10:28:06 -0600] "POST /ajax/getRutasPorEstacion.json HTTP/1.1" 200 2136
186.151.92.77 - - [21/Mar/2025:10:28:05 -0600] "POST /cliente/crear.html HTTP/1.1" 200 146
190.149.186.106 - - [21/Mar/2025:10:28:05 -0600] "POST /ajax/listarSalidasByFecha.html HTTP/1.1" 200 14669
190.148.50.68 - - [21/Mar/2025:10:28:09 -0600] "POST /ajax/listarMonedasCajasAbiertas.json HTTP/1.1" 200 41
190.148.193.146 - - [21/Mar/2025:10:28:11 -0600] "POST /ajax/listarTipoEncomiendaEspecialPaginando.json HTTP/1.1" 200 54
200.119.178.44 - - [21/Mar/2025:10:28:13 -0600] "GET /logout HTTP/1.1" 302 444
186.151.119.120 - - [21/Mar/2025:10:28:09 -0600] "GET /boleto/emitirBoletos.html HTTP/1.1" 200 28912
200.119.178.44 - - [21/Mar/2025:10:28:17 -0600] "GET / HTTP/1.1" 302 464
200.119.178.44 - - [21/Mar/2025:10:28:19 -0600] "GET /login HTTP/1.1" 200 2752
190.149.166.93 - - [21/Mar/2025:10:28:05 -0600] "POST /encomienda/entregaMultipleEncomienda.html HTTP/1.1" 200 268
186.151.92.77 - - [21/Mar/2025:10:28:17 -0600] "POST /ajax/listarClientesPaginando.json HTTP/1.1" 200 58
181.189.154.32 - - [21/Mar/2025:10:28:07 -0600] "POST /boleto/chequearBoleto2.html HTTP/1.1" 200 79
190.56.157.165 - - [21/Mar/2025:10:28:20 -0600] "POST /ajax/getEstacionesDestinosPorRuta.json HTTP/1.1" 200 851
186.151.119.120 - - [21/Mar/2025:10:28:18 -0600] "POST /ajax/listarSalidasActivasEmitirBoleto.json HTTP/1.1" 200 2866
181.78.50.47 - - [21/Mar/2025:10:28:25 -0600] "POST /login_check HTTP/1.1" 302 304
186.151.119.120 - - [21/Mar/2025:10:28:23 -0600] "GET /autorizacioninterna/crear.html HTTP/1.1" 200 2730
186.151.119.120 - - [21/Mar/2025:10:28:28 -0600] "POST /ajax/listarDatosIniciales.json HTTP/1.1" 200 61
200.119.178.55 - - [21/Mar/2025:10:28:21 -0600] "POST /ajax/getInformacionPorSalida.json HTTP/1.1" 200 10557
181.78.50.47 - - [21/Mar/2025:10:28:28 -0600] "GET / HTTP/1.1" 200 34065
190.149.166.93 - - [21/Mar/2025:10:28:25 -0600] "POST /ajax/listarEncomiendasPendientesEntrega.json HTTP/1.1" 200 37285
181.189.154.32 - - [21/Mar/2025:10:28:15 -0600] "POST /boleto/emitirBoletos.html HTTP/1.1" 200 766
181.189.154.32 - - [21/Mar/2025:10:28:28 -0600] "POST /ajax/listarBoletosAChequear.html HTTP/1.1" 200 10020
190.56.157.165 - - [21/Mar/2025:10:28:34 -0600] "POST /ajax/listarTipoEncomiendaEspecialPaginando.json HTTP/1.1" 200 650
181.189.154.32 - - [21/Mar/2025:10:28:35 -0600] "GET /boleto/emitirBoletos.html HTTP/1.1" 200 29021
181.189.154.32 - - [21/Mar/2025:10:28:38 -0600] "POST /ajax/listarSalidasActivasEmitirBoleto.json HTTP/1.1" 200 3604
190.149.186.106 - - [21/Mar/2025:10:28:38 -0600] "POST /ajax/getInformacionPorSalida.json HTTP/1.1" 200 5911
181.189.154.32 - - [21/Mar/2025:10:28:41 -0600] "POST /ajax/listarDatosIniciales.json HTTP/1.1" 200 60
181.189.154.32 - - [21/Mar/2025:10:28:40 -0600] "POST /boleto/chequearBoleto2.html HTTP/1.1" 200 79
190.149.166.93 - - [21/Mar/2025:10:28:45 -0600] "GET /encomienda/registrarEncomienda.html HTTP/1.1" 200 32558
190.148.50.68 - - [21/Mar/2025:10:28:47 -0600] "POST /ajax/listarClientesPaginando.json HTTP/1.1" 200 54
190.56.157.165 - - [21/Mar/2025:10:28:47 -0600] "POST /ajax/getSeriesActivaPorEstacion.json HTTP/1.1" 200 106
186.151.119.120 - - [21/Mar/2025:10:28:47 -0600] "GET /encomienda/registrarEncomienda.html HTTP/1.1" 200 32558
190.149.166.93 - - [21/Mar/2025:10:28:48 -0600] "POST /ajax/listarMonedasCajasAbiertas.json HTTP/1.1" 200 41
190.56.157.165 - - [21/Mar/2025:10:28:50 -0600] "POST /ajax/calcularImporteTotalMonedaBaseEncomienda.json HTTP/1.1" 200 37
181.189.154.32 - - [21/Mar/2025:10:28:48 -0600] "POST /ajax/listarBoletosAChequear.html HTTP/1.1" 200 10066
200.35.163.241 - - [21/Mar/2025:10:28:53 -0600] "-" 408 -
186.151.119.120 - - [21/Mar/2025:10:28:51 -0600] "POST /ajax/listarMonedasCajasAbiertas.json HTTP/1.1" 200 41
190.148.193.146 - - [21/Mar/2025:10:28:52 -0600] "POST /ajax/getSeriesActivaPorEstacion.json HTTP/1.1" 200 115
190.148.193.146 - - [21/Mar/2025:10:28:55 -0600] "POST /ajax/calcularImporteTotalMonedaBaseEncomienda.json HTTP/1.1" 200 37
186.151.119.120 - - [21/Mar/2025:10:28:55 -0600] "POST /ajax/listarClientesPaginando.json HTTP/1.1" 200 219
181.189.154.32 - - [21/Mar/2025:10:28:55 -0600] "POST /reportes/manifiestoBoletoPiloto.html HTTP/1.1" 200 115
181.189.154.32 - - [21/Mar/2025:10:28:59 -0600] "GET /reporte/rtejada_2025.03.21_10.28.57_67dd93c935ff9.pdf?v=2.5 HTTP/1.1" 200 6617
186.151.119.120 - - [21/Mar/2025:10:29:00 -0600] "POST /ajax/listarClientesPaginando.json HTTP/1.1" 200 66
190.148.50.68 - - [21/Mar/2025:10:29:00 -0600] "POST /ajax/listarClientesPaginando.json HTTP/1.1" 200 73
186.151.119.120 - - [21/Mar/2025:10:29:01 -0600] "POST /ajax/listarClientesPaginando.json HTTP/1.1" 200 66
181.78.50.47 - - [21/Mar/2025:10:29:02 -0600] "GET /boleto/emitirBoletos.html HTTP/1.1" 200 28884
190.149.186.106 - - [21/Mar/2025:10:29:03 -0600] "POST /ajax/getInformacionPorSalida.json HTTP/1.1" 200 9111
181.78.50.47 - - [21/Mar/2025:10:29:06 -0600] "POST /ajax/listarSalidasActivasEmitirBoleto.json HTTP/1.1" 200 1018
190.56.157.165 - - [21/Mar/2025:10:29:00 -0600] "POST /encomienda/registrarEncomienda.html HTTP/1.1" 200 1417
181.78.50.47 - - [21/Mar/2025:10:29:09 -0600] "POST /ajax/listarDatosIniciales.json HTTP/1.1" 200 60
190.56.157.165 - - [21/Mar/2025:10:29:10 -0600] "GET /encomienda/registrarEncomienda.html HTTP/1.1" 200 32558
186.151.119.120 - - [21/Mar/2025:10:29:12 -0600] "POST /ajax/listarClientesPaginando.json HTTP/1.1" 200 293
190.149.186.106 - - [21/Mar/2025:10:29:12 -0600] "GET /boleto/emitirBoletos.html HTTP/1.1" 200 28923
190.148.193.146 - - [21/Mar/2025:10:29:07 -0600] "POST /encomienda/registrarEncomienda.html HTTP/1.1" 200 1343
186.151.119.120 - - [21/Mar/2025:10:29:15 -0600] "POST /ajax/listarClientesPaginando.json HTTP/1.1" 200 258
190.148.50.68 - - [21/Mar/2025:10:29:15 -0600] "POST /ajax/getRutasPorEstacion.json HTTP/1.1" 200 2290
190.149.186.106 - - [21/Mar/2025:10:29:15 -0600] "POST /ajax/listarSalidasActivasEmitirBoleto.json HTTP/1.1" 200 34
190.148.193.146 - - [21/Mar/2025:10:29:16 -0600] "GET /encomienda/registrarEncomienda.html HTTP/1.1" 200 32558
190.149.186.106 - - [21/Mar/2025:10:29:18 -0600] "POST /ajax/listarDatosIniciales.json HTTP/1.1" 200 61
200.119.178.55 - - [21/Mar/2025:10:29:20 -0600] "GET /ajax/listarClientesPaginando.json?term=6891&page_limit=5&_=1742566059467 HTTP/1.1" 200 328
186.151.119.120 - - [21/Mar/2025:10:29:20 -0600] "POST /ajax/getRutasPorEstacion.json HTTP/1.1" 200 583
200.119.178.55 - - [21/Mar/2025:10:29:22 -0600] "GET /ajax/listarClientesPaginando.json?term=689154989&page_limit=5&_=1742566059468 HTTP/1.1" 200 14
186.151.119.120 - - [21/Mar/2025:10:29:24 -0600] "POST /ajax/getEstacionesDestinosPorRuta.json HTTP/1.1" 200 556
190.148.193.146 - - [21/Mar/2025:10:29:25 -0600] "POST /ajax/listarMonedasCajasAbiertas.json HTTP/1.1" 200 41
190.148.50.68 - - [21/Mar/2025:10:29:26 -0600] "POST /ajax/getEstacionesDestinosPorRuta.json HTTP/1.1" 200 495
181.189.154.32 - - [21/Mar/2025:10:29:28 -0600] "GET /ajax/listarClientesPaginando.json?term=9&page_limit=5&_=1742569463300 HTTP/1.1" 200 316
181.189.154.32 - - [21/Mar/2025:10:29:29 -0600] "GET /ajax/listarClientesPaginando.json?term=932&page_limit=5&_=1742569463301 HTTP/1.1" 200 337
181.189.154.32 - - [21/Mar/2025:10:29:30 -0600] "GET /ajax/listarClientesPaginando.json?term=9321&page_limit=5&_=1742569463302 HTTP/1.1" 200 362
190.56.157.165 - - [21/Mar/2025:10:29:32 -0600] "POST /ajax/listarMonedasCajasAbiertas.json HTTP/1.1" 200 41
190.148.50.68 - - [21/Mar/2025:10:29:32 -0600] "POST /ajax/listarTipoEncomiendaEspecialPaginando.json HTTP/1.1" 200 650
200.119.178.55 - - [21/Mar/2025:10:29:32 -0600] "GET /ajax/listarClientesPaginando.json?term=68915489&page_limit=5&_=1742566059469 HTTP/1.1" 200 106
186.151.92.77 - - [21/Mar/2025:10:29:36 -0600] "-" 408 -
186.151.92.77 - - [21/Mar/2025:10:29:36 -0600] "-" 408 -
181.189.154.32 - - [21/Mar/2025:10:29:32 -0600] "GET /ajax/listarClientesPaginando.json?term=93214&page_limit=5&_=1742569463303 HTTP/1.1" 200 77
190.149.166.93 - - [21/Mar/2025:10:29:34 -0600] "POST /ajax/getRutasPorEstacion.json HTTP/1.1" 200 519
190.148.50.68 - - [21/Mar/2025:10:29:35 -0600] "POST /ajax/listarTipoEncomiendaEspecialPaginando.json HTTP/1.1" 200 54
181.189.154.32 - - [21/Mar/2025:10:29:35 -0600] "GET /ajax/listarClientesPaginando.json?term=93214332&page_limit=5&_=1742569463304 HTTP/1.1" 200 77
190.149.166.93 - - [21/Mar/2025:10:29:37 -0600] "POST /ajax/getEstacionesDestinosPorRuta.json HTTP/1.1" 200 954
190.148.50.68 - - [21/Mar/2025:10:29:43 -0600] "POST /login_check HTTP/1.1" 302 304
190.149.166.93 - - [21/Mar/2025:10:29:43 -0600] "POST /ajax/getRutasPorEstacion.json HTTP/1.1" 200 4556
190.148.50.68 - - [21/Mar/2025:10:29:44 -0600] "GET / HTTP/1.1" 200 34318
181.189.154.32 - - [21/Mar/2025:10:29:44 -0600] "POST /ajax/getInformacionPorSalida.json HTTP/1.1" 200 10086
190.148.50.68 - - [21/Mar/2025:10:29:51 -0600] "GET /encomienda/registrarEncomienda.html HTTP/1.1" 200 32558
190.149.186.106 - - [21/Mar/2025:10:29:54 -0600] "-" 408 -
190.149.166.93 - - [21/Mar/2025:10:29:53 -0600] "POST /ajax/getEstacionesDestinosPorRuta.json HTTP/1.1" 200 454
190.148.50.68 - - [21/Mar/2025:10:29:54 -0600] "POST /ajax/listarMonedasCajasAbiertas.json HTTP/1.1" 200 41
200.119.178.55 - - [21/Mar/2025:10:29:54 -0600] "POST /ajax/calcularImporteTotalMonedaBase.json HTTP/1.1" 200 50
181.189.154.32 - - [21/Mar/2025:10:29:59 -0600] "-" 408 -
186.151.119.120 - - [21/Mar/2025:10:29:57 -0600] "POST /encomienda/registrarEncomienda.html HTTP/1.1" 200 128
190.56.157.165 - - [21/Mar/2025:10:30:00 -0600] "GET /encomienda/entregaMultipleEncomienda.html HTTP/1.1" 200 16251
200.119.178.55 - - [21/Mar/2025:10:29:58 -0600] "POST /boleto/emitirBoletos.html HTTP/1.1" 200 853
190.148.50.68 - - [21/Mar/2025:10:30:04 -0600] "POST /ajax/calcularImporteTotalMonedaBaseEncomienda.json HTTP/1.1" 200 38
200.119.178.55 - - [21/Mar/2025:10:30:07 -0600] "GET /boleto/emitirBoletos.html HTTP/1.1" 200 29032
190.56.157.165 - - [21/Mar/2025:10:30:03 -0600] "POST /ajax/listarEncomiendasPendientesEntrega.json HTTP/1.1" 200 37044
186.151.119.120 - - [21/Mar/2025:10:30:10 -0600] "GET /autorizacioninterna/crear.html HTTP/1.1" 200 2730
200.119.178.55 - - [21/Mar/2025:10:30:10 -0600] "POST /ajax/listarSalidasActivasEmitirBoleto.json HTTP/1.1" 200 7710
190.148.50.68 - - [21/Mar/2025:10:30:09 -0600] "POST /encomienda/registrarEncomienda.html HTTP/1.1" 200 263
181.189.154.32 - - [21/Mar/2025:10:30:14 -0600] "POST /ajax/calcularImporteTotalMonedaBase.json HTTP/1.1" 200 50
200.119.178.55 - - [21/Mar/2025:10:30:15 -0600] "POST /ajax/listarDatosIniciales.json HTTP/1.1" 200 60
190.148.193.146 - - [21/Mar/2025:10:30:17 -0600] "GET /boleto/emitirBoletos.html HTTP/1.1" 200 28892
190.148.50.68 - - [21/Mar/2025:10:30:18 -0600] "POST /ajax/print/datosEncomienda HTTP/1.1" 200 1029
190.148.193.146 - - [21/Mar/2025:10:30:20 -0600] "POST /ajax/listarSalidasActivasEmitirBoleto.json HTTP/1.1" 200 34
190.148.50.68 - - [21/Mar/2025:10:30:21 -0600] "GET /encomienda/registrarEncomienda.html HTTP/1.1" 200 32558
190.148.193.146 - - [21/Mar/2025:10:30:23 -0600] "POST /ajax/listarDatosIniciales.json HTTP/1.1" 200 61
186.151.119.120 - - [21/Mar/2025:10:30:24 -0600] "GET /ajax/generatePin.html HTTP/1.1" 200 14
190.148.193.146 - - [21/Mar/2025:10:30:24 -0600] "POST /ajax/listarSalidasActivasEmitirBoleto.json HTTP/1.1" 200 7710
181.189.154.32 - - [21/Mar/2025:10:30:24 -0600] "POST /boleto/emitirBoletos.html HTTP/1.1" 200 908
181.189.154.32 - - [21/Mar/2025:10:30:33 -0600] "GET /boleto/emitirBoletos.html HTTP/1.1" 200 29021
190.56.157.165 - - [21/Mar/2025:10:30:34 -0600] "GET /ajax/listarClientesPaginando.json?term=44&page_limit=5&_=1742573499086 HTTP/1.1" 200 308
186.151.119.120 - - [21/Mar/2025:10:30:35 -0600] "GET /encomienda/registrarEncomienda.html HTTP/1.1" 200 32558
190.148.50.68 - - [21/Mar/2025:10:30:37 -0600] "POST /ajax/listarMonedasCajasAbiertas.json HTTP/1.1" 200 41
190.56.157.165 - - [21/Mar/2025:10:30:36 -0600] "GET /ajax/listarClientesPaginando.json?term=44021267&page_limit=5&_=1742573499087 HTTP/1.1" 200 98
186.151.119.120 - - [21/Mar/2025:10:30:38 -0600] "POST /ajax/listarMonedasCajasAbiertas.json HTTP/1.1" 200 41
181.189.154.32 - - [21/Mar/2025:10:30:36 -0600] "POST /ajax/listarSalidasActivasEmitirBoleto.json HTTP/1.1" 200 3604
190.149.166.93 - - [21/Mar/2025:10:30:40 -0600] "GET /boleto/emitirBoletos.html HTTP/1.1" 200 29034
190.148.50.68 - - [21/Mar/2025:10:30:40 -0600] "GET /reportes/encomiendaCuadreEncomienda.html HTTP/1.1" 200 3380
181.189.154.32 - - [21/Mar/2025:10:30:41 -0600] "POST /ajax/listarDatosIniciales.json HTTP/1.1" 200 60
186.151.119.120 - - [21/Mar/2025:10:30:41 -0600] "POST /ajax/listarClientesPaginando.json HTTP/1.1" 200 219
190.149.166.93 - - [21/Mar/2025:10:30:44 -0600] "POST /ajax/listarSalidasActivasEmitirBoleto.json HTTP/1.1" 200 519
186.151.119.120 - - [21/Mar/2025:10:30:44 -0600] "POST /ajax/listarClientesPaginando.json HTTP/1.1" 200 66
190.56.157.165 - - [21/Mar/2025:10:30:45 -0600] "GET /ajax/listarClientesPaginando.json?term=44021267&page_limit=5&_=1742573499088 HTTP/1.1" 200 98
190.149.166.93 - - [21/Mar/2025:10:30:46 -0600] "POST /ajax/listarDatosIniciales.json HTTP/1.1" 200 61
186.151.119.120 - - [21/Mar/2025:10:30:47 -0600] "POST /ajax/listarClientesPaginando.json HTTP/1.1" 200 66
181.189.154.32 - - [21/Mar/2025:10:30:49 -0600] "GET /autorizacioncortesia/creaBoletosAutorizacionCortesia.html HTTP/1.1" 200 18441
190.149.186.106 - - [21/Mar/2025:10:30:54 -0600] "-" 408 -
181.189.154.32 - - [21/Mar/2025:10:30:51 -0600] "POST /ajax/listarSalidas.json HTTP/1.1" 200 1791
190.149.166.93 - - [21/Mar/2025:10:30:56 -0600] "GET /ajax/listarClientesPaginando.json?term=CELIA+GONZALES&page_limit=5&_=1742569701678 HTTP/1.1" 200 14
190.56.157.165 - - [21/Mar/2025:10:30:52 -0600] "POST /encomienda/entregaMultipleEncomienda.html HTTP/1.1" 200 900
190.149.4.98 - - [21/Mar/2025:10:30:58 -0600] "GET /logout HTTP/1.1" 302 444
186.151.119.120 - - [21/Mar/2025:10:30:58 -0600] "POST /ajax/listarClientesPaginando.json HTTP/1.1" 200 290
181.189.154.32 - - [21/Mar/2025:10:30:58 -0600] "POST /ajax/listarSalidasActivasEmitirBoleto.json HTTP/1.1" 200 7710
190.149.4.98 - - [21/Mar/2025:10:31:01 -0600] "GET / HTTP/1.1" 302 464
186.151.92.77 - - [21/Mar/2025:10:31:00 -0600] "GET /ajax/listarClientesPaginando.json?term=Nicola+Joanna+Fischer&page_limit=5&_=1742574280296 HTTP/1.1" 200 14
190.149.4.98 - - [21/Mar/2025:10:31:04 -0600] "GET /login HTTP/1.1" 200 2752
181.189.154.32 - - [21/Mar/2025:10:31:02 -0600] "GET /ajax/listarClientesPaginando.json?term=9878&page_limit=5&_=1742569463305 HTTP/1.1" 200 321
190.149.166.93 - - [21/Mar/2025:10:31:02 -0600] "GET /cliente/crear.html HTTP/1.1" 200 10439
186.151.119.120 - - [21/Mar/2025:10:31:05 -0600] "POST /ajax/getRutasPorEstacion.json HTTP/1.1" 200 583
181.189.154.32 - - [21/Mar/2025:10:31:03 -0600] "GET /ajax/listarClientesPaginando.json?term=98785&page_limit=5&_=1742569463306 HTTP/1.1" 200 134
181.189.154.32 - - [21/Mar/2025:10:31:05 -0600] "GET /ajax/listarClientesPaginando.json?term=PACIENTE+CON+CANCER+VERONICA+PRIETO&page_limit=5&_=1742573710189 HTTP/1.1" 200 159
190.148.193.146 - - [21/Mar/2025:10:31:06 -0600] "GET /ajax/listarClientesPaginando.json?term=BOLETO+PAGADO+EN+PUERTO+BARRIOS+&page_limit=5&_=1742573743065 HTTP/1.1" 200 406
190.149.4.98 - - [21/Mar/2025:10:31:09 -0600] "POST /login_check HTTP/1.1" 302 304
190.148.50.68 - - [21/Mar/2025:10:30:59 -0600] "POST /reportes/encomiendaCuadreEncomienda.html HTTP/1.1" 200 114
190.56.157.165 - - [21/Mar/2025:10:30:59 -0600] "POST /ajax/listarEncomiendasPendientesEntrega.json HTTP/1.1" 200 37071
190.148.50.68 - - [21/Mar/2025:10:31:13 -0600] "GET /reporte/dlemus_2025.03.21_10.31.04_67dd94488f09b.pdf?v=2.5 HTTP/1.1" 200 4892
181.189.154.32 - - [21/Mar/2025:10:31:10 -0600] "GET /ajax/listarClientesPaginando.json?term=98785222&page_limit=5&_=1742569463307 HTTP/1.1" 200 74
190.149.166.93 - - [21/Mar/2025:10:31:11 -0600] "POST /cliente/crear.html HTTP/1.1" 200 146
186.151.119.120 - - [21/Mar/2025:10:31:13 -0600] "POST /ajax/getEstacionesDestinosPorRuta.json HTTP/1.1" 200 556
190.148.193.146 - - [21/Mar/2025:10:31:12 -0600] "GET /cliente/crear.html HTTP/1.1" 200 10439
190.149.166.93 - - [21/Mar/2025:10:31:15 -0600] "POST /ajax/listarClientesPaginando.json HTTP/1.1" 200 60
190.56.130.54 - - [21/Mar/2025:10:31:16 -0600] "GET /logout HTTP/1.1" 302 444
190.56.130.54 - - [21/Mar/2025:10:31:18 -0600] "GET / HTTP/1.1" 302 464
190.149.4.98 - - [21/Mar/2025:10:31:15 -0600] "GET / HTTP/1.1" 200 34562
186.151.92.77 - - [21/Mar/2025:10:31:17 -0600] "GET /cliente/crear.html HTTP/1.1" 200 10439
190.56.130.54 - - [21/Mar/2025:10:31:19 -0600] "GET /login HTTP/1.1" 200 2752
190.148.193.146 - - [21/Mar/2025:10:31:19 -0600] "POST /cliente/crear.html HTTP/1.1" 200 146
181.189.154.32 - - [21/Mar/2025:10:31:17 -0600] "POST /ajax/getInformacionPorSalida.json HTTP/1.1" 200 7723
181.189.154.32 - - [21/Mar/2025:10:31:19 -0600] "POST /ajax/listarSalidas.json HTTP/1.1" 200 4180
190.148.193.146 - - [21/Mar/2025:10:31:23 -0600] "POST /ajax/listarClientesPaginando.json HTTP/1.1" 200 77
186.151.92.77 - - [21/Mar/2025:10:31:24 -0600] "POST /cliente/crear.html HTTP/1.1" 200 146
190.149.4.98 - - [21/Mar/2025:10:31:25 -0600] "GET /salida/ HTTP/1.1" 304 -
190.149.166.93 - - [21/Mar/2025:10:31:23 -0600] "POST /ajax/getInformacionPorSalida.json HTTP/1.1" 200 9855
186.151.92.77 - - [21/Mar/2025:10:31:30 -0600] "POST /ajax/listarClientesPaginando.json HTTP/1.1" 200 67
181.189.154.32 - - [21/Mar/2025:10:31:29 -0600] "POST /ajax/getInformacionPorSalida.json HTTP/1.1" 200 7723
190.149.4.98 - - [21/Mar/2025:10:31:30 -0600] "POST /salida/listarSalidas.json HTTP/1.1" 200 2902
190.149.186.113 - - [21/Mar/2025:10:31:32 -0600] "GET /autorizacioninterna/crear.html HTTP/1.1" 200 2730
190.148.193.146 - - [21/Mar/2025:10:31:31 -0600] "POST /ajax/listarSalidasActivasEmitirBoleto.json HTTP/1.1" 200 6180
190.149.166.93 - - [21/Mar/2025:10:31:34 -0600] "POST /ajax/calcularImporteTotalMonedaBase.json HTTP/1.1" 200 50
186.151.92.77 - - [21/Mar/2025:10:31:35 -0600] "GET /cliente/crear.html HTTP/1.1" 200 10439
181.189.154.32 - - [21/Mar/2025:10:31:37 -0600] "POST /autorizacioncortesia/creaBoletosAutorizacionCortesia.html HTTP/1.1" 200 260
190.148.193.146 - - [21/Mar/2025:10:31:39 -0600] "POST /ajax/getInformacionPorSalida.json HTTP/1.1" 200 5279
186.151.92.77 - - [21/Mar/2025:10:31:41 -0600] "POST /cliente/crear.html HTTP/1.1" 200 146
186.151.119.120 - - [21/Mar/2025:10:31:41 -0600] "POST /encomienda/registrarEncomienda.html HTTP/1.1" 200 128
190.148.50.68 - - [21/Mar/2025:10:31:44 -0600] "POST /ajax/listarClientesPaginando.json HTTP/1.1" 200 333
190.149.166.93 - - [21/Mar/2025:10:31:38 -0600] "POST /boleto/emitirBoletos.html HTTP/1.1" 200 794
190.148.50.68 - - [21/Mar/2025:10:31:46 -0600] "POST /ajax/listarClientesPaginando.json HTTP/1.1" 200 341
190.149.186.113 - - [21/Mar/2025:10:31:46 -0600] "POST /autorizacioninterna/crear.html HTTP/1.1" 200 79
190.149.4.98 - - [21/Mar/2025:10:31:46 -0600] "POST /salida/listarSalidas.json HTTP/1.1" 200 6180
186.151.92.77 - - [21/Mar/2025:10:31:47 -0600] "POST /ajax/listarClientesPaginando.json HTTP/1.1" 200 68
190.148.50.68 - - [21/Mar/2025:10:31:47 -0600] "POST /ajax/listarClientesPaginando.json HTTP/1.1" 200 308
190.149.166.93 - - [21/Mar/2025:10:31:48 -0600] "GET /boleto/emitirBoletos.html HTTP/1.1" 200 29034
190.148.50.68 - - [21/Mar/2025:10:31:50 -0600] "POST /ajax/listarClientesPaginando.json HTTP/1.1" 200 87
181.189.154.32 - - [21/Mar/2025:10:31:49 -0600] "POST /ajax/print/voucherBoleto.pdf HTTP/1.1" 200 659
186.151.92.77 - - [21/Mar/2025:10:31:52 -0600] "GET /cliente/crear.html HTTP/1.1" 200 10439
186.151.119.120 - - [21/Mar/2025:10:31:50 -0600] "POST /encomienda/registrarEncomienda.html HTTP/1.1" 200 128
190.149.166.93 - - [21/Mar/2025:10:31:52 -0600] "POST /ajax/listarSalidasActivasEmitirBoleto.json HTTP/1.1" 200 519
190.149.186.106 - - [21/Mar/2025:10:31:56 -0600] "-" 408 -
190.149.186.106 - - [21/Mar/2025:10:31:56 -0600] "-" 408 -
181.189.154.32 - - [21/Mar/2025:10:31:53 -0600] "GET /autorizacioncortesia/creaBoletosAutorizacionCortesia.html HTTP/1.1" 200 18441
45.229.40.249 - - [21/Mar/2025:10:31:54 -0600] "GET /logout HTTP/1.1" 302 444
190.149.186.113 - - [21/Mar/2025:10:31:53 -0600] "GET /autorizacioninterna/ HTTP/1.1" 200 2770
45.229.40.249 - - [21/Mar/2025:10:31:56 -0600] "GET / HTTP/1.1" 302 464
181.189.154.32 - - [21/Mar/2025:10:31:54 -0600] "POST /ajax/calcularImporteTotalMonedaBase.json HTTP/1.1" 200 50
190.149.166.93 - - [21/Mar/2025:10:31:56 -0600] "POST /ajax/listarDatosIniciales.json HTTP/1.1" 200 61
45.229.40.249 - - [21/Mar/2025:10:31:58 -0600] "GET /login HTTP/1.1" 200 2752
186.151.92.77 - - [21/Mar/2025:10:31:57 -0600] "POST /cliente/crear.html HTTP/1.1" 200 146
190.149.186.113 - - [21/Mar/2025:10:31:59 -0600] "POST /autorizacioninterna/listarAutorizacionInterna.json HTTP/1.1" 200 122
186.151.119.120 - - [21/Mar/2025:10:31:59 -0600] "GET /boleto/emitirBoletos.html HTTP/1.1" 200 28912
190.149.166.93 - - [21/Mar/2025:10:32:03 -0600] "GET /encomienda/entregaMultipleEncomienda.html HTTP/1.1" 200 16242
190.148.50.68 - - [21/Mar/2025:10:32:05 -0600] "POST /ajax/listarClientesPaginando.json HTTP/1.1" 200 248
186.151.92.77 - - [21/Mar/2025:10:32:06 -0600] "POST /ajax/listarClientesPaginando.json HTTP/1.1" 200 63
190.148.50.68 - - [21/Mar/2025:10:32:14 -0600] "-" 408 -
190.148.50.68 - - [21/Mar/2025:10:32:10 -0600] "POST /ajax/listarClientesPaginando.json HTTP/1.1" 200 276
190.149.186.113 - - [21/Mar/2025:10:32:10 -0600] "GET /encomienda/registrarEncomienda.html HTTP/1.1" 200 32558
186.151.119.120 - - [21/Mar/2025:10:32:07 -0600] "POST /ajax/listarSalidasActivasEmitirBoleto.json HTTP/1.1" 200 2866
190.148.193.146 - - [21/Mar/2025:10:32:02 -0600] "POST /boleto/emitirBoletos.html HTTP/1.1" 200 260
186.151.119.120 - - [21/Mar/2025:10:32:17 -0600] "GET /ajax/listarClientesPaginando.json?term=BR&page_limit=5&_=1742563673702 HTTP/1.1" 200 292
190.149.186.113 - - [21/Mar/2025:10:32:18 -0600] "POST /ajax/listarMonedasCajasAbiertas.json HTTP/1.1" 200 41
190.149.166.93 - - [21/Mar/2025:10:32:12 -0600] "POST /ajax/listarEncomiendasPendientesEntrega.json HTTP/1.1" 200 22437
186.151.119.120 - - [21/Mar/2025:10:32:18 -0600] "POST /ajax/listarDatosIniciales.json HTTP/1.1" 200 61
190.148.50.68 - - [21/Mar/2025:10:32:22 -0600] "POST /ajax/getRutasPorEstacion.json HTTP/1.1" 200 2290
186.151.119.120 - - [21/Mar/2025:10:32:19 -0600] "GET /ajax/listarClientesPaginando.json?term=BRAL&page_limit=5&_=1742563673703 HTTP/1.1" 200 334
181.189.154.32 - - [21/Mar/2025:10:32:06 -0600] "POST /boleto/emitirBoletos.html HTTP/1.1" 200 781
186.151.119.120 - - [21/Mar/2025:10:32:20 -0600] "GET /ajax/listarClientesPaginando.json?term=BRALIO&page_limit=5&_=1742563673704 HTTP/1.1" 200 14
181.189.154.32 - - [21/Mar/2025:10:32:24 -0600] "POST /ajax/listarSalidas.json HTTP/1.1" 200 1791
190.148.193.146 - - [21/Mar/2025:10:32:23 -0600] "POST /ajax/print/voucherBoleto.pdf HTTP/1.1" 200 652
186.151.119.120 - - [21/Mar/2025:10:32:24 -0600] "GET /ajax/listarClientesPaginando.json?term=BRAULIO&page_limit=5&_=1742563673705 HTTP/1.1" 200 258
181.189.154.32 - - [21/Mar/2025:10:32:28 -0600] "GET /boleto/emitirBoletos.html HTTP/1.1" 200 29021
138.185.79.129 - - [21/Mar/2025:10:32:32 -0600] "GET /logout HTTP/1.1" 302 304
186.151.92.77 - - [21/Mar/2025:10:32:31 -0600] "POST /ajax/calcularImporteTotalMonedaBase.json HTTP/1.1" 200 54
190.148.193.146 - - [21/Mar/2025:10:32:31 -0600] "GET /boleto/emitirBoletos.html HTTP/1.1" 200 28892
138.185.79.129 - - [21/Mar/2025:10:32:33 -0600] "GET / HTTP/1.1" 302 464
186.151.119.120 - - [21/Mar/2025:10:32:33 -0600] "GET /ajax/listarClientesPaginando.json?term=BRAULIO+&page_limit=5&_=1742563673706 HTTP/1.1" 200 258
190.148.50.68 - - [21/Mar/2025:10:32:33 -0600] "POST /ajax/getEstacionesDestinosPorRuta.json HTTP/1.1" 200 495
138.185.79.129 - - [21/Mar/2025:10:32:34 -0600] "GET /login HTTP/1.1" 200 2752
181.189.154.32 - - [21/Mar/2025:10:32:32 -0600] "POST /ajax/listarSalidasActivasEmitirBoleto.json HTTP/1.1" 200 3604
190.148.193.146 - - [21/Mar/2025:10:32:35 -0600] "POST /ajax/listarSalidasActivasEmitirBoleto.json HTTP/1.1" 200 34
186.151.119.120 - - [21/Mar/2025:10:32:38 -0600] "GET /ajax/listarClientesPaginando.json?term=BRAULIO+C&page_limit=5&_=1742563673707 HTTP/1.1" 200 285
181.189.154.32 - - [21/Mar/2025:10:32:38 -0600] "POST /ajax/listarDatosIniciales.json HTTP/1.1" 200 60
190.148.193.146 - - [21/Mar/2025:10:32:39 -0600] "POST /ajax/listarDatosIniciales.json HTTP/1.1" 200 61
181.189.154.32 - - [21/Mar/2025:10:32:40 -0600] "GET /boleto/chequearBoleto2.html HTTP/1.1" 200 6617
186.151.119.120 - - [21/Mar/2025:10:32:42 -0600] "GET /ajax/listarClientesPaginando.json?term=BRAULIO+VASQUEZ&page_limit=5&_=1742563673708 HTTP/1.1" 200 246
186.151.92.77 - - [21/Mar/2025:10:32:41 -0600] "POST /boleto/emitirBoletosAgencia.html HTTP/1.1" 200 314
190.149.4.98 - - [21/Mar/2025:10:32:46 -0600] "-" 408 -
190.148.193.146 - - [21/Mar/2025:10:32:46 -0600] "GET /ajax/listarClientesPaginando.json?term=B&page_limit=5&_=1742573743066 HTTP/1.1" 200 329
190.149.4.98 - - [21/Mar/2025:10:32:48 -0600] "GET /corteVentaTalonario/adicionarCorteVenta.html HTTP/1.1" 200 4675
186.151.119.89 - - [21/Mar/2025:10:32:50 -0600] "GET /logout HTTP/1.1" 302 444
186.151.119.120 - - [21/Mar/2025:10:32:47 -0600] "POST /ajax/getInformacionPorSalida.json HTTP/1.1" 200 6642
190.149.186.113 - - [21/Mar/2025:10:32:50 -0600] "POST /ajax/listarClientesPaginando.json HTTP/1.1" 200 184
181.189.154.32 - - [21/Mar/2025:10:32:48 -0600] "POST /ajax/listarBoletosAChequear.html HTTP/1.1" 200 10716
186.151.119.89 - - [21/Mar/2025:10:32:52 -0600] "GET / HTTP/1.1" 302 464
186.151.119.89 - - [21/Mar/2025:10:32:53 -0600] "GET /login HTTP/1.1" 200 2752
186.151.92.77 - - [21/Mar/2025:10:32:47 -0600] "POST /ajax/print/voucherBoleto.pdf HTTP/1.1" 200 143
190.149.4.98 - - [21/Mar/2025:10:32:53 -0600] "POST /ajax/getTarjetasRecientes.json HTTP/1.1" 200 3842
186.151.92.77 - - [21/Mar/2025:10:32:56 -0600] "GET /pdf/jnajera_2025.03.21_10.32.53_fdn_boleto_13713643,13713644,13713645,13713646.pdf?v=2.5 HTTP/1.1" 200 98358
186.151.119.120 - - [21/Mar/2025:10:32:56 -0600] "POST /ajax/calcularImporteTotalMonedaBase.json HTTP/1.1" 200 50
186.151.92.77 - - [21/Mar/2025:10:32:56 -0600] "GET /boleto/emitirBoletosAgencia.html HTTP/1.1" 200 28730
186.151.92.77 - - [21/Mar/2025:10:32:59 -0600] "POST /ajax/listarSalidasActivasEmitirBoleto.json HTTP/1.1" 200 24722
186.151.92.77 - - [21/Mar/2025:10:33:02 -0600] "POST /ajax/listarDatosIniciales.json HTTP/1.1" 200 40
190.149.186.113 - - [21/Mar/2025:10:33:03 -0600] "POST /ajax/listarClientesPaginando.json HTTP/1.1" 200 318
190.149.186.113 - - [21/Mar/2025:10:33:04 -0600] "POST /ajax/listarClientesPaginando.json HTTP/1.1" 200 14
190.149.166.93 - - [21/Mar/2025:10:33:05 -0600] "GET /ajax/listarClientesPaginando.json?term=HARRY+MORENO&page_limit=5&_=1742569701679 HTTP/1.1" 200 72
190.149.186.113 - - [21/Mar/2025:10:33:06 -0600] "POST /ajax/listarClientesPaginando.json HTTP/1.1" 200 268
190.149.186.113 - - [21/Mar/2025:10:33:08 -0600] "POST /ajax/listarClientesPaginando.json HTTP/1.1" 200 268
181.189.154.32 - - [21/Mar/2025:10:33:08 -0600] "POST /boleto/chequearBoleto2.html HTTP/1.1" 200 79
190.149.166.93 - - [21/Mar/2025:10:33:10 -0600] "POST /encomienda/entregaMultipleEncomienda.html HTTP/1.1" 200 268
190.148.193.146 - - [21/Mar/2025:10:33:11 -0600] "POST /ajax/listarSalidasActivasEmitirBoleto.json HTTP/1.1" 200 7710
186.151.119.120 - - [21/Mar/2025:10:33:06 -0600] "POST /boleto/emitirBoletos.html HTTP/1.1" 200 768
190.148.193.146 - - [21/Mar/2025:10:33:16 -0600] "POST /ajax/listarSalidasActivasEmitirBoleto.json HTTP/1.1" 200 6180
186.151.119.120 - - [21/Mar/2025:10:33:18 -0600] "GET /boleto/emitirBoletos.html HTTP/1.1" 200 28912
190.149.166.93 - - [21/Mar/2025:10:33:15 -0600] "POST /ajax/listarEncomiendasPendientesEntrega.json HTTP/1.1" 200 22059
186.151.119.120 - - [21/Mar/2025:10:33:21 -0600] "POST /ajax/listarSalidasActivasEmitirBoleto.json HTTP/1.1" 200 2866
190.148.50.68 - - [21/Mar/2025:10:33:22 -0600] "POST /ajax/getSeriesActivaPorEstacion.json HTTP/1.1" 200 116
186.151.119.120 - - [21/Mar/2025:10:33:24 -0600] "POST /ajax/listarDatosIniciales.json HTTP/1.1" 200 61
190.148.50.68 - - [21/Mar/2025:10:33:24 -0600] "POST /ajax/calcularImporteTotalMonedaBaseEncomienda.json HTTP/1.1" 200 37
190.148.193.146 - - [21/Mar/2025:10:33:27 -0600] "POST /ajax/listarSalidasActivasEmitirBoleto.json HTTP/1.1" 200 2520
190.148.193.146 - - [21/Mar/2025:10:33:33 -0600] "POST /ajax/listarSalidasActivasEmitirBoleto.json HTTP/1.1" 200 2866
181.189.154.32 - - [21/Mar/2025:10:33:34 -0600] "GET /ajax/listarClientesPaginando.json?term=PA&page_limit=5&_=1742569463308 HTTP/1.1" 200 234
190.149.4.98 - - [21/Mar/2025:10:33:34 -0600] "POST /corteVentaTalonario/adicionarCorteVenta.html HTTP/1.1" 200 79
181.189.154.32 - - [21/Mar/2025:10:33:35 -0600] "POST /ajax/listarBoletosAChequear.html HTTP/1.1" 200 10808
181.189.154.32 - - [21/Mar/2025:10:33:36 -0600] "GET /ajax/listarClientesPaginando.json?term=PATRIS&page_limit=5&_=1742569463309 HTTP/1.1" 200 257
190.148.50.68 - - [21/Mar/2025:10:33:30 -0600] "POST /encomienda/registrarEncomienda.html HTTP/1.1" 200 1349
186.151.119.58 - - [21/Mar/2025:10:33:39 -0600] "GET /logout HTTP/1.1" 302 444
181.189.154.32 - - [21/Mar/2025:10:33:39 -0600] "GET /cliente/crear.html HTTP/1.1" 200 10439
186.151.119.58 - - [21/Mar/2025:10:33:40 -0600] "GET / HTTP/1.1" 302 464
186.151.119.58 - - [21/Mar/2025:10:33:41 -0600] "GET /login HTTP/1.1" 200 2752
190.149.4.98 - - [21/Mar/2025:10:33:40 -0600] "GET /corteVentaTalonario/adicionarCorteVenta.html HTTP/1.1" 200 4675
190.148.50.68 - - [21/Mar/2025:10:33:40 -0600] "GET /encomienda/registrarEncomienda.html HTTP/1.1" 200 32558
190.148.193.146 - - [21/Mar/2025:10:33:43 -0600] "GET /ajax/listarClientesPaginando.json?term=JEFERSON+ESQUIVEL+&page_limit=5&_=1742573743067 HTTP/1.1" 200 14
190.149.4.98 - - [21/Mar/2025:10:33:43 -0600] "POST /ajax/getTarjetasRecientes.json HTTP/1.1" 200 3842
181.189.154.32 - - [21/Mar/2025:10:33:45 -0600] "POST /reportes/manifiestoBoletoPiloto.html HTTP/1.1" 200 115
181.189.154.32 - - [21/Mar/2025:10:33:48 -0600] "GET /reporte/rtejada_2025.03.21_10.33.46_67dd94ea1789a.pdf?v=2.5 HTTP/1.1" 200 6752
190.149.166.93 - - [21/Mar/2025:10:33:46 -0600] "GET /reportes/detalleGeneralEncomienda.html HTTP/1.1" 200 17545
190.149.166.93 - - [21/Mar/2025:10:33:49 -0600] "GET /images/glyphicons-halflings-white.png HTTP/1.1" 200 8777
190.148.50.68 - - [21/Mar/2025:10:33:50 -0600] "-" 408 -
190.148.193.146 - - [21/Mar/2025:10:33:48 -0600] "GET /cliente/crear.html HTTP/1.1" 200 10439
190.148.50.68 - - [21/Mar/2025:10:33:51 -0600] "POST /ajax/listarMonedasCajasAbiertas.json HTTP/1.1" 200 41
186.151.119.89 - - [21/Mar/2025:10:33:53 -0600] "-" 408 -
190.148.193.146 - - [21/Mar/2025:10:33:51 -0600] "POST /cliente/crear.html HTTP/1.1" 200 146
190.149.4.98 - - [21/Mar/2025:10:33:52 -0600] "GET /reportes/cuadreInspector.html HTTP/1.1" 200 2799
190.148.193.146 - - [21/Mar/2025:10:33:54 -0600] "POST /ajax/listarClientesPaginando.json HTTP/1.1" 200 63
186.151.92.77 - - [21/Mar/2025:10:33:58 -0600] "-" 408 -
181.189.154.32 - - [21/Mar/2025:10:33:55 -0600] "POST /cliente/crear.html HTTP/1.1" 200 146
190.56.157.165 - - [21/Mar/2025:10:33:56 -0600] "GET /ajax/listarClientesPaginando.json?term=Marvin+Diaz&page_limit=5&_=1742573499089 HTTP/1.1" 200 242
181.189.154.32 - - [21/Mar/2025:10:33:58 -0600] "POST /ajax/listarClientesPaginando.json HTTP/1.1" 200 60
190.149.166.93 - - [21/Mar/2025:10:33:59 -0600] "POST /reportes/detalleGeneralEncomienda.html HTTP/1.1" 200 116
190.149.166.93 - - [21/Mar/2025:10:34:03 -0600] "GET /reporte/nsanchez_2025.03.21_10.34.01_67dd94f91ce28.pdf?v=2.5 HTTP/1.1" 200 2160
190.148.193.146 - - [21/Mar/2025:10:33:59 -0600] "POST /ajax/getInformacionPorSalida.json HTTP/1.1" 200 9383
181.189.154.32 - - [21/Mar/2025:10:34:02 -0600] "GET /boleto/emitirBoletos.html HTTP/1.1" 200 29021
181.189.154.32 - - [21/Mar/2025:10:34:05 -0600] "POST /ajax/listarSalidasActivasEmitirBoleto.json HTTP/1.1" 200 3604
190.149.4.98 - - [21/Mar/2025:10:34:05 -0600] "POST /reportes/cuadreInspector.html HTTP/1.1" 200 117
190.149.4.98 - - [21/Mar/2025:10:34:09 -0600] "GET /reporte/mgranados_2025.03.21_10.34.07_67dd94ff34f3e.pdf?v=2.5 HTTP/1.1" 200 1975
190.149.4.98 - - [21/Mar/2025:10:34:10 -0600] "GET /reporte/mgranados_2025.03.21_10.34.07_67dd94ff34f3e.pdf?v=2.5 HTTP/1.1" 206 1025
190.149.4.98 - - [21/Mar/2025:10:34:10 -0600] "GET /reporte/mgranados_2025.03.21_10.34.07_67dd94ff34f3e.pdf?v=2.5 HTTP/1.1" 200 1975
190.56.157.165 - - [21/Mar/2025:10:34:06 -0600] "POST /encomienda/entregaMultipleEncomienda.html HTTP/1.1" 200 268
181.189.154.32 - - [21/Mar/2025:10:34:08 -0600] "POST /ajax/listarDatosIniciales.json HTTP/1.1" 200 60
190.148.193.146 - - [21/Mar/2025:10:34:09 -0600] "POST /ajax/calcularImporteTotalMonedaBase.json HTTP/1.1" 200 50
190.149.166.106 - - [21/Mar/2025:10:34:11 -0600] "POST /ajax/getInformacionPorSalida.json HTTP/1.1" 200 7597
181.189.154.32 - - [21/Mar/2025:10:34:13 -0600] "POST /ajax/listarSalidasActivasEmitirBoleto.json HTTP/1.1" 200 7710
190.56.157.165 - - [21/Mar/2025:10:34:11 -0600] "POST /ajax/listarEncomiendasPendientesEntrega.json HTTP/1.1" 200 37084
190.149.166.93 - - [21/Mar/2025:10:34:17 -0600] "POST /reportes/detalleGeneralEncomienda.html HTTP/1.1" 200 116
190.149.166.93 - - [21/Mar/2025:10:34:21 -0600] "GET /reporte/nsanchez_2025.03.21_10.34.18_67dd950a72f0b.pdf?v=2.5 HTTP/1.1" 200 3691
190.149.166.106 - - [21/Mar/2025:10:34:22 -0600] "GET /boleto/emitirBoletos.html HTTP/1.1" 200 29033
190.149.166.106 - - [21/Mar/2025:10:34:26 -0600] "POST /ajax/listarSalidasActivasEmitirBoleto.json HTTP/1.1" 200 2843
190.149.166.106 - - [21/Mar/2025:10:34:28 -0600] "POST /ajax/listarDatosIniciales.json HTTP/1.1" 200 60
24.152.55.4 - - [21/Mar/2025:10:34:29 -0600] "GET /logout HTTP/1.1" 302 444
24.152.55.4 - - [21/Mar/2025:10:34:30 -0600] "GET / HTTP/1.1" 302 464
24.152.55.4 - - [21/Mar/2025:10:34:31 -0600] "GET /login HTTP/1.1" 200 2752
190.148.193.146 - - [21/Mar/2025:10:34:18 -0600] "POST /boleto/emitirBoletos.html HTTP/1.1" 200 751
24.152.55.4 - - [21/Mar/2025:10:34:34 -0600] "POST /login_check HTTP/1.1" 302 304
181.189.154.32 - - [21/Mar/2025:10:34:22 -0600] "POST /ajax/getInformacionPorSalida.json HTTP/1.1" 200 8031
190.148.193.146 - - [21/Mar/2025:10:34:35 -0600] "GET /boleto/emitirBoletos.html HTTP/1.1" 200 28892
24.152.55.4 - - [21/Mar/2025:10:34:35 -0600] "GET / HTTP/1.1" 200 34879
186.151.119.58 - - [21/Mar/2025:10:34:41 -0600] "-" 408 -
190.148.193.146 - - [21/Mar/2025:10:34:39 -0600] "POST /ajax/listarSalidasActivasEmitirBoleto.json HTTP/1.1" 200 34
186.151.92.77 - - [21/Mar/2025:10:34:42 -0600] "-" 408 -
186.151.92.77 - - [21/Mar/2025:10:34:42 -0600] "-" 408 -
190.148.193.146 - - [21/Mar/2025:10:34:41 -0600] "POST /ajax/listarDatosIniciales.json HTTP/1.1" 200 61
181.189.154.32 - - [21/Mar/2025:10:34:41 -0600] "POST /ajax/calcularImporteTotalMonedaBase.json HTTP/1.1" 200 50
200.119.178.44 - - [21/Mar/2025:10:34:47 -0600] "POST /login_check HTTP/1.1" 302 304
24.152.55.4 - - [21/Mar/2025:10:34:46 -0600] "GET /boleto/emitirBoletos.html HTTP/1.1" 200 28910
24.152.55.4 - - [21/Mar/2025:10:34:49 -0600] "POST /ajax/listarSalidasActivasEmitirBoleto.json HTTP/1.1" 200 1107
200.119.178.44 - - [21/Mar/2025:10:34:48 -0600] "GET / HTTP/1.1" 200 34088
24.152.55.4 - - [21/Mar/2025:10:34:52 -0600] "POST /ajax/listarDatosIniciales.json HTTP/1.1" 200 60
181.189.154.32 - - [21/Mar/2025:10:34:48 -0600] "POST /boleto/emitirBoletos.html HTTP/1.1" 200 758
24.152.55.20 - - [21/Mar/2025:10:34:55 -0600] "POST /login_check HTTP/1.1" 302 304
200.119.178.44 - - [21/Mar/2025:10:34:55 -0600] "GET /boleto/emitirBoletos.html HTTP/1.1" 200 29012
181.189.154.32 - - [21/Mar/2025:10:34:55 -0600] "GET /boleto/emitirBoletos.html HTTP/1.1" 200 29021
24.152.55.20 - - [21/Mar/2025:10:34:56 -0600] "GET / HTTP/1.1" 200 35411
181.189.154.32 - - [21/Mar/2025:10:34:58 -0600] "POST /ajax/listarSalidasActivasEmitirBoleto.json HTTP/1.1" 200 3604
200.119.178.44 - - [21/Mar/2025:10:34:58 -0600] "POST /ajax/listarSalidasActivasEmitirBoleto.json HTTP/1.1" 200 24722
186.151.119.120 - - [21/Mar/2025:10:35:01 -0600] "GET /autorizacioninterna/crear.html HTTP/1.1" 200 2730
181.189.154.32 - - [21/Mar/2025:10:35:02 -0600] "POST /ajax/listarDatosIniciales.json HTTP/1.1" 200 60
200.119.178.44 - - [21/Mar/2025:10:35:03 -0600] "POST /ajax/listarDatosIniciales.json HTTP/1.1" 200 61
24.152.55.4 - - [21/Mar/2025:10:35:01 -0600] "POST /ajax/getInformacionPorSalida.json HTTP/1.1" 200 5413
200.119.178.44 - - [21/Mar/2025:10:35:04 -0600] "POST /ajax/listarSalidasActivasEmitirBoleto.json HTTP/1.1" 200 20139
24.152.55.20 - - [21/Mar/2025:10:35:05 -0600] "GET /boleto/emitirBoletos.html HTTP/1.1" 200 28900
190.149.4.98 - - [21/Mar/2025:10:35:09 -0600] "-" 408 -
24.152.55.20 - - [21/Mar/2025:10:35:08 -0600] "POST /ajax/listarSalidasActivasEmitirBoleto.json HTTP/1.1" 200 34
200.119.178.44 - - [21/Mar/2025:10:35:09 -0600] "GET /ajax/listarClientesPaginando.json?term=112978088+&page_limit=5&_=1742574892012 HTTP/1.1" 200 83
24.152.55.20 - - [21/Mar/2025:10:35:10 -0600] "POST /ajax/listarDatosIniciales.json HTTP/1.1" 200 60
24.152.55.4 - - [21/Mar/2025:10:35:12 -0600] "GET /ajax/consultarAsientoSalida.html?idSalida=4942939&numeroAsiento=8 HTTP/1.1" 200 2168
181.189.154.32 - - [21/Mar/2025:10:35:13 -0600] "GET /ajax/listarClientesPaginando.json?term=1133&page_limit=5&_=1742569463310 HTTP/1.1" 200 328
181.189.154.32 - - [21/Mar/2025:10:35:14 -0600] "GET /ajax/listarClientesPaginando.json?term=113366&page_limit=5&_=1742569463311 HTTP/1.1" 200 84
24.152.55.20 - - [21/Mar/2025:10:35:15 -0600] "POST /ajax/listarSalidasActivasEmitirBoleto.json HTTP/1.1" 200 729
181.189.154.32 - - [21/Mar/2025:10:35:17 -0600] "GET /ajax/listarClientesPaginando.json?term=11336634&page_limit=5&_=1742569463312 HTTP/1.1" 200 84
190.149.166.93 - - [21/Mar/2025:10:35:21 -0600] "-" 408 -
200.119.178.44 - - [21/Mar/2025:10:35:16 -0600] "POST /ajax/getInformacionPorSalida.json HTTP/1.1" 200 5637
181.189.154.32 - - [21/Mar/2025:10:35:18 -0600] "GET /ajax/listarClientesPaginando.json?term=113366345&page_limit=5&_=1742569463313 HTTP/1.1" 200 84
190.149.186.113 - - [21/Mar/2025:10:35:19 -0600] "POST /ajax/getRutasPorEstacion.json HTTP/1.1" 200 196
186.151.119.120 - - [21/Mar/2025:10:35:19 -0600] "POST /autorizacioninterna/crear.html HTTP/1.1" 200 79
24.152.55.20 - - [21/Mar/2025:10:35:22 -0600] "POST /ajax/getInformacionPorSalida.json HTTP/1.1" 200 4714
190.149.186.113 - - [21/Mar/2025:10:35:24 -0600] "POST /ajax/getEstacionesDestinosPorRuta.json HTTP/1.1" 200 332
186.151.119.120 - - [21/Mar/2025:10:35:24 -0600] "GET /autorizacioninterna/ HTTP/1.1" 200 2770
186.151.119.120 - - [21/Mar/2025:10:35:28 -0600] "POST /autorizacioninterna/listarAutorizacionInterna.json HTTP/1.1" 200 1110
181.189.154.32 - - [21/Mar/2025:10:35:27 -0600] "POST /ajax/listarSalidasActivasEmitirBoleto.json HTTP/1.1" 200 7710
186.151.119.120 - - [21/Mar/2025:10:35:28 -0600] "GET /encomienda/registrarEncomienda.html HTTP/1.1" 200 32558
186.151.119.120 - - [21/Mar/2025:10:35:31 -0600] "POST /ajax/listarMonedasCajasAbiertas.json HTTP/1.1" 200 41
24.152.55.20 - - [21/Mar/2025:10:35:31 -0600] "GET /ajax/listarClientesPaginando.json?term=EDI&page_limit=5&_=1742574900376 HTTP/1.1" 200 265
200.119.178.44 - - [21/Mar/2025:10:35:33 -0600] "POST /ajax/calcularImporteTotalMonedaBase.json HTTP/1.1" 200 50
181.189.154.32 - - [21/Mar/2025:10:35:34 -0600] "POST /ajax/getInformacionPorSalida.json HTTP/1.1" 200 8185
24.152.55.20 - - [21/Mar/2025:10:35:37 -0600] "GET /ajax/listarClientesPaginando.json?term=EDIN+&page_limit=5&_=1742574900377 HTTP/1.1" 200 282
186.151.119.120 - - [21/Mar/2025:10:35:38 -0600] "POST /ajax/listarClientesPaginando.json HTTP/1.1" 200 66
24.152.55.20 - - [21/Mar/2025:10:35:39 -0600] "GET /ajax/listarClientesPaginando.json?term=EDIN+ROB&page_limit=5&_=1742574900378 HTTP/1.1" 200 313
190.148.158.153 - - [21/Mar/2025:10:35:45 -0600] "GET / HTTP/1.1" 302 464
181.189.154.32 - - [21/Mar/2025:10:35:44 -0600] "POST /ajax/calcularImporteTotalMonedaBase.json HTTP/1.1" 200 50
190.149.4.98 - - [21/Mar/2025:10:35:45 -0600] "GET /reportes/detalleFacturaEncomienda.html HTTP/1.1" 200 3490
200.119.175.105 - - [21/Mar/2025:10:35:48 -0600] "GET /login HTTP/1.1" 200 2752
190.149.186.113 - - [21/Mar/2025:10:35:45 -0600] "POST /ajax/getRutasPorEstacion.json HTTP/1.1" 200 2290
186.151.119.120 - - [21/Mar/2025:10:35:50 -0600] "POST /ajax/listarClientesPaginando.json HTTP/1.1" 200 14
200.119.178.44 - - [21/Mar/2025:10:35:39 -0600] "POST /boleto/emitirBoletos.html HTTP/1.1" 200 794
186.151.119.120 - - [21/Mar/2025:10:35:52 -0600] "POST /ajax/listarClientesPaginando.json HTTP/1.1" 200 277
190.149.186.113 - - [21/Mar/2025:10:35:53 -0600] "GET /boleto/emitirBoletos.html HTTP/1.1" 200 28919
200.119.178.44 - - [21/Mar/2025:10:35:53 -0600] "GET /boleto/emitirBoletos.html HTTP/1.1" 200 29012
190.148.158.153 - - [21/Mar/2025:10:35:56 -0600] "POST /login_check HTTP/1.1" 302 304
190.149.186.113 - - [21/Mar/2025:10:35:57 -0600] "POST /ajax/listarSalidasActivasEmitirBoleto.json HTTP/1.1" 200 658
190.149.4.98 - - [21/Mar/2025:10:36:00 -0600] "POST /reportes/detalleFacturaEncomienda.html HTTP/1.1" 500 1
200.119.175.105 - - [21/Mar/2025:10:35:58 -0600] "GET / HTTP/1.1" 200 29395
186.151.119.120 - - [21/Mar/2025:10:36:01 -0600] "POST /ajax/getRutasPorEstacion.json HTTP/1.1" 200 583
190.149.186.113 - - [21/Mar/2025:10:36:02 -0600] "POST /ajax/listarDatosIniciales.json HTTP/1.1" 200 61
24.152.55.20 - - [21/Mar/2025:10:36:07 -0600] "POST /ajax/listarSalidasActivasEmitirBoleto.json HTTP/1.1" 200 1018
190.148.158.153 - - [21/Mar/2025:10:36:09 -0600] "GET /boleto/emitirBoletosAgencia.html HTTP/1.1" 200 28774
190.149.186.113 - - [21/Mar/2025:10:36:11 -0600] "POST /ajax/listarSalidasActivasEmitirBoleto.json HTTP/1.1" 200 521
181.189.154.32 - - [21/Mar/2025:10:36:05 -0600] "POST /boleto/emitirBoletos.html HTTP/1.1" 200 914
186.151.119.120 - - [21/Mar/2025:10:36:14 -0600] "POST /ajax/getEstacionesDestinosPorRuta.json HTTP/1.1" 200 556
200.119.178.44 - - [21/Mar/2025:10:36:14 -0600] "POST /ajax/listarSalidasActivasEmitirBoleto.json HTTP/1.1" 200 24722
190.148.158.153 - - [21/Mar/2025:10:36:15 -0600] "POST /ajax/listarSalidasActivasEmitirBoleto.json HTTP/1.1" 200 24722
181.189.154.32 - - [21/Mar/2025:10:36:17 -0600] "GET /boleto/emitirBoletos.html HTTP/1.1" 200 29021
24.152.55.20 - - [21/Mar/2025:10:36:15 -0600] "POST /ajax/getInformacionPorSalida.json HTTP/1.1" 200 5444
200.119.178.44 - - [21/Mar/2025:10:36:19 -0600] "POST /ajax/listarDatosIniciales.json HTTP/1.1" 200 61
190.148.158.153 - - [21/Mar/2025:10:36:21 -0600] "POST /ajax/listarDatosIniciales.json HTTP/1.1" 200 40
181.189.154.32 - - [21/Mar/2025:10:36:22 -0600] "POST /ajax/listarSalidasActivasEmitirBoleto.json HTTP/1.1" 200 3604
181.189.154.32 - - [21/Mar/2025:10:36:25 -0600] "POST /ajax/listarDatosIniciales.json HTTP/1.1" 200 60
190.149.186.113 - - [21/Mar/2025:10:36:26 -0600] "GET /ajax/listarClientesPaginando.json?term=Josue+Vicente&page_limit=5&_=1742573745279 HTTP/1.1" 200 59
