190.56.157.165 - - [21/Mar/2025:10:48:17 -0600] "POST /ajax/listarEncomiendasPendientesEntrega.json HTTP/1.1" 200 37617
190.148.50.68 - - [21/Mar/2025:10:48:24 -0600] "POST /ajax/getSeriesActivaPorEstacion.json HTTP/1.1" 200 116
190.143.185.128 - - [21/Mar/2025:10:48:24 -0600] "POST /login_check HTTP/1.1" 302 304
190.148.50.68 - - [21/Mar/2025:10:48:26 -0600] "POST /ajax/calcularImporteTotalMonedaBaseEncomienda.json HTTP/1.1" 200 37
190.143.185.128 - - [21/Mar/2025:10:48:25 -0600] "GET / HTTP/1.1" 200 34419
190.143.185.128 - - [21/Mar/2025:10:48:32 -0600] "GET /encomienda/entregaMultipleEncomienda.html HTTP/1.1" 200 16232
45.229.40.246 - - [21/Mar/2025:10:48:32 -0600] "POST /ajax/getInformacionPorSalida.json HTTP/1.1" 200 9535
190.143.185.128 - - [21/Mar/2025:10:48:35 -0600] "POST /ajax/listarEncomiendasPendientesEntrega.json HTTP/1.1" 200 40419
190.148.50.68 - - [21/Mar/2025:10:48:34 -0600] "POST /encomienda/registrarEncomienda.html HTTP/1.1" 200 1291
190.148.50.68 - - [21/Mar/2025:10:48:44 -0600] "GET /encomienda/registrarEncomienda.html HTTP/1.1" 200 32558
45.229.40.246 - - [21/Mar/2025:10:48:49 -0600] "GET /ajax/listarClientesPaginando.json?term=76&page_limit=5&_=1742575665134 HTTP/1.1" 200 340
45.229.40.246 - - [21/Mar/2025:10:48:50 -0600] "GET /ajax/listarClientesPaginando.json?term=7684&page_limit=5&_=1742575665135 HTTP/1.1" 200 333
45.229.40.246 - - [21/Mar/2025:10:48:53 -0600] "GET /ajax/listarClientesPaginando.json?term=76847373&page_limit=5&_=1742575665136 HTTP/1.1" 200 85
45.233.66.14 - - [21/Mar/2025:10:48:55 -0600] "POST /login_check HTTP/1.1" 302 304
190.148.50.68 - - [21/Mar/2025:10:48:57 -0600] "POST /ajax/listarMonedasCajasAbiertas.json HTTP/1.1" 200 41
45.233.66.14 - - [21/Mar/2025:10:48:56 -0600] "GET / HTTP/1.1" 200 34079
181.189.139.0 - - [21/Mar/2025:10:49:08 -0600] "GET / HTTP/1.1" 302 464
45.233.66.14 - - [21/Mar/2025:10:49:07 -0600] "GET /boleto/emitirBoletos.html HTTP/1.1" 200 28914
181.189.139.0 - - [21/Mar/2025:10:49:09 -0600] "GET /login HTTP/1.1" 200 2752
45.233.66.14 - - [21/Mar/2025:10:49:10 -0600] "POST /ajax/listarSalidasActivasEmitirBoleto.json HTTP/1.1" 200 261
45.233.66.14 - - [21/Mar/2025:10:49:13 -0600] "POST /ajax/listarDatosIniciales.json HTTP/1.1" 200 40
181.189.139.0 - - [21/Mar/2025:10:49:13 -0600] "POST /login_check HTTP/1.1" 302 304
200.119.178.55 - - [21/Mar/2025:10:49:12 -0600] "POST /ajax/getInformacionPorSalida.json HTTP/1.1" 200 6559
45.233.66.14 - - [21/Mar/2025:10:49:13 -0600] "POST /ajax/getInformacionPorSalida.json HTTP/1.1" 200 5891
181.189.139.0 - - [21/Mar/2025:10:49:15 -0600] "GET / HTTP/1.1" 200 29398
190.149.186.113 - - [21/Mar/2025:10:49:16 -0600] "POST /encomienda/registrarEncomienda.html HTTP/1.1" 200 263
45.229.40.246 - - [21/Mar/2025:10:49:18 -0600] "POST /ajax/calcularImporteTotalMonedaBase.json HTTP/1.1" 200 50
200.119.178.55 - - [21/Mar/2025:10:49:21 -0600] "GET /ajax/listarClientesPaginando.json?term=sergio+juarez&page_limit=5&_=1742566059477 HTTP/1.1" 200 126
181.189.139.0 - - [21/Mar/2025:10:49:22 -0600] "POST /ajax/listarSalidasActivasEmitirBoleto.json HTTP/1.1" 200 24722
190.149.186.113 - - [21/Mar/2025:10:49:24 -0600] "POST /ajax/print/datosEncomienda HTTP/1.1" 200 1043
181.189.139.0 - - [21/Mar/2025:10:49:25 -0600] "POST /ajax/listarDatosIniciales.json HTTP/1.1" 200 40
45.233.66.14 - - [21/Mar/2025:10:49:24 -0600] "GET /boleto/ HTTP/1.1" 304 -
181.189.139.0 - - [21/Mar/2025:10:49:28 -0600] "POST /ajax/listarSalidasActivasEmitirBoleto.json HTTP/1.1" 200 2550
190.149.186.113 - - [21/Mar/2025:10:49:28 -0600] "GET /encomienda/registrarEncomienda.html HTTP/1.1" 200 32558
181.189.139.0 - - [21/Mar/2025:10:49:31 -0600] "POST /ajax/listarDatosIniciales.json HTTP/1.1" 200 40
190.149.186.113 - - [21/Mar/2025:10:49:31 -0600] "POST /ajax/listarMonedasCajasAbiertas.json HTTP/1.1" 200 41
200.119.178.55 - - [21/Mar/2025:10:49:33 -0600] "POST /ajax/calcularImporteTotalMonedaBase.json HTTP/1.1" 200 50
45.233.66.14 - - [21/Mar/2025:10:49:29 -0600] "POST /boleto/listarBoletos.json HTTP/1.1" 200 11115
181.189.139.0 - - [21/Mar/2025:10:49:32 -0600] "POST /ajax/getInformacionPorSalida.json HTTP/1.1" 200 7064
190.143.185.128 - - [21/Mar/2025:10:49:36 -0600] "GET /ajax/listarClientesPaginando.json?term=MAYRA+NAJERA&page_limit=5&_=1742575709263 HTTP/1.1" 200 197
186.151.119.120 - - [21/Mar/2025:10:49:36 -0600] "GET /boleto/emitirBoletos.html HTTP/1.1" 200 28912
45.229.40.246 - - [21/Mar/2025:10:49:31 -0600] "POST /boleto/emitirBoletos.html HTTP/1.1" 200 801
186.151.119.120 - - [21/Mar/2025:10:49:39 -0600] "POST /ajax/listarSalidasActivasEmitirBoleto.json HTTP/1.1" 200 2866
45.229.40.246 - - [21/Mar/2025:10:49:40 -0600] "GET /boleto/emitirBoletos.html HTTP/1.1" 200 28906
186.151.119.120 - - [21/Mar/2025:10:49:42 -0600] "POST /ajax/listarDatosIniciales.json HTTP/1.1" 200 61
45.229.40.246 - - [21/Mar/2025:10:49:47 -0600] "POST /ajax/listarSalidasActivasEmitirBoleto.json HTTP/1.1" 200 34
45.229.40.246 - - [21/Mar/2025:10:49:50 -0600] "POST /ajax/listarDatosIniciales.json HTTP/1.1" 200 61
200.119.178.55 - - [21/Mar/2025:10:49:47 -0600] "POST /boleto/emitirBoletos.html HTTP/1.1" 200 750
200.119.178.55 - - [21/Mar/2025:10:49:54 -0600] "GET /boleto/emitirBoletos.html HTTP/1.1" 200 29032
200.119.178.55 - - [21/Mar/2025:10:49:58 -0600] "POST /ajax/listarSalidasActivasEmitirBoleto.json HTTP/1.1" 200 7710
45.233.66.14 - - [21/Mar/2025:10:49:56 -0600] "POST /boleto/listarBoletos.json HTTP/1.1" 200 817
200.119.178.55 - - [21/Mar/2025:10:50:03 -0600] "POST /ajax/listarDatosIniciales.json HTTP/1.1" 200 60
45.233.66.14 - - [21/Mar/2025:10:50:10 -0600] "GET /boleto/reasignarBoleto.html?id=13702250 HTTP/1.1" 200 32792
45.233.66.14 - - [21/Mar/2025:10:50:14 -0600] "GET /ajax/listarClientesPaginando.json?id=5948932 HTTP/1.1" 200 58
45.233.66.14 - - [21/Mar/2025:10:50:14 -0600] "POST /ajax/listarSalidasActivasReasignarBoleto.json HTTP/1.1" 200 246
181.189.139.0 - - [21/Mar/2025:10:50:18 -0600] "POST /ajax/listarSalidasActivasEmitirBoleto.json HTTP/1.1" 200 2598
45.233.66.14 - - [21/Mar/2025:10:50:17 -0600] "POST /ajax/getInformacionPorSalida.json HTTP/1.1" 200 5891
45.229.40.246 - - [21/Mar/2025:10:50:19 -0600] "GET /salida/consultar2.html HTTP/1.1" 200 10775
181.189.139.0 - - [21/Mar/2025:10:50:21 -0600] "POST /ajax/listarDatosIniciales.json HTTP/1.1" 200 40
45.229.40.246 - - [21/Mar/2025:10:50:22 -0600] "POST /ajax/listarSalidasByFecha.html HTTP/1.1" 200 14669
186.151.119.120 - - [21/Mar/2025:10:50:24 -0600] "GET /ajax/listarClientesPaginando.json?term=NORMARI+RUESE&page_limit=5&_=1742563673714 HTTP/1.1" 200 14
186.151.119.120 - - [21/Mar/2025:10:50:28 -0600] "GET /ajax/listarClientesPaginando.json?term=NORMARI+&page_limit=5&_=1742563673715 HTTP/1.1" 200 14
45.233.66.14 - - [21/Mar/2025:10:50:27 -0600] "POST /ajax/calcularImporteTotalMonedaBase.json HTTP/1.1" 200 68
181.189.139.0 - - [21/Mar/2025:10:50:23 -0600] "POST /ajax/getInformacionPorSalida.json HTTP/1.1" 200 7421
186.151.119.120 - - [21/Mar/2025:10:50:30 -0600] "GET /ajax/listarClientesPaginando.json?term=NORMARI+LUCES&page_limit=5&_=1742563673716 HTTP/1.1" 200 14
186.151.119.120 - - [21/Mar/2025:10:50:32 -0600] "GET /cliente/crear.html HTTP/1.1" 200 10439
200.119.178.55 - - [21/Mar/2025:10:50:32 -0600] "POST /ajax/getInformacionPorSalida.json HTTP/1.1" 200 6127
45.233.66.14 - - [21/Mar/2025:10:50:32 -0600] "POST /boleto/reasignarBoleto.html HTTP/1.1" 200 260
45.228.233.43 - - [21/Mar/2025:10:50:38 -0600] "GET /ajax/listarClientesPaginando.json?term=ANTONIO&page_limit=5&_=1742575440171 HTTP/1.1" 200 319
24.152.55.4 - - [21/Mar/2025:10:50:36 -0600] "GET /encomienda/ HTTP/1.1" 200 8781
186.151.119.120 - - [21/Mar/2025:10:50:38 -0600] "POST /cliente/crear.html HTTP/1.1" 200 146
45.228.233.43 - - [21/Mar/2025:10:50:41 -0600] "GET /ajax/listarClientesPaginando.json?term=ANTONIO+&page_limit=5&_=1742575440172 HTTP/1.1" 200 319
186.151.119.120 - - [21/Mar/2025:10:50:42 -0600] "POST /ajax/listarClientesPaginando.json HTTP/1.1" 200 59
200.119.178.55 - - [21/Mar/2025:10:50:42 -0600] "GET /ajax/listarClientesPaginando.json?term=87085461&page_limit=5&_=1742566059478 HTTP/1.1" 200 81
45.228.233.43 - - [21/Mar/2025:10:50:43 -0600] "GET /ajax/listarClientesPaginando.json?term=ANTONIO+LOPEZ&page_limit=5&_=1742575440173 HTTP/1.1" 200 291
45.229.40.246 - - [21/Mar/2025:10:50:41 -0600] "POST /ajax/getInformacionPorSalida.json HTTP/1.1" 200 9651
45.228.233.43 - - [21/Mar/2025:10:50:44 -0600] "GET /ajax/listarClientesPaginando.json?term=ANTONIO+LOPEZ+&page_limit=5&_=1742575440174 HTTP/1.1" 200 282
24.152.55.4 - - [21/Mar/2025:10:50:41 -0600] "POST /encomienda/listarEncomiendas.json HTTP/1.1" 200 9007
190.143.185.128 - - [21/Mar/2025:10:50:41 -0600] "POST /encomienda/entregaMultipleEncomienda.html HTTP/1.1" 200 268
186.151.119.120 - - [21/Mar/2025:10:50:46 -0600] "POST /ajax/getInformacionPorSalida.json HTTP/1.1" 200 6949
45.233.66.14 - - [21/Mar/2025:10:50:48 -0600] "GET /boleto/ HTTP/1.1" 304 -
45.229.40.246 - - [21/Mar/2025:10:50:49 -0600] "POST /reportes/manifiestoBoletoPiloto.html HTTP/1.1" 200 115
45.229.40.246 - - [21/Mar/2025:10:50:53 -0600] "GET /reporte/ydeleon_2025.03.21_10.50.50_67dd98eae1bd1.pdf?v=2.5 HTTP/1.1" 200 3950
200.119.178.55 - - [21/Mar/2025:10:50:51 -0600] "POST /ajax/calcularImporteTotalMonedaBase.json HTTP/1.1" 200 50
45.233.66.14 - - [21/Mar/2025:10:50:52 -0600] "POST /boleto/listarBoletos.json HTTP/1.1" 200 11092
186.151.119.120 - - [21/Mar/2025:10:50:57 -0600] "GET /ajax/consultarAsientoSalida.html?idSalida=4891865&numeroAsiento=22 HTTP/1.1" 200 1791
200.119.178.55 - - [21/Mar/2025:10:50:55 -0600] "POST /boleto/emitirBoletos.html HTTP/1.1" 200 791
190.143.185.128 - - [21/Mar/2025:10:50:56 -0600] "POST /ajax/listarEncomiendasPendientesEntrega.json HTTP/1.1" 200 40450
200.119.178.44 - - [21/Mar/2025:10:51:05 -0600] "POST /login_check HTTP/1.1" 302 304
200.119.178.55 - - [21/Mar/2025:10:51:06 -0600] "GET /boleto/emitirBoletos.html HTTP/1.1" 200 29032
45.233.66.14 - - [21/Mar/2025:10:51:02 -0600] "POST /boleto/listarBoletos.json HTTP/1.1" 200 751
186.151.119.120 - - [21/Mar/2025:10:51:07 -0600] "POST /ajax/calcularImporteTotalMonedaBase.json HTTP/1.1" 200 50
200.119.178.44 - - [21/Mar/2025:10:51:07 -0600] "GET / HTTP/1.1" 200 35115
200.119.178.55 - - [21/Mar/2025:10:51:09 -0600] "POST /ajax/listarSalidasActivasEmitirBoleto.json HTTP/1.1" 200 7710
200.119.178.55 - - [21/Mar/2025:10:51:12 -0600] "POST /ajax/listarDatosIniciales.json HTTP/1.1" 200 60
45.233.66.14 - - [21/Mar/2025:10:51:12 -0600] "POST /ajax/print/reimprimirFacturaBoleto HTTP/1.1" 200 691
190.149.166.93 - - [21/Mar/2025:10:51:31 -0600] "GET /encomienda/entregaMultipleEncomienda.html HTTP/1.1" 200 16242
190.149.166.93 - - [21/Mar/2025:10:51:33 -0600] "POST /ajax/listarEncomiendasPendientesEntrega.json HTTP/1.1" 200 22059
181.189.154.32 - - [21/Mar/2025:10:51:36 -0600] "GET /ajax/listarClientesPaginando.json?term=3325&page_limit=5&_=1742569463319 HTTP/1.1" 200 341
181.189.154.32 - - [21/Mar/2025:10:51:37 -0600] "GET /ajax/listarClientesPaginando.json?term=332532&page_limit=5&_=1742569463320 HTTP/1.1" 200 76
181.189.154.32 - - [21/Mar/2025:10:51:39 -0600] "GET /ajax/listarClientesPaginando.json?term=33253231&page_limit=5&_=1742569463321 HTTP/1.1" 200 76
181.189.154.32 - - [21/Mar/2025:10:51:40 -0600] "GET /ajax/listarClientesPaginando.json?term=332532313&page_limit=5&_=1742569463322 HTTP/1.1" 200 76
45.228.233.43 - - [21/Mar/2025:10:51:49 -0600] "GET /ajax/listarClientesPaginando.json?term=ANTONIO&page_limit=5&_=1742575440175 HTTP/1.1" 200 319
45.229.40.246 - - [21/Mar/2025:10:51:53 -0600] "-" 408 -
45.228.233.43 - - [21/Mar/2025:10:51:51 -0600] "GET /ajax/listarClientesPaginando.json?term=ANT&page_limit=5&_=1742575440176 HTTP/1.1" 200 304
181.189.154.32 - - [21/Mar/2025:10:51:49 -0600] "POST /ajax/listarSalidasActivasEmitirBoleto.json HTTP/1.1" 200 7710
190.149.166.93 - - [21/Mar/2025:10:51:45 -0600] "POST /ajax/listarEncomiendasPendientesEntrega.json HTTP/1.1" 200 37285
186.151.119.120 - - [21/Mar/2025:10:51:36 -0600] "POST /boleto/emitirBoletos.html HTTP/1.1" 200 1570
200.119.178.55 - - [21/Mar/2025:10:51:38 -0600] "POST /ajax/getInformacionPorSalida.json HTTP/1.1" 200 6713
45.228.233.43 - - [21/Mar/2025:10:51:54 -0600] "GET /ajax/listarClientesPaginando.json?term=ANTHONY+KO&page_limit=5&_=1742575440177 HTTP/1.1" 200 14
200.119.178.55 - - [21/Mar/2025:10:51:55 -0600] "POST /login_check HTTP/1.1" 302 304
45.229.40.246 - - [21/Mar/2025:10:51:55 -0600] "GET /reportes/cuadreVentaBoleto.html HTTP/1.1" 200 3906
45.233.66.14 - - [21/Mar/2025:10:51:49 -0600] "POST /boleto/listarBoletos.json HTTP/1.1" 200 819
200.119.178.44 - - [21/Mar/2025:10:51:21 -0600] "POST /reportes/cuadreVentaBoleto.html HTTP/1.1" 200 117
200.119.178.44 - - [21/Mar/2025:10:51:58 -0600] "GET /reporte/egonzalez_2025.03.21_10.51.22_67dd990a7fbfc.pdf?v=2.5 HTTP/1.1" 200 4409
186.151.119.120 - - [21/Mar/2025:10:51:56 -0600] "GET /boleto/emitirBoletos.html HTTP/1.1" 200 28912
45.228.233.43 - - [21/Mar/2025:10:51:57 -0600] "GET /ajax/listarClientesPaginando.json?term=ANTHONY+&page_limit=5&_=1742575440178 HTTP/1.1" 200 279
138.84.59.99 - - [21/Mar/2025:10:51:59 -0600] "POST /login_check HTTP/1.1" 302 304
200.119.178.55 - - [21/Mar/2025:10:51:57 -0600] "GET / HTTP/1.1" 200 34197
138.84.59.99 - - [21/Mar/2025:10:51:59 -0600] "POST /login_check HTTP/1.1" 302 304
45.228.233.43 - - [21/Mar/2025:10:52:00 -0600] "GET /ajax/listarClientesPaginando.json?term=ANTHONY+LOPEZ&page_limit=5&_=1742575440179 HTTP/1.1" 200 199
24.152.55.4 - - [21/Mar/2025:10:51:59 -0600] "GET /encomienda/consultarEncomienda?id=6292998 HTTP/1.1" 200 6156
45.228.233.43 - - [21/Mar/2025:10:52:02 -0600] "GET /ajax/listarClientesPaginando.json?term=ANTHONY+LOPEZ+&page_limit=5&_=1742575440180 HTTP/1.1" 200 199
45.233.66.14 - - [21/Mar/2025:10:52:01 -0600] "GET /boleto/reasignarBoleto.html?id=13702248 HTTP/1.1" 200 32791
200.119.178.55 - - [21/Mar/2025:10:52:04 -0600] "GET /ajax/listarClientesPaginando.json?term=melvin+gomez&page_limit=5&_=1742566059479 HTTP/1.1" 200 283
138.84.59.99 - - [21/Mar/2025:10:52:02 -0600] "GET / HTTP/1.1" 200 34540
45.233.66.14 - - [21/Mar/2025:10:52:06 -0600] "GET /ajax/listarClientesPaginando.json?id=5948932 HTTP/1.1" 200 58
200.119.178.55 - - [21/Mar/2025:10:52:06 -0600] "GET /encomienda/registrarEncomienda.html HTTP/1.1" 200 32558
45.228.233.43 - - [21/Mar/2025:10:52:07 -0600] "GET /ajax/listarClientesPaginando.json?term=ANTHONY+LOPEZ+POR+BLO&page_limit=5&_=1742575440181 HTTP/1.1" 200 14
45.233.66.14 - - [21/Mar/2025:10:52:07 -0600] "POST /ajax/listarSalidasActivasReasignarBoleto.json HTTP/1.1" 200 246
45.228.233.43 - - [21/Mar/2025:10:52:09 -0600] "GET /ajax/listarClientesPaginando.json?term=ANTHONY+LOPEZ+POR+BLOQUE&page_limit=5&_=1742575440182 HTTP/1.1" 200 14
138.84.59.99 - - [21/Mar/2025:10:52:10 -0600] "GET /salida/consultar2.html HTTP/1.1" 200 10775
200.119.178.55 - - [21/Mar/2025:10:52:10 -0600] "POST /ajax/listarMonedasCajasAbiertas.json HTTP/1.1" 200 41
45.228.233.43 - - [21/Mar/2025:10:52:10 -0600] "GET /ajax/listarClientesPaginando.json?term=ANTHONY+LOPEZ+POR+BLOQUEO+&page_limit=5&_=1742575440183 HTTP/1.1" 200 14
200.119.178.44 - - [21/Mar/2025:10:52:11 -0600] "GET /reportes/cuadreVentaBoletoVoucher.html HTTP/1.1" 200 6892
200.119.178.55 - - [21/Mar/2025:10:52:12 -0600] "POST /ajax/listarTipoEncomiendaEspecialPaginando.json HTTP/1.1" 200 650
181.189.154.32 - - [21/Mar/2025:10:52:09 -0600] "POST /ajax/getInformacionPorSalida.json HTTP/1.1" 200 8800
45.228.233.43 - - [21/Mar/2025:10:52:13 -0600] "GET /ajax/listarClientesPaginando.json?term=ANTHONY+LOPEZ+POR+BLOQUEO+NO+V&page_limit=5&_=1742575440184 HTTP/1.1" 200 14
186.151.119.120 - - [21/Mar/2025:10:52:11 -0600] "POST /ajax/listarSalidasActivasEmitirBoleto.json HTTP/1.1" 200 2866
45.228.233.43 - - [21/Mar/2025:10:52:14 -0600] "GET /ajax/listarClientesPaginando.json?term=ANTHONY+LOPEZ+POR+BLOQUEO+NO+VIAJO&page_limit=5&_=1742575440185 HTTP/1.1" 200 14
200.119.178.44 - - [21/Mar/2025:10:52:13 -0600] "POST /ajax/listarSalidasActivasEmitirBoleto.json HTTP/1.1" 200 18401
45.233.66.14 - - [21/Mar/2025:10:52:11 -0600] "POST /ajax/getInformacionPorSalida.json HTTP/1.1" 200 6045
138.84.59.99 - - [21/Mar/2025:10:52:13 -0600] "POST /ajax/listarSalidasByFecha.html HTTP/1.1" 200 14669
200.119.178.44 - - [21/Mar/2025:10:52:17 -0600] "GET /ajax/listarClientesPaginando.json?term=399839-8&page_limit=5&_=1742574892015 HTTP/1.1" 200 14
186.151.119.120 - - [21/Mar/2025:10:52:18 -0600] "POST /ajax/listarDatosIniciales.json HTTP/1.1" 200 61
190.149.166.93 - - [21/Mar/2025:10:52:20 -0600] "GET /ajax/listarClientesPaginando.json?term=FREDI+LIMA&page_limit=5&_=1742569701680 HTTP/1.1" 200 74
200.119.178.44 - - [21/Mar/2025:10:52:18 -0600] "GET /ajax/listarClientesPaginando.json?term=3998398&page_limit=5&_=1742574892016 HTTP/1.1" 200 79
200.119.178.55 - - [21/Mar/2025:10:52:21 -0600] "POST /ajax/calcularImporteTotalMonedaBase.json HTTP/1.1" 200 50
181.189.154.32 - - [21/Mar/2025:10:52:22 -0600] "POST /ajax/calcularImporteTotalMonedaBase.json HTTP/1.1" 200 50
200.119.178.44 - - [21/Mar/2025:10:52:24 -0600] "POST /reportes/cuadreVentaBoletoVoucher.html HTTP/1.1" 200 117
45.233.66.14 - - [21/Mar/2025:10:52:24 -0600] "POST /ajax/calcularImporteTotalMonedaBase.json HTTP/1.1" 200 68
200.119.178.44 - - [21/Mar/2025:10:52:28 -0600] "GET /reporte/egonzalez_2025.03.21_10.52.25_67dd99498b501.pdf?v=2.5 HTTP/1.1" 200 4298
190.143.185.128 - - [21/Mar/2025:10:52:24 -0600] "GET /encomienda/procesarEncomienda.html HTTP/1.1" 200 9893
200.119.178.44 - - [21/Mar/2025:10:52:25 -0600] "POST /ajax/listarSalidasActivasEmitirBoleto.json HTTP/1.1" 200 5944
190.148.50.68 - - [21/Mar/2025:10:52:27 -0600] "POST /ajax/listarClientesPaginando.json HTTP/1.1" 200 423
200.119.178.44 - - [21/Mar/2025:10:52:31 -0600] "POST /ajax/getInformacionPorSalida.json HTTP/1.1" 200 6259
200.119.178.55 - - [21/Mar/2025:10:52:33 -0600] "POST /ajax/getRutasPorEstacion.json HTTP/1.1" 200 2210
190.143.185.128 - - [21/Mar/2025:10:52:33 -0600] "GET /encomienda/entregaMultipleEncomienda.html HTTP/1.1" 200 16232
190.148.50.68 - - [21/Mar/2025:10:52:36 -0600] "POST /ajax/listarClientesPaginando.json HTTP/1.1" 200 142
200.119.178.55 - - [21/Mar/2025:10:52:37 -0600] "POST /ajax/getEstacionesDestinosPorRuta.json HTTP/1.1" 200 602
190.148.50.68 - - [21/Mar/2025:10:52:38 -0600] "POST /ajax/listarClientesPaginando.json HTTP/1.1" 200 99
190.148.193.146 - - [21/Mar/2025:10:52:40 -0600] "POST /reportes/manifiestoBoletoPiloto.html HTTP/1.1" 200 112
190.148.193.146 - - [21/Mar/2025:10:52:43 -0600] "GET /reporte/rpaz_2025.03.21_10.52.41_67dd9959256f0.pdf?v=2.5 HTTP/1.1" 200 3948
190.143.185.128 - - [21/Mar/2025:10:52:36 -0600] "POST /ajax/listarEncomiendasPendientesEntrega.json HTTP/1.1" 200 40450
200.119.178.55 - - [21/Mar/2025:10:52:26 -0600] "POST /boleto/emitirBoletos.html HTTP/1.1" 200 1263
200.119.178.55 - - [21/Mar/2025:10:52:42 -0600] "GET /cliente/crear.html HTTP/1.1" 200 10439
45.233.66.14 - - [21/Mar/2025:10:52:28 -0600] "POST /boleto/reasignarBoleto.html HTTP/1.1" 200 260
200.119.178.55 - - [21/Mar/2025:10:52:44 -0600] "GET /boleto/emitirBoletos.html HTTP/1.1" 200 29032
181.189.154.32 - - [21/Mar/2025:10:52:28 -0600] "POST /boleto/emitirBoletos.html HTTP/1.1" 200 784
138.84.59.99 - - [21/Mar/2025:10:52:47 -0600] "POST /ajax/getInformacionPorSalida.json HTTP/1.1" 200 9108
181.189.154.32 - - [21/Mar/2025:10:52:48 -0600] "GET /boleto/emitirBoletos.html HTTP/1.1" 200 29021
200.119.178.55 - - [21/Mar/2025:10:52:51 -0600] "POST /ajax/listarSalidasActivasEmitirBoleto.json HTTP/1.1" 200 7710
200.119.178.55 - - [21/Mar/2025:10:52:54 -0600] "POST /ajax/listarDatosIniciales.json HTTP/1.1" 200 60
181.189.154.32 - - [21/Mar/2025:10:52:55 -0600] "POST /ajax/listarSalidasActivasEmitirBoleto.json HTTP/1.1" 200 3604
181.189.154.32 - - [21/Mar/2025:10:52:58 -0600] "POST /ajax/listarDatosIniciales.json HTTP/1.1" 200 60
190.148.50.68 - - [21/Mar/2025:10:52:58 -0600] "POST /ajax/listarClientesPaginando.json HTTP/1.1" 200 315
200.119.178.44 - - [21/Mar/2025:10:52:58 -0600] "GET /cliente/crear.html HTTP/1.1" 200 10439
45.233.66.14 - - [21/Mar/2025:10:52:59 -0600] "GET /boleto/ HTTP/1.1" 304 -
200.119.178.44 - - [21/Mar/2025:10:53:03 -0600] "GET /salida/ HTTP/1.1" 304 -
190.56.157.165 - - [21/Mar/2025:10:53:07 -0600] "GET /ajax/listarClientesPaginando.json?term=JOSE+JUAN+MARTINEZ+&page_limit=5&_=1742573499091 HTTP/1.1" 200 137
138.84.59.99 - - [21/Mar/2025:10:53:07 -0600] "POST /reportes/manifiestoBoletoPiloto.html HTTP/1.1" 200 115
138.84.59.99 - - [21/Mar/2025:10:53:11 -0600] "GET /reporte/lmonica_2025.03.21_10.53.09_67dd997584d7e.pdf?v=2.5 HTTP/1.1" 200 3731
190.148.50.68 - - [21/Mar/2025:10:53:07 -0600] "POST /ajax/getRutasPorEstacion.json HTTP/1.1" 200 2290
45.233.66.14 - - [21/Mar/2025:10:53:03 -0600] "POST /boleto/listarBoletos.json HTTP/1.1" 200 10797
200.119.178.44 - - [21/Mar/2025:10:53:09 -0600] "POST /salida/listarSalidas.json HTTP/1.1" 200 5999
200.119.178.44 - - [21/Mar/2025:10:53:16 -0600] "POST /cliente/crear.html HTTP/1.1" 200 146
190.149.166.93 - - [21/Mar/2025:10:53:14 -0600] "POST /encomienda/entregaMultipleEncomienda.html HTTP/1.1" 200 268
200.119.178.55 - - [21/Mar/2025:10:53:16 -0600] "POST /cliente/crear.html HTTP/1.1" 200 146
190.56.157.165 - - [21/Mar/2025:10:53:17 -0600] "POST /encomienda/entregaMultipleEncomienda.html HTTP/1.1" 200 268
200.119.178.44 - - [21/Mar/2025:10:53:19 -0600] "POST /salida/listarSalidas.json HTTP/1.1" 200 6071
200.119.178.55 - - [21/Mar/2025:10:53:20 -0600] "POST /ajax/listarClientesPaginando.json HTTP/1.1" 200 81
200.119.178.44 - - [21/Mar/2025:10:53:21 -0600] "POST /ajax/listarClientesPaginando.json HTTP/1.1" 200 94
45.233.66.14 - - [21/Mar/2025:10:53:14 -0600] "POST /boleto/listarBoletos.json HTTP/1.1" 200 750
45.228.233.43 - - [21/Mar/2025:10:53:22 -0600] "GET /ajax/listarClientesPaginando.json?term=ANTHONY+LOPEZ+&page_limit=5&_=1742575440186 HTTP/1.1" 200 199
190.56.157.165 - - [21/Mar/2025:10:53:23 -0600] "POST /ajax/listarEncomiendasPendientesEntrega.json HTTP/1.1" 200 37622
190.148.50.68 - - [21/Mar/2025:10:53:34 -0600] "POST /ajax/getEstacionesDestinosPorRuta.json HTTP/1.1" 200 723
200.119.178.55 - - [21/Mar/2025:10:53:34 -0600] "POST /ajax/listarClientesPaginando.json HTTP/1.1" 200 73
200.119.178.44 - - [21/Mar/2025:10:53:36 -0600] "POST /ajax/calcularImporteTotalMonedaBase.json HTTP/1.1" 200 50
190.56.157.165 - - [21/Mar/2025:10:53:37 -0600] "POST /ajax/listarEncomiendasPendientesEntrega.json HTTP/1.1" 200 37084
190.148.193.146 - - [21/Mar/2025:10:53:43 -0600] "-" 408 -
200.119.178.55 - - [21/Mar/2025:10:53:40 -0600] "POST /ajax/getSeriesActivaPorEstacion.json HTTP/1.1" 200 108
200.119.178.44 - - [21/Mar/2025:10:53:41 -0600] "POST /reportes/manifiestoBoletoFull2.html HTTP/1.1" 200 117
200.119.178.44 - - [21/Mar/2025:10:53:45 -0600] "GET /reporte/egonzalez_2025.03.21_10.53.43_67dd99976b1c3.pdf?v=2.5 HTTP/1.1" 200 2308
200.119.178.55 - - [21/Mar/2025:10:53:44 -0600] "POST /ajax/calcularImporteTotalMonedaBaseEncomienda.json HTTP/1.1" 200 38
45.233.66.14 - - [21/Mar/2025:10:53:40 -0600] "POST /ajax/print/reimprimirFacturaBoleto HTTP/1.1" 200 690
200.119.178.44 - - [21/Mar/2025:10:53:43 -0600] "POST /boleto/emitirBoletos.html HTTP/1.1" 200 791
200.119.178.44 - - [21/Mar/2025:10:53:50 -0600] "GET /boleto/emitirBoletos.html HTTP/1.1" 200 29012
186.151.24.44 - - [21/Mar/2025:10:53:53 -0600] "-" 408 -
186.151.24.44 - - [21/Mar/2025:10:53:53 -0600] "-" 408 -
45.228.233.43 - - [21/Mar/2025:10:53:56 -0600] "GET /ajax/listarClientesPaginando.json?term=ANTHONY+LOPEZ++PO&page_limit=5&_=1742575440187 HTTP/1.1" 200 14
45.228.233.43 - - [21/Mar/2025:10:54:01 -0600] "GET /ajax/listarClientesPaginando.json?term=ANTHONY+LOPEZ++POR+BLOQUEO&page_limit=5&_=1742575440188 HTTP/1.1" 200 14
190.56.157.165 - - [21/Mar/2025:10:54:03 -0600] "GET /ajax/listarClientesPaginando.json?term=7053&page_limit=5&_=1742573499092 HTTP/1.1" 200 372
190.148.50.68 - - [21/Mar/2025:10:54:05 -0600] "POST /ajax/listarTipoEncomiendaEspecialPaginando.json HTTP/1.1" 200 650
190.56.157.165 - - [21/Mar/2025:10:54:05 -0600] "GET /ajax/listarClientesPaginando.json?term=70537232&page_limit=5&_=1742573499093 HTTP/1.1" 200 102
190.148.50.68 - - [21/Mar/2025:10:54:07 -0600] "POST /ajax/listarTipoEncomiendaEspecialPaginando.json HTTP/1.1" 200 116
138.84.59.99 - - [21/Mar/2025:10:54:12 -0600] "-" 408 -
190.149.166.93 - - [21/Mar/2025:10:54:14 -0600] "-" 408 -
190.56.157.165 - - [21/Mar/2025:10:54:13 -0600] "GET /ajax/listarClientesPaginando.json?term=70537232&page_limit=5&_=1742573499094 HTTP/1.1" 200 102
200.119.178.44 - - [21/Mar/2025:10:54:14 -0600] "POST /ajax/listarSalidasActivasEmitirBoleto.json HTTP/1.1" 200 24722
200.119.178.55 - - [21/Mar/2025:10:54:05 -0600] "POST /encomienda/registrarEncomienda.html HTTP/1.1" 200 1301
190.148.50.68 - - [21/Mar/2025:10:54:17 -0600] "POST /ajax/getSeriesActivaPorEstacion.json HTTP/1.1" 200 116
200.119.178.44 - - [21/Mar/2025:10:54:19 -0600] "POST /ajax/listarDatosIniciales.json HTTP/1.1" 200 61
200.119.178.55 - - [21/Mar/2025:10:54:19 -0600] "GET /encomienda/registrarEncomienda.html HTTP/1.1" 200 32558
190.148.50.68 - - [21/Mar/2025:10:54:20 -0600] "POST /ajax/calcularImporteTotalMonedaBaseEncomienda.json HTTP/1.1" 200 37
200.119.178.55 - - [21/Mar/2025:10:54:26 -0600] "POST /ajax/listarMonedasCajasAbiertas.json HTTP/1.1" 200 41
190.56.157.165 - - [21/Mar/2025:10:54:20 -0600] "POST /encomienda/entregaMultipleEncomienda.html HTTP/1.1" 200 936
200.119.178.44 - - [21/Mar/2025:10:54:33 -0600] "POST /reportes/manifiestoBoletoFull2.html HTTP/1.1" 500 1
190.56.157.165 - - [21/Mar/2025:10:54:30 -0600] "POST /ajax/listarEncomiendasPendientesEntrega.json HTTP/1.1" 200 37136
190.148.50.68 - - [21/Mar/2025:10:54:25 -0600] "POST /encomienda/registrarEncomienda.html HTTP/1.1" 200 1343
190.148.50.68 - - [21/Mar/2025:10:54:35 -0600] "GET /encomienda/registrarEncomienda.html HTTP/1.1" 200 32558
200.119.178.44 - - [21/Mar/2025:10:54:42 -0600] "POST /reportes/manifiestoBoletoFull2.html HTTP/1.1" 500 1
45.228.233.43 - - [21/Mar/2025:10:54:43 -0600] "GET /cliente/crear.html HTTP/1.1" 200 10439
45.228.233.43 - - [21/Mar/2025:10:54:48 -0600] "POST /cliente/crear.html HTTP/1.1" 200 146
45.228.233.43 - - [21/Mar/2025:10:54:51 -0600] "POST /ajax/listarClientesPaginando.json HTTP/1.1" 200 72
190.148.50.68 - - [21/Mar/2025:10:54:54 -0600] "POST /ajax/listarMonedasCajasAbiertas.json HTTP/1.1" 200 41
200.119.178.44 - - [21/Mar/2025:10:54:55 -0600] "POST /reportes/manifiestoBoletoFull2.html HTTP/1.1" 200 117
200.119.178.44 - - [21/Mar/2025:10:54:58 -0600] "GET /reporte/egonzalez_2025.03.21_10.54.56_67dd99e070853.pdf?v=2.5 HTTP/1.1" 200 6376
45.228.233.43 - - [21/Mar/2025:10:54:56 -0600] "POST /ajax/listarSalidasActivasEmitirBoleto.json HTTP/1.1" 200 34
200.119.178.55 - - [21/Mar/2025:10:54:56 -0600] "POST /ajax/getInformacionPorSalida.json HTTP/1.1" 200 7329
45.228.233.43 - - [21/Mar/2025:10:55:04 -0600] "POST /ajax/listarSalidasActivasEmitirBoleto.json HTTP/1.1" 200 258
200.119.178.55 - - [21/Mar/2025:10:55:06 -0600] "GET /ajax/listarClientesPaginando.json?term=candelaria+a&page_limit=5&_=1742566059480 HTTP/1.1" 200 272
200.119.178.55 - - [21/Mar/2025:10:55:08 -0600] "GET /ajax/listarClientesPaginando.json?term=candelaria+aguilar&page_limit=5&_=1742566059481 HTTP/1.1" 200 14
181.189.154.32 - - [21/Mar/2025:10:55:11 -0600] "GET /logout HTTP/1.1" 302 444
45.228.233.43 - - [21/Mar/2025:10:55:08 -0600] "POST /ajax/getInformacionPorSalida.json HTTP/1.1" 200 6528
181.189.154.32 - - [21/Mar/2025:10:55:12 -0600] "GET / HTTP/1.1" 302 464
181.189.154.32 - - [21/Mar/2025:10:55:13 -0600] "GET /login HTTP/1.1" 200 2752
200.119.178.55 - - [21/Mar/2025:10:55:14 -0600] "GET /cliente/crear.html HTTP/1.1" 200 10439
138.84.59.99 - - [21/Mar/2025:10:55:15 -0600] "POST /ajax/getInformacionPorSalida.json HTTP/1.1" 200 7146
200.119.178.55 - - [21/Mar/2025:10:55:18 -0600] "POST /cliente/crear.html HTTP/1.1" 200 146
200.119.178.55 - - [21/Mar/2025:10:55:21 -0600] "POST /ajax/listarClientesPaginando.json HTTP/1.1" 200 64
138.84.59.99 - - [21/Mar/2025:10:55:25 -0600] "POST /reportes/manifiestoBoletoPiloto.html HTTP/1.1" 200 115
138.84.59.99 - - [21/Mar/2025:10:55:28 -0600] "GET /reporte/lmonica_2025.03.21_10.55.26_67dd99fe50ac8.pdf?v=2.5 HTTP/1.1" 200 3297
190.56.157.165 - - [21/Mar/2025:10:55:32 -0600] "GET /ajax/listarClientesPaginando.json?term=ABEL+CHIBALAN&page_limit=5&_=1742573499095 HTTP/1.1" 200 59
200.119.178.55 - - [21/Mar/2025:10:55:36 -0600] "POST /ajax/calcularImporteTotalMonedaBase.json HTTP/1.1" 200 50
190.56.157.165 - - [21/Mar/2025:10:55:40 -0600] "POST /encomienda/entregaMultipleEncomienda.html HTTP/1.1" 200 268
45.228.233.43 - - [21/Mar/2025:10:55:53 -0600] "POST /ajax/calcularImporteTotalMonedaBase.json HTTP/1.1" 200 50
190.56.157.165 - - [21/Mar/2025:10:55:46 -0600] "POST /ajax/listarEncomiendasPendientesEntrega.json HTTP/1.1" 200 37130
200.119.178.55 - - [21/Mar/2025:10:55:41 -0600] "POST /boleto/emitirBoletos.html HTTP/1.1" 200 764
200.119.178.55 - - [21/Mar/2025:10:55:56 -0600] "GET /boleto/emitirBoletos.html HTTP/1.1" 200 29032
200.119.178.55 - - [21/Mar/2025:10:56:01 -0600] "POST /ajax/listarSalidasActivasEmitirBoleto.json HTTP/1.1" 200 7710
200.119.178.55 - - [21/Mar/2025:10:56:04 -0600] "POST /ajax/listarDatosIniciales.json HTTP/1.1" 200 60
190.149.166.106 - - [21/Mar/2025:10:56:24 -0600] "GET /ajax/listarClientesPaginando.json?term=49&page_limit=5&_=1742573390877 HTTP/1.1" 200 310
138.84.59.99 - - [21/Mar/2025:10:56:28 -0600] "-" 408 -
190.149.166.106 - - [21/Mar/2025:10:56:28 -0600] "GET /ajax/listarClientesPaginando.json?term=4998&page_limit=5&_=1742573390878 HTTP/1.1" 200 317
45.229.40.249 - - [21/Mar/2025:10:56:28 -0600] "GET /ajax/listarClientesPaginando.json?term=ROGER&page_limit=5&_=1742575339568 HTTP/1.1" 200 245
190.149.166.106 - - [21/Mar/2025:10:56:30 -0600] "GET /ajax/listarClientesPaginando.json?term=499895&page_limit=5&_=1742573390879 HTTP/1.1" 200 90
45.229.40.249 - - [21/Mar/2025:10:56:32 -0600] "GET /ajax/listarClientesPaginando.json?term=ROGER+HIDALGO&page_limit=5&_=1742575339569 HTTP/1.1" 200 63
190.149.166.106 - - [21/Mar/2025:10:56:32 -0600] "GET /ajax/listarClientesPaginando.json?term=4998952&page_limit=5&_=1742573390880 HTTP/1.1" 200 90
200.119.178.44 - - [21/Mar/2025:10:56:32 -0600] "POST /ajax/listarSalidasActivasEmitirBoleto.json HTTP/1.1" 200 11445
45.228.233.43 - - [21/Mar/2025:10:56:14 -0600] "POST /reportes/cuadreVentaBoleto.html HTTP/1.1" 200 116
45.228.233.43 - - [21/Mar/2025:10:56:39 -0600] "GET /reporte/dhidalgo_2025.03.21_10.56.15_67dd9a2f37796.pdf?v=2.5 HTTP/1.1" 200 3476
45.228.233.43 - - [21/Mar/2025:10:56:40 -0600] "GET /reporte/dhidalgo_2025.03.21_10.56.15_67dd9a2f37796.pdf?v=2.5 HTTP/1.1" 200 3476
45.228.233.43 - - [21/Mar/2025:10:56:40 -0600] "GET /reporte/dhidalgo_2025.03.21_10.56.15_67dd9a2f37796.pdf?v=2.5 HTTP/1.1" 206 1025
45.229.40.249 - - [21/Mar/2025:10:56:39 -0600] "POST /ajax/listarSalidasActivasEmitirBoleto.json HTTP/1.1" 200 34
190.149.166.106 - - [21/Mar/2025:10:56:41 -0600] "POST /ajax/getInformacionPorSalida.json HTTP/1.1" 200 7905
200.119.178.44 - - [21/Mar/2025:10:56:42 -0600] "POST /ajax/getInformacionPorSalida.json HTTP/1.1" 200 5485
45.229.40.249 - - [21/Mar/2025:10:56:44 -0600] "POST /ajax/listarSalidasActivasEmitirBoleto.json HTTP/1.1" 200 258
181.189.154.32 - - [21/Mar/2025:10:56:46 -0600] "POST /ajax/getInformacionPorSalida.json HTTP/1.1" 200 8172
45.229.40.249 - - [21/Mar/2025:10:56:48 -0600] "POST /ajax/getInformacionPorSalida.json HTTP/1.1" 200 6532
190.149.166.106 - - [21/Mar/2025:10:56:51 -0600] "POST /ajax/calcularImporteTotalMonedaBase.json HTTP/1.1" 200 50
200.119.178.44 - - [21/Mar/2025:10:56:54 -0600] "GET /cliente/crear.html HTTP/1.1" 200 10439
45.228.233.43 - - [21/Mar/2025:10:57:00 -0600] "GET /boleto/emitirBoletos.html HTTP/1.1" 200 28887
200.119.178.44 - - [21/Mar/2025:10:57:00 -0600] "POST /cliente/crear.html HTTP/1.1" 200 146
200.119.178.44 - - [21/Mar/2025:10:57:03 -0600] "POST /ajax/listarClientesPaginando.json HTTP/1.1" 200 68
45.228.233.43 - - [21/Mar/2025:10:57:03 -0600] "POST /ajax/listarSalidasActivasEmitirBoleto.json HTTP/1.1" 200 34
45.228.233.43 - - [21/Mar/2025:10:57:09 -0600] "POST /ajax/listarDatosIniciales.json HTTP/1.1" 200 60
45.228.233.43 - - [21/Mar/2025:10:57:09 -0600] "GET /ajax/listarClientesPaginando.json?term=a&page_limit=5&_=1742575440189 HTTP/1.1" 200 296
45.228.233.43 - - [21/Mar/2025:10:57:12 -0600] "GET /ajax/listarClientesPaginando.json?term=A&page_limit=5&_=1742575440190 HTTP/1.1" 200 296
190.149.166.106 - - [21/Mar/2025:10:56:58 -0600] "POST /boleto/emitirBoletos.html HTTP/1.1" 200 842
45.228.233.43 - - [21/Mar/2025:10:57:14 -0600] "GET /ajax/listarClientesPaginando.json?term=AN&page_limit=5&_=1742575440191 HTTP/1.1" 200 294
190.149.166.106 - - [21/Mar/2025:10:57:16 -0600] "GET /boleto/emitirBoletos.html HTTP/1.1" 200 29033
45.228.233.43 - - [21/Mar/2025:10:57:17 -0600] "GET /ajax/listarClientesPaginando.json?term=ANTHONY&page_limit=5&_=1742575440192 HTTP/1.1" 200 279
45.228.233.43 - - [21/Mar/2025:10:57:19 -0600] "GET /ajax/listarClientesPaginando.json?term=ANTHONY+&page_limit=5&_=1742575440193 HTTP/1.1" 200 279
200.119.178.44 - - [21/Mar/2025:10:57:20 -0600] "POST /ajax/calcularImporteTotalMonedaBase.json HTTP/1.1" 200 50
45.228.233.43 - - [21/Mar/2025:10:57:22 -0600] "GET /ajax/listarClientesPaginando.json?term=ANTHONY+L&page_limit=5&_=1742575440194 HTTP/1.1" 200 255
45.228.233.43 - - [21/Mar/2025:10:57:24 -0600] "GET /ajax/listarClientesPaginando.json?term=ANTHONY+LOPEZ&page_limit=5&_=1742575440195 HTTP/1.1" 200 258
45.228.233.43 - - [21/Mar/2025:10:57:26 -0600] "GET /ajax/listarClientesPaginando.json?term=ANTHONY+LOPEZ+&page_limit=5&_=1742575440196 HTTP/1.1" 200 258
190.149.166.106 - - [21/Mar/2025:10:57:26 -0600] "POST /ajax/listarSalidasActivasEmitirBoleto.json HTTP/1.1" 200 2843
190.149.166.106 - - [21/Mar/2025:10:57:29 -0600] "POST /ajax/listarDatosIniciales.json HTTP/1.1" 200 60
200.119.178.55 - - [21/Mar/2025:10:57:27 -0600] "POST /ajax/getInformacionPorSalida.json HTTP/1.1" 200 7637
200.119.178.44 - - [21/Mar/2025:10:57:27 -0600] "POST /boleto/emitirBoletos.html HTTP/1.1" 500 1576
45.228.233.43 - - [21/Mar/2025:10:57:30 -0600] "GET /ajax/listarClientesPaginando.json?term=ANTHONY+LOPEZ+POR+BLO&page_limit=5&_=1742575440197 HTTP/1.1" 200 14
190.149.166.106 - - [21/Mar/2025:10:57:31 -0600] "GET /boleto/chequearBoleto2.html HTTP/1.1" 200 5262
200.59.28.77 - - [21/Mar/2025:10:57:38 -0600] "GET /logout HTTP/1.1" 302 444
190.149.166.106 - - [21/Mar/2025:10:57:37 -0600] "POST /ajax/listarBoletosAChequear.html HTTP/1.1" 200 4702
200.59.28.77 - - [21/Mar/2025:10:57:39 -0600] "GET / HTTP/1.1" 302 464
200.59.28.77 - - [21/Mar/2025:10:57:41 -0600] "GET /login HTTP/1.1" 200 2752
45.228.233.43 - - [21/Mar/2025:10:57:40 -0600] "GET /ajax/listarClientesPaginando.json?term=ANTHONY+LOPEZ+POR+&page_limit=5&_=1742575440198 HTTP/1.1" 200 14
45.229.40.249 - - [21/Mar/2025:10:57:39 -0600] "POST /ajax/calcularImporteTotalMonedaBase.json HTTP/1.1" 200 50
200.119.178.44 - - [21/Mar/2025:10:57:36 -0600] "POST /boleto/emitirBoletos.html HTTP/1.1" 200 771
45.228.233.43 - - [21/Mar/2025:10:57:46 -0600] "GET /ajax/listarClientesPaginando.json?term=ANTHONY+LOPEZ+&page_limit=5&_=1742575440199 HTTP/1.1" 200 258
190.149.166.106 - - [21/Mar/2025:10:57:45 -0600] "POST /boleto/chequearBoleto2.html HTTP/1.1" 200 79
45.228.233.43 - - [21/Mar/2025:10:57:48 -0600] "GET /ajax/listarClientesPaginando.json?term=ANTHONY+LOPEZ+POR&page_limit=5&_=1742575440200 HTTP/1.1" 200 14
200.119.178.44 - - [21/Mar/2025:10:57:47 -0600] "GET /boleto/emitirBoletos.html HTTP/1.1" 200 29012
200.119.178.55 - - [21/Mar/2025:10:57:50 -0600] "GET /ajax/listarClientesPaginando.json?term=cesar+xicara&page_limit=5&_=1742566059482 HTTP/1.1" 200 14
45.228.233.43 - - [21/Mar/2025:10:57:51 -0600] "GET /ajax/listarClientesPaginando.json?term=ANTHONY+LOPEZ+POR+BLOE&page_limit=5&_=1742575440201 HTTP/1.1" 200 14
190.149.166.106 - - [21/Mar/2025:10:57:51 -0600] "POST /ajax/listarBoletosAChequear.html HTTP/1.1" 200 4748
45.228.234.105 - - [21/Mar/2025:10:57:55 -0600] "GET / HTTP/1.1" 302 464
190.149.186.106 - - [21/Mar/2025:10:57:54 -0600] "GET /logout HTTP/1.1" 302 444
45.228.233.43 - - [21/Mar/2025:10:57:54 -0600] "GET /ajax/listarClientesPaginando.json?term=ANTHONY+LOPEZ+POR+BLO&page_limit=5&_=1742575440202 HTTP/1.1" 200 14
190.149.186.106 - - [21/Mar/2025:10:57:57 -0600] "GET / HTTP/1.1" 302 464
45.228.234.105 - - [21/Mar/2025:10:57:57 -0600] "GET /login HTTP/1.1" 200 2752
200.119.178.55 - - [21/Mar/2025:10:57:55 -0600] "GET /cliente/crear.html HTTP/1.1" 200 10439
45.228.233.43 - - [21/Mar/2025:10:57:56 -0600] "GET /ajax/listarClientesPaginando.json?term=ANTHONY+LOPEZ+POR+BLOQUEO&page_limit=5&_=1742575440203 HTTP/1.1" 200 14
45.228.234.105 - - [21/Mar/2025:10:57:59 -0600] "GET / HTTP/1.1" 302 464
190.149.186.106 - - [21/Mar/2025:10:58:00 -0600] "GET /login HTTP/1.1" 200 2752
190.149.166.106 - - [21/Mar/2025:10:57:58 -0600] "GET /boleto/emitirBoletos.html HTTP/1.1" 200 29033
45.228.234.105 - - [21/Mar/2025:10:58:01 -0600] "GET /login HTTP/1.1" 200 2752
200.119.178.55 - - [21/Mar/2025:10:58:03 -0600] "POST /cliente/crear.html HTTP/1.1" 200 146
45.228.233.43 - - [21/Mar/2025:10:58:03 -0600] "GET /cliente/crear.html HTTP/1.1" 200 10439
190.149.166.106 - - [21/Mar/2025:10:58:03 -0600] "POST /ajax/listarSalidasActivasEmitirBoleto.json HTTP/1.1" 200 2843
45.228.234.105 - - [21/Mar/2025:10:58:05 -0600] "POST /login_check HTTP/1.1" 302 304
200.119.178.55 - - [21/Mar/2025:10:58:07 -0600] "POST /ajax/listarClientesPaginando.json HTTP/1.1" 200 58
45.229.40.249 - - [21/Mar/2025:10:57:49 -0600] "POST /boleto/emitirBoletos.html HTTP/1.1" 200 750
181.189.154.32 - - [21/Mar/2025:10:58:08 -0600] "GET /ajax/listarClientesPaginando.json?term=1081&page_limit=5&_=1742569463323 HTTP/1.1" 200 348
190.149.166.106 - - [21/Mar/2025:10:58:08 -0600] "POST /ajax/listarDatosIniciales.json HTTP/1.1" 200 60
45.229.40.249 - - [21/Mar/2025:10:58:09 -0600] "GET /boleto/emitirBoletos.html HTTP/1.1" 200 28905
45.228.234.105 - - [21/Mar/2025:10:58:08 -0600] "GET / HTTP/1.1" 200 34069
181.189.154.32 - - [21/Mar/2025:10:58:10 -0600] "GET /ajax/listarClientesPaginando.json?term=108125033&page_limit=5&_=1742569463324 HTTP/1.1" 200 79
200.119.178.44 - - [21/Mar/2025:10:58:12 -0600] "POST /ajax/listarSalidasActivasEmitirBoleto.json HTTP/1.1" 200 24722
45.229.40.249 - - [21/Mar/2025:10:58:13 -0600] "POST /ajax/listarSalidasActivasEmitirBoleto.json HTTP/1.1" 200 34
45.229.40.249 - - [21/Mar/2025:10:58:15 -0600] "POST /ajax/listarDatosIniciales.json HTTP/1.1" 200 61
200.119.178.44 - - [21/Mar/2025:10:58:16 -0600] "POST /ajax/listarDatosIniciales.json HTTP/1.1" 200 61
45.228.233.43 - - [21/Mar/2025:10:58:20 -0600] "POST /cliente/crear.html HTTP/1.1" 200 146
45.228.234.105 - - [21/Mar/2025:10:58:20 -0600] "GET /caja/ HTTP/1.1" 304 -
45.228.233.43 - - [21/Mar/2025:10:58:23 -0600] "POST /ajax/listarClientesPaginando.json HTTP/1.1" 200 71
45.228.234.105 - - [21/Mar/2025:10:58:24 -0600] "POST /caja/listarCajas.json HTTP/1.1" 200 230
200.119.178.55 - - [21/Mar/2025:10:58:26 -0600] "POST /ajax/calcularImporteTotalMonedaBase.json HTTP/1.1" 200 50
45.228.233.43 - - [21/Mar/2025:10:58:31 -0600] "POST /ajax/listarSalidasActivasEmitirBoleto.json HTTP/1.1" 200 34
45.228.234.105 - - [21/Mar/2025:10:58:32 -0600] "GET /caja/preCerrar.html?id=5994360 HTTP/1.1" 200 1215
190.149.166.106 - - [21/Mar/2025:10:58:32 -0600] "POST /ajax/listarSalidasActivasEmitirBoleto.json HTTP/1.1" 200 2601
181.78.50.47 - - [21/Mar/2025:10:58:36 -0600] "GET /logout HTTP/1.1" 302 444
181.78.50.47 - - [21/Mar/2025:10:58:37 -0600] "GET / HTTP/1.1" 302 464
45.228.234.105 - - [21/Mar/2025:10:58:37 -0600] "POST /caja/preCerrar.html HTTP/1.1" 200 79
45.228.233.43 - - [21/Mar/2025:10:58:37 -0600] "POST /ajax/listarSalidasActivasEmitirBoleto.json HTTP/1.1" 200 258
181.78.50.47 - - [21/Mar/2025:10:58:38 -0600] "GET /login HTTP/1.1" 200 2752
181.189.154.32 - - [21/Mar/2025:10:58:39 -0600] "POST /ajax/calcularImporteTotalMonedaBase.json HTTP/1.1" 200 50
45.228.234.105 - - [21/Mar/2025:10:58:41 -0600] "POST /caja/listarCajas.json HTTP/1.1" 200 233
200.119.178.55 - - [21/Mar/2025:10:58:30 -0600] "POST /boleto/emitirBoletos.html HTTP/1.1" 200 752
190.149.166.106 - - [21/Mar/2025:10:58:38 -0600] "POST /ajax/getInformacionPorSalida.json HTTP/1.1" 200 6826
200.119.178.55 - - [21/Mar/2025:10:58:43 -0600] "GET /boleto/emitirBoletos.html HTTP/1.1" 200 29032
45.228.234.105 - - [21/Mar/2025:10:58:45 -0600] "GET /caja/cerrar.html?id=5994360 HTTP/1.1" 200 1034
45.228.233.43 - - [21/Mar/2025:10:58:45 -0600] "POST /ajax/getInformacionPorSalida.json HTTP/1.1" 200 6682
190.149.166.106 - - [21/Mar/2025:10:58:47 -0600] "GET /ajax/listarClientesPaginando.json?term=ANDRE+&page_limit=5&_=1742573390881 HTTP/1.1" 200 272
190.149.186.106 - - [21/Mar/2025:10:58:55 -0600] "-" 408 -
200.119.178.55 - - [21/Mar/2025:10:58:46 -0600] "POST /ajax/listarSalidasActivasEmitirBoleto.json HTTP/1.1" 200 7710
200.119.178.44 - - [21/Mar/2025:10:58:47 -0600] "POST /ajax/listarSalidasActivasEmitirBoleto.json HTTP/1.1" 200 2866
45.228.234.105 - - [21/Mar/2025:10:58:50 -0600] "POST /caja/cerrar.html HTTP/1.1" 200 79
190.149.166.106 - - [21/Mar/2025:10:58:49 -0600] "GET /ajax/listarClientesPaginando.json?term=ANDRE+P&page_limit=5&_=1742573390882 HTTP/1.1" 200 278
200.119.178.44 - - [21/Mar/2025:10:58:50 -0600] "GET /ajax/listarClientesPaginando.json?term=26018179&page_limit=5&_=1742574892017 HTTP/1.1" 200 84
190.149.166.106 - - [21/Mar/2025:10:58:51 -0600] "GET /ajax/listarClientesPaginando.json?term=ANDRE+PAEZ&page_limit=5&_=1742573390883 HTTP/1.1" 200 14
200.119.178.55 - - [21/Mar/2025:10:58:55 -0600] "POST /ajax/listarDatosIniciales.json HTTP/1.1" 200 60
45.228.234.105 - - [21/Mar/2025:10:58:56 -0600] "POST /caja/listarCajas.json HTTP/1.1" 200 34
190.148.193.146 - - [21/Mar/2025:10:58:56 -0600] "GET /ajax/consultarAsientoSalida.json?idSalida=4891857&numeroAsiento=12 HTTP/1.1" 200 439
181.189.154.32 - - [21/Mar/2025:10:58:53 -0600] "POST /boleto/emitirBoletos.html HTTP/1.1" 200 897
190.143.186.67 - - [21/Mar/2025:10:59:00 -0600] "POST /ajax/getInformacionPorSalida.json HTTP/1.1" 200 6411
190.149.166.106 - - [21/Mar/2025:10:59:03 -0600] "GET /cliente/crear.html HTTP/1.1" 200 10439
45.228.234.105 - - [21/Mar/2025:10:59:04 -0600] "GET /caja/crear.html HTTP/1.1" 200 3206
190.149.166.93 - - [21/Mar/2025:10:59:01 -0600] "POST /ajax/listarEncomiendasPendientesEntrega.json HTTP/1.1" 200 37307
190.148.193.146 - - [21/Mar/2025:10:59:07 -0600] "POST /reportes/manifiestoBoletoPiloto.html HTTP/1.1" 200 112
190.148.193.146 - - [21/Mar/2025:10:59:13 -0600] "GET /reporte/rpaz_2025.03.21_10.59.10_67dd9aded84c7.pdf?v=2.5 HTTP/1.1" 200 3946
181.189.154.32 - - [21/Mar/2025:10:59:08 -0600] "GET /boleto/emitirBoletos.html HTTP/1.1" 200 29021
190.149.166.106 - - [21/Mar/2025:10:59:10 -0600] "POST /cliente/crear.html HTTP/1.1" 200 146
190.148.193.146 - - [21/Mar/2025:10:59:11 -0600] "POST /login_check HTTP/1.1" 302 304
200.119.178.44 - - [21/Mar/2025:10:59:06 -0600] "POST /ajax/getInformacionPorSalida.json HTTP/1.1" 200 9686
181.189.154.32 - - [21/Mar/2025:10:59:13 -0600] "POST /ajax/listarSalidasActivasEmitirBoleto.json HTTP/1.1" 200 3604
190.149.166.106 - - [21/Mar/2025:10:59:14 -0600] "POST /ajax/listarClientesPaginando.json HTTP/1.1" 200 56
200.59.28.77 - - [21/Mar/2025:10:59:16 -0600] "POST /login_check HTTP/1.1" 302 304
190.149.166.93 - - [21/Mar/2025:10:59:15 -0600] "GET /boleto/emitirBoletos.html HTTP/1.1" 200 29034
190.148.193.146 - - [21/Mar/2025:10:59:13 -0600] "GET / HTTP/1.1" 200 34066
181.189.154.32 - - [21/Mar/2025:10:59:18 -0600] "POST /ajax/listarDatosIniciales.json HTTP/1.1" 200 60
45.228.234.105 - - [21/Mar/2025:10:59:18 -0600] "POST /caja/crear.html HTTP/1.1" 200 79
190.143.186.67 - - [21/Mar/2025:10:59:18 -0600] "GET /boleto/emitirBoletos.html HTTP/1.1" 200 28905
190.143.185.235 - - [21/Mar/2025:10:59:21 -0600] "POST /login_check HTTP/1.1" 302 304
190.149.166.93 - - [21/Mar/2025:10:59:22 -0600] "POST /ajax/listarSalidasActivasEmitirBoleto.json HTTP/1.1" 200 519
200.59.28.77 - - [21/Mar/2025:10:59:21 -0600] "GET / HTTP/1.1" 200 36340
190.143.186.67 - - [21/Mar/2025:10:59:24 -0600] "POST /ajax/listarSalidasActivasEmitirBoleto.json HTTP/1.1" 200 34
200.119.178.44 - - [21/Mar/2025:10:59:23 -0600] "POST /ajax/calcularImporteTotalMonedaBase.json HTTP/1.1" 200 50
190.149.166.93 - - [21/Mar/2025:10:59:26 -0600] "POST /ajax/listarDatosIniciales.json HTTP/1.1" 200 61
190.143.186.67 - - [21/Mar/2025:10:59:27 -0600] "GET /salida/consultar2.html HTTP/1.1" 200 10784
190.143.185.235 - - [21/Mar/2025:10:59:23 -0600] "GET / HTTP/1.1" 200 34572
190.149.166.106 - - [21/Mar/2025:10:59:27 -0600] "POST /ajax/calcularImporteTotalMonedaBase.json HTTP/1.1" 200 50
45.228.234.105 - - [21/Mar/2025:10:59:26 -0600] "GET /caja/ HTTP/1.1" 304 -
190.149.166.93 - - [21/Mar/2025:10:59:27 -0600] "GET /ajax/listarClientesPaginando.json?term=CLLAUDIA+NAVAS&page_limit=5&_=1742569701681 HTTP/1.1" 200 14
190.143.186.67 - - [21/Mar/2025:10:59:28 -0600] "POST /ajax/listarDatosIniciales.json HTTP/1.1" 200 61
190.148.193.146 - - [21/Mar/2025:10:59:31 -0600] "GET /boleto/emitirBoletos.html HTTP/1.1" 200 28892
45.228.234.105 - - [21/Mar/2025:10:59:33 -0600] "POST /caja/listarCajas.json HTTP/1.1" 200 210
190.143.186.67 - - [21/Mar/2025:10:59:32 -0600] "POST /ajax/listarSalidasByFecha.html HTTP/1.1" 200 14669
190.149.166.93 - - [21/Mar/2025:10:59:35 -0600] "GET /cliente/crear.html HTTP/1.1" 200 10439
190.143.185.235 - - [21/Mar/2025:10:59:36 -0600] "GET /boleto/emitirBoletos.html HTTP/1.1" 200 29028
190.148.193.146 - - [21/Mar/2025:10:59:37 -0600] "POST /ajax/listarSalidasActivasEmitirBoleto.json HTTP/1.1" 200 34
190.143.185.235 - - [21/Mar/2025:10:59:39 -0600] "POST /ajax/listarSalidasActivasEmitirBoleto.json HTTP/1.1" 200 34
190.148.193.146 - - [21/Mar/2025:10:59:39 -0600] "POST /ajax/listarDatosIniciales.json HTTP/1.1" 200 61
190.149.166.93 - - [21/Mar/2025:10:59:39 -0600] "POST /cliente/crear.html HTTP/1.1" 200 146
190.148.193.146 - - [21/Mar/2025:10:59:40 -0600] "GET /ajax/listarClientesPaginando.json?term=......&page_limit=5&_=1742576361633 HTTP/1.1" 200 326
200.119.178.44 - - [21/Mar/2025:10:59:32 -0600] "POST /boleto/emitirBoletos.html HTTP/1.1" 200 797
190.143.185.235 - - [21/Mar/2025:10:59:42 -0600] "POST /ajax/listarDatosIniciales.json HTTP/1.1" 200 61
190.149.166.93 - - [21/Mar/2025:10:59:43 -0600] "POST /ajax/listarClientesPaginando.json HTTP/1.1" 200 60
190.143.185.235 - - [21/Mar/2025:10:59:43 -0600] "GET /ajax/listarClientesPaginando.json?term=13&page_limit=5&_=1742576373151 HTTP/1.1" 200 317
200.119.178.44 - - [21/Mar/2025:10:59:44 -0600] "GET /boleto/emitirBoletos.html HTTP/1.1" 200 29012
190.143.185.235 - - [21/Mar/2025:10:59:45 -0600] "GET /ajax/listarClientesPaginando.json?term=12&page_limit=5&_=1742576373152 HTTP/1.1" 200 332
190.143.185.235 - - [21/Mar/2025:10:59:48 -0600] "GET /ajax/listarClientesPaginando.json?term=12900583&page_limit=5&_=1742576373153 HTTP/1.1" 200 79
190.143.186.67 - - [21/Mar/2025:10:59:48 -0600] "POST /ajax/getInformacionPorSalida.json HTTP/1.1" 200 4720
190.149.166.93 - - [21/Mar/2025:10:59:54 -0600] "GET /ajax/listarClientesPaginando.json?term=CLAUDIA+NAVE&page_limit=5&_=1742569701682 HTTP/1.1" 200 14
200.59.28.77 - - [21/Mar/2025:10:59:55 -0600] "GET /boleto/emitirBoletos.html HTTP/1.1" 200 28891
190.148.193.146 - - [21/Mar/2025:10:59:55 -0600] "POST /ajax/listarSalidasActivasEmitirBoleto.json HTTP/1.1" 200 2866
200.59.28.77 - - [21/Mar/2025:10:59:58 -0600] "POST /ajax/listarSalidasActivasEmitirBoleto.json HTTP/1.1" 200 594
190.149.166.106 - - [21/Mar/2025:10:59:50 -0600] "POST /boleto/emitirBoletos.html HTTP/1.1" 200 776
190.143.185.235 - - [21/Mar/2025:10:59:59 -0600] "POST /ajax/listarSalidasActivasEmitirBoleto.json HTTP/1.1" 200 3604
190.149.166.93 - - [21/Mar/2025:11:00:00 -0600] "GET /ajax/listarClientesPaginando.json?term=CLAUDIA+NAV&page_limit=5&_=1742569701683 HTTP/1.1" 200 159
200.59.28.77 - - [21/Mar/2025:11:00:02 -0600] "POST /ajax/listarDatosIniciales.json HTTP/1.1" 200 60
190.149.166.106 - - [21/Mar/2025:11:00:03 -0600] "GET /boleto/emitirBoletos.html HTTP/1.1" 200 29033
190.148.193.146 - - [21/Mar/2025:11:00:00 -0600] "POST /ajax/getInformacionPorSalida.json HTTP/1.1" 200 9844
190.143.186.67 - - [21/Mar/2025:11:00:03 -0600] "POST /ajax/getInformacionPorSalida.json HTTP/1.1" 200 6255
200.119.178.44 - - [21/Mar/2025:11:00:07 -0600] "POST /ajax/listarSalidasActivasEmitirBoleto.json HTTP/1.1" 200 24722
190.149.166.106 - - [21/Mar/2025:11:00:11 -0600] "POST /ajax/listarSalidasActivasEmitirBoleto.json HTTP/1.1" 200 2843
190.149.166.106 - - [21/Mar/2025:11:00:15 -0600] "POST /ajax/listarDatosIniciales.json HTTP/1.1" 200 60
200.119.178.44 - - [21/Mar/2025:11:00:16 -0600] "POST /ajax/listarDatosIniciales.json HTTP/1.1" 200 61
190.149.166.93 - - [21/Mar/2025:11:00:08 -0600] "POST /ajax/getInformacionPorSalida.json HTTP/1.1" 200 10009
200.59.28.77 - - [21/Mar/2025:11:00:14 -0600] "POST /ajax/getInformacionPorSalida.json HTTP/1.1" 200 7724
190.143.186.67 - - [21/Mar/2025:11:00:19 -0600] "POST /reportes/manifiestoBoletoPiloto.html HTTP/1.1" 200 118
190.143.186.67 - - [21/Mar/2025:11:00:24 -0600] "GET /reporte/ksoberanis_2025.03.21_11.00.22_67dd9b2672af7.pdf?v=2.5 HTTP/1.1" 200 3240
190.148.50.68 - - [21/Mar/2025:11:00:22 -0600] "GET /autorizacioninterna/ HTTP/1.1" 200 2770
190.143.185.235 - - [21/Mar/2025:11:00:18 -0600] "POST /ajax/getInformacionPorSalida.json HTTP/1.1" 200 8618
200.59.28.77 - - [21/Mar/2025:11:00:24 -0600] "POST /ajax/getInformacionPorSalida.json HTTP/1.1" 200 7106
190.148.50.68 - - [21/Mar/2025:11:00:26 -0600] "POST /autorizacioninterna/listarAutorizacionInterna.json HTTP/1.1" 200 1311
190.148.193.146 - - [21/Mar/2025:11:00:26 -0600] "POST /ajax/calcularImporteTotalMonedaBase.json HTTP/1.1" 200 50
190.149.166.93 - - [21/Mar/2025:11:00:30 -0600] "POST /ajax/calcularImporteTotalMonedaBase.json HTTP/1.1" 200 50
