200.119.178.44 - - [21/Mar/2025:11:23:09 -0600] "POST /ajax/listarDatosIniciales.json HTTP/1.1" 200 61
45.228.234.105 - - [21/Mar/2025:11:23:09 -0600] "POST /login_check HTTP/1.1" 302 304
190.148.50.68 - - [21/Mar/2025:11:23:09 -0600] "POST /ajax/listarClientesPaginando.json HTTP/1.1" 200 59
190.149.166.89 - - [21/Mar/2025:11:23:08 -0600] "POST /ajax/listarSalidasActivasEmitirBoleto.json HTTP/1.1" 200 25350
190.149.166.106 - - [21/Mar/2025:11:23:11 -0600] "POST /itinerario/listarItinerariosEspeciales.json HTTP/1.1" 200 2714
190.149.166.89 - - [21/Mar/2025:11:23:13 -0600] "POST /ajax/listarDatosIniciales.json HTTP/1.1" 200 60
45.228.234.105 - - [21/Mar/2025:11:23:12 -0600] "GET / HTTP/1.1" 200 34069
190.149.166.106 - - [21/Mar/2025:11:23:16 -0600] "POST /login_check HTTP/1.1" 302 304
190.56.50.86 - - [21/Mar/2025:11:23:12 -0600] "POST /ajax/print/voucherBoleto.pdf HTTP/1.1" 200 115
200.119.178.44 - - [21/Mar/2025:11:23:15 -0600] "POST /ajax/listarSalidasActivasEmitirBoleto.json HTTP/1.1" 200 7710
190.56.50.86 - - [21/Mar/2025:11:23:20 -0600] "GET /pdf/kvalle_2025.03.21_11.23.16_fdn_boleto_13713768.pdf?v=2.5 HTTP/1.1" 200 63488
190.149.166.106 - - [21/Mar/2025:11:23:17 -0600] "GET /boleto/emitirBoletos.html HTTP/1.1" 200 29033
190.56.50.86 - - [21/Mar/2025:11:23:19 -0600] "GET /boleto/emitirBoletosAgencia.html HTTP/1.1" 200 28781
190.149.166.106 - - [21/Mar/2025:11:23:17 -0600] "GET / HTTP/1.1" 200 34951
190.56.50.86 - - [21/Mar/2025:11:23:23 -0600] "GET /pdf/kvalle_2025.03.21_11.23.16_fdn_boleto_13713768.pdf?v=2.5 HTTP/1.1" 200 63488
190.149.166.106 - - [21/Mar/2025:11:23:21 -0600] "POST /ajax/listarSalidasActivasEmitirBoleto.json HTTP/1.1" 200 3084
24.152.55.4 - - [21/Mar/2025:11:23:23 -0600] "GET /logout HTTP/1.1" 302 444
24.152.55.4 - - [21/Mar/2025:11:23:25 -0600] "GET / HTTP/1.1" 302 464
190.56.50.86 - - [21/Mar/2025:11:23:22 -0600] "POST /ajax/listarSalidasActivasEmitirBoleto.json HTTP/1.1" 200 25350
190.148.50.68 - - [21/Mar/2025:11:23:25 -0600] "POST /ajax/listarClientesPaginando.json HTTP/1.1" 200 253
24.152.55.4 - - [21/Mar/2025:11:23:26 -0600] "GET /login HTTP/1.1" 200 2752
190.149.166.106 - - [21/Mar/2025:11:23:25 -0600] "POST /ajax/listarDatosIniciales.json HTTP/1.1" 200 60
200.119.178.44 - - [21/Mar/2025:11:23:22 -0600] "POST /ajax/getInformacionPorSalida.json HTTP/1.1" 200 7146
190.148.50.68 - - [21/Mar/2025:11:23:26 -0600] "POST /ajax/listarClientesPaginando.json HTTP/1.1" 200 233
190.56.50.86 - - [21/Mar/2025:11:23:28 -0600] "POST /ajax/listarDatosIniciales.json HTTP/1.1" 200 40
190.149.166.106 - - [21/Mar/2025:11:23:26 -0600] "GET /ajax/listarClientesPaginando.json?term=nohemy&page_limit=5&_=1742576480506 HTTP/1.1" 200 246
200.59.28.77 - - [21/Mar/2025:11:23:33 -0600] "-" 408 -
200.59.28.77 - - [21/Mar/2025:11:23:33 -0600] "-" 408 -
181.189.154.32 - - [21/Mar/2025:11:23:27 -0600] "POST /ajax/calcularImporteTotalMonedaBase.json HTTP/1.1" 200 50
190.148.50.68 - - [21/Mar/2025:11:23:28 -0600] "POST /ajax/listarClientesPaginando.json HTTP/1.1" 200 241
190.149.166.106 - - [21/Mar/2025:11:23:28 -0600] "GET /boleto/emitirBoletos.html HTTP/1.1" 200 29033
190.149.166.106 - - [21/Mar/2025:11:23:27 -0600] "GET /ajax/listarClientesPaginando.json?term=nohemy+&page_limit=5&_=1742576480507 HTTP/1.1" 200 246
200.119.178.55 - - [21/Mar/2025:11:23:21 -0600] "POST /boleto/emitirBoletos.html HTTP/1.1" 200 902
190.148.50.68 - - [21/Mar/2025:11:23:32 -0600] "POST /ajax/listarClientesPaginando.json HTTP/1.1" 200 253
190.149.166.106 - - [21/Mar/2025:11:23:28 -0600] "GET /ajax/listarClientesPaginando.json?term=nohemy+pere&page_limit=5&_=1742576480508 HTTP/1.1" 200 102
190.149.166.106 - - [21/Mar/2025:11:23:34 -0600] "POST /ajax/listarSalidasActivasEmitirBoleto.json HTTP/1.1" 200 3084
200.119.178.55 - - [21/Mar/2025:11:23:34 -0600] "GET /boleto/emitirBoletos.html HTTP/1.1" 200 29032
190.148.50.68 - - [21/Mar/2025:11:23:35 -0600] "POST /ajax/listarClientesPaginando.json HTTP/1.1" 200 56
190.149.166.106 - - [21/Mar/2025:11:23:37 -0600] "POST /ajax/listarDatosIniciales.json HTTP/1.1" 200 60
190.148.50.68 - - [21/Mar/2025:11:23:39 -0600] "POST /ajax/getRutasPorEstacion.json HTTP/1.1" 200 2290
200.119.178.44 - - [21/Mar/2025:11:23:40 -0600] "POST /ajax/getInformacionPorSalida.json HTTP/1.1" 200 9239
190.149.4.98 - - [21/Mar/2025:11:23:43 -0600] "GET /logout HTTP/1.1" 302 444
190.149.4.98 - - [21/Mar/2025:11:23:44 -0600] "GET / HTTP/1.1" 302 464
190.149.4.98 - - [21/Mar/2025:11:23:45 -0600] "GET /login HTTP/1.1" 200 2752
190.148.50.68 - - [21/Mar/2025:11:23:46 -0600] "POST /ajax/getEstacionesDestinosPorRuta.json HTTP/1.1" 200 884
190.56.50.86 - - [21/Mar/2025:11:23:47 -0600] "GET /agencia/consultarSaldoAgencia.html HTTP/1.1" 200 2469
181.189.154.32 - - [21/Mar/2025:11:23:42 -0600] "POST /boleto/emitirBoletos.html HTTP/1.1" 200 786
200.119.178.55 - - [21/Mar/2025:11:23:50 -0600] "POST /ajax/listarSalidasActivasEmitirBoleto.json HTTP/1.1" 200 7710
181.189.154.32 - - [21/Mar/2025:11:23:50 -0600] "GET /boleto/emitirBoletos.html HTTP/1.1" 200 29021
190.149.166.106 - - [21/Mar/2025:11:23:49 -0600] "POST /ajax/getInformacionPorSalida.json HTTP/1.1" 200 5608
200.119.178.55 - - [21/Mar/2025:11:23:54 -0600] "POST /ajax/listarDatosIniciales.json HTTP/1.1" 200 60
181.189.154.32 - - [21/Mar/2025:11:23:53 -0600] "POST /ajax/listarSalidasActivasEmitirBoleto.json HTTP/1.1" 200 3886
181.189.154.32 - - [21/Mar/2025:11:23:57 -0600] "POST /ajax/listarDatosIniciales.json HTTP/1.1" 200 60
190.149.166.106 - - [21/Mar/2025:11:23:59 -0600] "GET /salida/ HTTP/1.1" 304 -
190.148.50.68 - - [21/Mar/2025:11:24:02 -0600] "POST /ajax/listarClientesPaginando.json HTTP/1.1" 200 96
190.149.166.106 - - [21/Mar/2025:11:24:03 -0600] "POST /salida/listarSalidas.json HTTP/1.1" 200 2582
190.148.50.68 - - [21/Mar/2025:11:24:07 -0600] "POST /ajax/calcularImporteTotalMonedaBaseEncomienda.json HTTP/1.1" 200 37
200.119.178.44 - - [21/Mar/2025:11:24:06 -0600] "POST /ajax/listarSalidasActivasEmitirBoleto.json HTTP/1.1" 200 25350
190.149.166.106 - - [21/Mar/2025:11:24:11 -0600] "GET /salida/asignarBusPilotos.html?id=4963143 HTTP/1.1" 200 14183
200.119.178.44 - - [21/Mar/2025:11:24:12 -0600] "POST /ajax/listarDatosIniciales.json HTTP/1.1" 200 61
190.56.50.86 - - [21/Mar/2025:11:24:14 -0600] "GET /agencia/registrar.html HTTP/1.1" 200 4020
190.148.50.68 - - [21/Mar/2025:11:24:12 -0600] "POST /encomienda/registrarEncomienda.html HTTP/1.1" 200 263
45.228.233.43 - - [21/Mar/2025:11:24:19 -0600] "GET /salida/consultar2.html HTTP/1.1" 200 10775
200.119.178.44 - - [21/Mar/2025:11:24:16 -0600] "POST /ajax/getInformacionPorSalida.json HTTP/1.1" 200 7146
190.148.50.68 - - [21/Mar/2025:11:24:21 -0600] "POST /ajax/listarClientesPaginando.json HTTP/1.1" 200 14
190.148.50.68 - - [21/Mar/2025:11:24:22 -0600] "POST /ajax/print/datosEncomienda HTTP/1.1" 200 1032
45.228.233.43 - - [21/Mar/2025:11:24:23 -0600] "POST /ajax/listarSalidasByFecha.html HTTP/1.1" 200 14982
181.78.50.47 - - [21/Mar/2025:11:24:24 -0600] "GET /boleto/emitirBoletos.html HTTP/1.1" 200 28884
24.152.55.20 - - [21/Mar/2025:11:24:24 -0600] "POST /cliente/crear.html HTTP/1.1" 200 146
190.148.50.68 - - [21/Mar/2025:11:24:28 -0600] "POST /ajax/listarClientesPaginando.json HTTP/1.1" 200 301
190.148.50.68 - - [21/Mar/2025:11:24:28 -0600] "GET /encomienda/registrarEncomienda.html HTTP/1.1" 200 32558
24.152.55.20 - - [21/Mar/2025:11:24:31 -0600] "POST /ajax/listarClientesPaginando.json HTTP/1.1" 200 94
200.59.28.77 - - [21/Mar/2025:11:24:33 -0600] "POST /login_check HTTP/1.1" 302 304
190.149.166.106 - - [21/Mar/2025:11:24:26 -0600] "POST /salida/asignarBusPilotos.html HTTP/1.1" 200 79
181.189.154.32 - - [21/Mar/2025:11:24:32 -0600] "GET /ajax/listarClientesPaginando.json?term=HE&page_limit=5&_=1742569463332 HTTP/1.1" 200 272
190.148.50.68 - - [21/Mar/2025:11:24:30 -0600] "POST /ajax/listarClientesPaginando.json HTTP/1.1" 200 315
181.189.154.32 - - [21/Mar/2025:11:24:38 -0600] "GET /logout HTTP/1.1" 302 444
181.78.50.47 - - [21/Mar/2025:11:24:31 -0600] "POST /ajax/listarSalidasActivasEmitirBoleto.json HTTP/1.1" 200 1018
181.189.154.32 - - [21/Mar/2025:11:24:49 -0600] "GET / HTTP/1.1" 302 464
190.148.50.68 - - [21/Mar/2025:11:24:41 -0600] "POST /ajax/listarMonedasCajasAbiertas.json HTTP/1.1" 200 41
181.189.154.32 - - [21/Mar/2025:11:24:37 -0600] "GET /cliente/crear.html HTTP/1.1" 200 10439
190.148.50.68 - - [21/Mar/2025:11:24:32 -0600] "POST /ajax/listarClientesPaginando.json HTTP/1.1" 200 69
181.189.154.32 - - [21/Mar/2025:11:24:58 -0600] "GET /login HTTP/1.1" 200 2752
190.56.157.165 - - [21/Mar/2025:11:24:46 -0600] "GET /encomienda/entregaMultipleEncomienda.html HTTP/1.1" 200 16251
190.148.50.68 - - [21/Mar/2025:11:24:39 -0600] "POST /ajax/listarClientesPaginando.json HTTP/1.1" 200 69
181.78.50.47 - - [21/Mar/2025:11:24:52 -0600] "POST /ajax/listarDatosIniciales.json HTTP/1.1" 200 60
190.149.166.106 - - [21/Mar/2025:11:24:45 -0600] "POST /salida/listarSalidas.json HTTP/1.1" 200 2584
200.59.28.77 - - [21/Mar/2025:11:24:44 -0600] "GET / HTTP/1.1" 200 36340
45.228.233.43 - - [21/Mar/2025:11:24:47 -0600] "POST /ajax/listarSalidasByFecha.html HTTP/1.1" 200 12329
190.148.50.68 - - [21/Mar/2025:11:24:41 -0600] "POST /ajax/listarClientesPaginando.json HTTP/1.1" 200 69
200.59.28.77 - - [21/Mar/2025:11:25:33 -0600] "-" 408 -
190.56.50.86 - - [21/Mar/2025:11:24:59 -0600] "POST /agencia/registrar.html HTTP/1.1" 200 79
181.189.154.32 - - [21/Mar/2025:11:25:12 -0600] "POST /cliente/crear.html HTTP/1.1" 200 146
24.152.55.20 - - [21/Mar/2025:11:24:53 -0600] "POST /ajax/listarSalidasActivasEmitirBoleto.json HTTP/1.1" 200 7710
190.149.166.106 - - [21/Mar/2025:11:24:53 -0600] "POST /ajax/getInformacionPorSalida.json HTTP/1.1" 200 3665
200.119.178.55 - - [21/Mar/2025:11:24:47 -0600] "POST /ajax/getInformacionPorSalida.json HTTP/1.1" 200 9945
181.189.154.32 - - [21/Mar/2025:11:25:34 -0600] "POST /ajax/listarClientesPaginando.json HTTP/1.1" 200 62
190.56.157.165 - - [21/Mar/2025:11:25:19 -0600] "POST /ajax/listarEncomiendasPendientesEntrega.json HTTP/1.1" 200 37160
190.149.166.106 - - [21/Mar/2025:11:25:34 -0600] "GET /boleto/emitirBoletos.html HTTP/1.1" 200 29033
190.148.50.68 - - [21/Mar/2025:11:25:37 -0600] "POST /ajax/getRutasPorEstacion.json HTTP/1.1" 200 2290
200.119.178.55 - - [21/Mar/2025:11:25:42 -0600] "GET /ajax/listarClientesPaginando.json?term=72757086&page_limit=5&_=1742566059497 HTTP/1.1" 200 77
190.56.50.86 - - [21/Mar/2025:11:25:37 -0600] "GET /agencia/ HTTP/1.1" 304 -
190.148.50.68 - - [21/Mar/2025:11:25:50 -0600] "POST /ajax/getEstacionesDestinosPorRuta.json HTTP/1.1" 200 884
190.149.166.106 - - [21/Mar/2025:11:25:47 -0600] "POST /ajax/listarSalidasActivasEmitirBoleto.json HTTP/1.1" 200 3145
24.152.55.20 - - [21/Mar/2025:11:25:41 -0600] "POST /ajax/getInformacionPorSalida.json HTTP/1.1" 200 9144
190.56.50.86 - - [21/Mar/2025:11:25:52 -0600] "POST /agencia/listarDepositoAgencia.json HTTP/1.1" 200 2847
190.149.186.116 - - [21/Mar/2025:11:25:58 -0600] "POST /login_check HTTP/1.1" 302 304
190.149.166.106 - - [21/Mar/2025:11:25:51 -0600] "GET /ajax/listarClientesPaginando.json?term=MARIO&page_limit=5&_=1742577800229 HTTP/1.1" 200 348
190.149.166.106 - - [21/Mar/2025:11:25:53 -0600] "GET /boleto/emitirBoletos.html HTTP/1.1" 200 29033
190.56.157.165 - - [21/Mar/2025:11:26:10 -0600] "GET /ajax/listarClientesPaginando.json?term=CARLOTA+MEJIA&page_limit=5&_=1742573499097 HTTP/1.1" 200 157
190.149.166.106 - - [21/Mar/2025:11:26:05 -0600] "POST /ajax/listarDatosIniciales.json HTTP/1.1" 200 60
181.189.154.32 - - [21/Mar/2025:11:25:50 -0600] "POST /ajax/getInformacionPorSalida.json HTTP/1.1" 200 8478
200.119.178.55 - - [21/Mar/2025:11:26:06 -0600] "POST /ajax/calcularImporteTotalMonedaBase.json HTTP/1.1" 200 50
200.59.28.77 - - [21/Mar/2025:11:26:17 -0600] "GET /boleto/emitirBoletos.html HTTP/1.1" 200 28891
45.228.233.43 - - [21/Mar/2025:11:25:54 -0600] "POST /ajax/getInformacionPorSalida.json HTTP/1.1" 200 6682
190.149.186.116 - - [21/Mar/2025:11:26:14 -0600] "GET / HTTP/1.1" 200 29401
24.152.55.20 - - [21/Mar/2025:11:26:17 -0600] "POST /ajax/listarSalidasActivasEmitirBoleto.json HTTP/1.1" 200 6180
190.149.166.106 - - [21/Mar/2025:11:26:16 -0600] "POST /ajax/listarSalidasActivasEmitirBoleto.json HTTP/1.1" 200 3145
190.148.50.68 - - [21/Mar/2025:11:26:35 -0600] "POST /ajax/listarTipoEncomiendaEspecialPaginando.json HTTP/1.1" 200 650
190.149.166.106 - - [21/Mar/2025:11:26:20 -0600] "POST /ajax/getInformacionPorSalida.json HTTP/1.1" 200 3665
190.148.50.68 - - [21/Mar/2025:11:26:37 -0600] "POST /ajax/listarTipoEncomiendaEspecialPaginando.json HTTP/1.1" 200 339
190.149.166.89 - - [21/Mar/2025:11:26:39 -0600] "POST /ajax/listarSalidasActivasEmitirBoleto.json HTTP/1.1" 200 1018
45.233.66.14 - - [21/Mar/2025:11:26:55 -0600] "GET /logout HTTP/1.1" 302 444
200.59.28.77 - - [21/Mar/2025:11:26:41 -0600] "POST /ajax/listarSalidasActivasEmitirBoleto.json HTTP/1.1" 200 594
45.228.233.43 - - [21/Mar/2025:11:26:53 -0600] "POST /reportes/manifiestoBoletoPiloto.html HTTP/1.1" 200 116
45.228.233.43 - - [21/Mar/2025:11:27:06 -0600] "GET /reporte/dhidalgo_2025.03.21_11.27.03_67dda167ad2bd.pdf?v=2.5 HTTP/1.1" 200 3037
190.149.166.106 - - [21/Mar/2025:11:26:34 -0600] "GET / HTTP/1.1" 200 36597
190.149.166.106 - - [21/Mar/2025:11:27:07 -0600] "GET /favicon.ico HTTP/1.1" 200 1150
45.228.233.43 - - [21/Mar/2025:11:27:07 -0600] "GET /reporte/dhidalgo_2025.03.21_11.27.03_67dda167ad2bd.pdf?v=2.5 HTTP/1.1" 200 3037
45.228.233.43 - - [21/Mar/2025:11:27:07 -0600] "GET /reporte/dhidalgo_2025.03.21_11.27.03_67dda167ad2bd.pdf?v=2.5 HTTP/1.1" 206 1025
45.233.66.14 - - [21/Mar/2025:11:27:03 -0600] "GET / HTTP/1.1" 302 464
45.233.66.14 - - [21/Mar/2025:11:27:08 -0600] "GET /login HTTP/1.1" 200 2752
190.149.166.106 - - [21/Mar/2025:11:26:47 -0600] "POST /ajax/listarDatosIniciales.json HTTP/1.1" 200 60
181.189.154.32 - - [21/Mar/2025:11:26:55 -0600] "POST /ajax/calcularImporteTotalMonedaBase.json HTTP/1.1" 200 50
200.59.28.77 - - [21/Mar/2025:11:26:44 -0600] "GET /boleto/emitirBoletos.html HTTP/1.1" 200 28891
181.78.50.47 - - [21/Mar/2025:11:27:03 -0600] "GET /reportes/cuadreVentaBoleto.html HTTP/1.1" 200 4011
190.148.50.68 - - [21/Mar/2025:11:27:06 -0600] "POST /ajax/getSeriesActivaPorEstacion.json HTTP/1.1" 200 116
190.149.166.106 - - [21/Mar/2025:11:27:00 -0600] "POST /ajax/calcularImporteTotalMonedaBase.json HTTP/1.1" 200 50
45.228.234.105 - - [21/Mar/2025:11:27:08 -0600] "GET /boleto/emitirBoletos.html HTTP/1.1" 200 28892
190.149.186.116 - - [21/Mar/2025:11:27:11 -0600] "GET /agencia/consultarSaldoAgencia.html HTTP/1.1" 200 2470
200.59.28.77 - - [21/Mar/2025:11:27:05 -0600] "POST /ajax/listarDatosIniciales.json HTTP/1.1" 200 60
190.148.50.68 - - [21/Mar/2025:11:27:24 -0600] "POST /ajax/listarClientesPaginando.json HTTP/1.1" 200 310
24.152.55.20 - - [21/Mar/2025:11:26:55 -0600] "POST /ajax/getInformacionPorSalida.json HTTP/1.1" 200 6096
200.119.178.55 - - [21/Mar/2025:11:26:38 -0600] "POST /boleto/emitirBoletos.html HTTP/1.1" 200 783
190.148.50.68 - - [21/Mar/2025:11:27:28 -0600] "POST /ajax/calcularImporteTotalMonedaBaseEncomienda.json HTTP/1.1" 200 38
190.149.166.106 - - [21/Mar/2025:11:27:23 -0600] "GET /boleto/emitirBoletos.html HTTP/1.1" 200 29033
24.152.55.20 - - [21/Mar/2025:11:27:37 -0600] "GET /login HTTP/1.1" 200 2752
200.119.170.203 - - [21/Mar/2025:11:27:49 -0600] "GET / HTTP/1.1" 302 464
190.148.50.68 - - [21/Mar/2025:11:27:31 -0600] "POST /ajax/listarClientesPaginando.json HTTP/1.1" 200 55
190.149.166.106 - - [21/Mar/2025:11:27:44 -0600] "GET /ajax/listarClientesPaginando.json?term=DAVID+ESQUIVEL&page_limit=5&_=1742577800230 HTTP/1.1" 200 71
200.119.170.203 - - [21/Mar/2025:11:27:54 -0600] "GET /login HTTP/1.1" 200 2752
190.149.166.89 - - [21/Mar/2025:11:27:10 -0600] "POST /ajax/getInformacionPorSalida.json HTTP/1.1" 200 5447
200.59.28.77 - - [21/Mar/2025:11:27:25 -0600] "POST /ajax/listarSalidasActivasEmitirBoleto.json HTTP/1.1" 200 594
200.119.178.55 - - [21/Mar/2025:11:27:42 -0600] "GET /boleto/emitirBoletos.html HTTP/1.1" 200 29032
24.152.55.20 - - [21/Mar/2025:11:27:54 -0600] "POST /login_check HTTP/1.1" 302 304
190.149.166.106 - - [21/Mar/2025:11:27:47 -0600] "POST /ajax/listarSalidasActivasEmitirBoleto.json HTTP/1.1" 200 3145
181.78.50.47 - - [21/Mar/2025:11:27:33 -0600] "POST /reportes/cuadreVentaBoleto.html HTTP/1.1" 200 115
181.78.50.47 - - [21/Mar/2025:11:28:20 -0600] "GET /reporte/jgarcia_2025.03.21_11.27.47_67dda19307183.pdf?v=2.5 HTTP/1.1" 200 3396
190.148.50.68 - - [21/Mar/2025:11:28:02 -0600] "POST /ajax/listarClientesPaginando.json HTTP/1.1" 200 245
190.149.166.106 - - [21/Mar/2025:11:27:55 -0600] "GET /ajax/listarClientesPaginando.json?term=david+e&page_limit=5&_=1742578026345 HTTP/1.1" 200 338
190.148.50.68 - - [21/Mar/2025:11:28:07 -0600] "POST /ajax/listarClientesPaginando.json HTTP/1.1" 200 14
190.56.51.59 - - [21/Mar/2025:11:28:15 -0600] "POST /login_check HTTP/1.1" 302 304
181.189.154.32 - - [21/Mar/2025:11:27:28 -0600] "POST /boleto/emitirBoletos.html HTTP/1.1" 200 260
200.119.178.55 - - [21/Mar/2025:11:28:09 -0600] "POST /ajax/listarSalidasActivasEmitirBoleto.json HTTP/1.1" 200 7710
190.56.157.165 - - [21/Mar/2025:11:27:37 -0600] "POST /encomienda/entregaMultipleEncomienda.html HTTP/1.1" 200 268
24.152.55.20 - - [21/Mar/2025:11:28:12 -0600] "GET / HTTP/1.1" 200 35403
45.228.233.43 - - [21/Mar/2025:11:28:05 -0600] "GET /ajax/consultarAsientoSalida.json?idSalida=4932753&numeroAsiento=28 HTTP/1.1" 200 457
190.149.166.106 - - [21/Mar/2025:11:28:18 -0600] "POST /ajax/listarDatosIniciales.json HTTP/1.1" 200 60
190.149.166.106 - - [21/Mar/2025:11:28:14 -0600] "POST /ajax/calcularImporteTotalMonedaBase.json HTTP/1.1" 200 50
190.148.50.68 - - [21/Mar/2025:11:27:47 -0600] "POST /encomienda/registrarEncomienda.html HTTP/1.1" 200 1755
190.148.50.68 - - [21/Mar/2025:11:28:36 -0600] "GET /cliente/crear.html HTTP/1.1" 200 10439
190.148.193.146 - - [21/Mar/2025:11:28:29 -0600] "POST /ajax/listarSalidasActivasEmitirBoleto.json HTTP/1.1" 200 321
200.119.178.55 - - [21/Mar/2025:11:28:15 -0600] "GET /boleto/chequearBoleto2.html HTTP/1.1" 200 6825
190.56.51.59 - - [21/Mar/2025:11:28:29 -0600] "GET / HTTP/1.1" 200 37622
181.78.50.47 - - [21/Mar/2025:11:28:40 -0600] "GET /reportes/detalleFacturaBoleto.html HTTP/1.1" 200 4960
190.148.50.68 - - [21/Mar/2025:11:28:43 -0600] "GET /encomienda/registrarEncomienda.html HTTP/1.1" 200 32558
190.149.166.106 - - [21/Mar/2025:11:28:43 -0600] "GET /ajax/listarClientesPaginando.json?term=david+esquibe&page_limit=5&_=1742578026346 HTTP/1.1" 200 60
200.119.178.55 - - [21/Mar/2025:11:28:36 -0600] "POST /ajax/listarDatosIniciales.json HTTP/1.1" 200 60
190.149.166.89 - - [21/Mar/2025:11:28:49 -0600] "GET /login HTTP/1.1" 200 2752
181.189.154.32 - - [21/Mar/2025:11:28:35 -0600] "POST /ajax/print/voucherBoleto.pdf HTTP/1.1" 200 628
24.152.55.20 - - [21/Mar/2025:11:28:43 -0600] "GET /boleto/emitirBoletos.html HTTP/1.1" 200 28904
190.149.166.89 - - [21/Mar/2025:11:28:52 -0600] "GET /login HTTP/1.1" 200 2752
190.148.193.146 - - [21/Mar/2025:11:28:46 -0600] "POST /ajax/listarSalidasActivasEmitirBoleto.json HTTP/1.1" 200 258
190.56.157.165 - - [21/Mar/2025:11:28:43 -0600] "POST /ajax/listarEncomiendasPendientesEntrega.json HTTP/1.1" 200 37137
200.119.178.55 - - [21/Mar/2025:11:28:50 -0600] "POST /ajax/listarBoletosAChequear.html HTTP/1.1" 200 9499
181.189.154.32 - - [21/Mar/2025:11:28:54 -0600] "GET /boleto/emitirBoletos.html HTTP/1.1" 200 29021
190.148.50.68 - - [21/Mar/2025:11:28:54 -0600] "POST /cliente/crear.html HTTP/1.1" 200 146
190.148.50.68 - - [21/Mar/2025:11:28:58 -0600] "POST /ajax/listarMonedasCajasAbiertas.json HTTP/1.1" 200 41
24.152.55.20 - - [21/Mar/2025:11:28:54 -0600] "POST /ajax/listarSalidasActivasEmitirBoleto.json HTTP/1.1" 200 774
190.56.173.30 - - [21/Mar/2025:11:28:57 -0600] "GET /agencia/ HTTP/1.1" 304 -
190.149.166.89 - - [21/Mar/2025:11:29:04 -0600] "POST /login_check HTTP/1.1" 302 304
181.78.50.47 - - [21/Mar/2025:11:29:05 -0600] "POST /reportes/detalleFacturaBoleto.html HTTP/1.1" 500 1
190.148.50.68 - - [21/Mar/2025:11:29:05 -0600] "POST /ajax/listarClientesPaginando.json HTTP/1.1" 200 58
186.151.119.120 - - [21/Mar/2025:11:29:04 -0600] "GET /boleto/emitirBoletos.html HTTP/1.1" 200 28912
190.149.166.106 - - [21/Mar/2025:11:28:51 -0600] "POST /boleto/emitirBoletos.html HTTP/1.1" 200 808
181.189.154.32 - - [21/Mar/2025:11:29:03 -0600] "POST /ajax/listarSalidasActivasEmitirBoleto.json HTTP/1.1" 200 3886
190.148.193.146 - - [21/Mar/2025:11:28:56 -0600] "POST /ajax/getInformacionPorSalida.json HTTP/1.1" 200 6684
190.149.166.89 - - [21/Mar/2025:11:29:05 -0600] "POST /login_check HTTP/1.1" 302 304
24.152.55.20 - - [21/Mar/2025:11:29:05 -0600] "POST /ajax/listarDatosIniciales.json HTTP/1.1" 200 60
190.56.173.30 - - [21/Mar/2025:11:29:07 -0600] "POST /agencia/listarDepositoAgencia.json HTTP/1.1" 200 4351
190.149.166.89 - - [21/Mar/2025:11:29:05 -0600] "POST /login_check HTTP/1.1" 302 304
24.152.55.20 - - [21/Mar/2025:11:29:12 -0600] "POST /ajax/listarSalidasActivasEmitirBoleto.json HTTP/1.1" 200 1168
190.148.50.68 - - [21/Mar/2025:11:29:13 -0600] "POST /ajax/getRutasPorEstacion.json HTTP/1.1" 200 2290
181.189.154.32 - - [21/Mar/2025:11:29:13 -0600] "POST /ajax/listarDatosIniciales.json HTTP/1.1" 200 60
190.149.166.106 - - [21/Mar/2025:11:29:12 -0600] "GET /boleto/emitirBoletos.html HTTP/1.1" 200 29033
190.149.166.106 - - [21/Mar/2025:11:29:13 -0600] "GET /boleto/emitirBoletos.html HTTP/1.1" 200 29033
186.151.119.120 - - [21/Mar/2025:11:29:12 -0600] "POST /ajax/listarSalidasActivasEmitirBoleto.json HTTP/1.1" 200 2866
190.149.166.89 - - [21/Mar/2025:11:29:14 -0600] "GET / HTTP/1.1" 200 34190
200.59.28.77 - - [21/Mar/2025:11:29:28 -0600] "-" 408 -
200.59.28.77 - - [21/Mar/2025:11:29:28 -0600] "-" 408 -
186.151.119.120 - - [21/Mar/2025:11:29:17 -0600] "GET /salida/ HTTP/1.1" 304 -
66.249.92.195 - - [21/Mar/2025:11:29:30 -0600] "GET /.well-known/assetlinks.json HTTP/1.1" 404 315
45.228.233.43 - - [21/Mar/2025:11:29:20 -0600] "GET /ajax/consultarAsientoSalida.json?idSalida=4932753&numeroAsiento=28 HTTP/1.1" 200 457
24.152.55.20 - - [21/Mar/2025:11:29:26 -0600] "GET /ajax/listarClientesPaginando.json?term=2373&page_limit=5&_=1742578117034 HTTP/1.1" 200 350
190.149.166.106 - - [21/Mar/2025:11:29:22 -0600] "POST /ajax/listarSalidasActivasEmitirBoleto.json HTTP/1.1" 200 3145
190.149.166.106 - - [21/Mar/2025:11:29:22 -0600] "POST /ajax/listarSalidasActivasEmitirBoleto.json HTTP/1.1" 200 3145
190.148.50.68 - - [21/Mar/2025:11:29:27 -0600] "POST /ajax/getEstacionesDestinosPorRuta.json HTTP/1.1" 200 495
200.119.178.55 - - [21/Mar/2025:11:29:18 -0600] "POST /boleto/chequearBoleto2.html HTTP/1.1" 200 79
186.151.119.120 - - [21/Mar/2025:11:29:22 -0600] "POST /ajax/listarDatosIniciales.json HTTP/1.1" 200 61
190.149.166.89 - - [21/Mar/2025:11:29:27 -0600] "GET /boleto/emitirBoletos.html HTTP/1.1" 200 28880
181.78.50.47 - - [21/Mar/2025:11:29:25 -0600] "POST /reportes/detalleFacturaBoleto.html HTTP/1.1" 200 115
24.152.55.20 - - [21/Mar/2025:11:29:25 -0600] "GET /ajax/listarClientesPaginando.json?term=237&page_limit=5&_=1742578117033 HTTP/1.1" 200 362
181.78.50.47 - - [21/Mar/2025:11:29:33 -0600] "GET /reporte/jgarcia_2025.03.21_11.29.30_67dda1facb77a.pdf?v=2.5 HTTP/1.1" 200 4078
24.152.55.20 - - [21/Mar/2025:11:29:28 -0600] "GET /ajax/listarClientesPaginando.json?term=237375567&page_limit=5&_=1742578117035 HTTP/1.1" 200 94
186.151.119.120 - - [21/Mar/2025:11:29:30 -0600] "POST /salida/listarSalidas.json HTTP/1.1" 200 5996
190.149.166.106 - - [21/Mar/2025:11:29:32 -0600] "POST /ajax/listarDatosIniciales.json HTTP/1.1" 200 60
190.149.166.106 - - [21/Mar/2025:11:29:32 -0600] "POST /ajax/listarDatosIniciales.json HTTP/1.1" 200 60
190.143.185.235 - - [21/Mar/2025:11:29:33 -0600] "GET /logout HTTP/1.1" 302 444
190.143.185.235 - - [21/Mar/2025:11:29:36 -0600] "GET / HTTP/1.1" 302 464
190.143.185.235 - - [21/Mar/2025:11:29:38 -0600] "GET /login HTTP/1.1" 200 2752
190.149.166.89 - - [21/Mar/2025:11:29:33 -0600] "POST /ajax/listarSalidasActivasEmitirBoleto.json HTTP/1.1" 200 25411
190.56.51.59 - - [21/Mar/2025:11:29:37 -0600] "GET /agencia/acreditar.html?id=746325 HTTP/1.1" 200 769
200.119.178.55 - - [21/Mar/2025:11:29:34 -0600] "POST /ajax/listarBoletosAChequear.html HTTP/1.1" 200 10925
181.189.154.32 - - [21/Mar/2025:11:29:35 -0600] "POST /ajax/listarSalidasActivasEmitirBoleto.json HTTP/1.1" 200 7710
190.149.166.89 - - [21/Mar/2025:11:29:42 -0600] "POST /ajax/listarDatosIniciales.json HTTP/1.1" 200 60
186.151.119.120 - - [21/Mar/2025:11:29:41 -0600] "GET /salida/asignarBusPilotos.html?id=4891865 HTTP/1.1" 200 25633
200.119.178.55 - - [21/Mar/2025:11:29:46 -0600] "POST /reportes/manifiestoBoletoPiloto.html HTTP/1.1" 200 114
190.149.166.89 - - [21/Mar/2025:11:29:42 -0600] "POST /ajax/listarSalidasActivasEmitirBoleto.json HTTP/1.1" 200 957
190.148.50.68 - - [21/Mar/2025:11:29:50 -0600] "POST /ajax/listarTipoEncomiendaEspecialPaginando.json HTTP/1.1" 200 650
190.149.166.106 - - [21/Mar/2025:11:29:50 -0600] "GET /ajax/listarClientesPaginando.json?term=ruth+&page_limit=5&_=1742578026347 HTTP/1.1" 200 262
190.56.51.59 - - [21/Mar/2025:11:29:46 -0600] "POST /agencia/acreditar.html HTTP/1.1" 200 79
190.149.186.116 - - [21/Mar/2025:11:29:45 -0600] "POST /ajax/listarSalidasActivasEmitirBoleto.json HTTP/1.1" 200 25411
190.149.166.106 - - [21/Mar/2025:11:29:51 -0600] "GET /ajax/listarClientesPaginando.json?term=ruth+garcia+&page_limit=5&_=1742578026348 HTTP/1.1" 200 265
190.56.51.59 - - [21/Mar/2025:11:29:58 -0600] "POST /agencia/listarDepositoAgencia.json HTTP/1.1" 200 4351
24.152.55.20 - - [21/Mar/2025:11:29:44 -0600] "POST /ajax/getInformacionPorSalida.json HTTP/1.1" 200 7264
190.149.186.116 - - [21/Mar/2025:11:30:01 -0600] "POST /ajax/listarDatosIniciales.json HTTP/1.1" 200 40
200.119.178.55 - - [21/Mar/2025:11:30:00 -0600] "GET /boleto/emitirBoletos.html HTTP/1.1" 200 29032
190.148.50.68 - - [21/Mar/2025:11:30:02 -0600] "POST /ajax/getSeriesActivaPorEstacion.json HTTP/1.1" 200 116
181.189.154.32 - - [21/Mar/2025:11:30:06 -0600] "GET /ajax/listarClientesPaginando.json?term=CARLOS+SAUCEDO+&page_limit=5&_=1742569463333 HTTP/1.1" 200 59
181.189.154.32 - - [21/Mar/2025:11:30:07 -0600] "GET /cliente/crear.html HTTP/1.1" 200 10439
190.148.50.68 - - [21/Mar/2025:11:30:18 -0600] "POST /ajax/calcularImporteTotalMonedaBaseEncomienda.json HTTP/1.1" 200 37
181.78.50.47 - - [21/Mar/2025:11:30:34 -0600] "-" 408 -
190.149.186.116 - - [21/Mar/2025:11:30:06 -0600] "POST /ajax/listarSalidasActivasEmitirBoleto.json HTTP/1.1" 200 18401
190.149.166.89 - - [21/Mar/2025:11:30:01 -0600] "POST /ajax/getInformacionPorSalida.json HTTP/1.1" 200 5529
45.228.233.43 - - [21/Mar/2025:11:30:06 -0600] "GET /ajax/consultarAsientoSalida.json?idSalida=4932753&numeroAsiento=1 HTTP/1.1" 200 440
200.119.178.55 - - [21/Mar/2025:11:30:18 -0600] "POST /ajax/listarSalidasActivasEmitirBoleto.json HTTP/1.1" 200 7710
186.151.119.120 - - [21/Mar/2025:11:30:02 -0600] "POST /salida/asignarBusPilotos.html HTTP/1.1" 200 79
190.149.166.106 - - [21/Mar/2025:11:30:06 -0600] "POST /ajax/getInformacionPorSalida.json HTTP/1.1" 200 3817
190.149.186.116 - - [21/Mar/2025:11:30:30 -0600] "GET /cliente/crear.html HTTP/1.1" 200 10439
45.228.233.43 - - [21/Mar/2025:11:30:34 -0600] "GET /login HTTP/1.1" 200 2752
200.119.178.55 - - [21/Mar/2025:11:30:30 -0600] "GET /autorizacioncortesia/creaBoletosAutorizacionCortesia.html HTTP/1.1" 200 18441
181.189.154.32 - - [21/Mar/2025:11:30:33 -0600] "POST /cliente/crear.html HTTP/1.1" 200 146
190.148.50.68 - - [21/Mar/2025:11:30:39 -0600] "POST /ajax/listarClientesPaginando.json HTTP/1.1" 200 146
190.149.186.116 - - [21/Mar/2025:11:30:34 -0600] "POST /ajax/listarDatosIniciales.json HTTP/1.1" 200 40
200.119.178.55 - - [21/Mar/2025:11:30:41 -0600] "POST /ajax/listarDatosIniciales.json HTTP/1.1" 200 60
45.228.233.43 - - [21/Mar/2025:11:30:47 -0600] "POST /login_check HTTP/1.1" 302 304
181.189.154.32 - - [21/Mar/2025:11:30:48 -0600] "POST /ajax/listarClientesPaginando.json HTTP/1.1" 200 60
186.151.119.120 - - [21/Mar/2025:11:30:43 -0600] "POST /salida/listarSalidas.json HTTP/1.1" 200 6000
45.229.40.48 - - [21/Mar/2025:11:30:54 -0600] "GET /encomienda/registrarEncomienda.html HTTP/1.1" 200 32558
190.148.193.146 - - [21/Mar/2025:11:30:58 -0600] "GET /logout HTTP/1.1" 302 444
200.119.178.55 - - [21/Mar/2025:11:30:47 -0600] "POST /ajax/listarSalidas.json HTTP/1.1" 200 4180
190.148.50.68 - - [21/Mar/2025:11:30:58 -0600] "POST /ajax/listarClientesPaginando.json HTTP/1.1" 200 292
190.149.166.106 - - [21/Mar/2025:11:30:52 -0600] "POST /ajax/calcularImporteTotalMonedaBase.json HTTP/1.1" 200 50
190.148.193.146 - - [21/Mar/2025:11:31:05 -0600] "GET / HTTP/1.1" 302 464
190.56.50.86 - - [21/Mar/2025:11:31:10 -0600] "GET / HTTP/1.1" 302 464
190.148.193.146 - - [21/Mar/2025:11:31:07 -0600] "GET /login HTTP/1.1" 200 2752
190.148.50.68 - - [21/Mar/2025:11:31:01 -0600] "POST /ajax/listarClientesPaginando.json HTTP/1.1" 200 14
24.152.55.4 - - [21/Mar/2025:11:31:12 -0600] "GET /encomienda/ HTTP/1.1" 302 464
45.229.40.48 - - [21/Mar/2025:11:31:06 -0600] "POST /ajax/listarMonedasCajasAbiertas.json HTTP/1.1" 200 41
45.228.233.43 - - [21/Mar/2025:11:30:58 -0600] "GET / HTTP/1.1" 200 35244
159.65.150.113 - - [21/Mar/2025:11:31:18 -0600] "GET /.env HTTP/1.1" 404 303
159.65.150.113 - - [21/Mar/2025:11:31:19 -0600] "GET / HTTP/1.0" 400 481
190.148.50.68 - - [21/Mar/2025:11:30:39 -0600] "POST /encomienda/registrarEncomienda.html HTTP/1.1" 200 1184
190.56.50.86 - - [21/Mar/2025:11:31:14 -0600] "GET /login HTTP/1.1" 200 2752
24.152.55.4 - - [21/Mar/2025:11:31:15 -0600] "GET /login HTTP/1.1" 200 2752
24.152.55.4 - - [21/Mar/2025:11:31:22 -0600] "GET /js/login.js?v=2.5&_=1742577317765 HTTP/1.1" 200 135164
186.151.119.9 - - [21/Mar/2025:11:31:08 -0600] "POST /ajax/listarSalidasActivasEmitirBoleto.json HTTP/1.1" 200 34
181.78.50.47 - - [21/Mar/2025:11:31:13 -0600] "GET /reportes/detalleFacturaEncomienda.html HTTP/1.1" 200 3489
45.229.40.48 - - [21/Mar/2025:11:31:14 -0600] "POST /ajax/listarClientesPaginando.json HTTP/1.1" 200 75
181.189.154.32 - - [21/Mar/2025:11:31:05 -0600] "POST /ajax/getInformacionPorSalida.json HTTP/1.1" 200 5067
186.151.119.120 - - [21/Mar/2025:11:31:13 -0600] "GET /boleto/chequearBoleto2.html HTTP/1.1" 200 6502
190.148.193.146 - - [21/Mar/2025:11:31:18 -0600] "POST /login_check HTTP/1.1" 302 304
95.214.53.106 - - [21/Mar/2025:11:31:31 -0600] "GET / HTTP/1.1" 302 416
190.148.50.68 - - [21/Mar/2025:11:31:19 -0600] "GET /encomienda/registrarEncomienda.html HTTP/1.1" 200 32558
190.148.193.146 - - [21/Mar/2025:11:31:23 -0600] "POST /login_check HTTP/1.1" 302 304
190.56.50.86 - - [21/Mar/2025:11:31:24 -0600] "POST /login_check HTTP/1.1" 302 304
24.152.55.4 - - [21/Mar/2025:11:31:25 -0600] "POST /login_check HTTP/1.1" 302 304
24.152.55.20 - - [21/Mar/2025:11:31:19 -0600] "POST /ajax/calcularImporteTotalMonedaBase.json HTTP/1.1" 200 50
190.148.50.68 - - [21/Mar/2025:11:31:23 -0600] "GET /cliente/crear.html HTTP/1.1" 200 10439
95.214.53.106 - - [21/Mar/2025:11:31:43 -0600] "GET /login HTTP/1.1" 200 2752
45.229.40.48 - - [21/Mar/2025:11:31:32 -0600] "POST /ajax/listarClientesPaginando.json HTTP/1.1" 200 282
45.228.233.43 - - [21/Mar/2025:11:31:23 -0600] "GET /boleto/emitirBoletos.html HTTP/1.1" 200 28887
190.148.193.146 - - [21/Mar/2025:11:31:40 -0600] "POST /login_check HTTP/1.1" 302 304
190.148.50.68 - - [21/Mar/2025:11:31:43 -0600] "POST /ajax/listarMonedasCajasAbiertas.json HTTP/1.1" 200 41
200.119.178.55 - - [21/Mar/2025:11:31:39 -0600] "GET /cliente/crear.html HTTP/1.1" 200 10439
181.78.50.47 - - [21/Mar/2025:11:31:34 -0600] "POST /reportes/detalleFacturaEncomienda.html HTTP/1.1" 200 115
181.78.50.47 - - [21/Mar/2025:11:31:58 -0600] "GET /reporte/jgarcia_2025.03.21_11.31.53_67dda289084dd.pdf?v=2.5 HTTP/1.1" 200 2056
190.148.193.146 - - [21/Mar/2025:11:31:51 -0600] "POST /login_check HTTP/1.1" 302 304
45.229.40.48 - - [21/Mar/2025:11:31:35 -0600] "POST /ajax/listarClientesPaginando.json HTTP/1.1" 200 327
186.151.119.9 - - [21/Mar/2025:11:31:31 -0600] "POST /ajax/listarSalidasActivasEmitirBoleto.json HTTP/1.1" 200 2520
181.189.154.32 - - [21/Mar/2025:11:31:45 -0600] "POST /ajax/calcularImporteTotalMonedaBase.json HTTP/1.1" 200 50
190.149.166.106 - - [21/Mar/2025:11:31:16 -0600] "POST /boleto/emitirBoletos.html HTTP/1.1" 200 783
45.228.233.43 - - [21/Mar/2025:11:31:55 -0600] "POST /ajax/listarSalidasActivasEmitirBoleto.json HTTP/1.1" 200 34
24.152.55.4 - - [21/Mar/2025:11:31:46 -0600] "GET / HTTP/1.1" 200 34879
190.56.50.86 - - [21/Mar/2025:11:31:44 -0600] "GET / HTTP/1.1" 200 29398
45.228.233.43 - - [21/Mar/2025:11:32:03 -0600] "GET /salida/consultar2.html HTTP/1.1" 200 10775
45.229.40.48 - - [21/Mar/2025:11:32:04 -0600] "POST /ajax/getRutasPorEstacion.json HTTP/1.1" 200 374
190.148.193.146 - - [21/Mar/2025:11:31:58 -0600] "GET / HTTP/1.1" 200 34076
190.149.166.106 - - [21/Mar/2025:11:32:09 -0600] "GET /boleto/emitirBoletos.html HTTP/1.1" 200 29033
190.148.50.68 - - [21/Mar/2025:11:32:07 -0600] "POST /cliente/crear.html HTTP/1.1" 200 146
190.56.130.54 - - [21/Mar/2025:11:32:23 -0600] "GET /logout HTTP/1.1" 302 444
45.228.233.43 - - [21/Mar/2025:11:32:10 -0600] "POST /ajax/listarDatosIniciales.json HTTP/1.1" 200 60
200.59.28.77 - - [21/Mar/2025:11:32:11 -0600] "GET /boleto/chequearBoleto2.html HTTP/1.1" 200 4195
190.148.193.146 - - [21/Mar/2025:11:31:59 -0600] "POST /login_check HTTP/1.1" 302 324
190.56.130.54 - - [21/Mar/2025:11:32:30 -0600] "GET / HTTP/1.1" 302 464
190.148.193.146 - - [21/Mar/2025:11:32:07 -0600] "POST /login_check HTTP/1.1" 302 324
190.148.193.146 - - [21/Mar/2025:11:32:25 -0600] "POST /login_check HTTP/1.1" 302 324
190.148.193.146 - - [21/Mar/2025:11:32:31 -0600] "POST /login_check HTTP/1.1" 302 324
24.152.55.4 - - [21/Mar/2025:11:32:13 -0600] "GET /encomienda/ HTTP/1.1" 200 8781
200.119.178.55 - - [21/Mar/2025:11:32:16 -0600] "POST /cliente/crear.html HTTP/1.1" 200 146
45.229.40.48 - - [21/Mar/2025:11:32:27 -0600] "POST /ajax/getEstacionesDestinosPorRuta.json HTTP/1.1" 200 724
190.148.193.146 - - [21/Mar/2025:11:32:34 -0600] "GET /login HTTP/1.1" 200 2821
190.56.130.54 - - [21/Mar/2025:11:32:33 -0600] "GET /login HTTP/1.1" 200 2752
190.148.50.68 - - [21/Mar/2025:11:32:32 -0600] "POST /ajax/listarClientesPaginando.json HTTP/1.1" 200 63
190.56.50.86 - - [21/Mar/2025:11:32:20 -0600] "GET /agencia/ HTTP/1.1" 304 -
190.148.50.68 - - [21/Mar/2025:11:32:32 -0600] "POST /ajax/listarClientesPaginando.json HTTP/1.1" 200 291
190.149.166.106 - - [21/Mar/2025:11:32:31 -0600] "POST /ajax/listarSalidasActivasEmitirBoleto.json HTTP/1.1" 200 3145
45.228.233.43 - - [21/Mar/2025:11:32:21 -0600] "POST /ajax/listarSalidasByFecha.html HTTP/1.1" 200 14998
200.119.178.55 - - [21/Mar/2025:11:32:35 -0600] "POST /ajax/listarClientesPaginando.json HTTP/1.1" 200 112
190.148.50.68 - - [21/Mar/2025:11:32:34 -0600] "POST /ajax/listarClientesPaginando.json HTTP/1.1" 200 14
190.148.193.146 - - [21/Mar/2025:11:32:41 -0600] "POST /login_check HTTP/1.1" 302 304
190.56.50.86 - - [21/Mar/2025:11:32:40 -0600] "POST /agencia/listarDepositoAgencia.json HTTP/1.1" 200 2847
190.148.50.68 - - [21/Mar/2025:11:32:41 -0600] "POST /ajax/getRutasPorEstacion.json HTTP/1.1" 200 2290
200.59.28.77 - - [21/Mar/2025:11:32:36 -0600] "POST /ajax/listarBoletosAChequear.html HTTP/1.1" 200 4175
190.148.50.68 - - [21/Mar/2025:11:32:37 -0600] "POST /ajax/listarClientesPaginando.json HTTP/1.1" 200 167
190.149.166.106 - - [21/Mar/2025:11:32:43 -0600] "POST /ajax/listarDatosIniciales.json HTTP/1.1" 200 60
181.189.154.32 - - [21/Mar/2025:11:32:07 -0600] "POST /boleto/emitirBoletos.html HTTP/1.1" 200 758
24.152.55.20 - - [21/Mar/2025:11:31:59 -0600] "POST /boleto/emitirBoletos.html HTTP/1.1" 200 1008
200.119.178.44 - - [21/Mar/2025:11:32:38 -0600] "POST /ajax/listarSalidasActivasEmitirBoleto.json HTTP/1.1" 200 6180
24.152.55.4 - - [21/Mar/2025:11:32:35 -0600] "POST /encomienda/listarEncomiendas.json HTTP/1.1" 200 8924
190.148.50.68 - - [21/Mar/2025:11:32:38 -0600] "POST /ajax/listarClientesPaginando.json HTTP/1.1" 200 167
200.119.178.44 - - [21/Mar/2025:11:32:42 -0600] "GET /cliente/crear.html HTTP/1.1" 200 10439
190.148.193.146 - - [21/Mar/2025:11:32:45 -0600] "GET / HTTP/1.1" 200 34076
190.149.186.116 - - [21/Mar/2025:11:32:53 -0600] "GET /images/select2.png HTTP/1.1" 200 613
190.148.50.68 - - [21/Mar/2025:11:32:49 -0600] "POST /ajax/getEstacionesDestinosPorRuta.json HTTP/1.1" 200 884
181.189.154.32 - - [21/Mar/2025:11:32:49 -0600] "GET /boleto/emitirBoletos.html HTTP/1.1" 200 29021
24.152.55.20 - - [21/Mar/2025:11:32:49 -0600] "GET /boleto/emitirBoletos.html HTTP/1.1" 200 28904
181.78.50.47 - - [21/Mar/2025:11:32:58 -0600] "-" 408 -
190.56.50.86 - - [21/Mar/2025:11:32:54 -0600] "GET /agencia/consultarSaldoAgencia.html HTTP/1.1" 200 2471
186.151.119.9 - - [21/Mar/2025:11:32:50 -0600] "POST /ajax/getInformacionPorSalida.json HTTP/1.1" 200 5720
45.229.40.48 - - [21/Mar/2025:11:32:57 -0600] "POST /ajax/listarTipoEncomiendaEspecialPaginando.json HTTP/1.1" 200 650
190.148.50.68 - - [21/Mar/2025:11:32:57 -0600] "POST /ajax/listarTipoEncomiendaEspecialPaginando.json HTTP/1.1" 200 650
190.149.186.116 - - [21/Mar/2025:11:32:55 -0600] "POST /cliente/crear.html HTTP/1.1" 200 146
190.148.193.146 - - [21/Mar/2025:11:32:55 -0600] "GET /boleto/emitirBoletos.html HTTP/1.1" 200 28892
181.189.154.32 - - [21/Mar/2025:11:32:54 -0600] "POST /ajax/listarSalidasActivasEmitirBoleto.json HTTP/1.1" 200 3886
190.148.50.68 - - [21/Mar/2025:11:33:00 -0600] "POST /ajax/listarClientesPaginando.json HTTP/1.1" 200 379
24.152.55.20 - - [21/Mar/2025:11:32:55 -0600] "POST /ajax/listarSalidasActivasEmitirBoleto.json HTTP/1.1" 200 774
200.119.178.44 - - [21/Mar/2025:11:32:57 -0600] "POST /cliente/crear.html HTTP/1.1" 200 146
45.229.40.249 - - [21/Mar/2025:11:33:06 -0600] "POST /login_check HTTP/1.1" 302 304
45.228.233.43 - - [21/Mar/2025:11:32:59 -0600] "POST /ajax/listarSalidasByFecha.html HTTP/1.1" 200 12329
190.148.50.68 - - [21/Mar/2025:11:33:02 -0600] "POST /ajax/listarClientesPaginando.json HTTP/1.1" 200 264
190.149.186.116 - - [21/Mar/2025:11:33:13 -0600] "POST /ajax/listarClientesPaginando.json HTTP/1.1" 200 85
190.148.193.146 - - [21/Mar/2025:11:33:13 -0600] "POST /ajax/listarSalidasActivasEmitirBoleto.json HTTP/1.1" 200 34
200.119.178.44 - - [21/Mar/2025:11:33:18 -0600] "POST /ajax/listarClientesPaginando.json HTTP/1.1" 200 68
181.189.154.32 - - [21/Mar/2025:11:33:14 -0600] "POST /ajax/listarDatosIniciales.json HTTP/1.1" 200 60
24.152.55.20 - - [21/Mar/2025:11:33:18 -0600] "POST /ajax/listarDatosIniciales.json HTTP/1.1" 200 60
45.229.40.249 - - [21/Mar/2025:11:33:35 -0600] "GET / HTTP/1.1" 302 464
45.229.40.48 - - [21/Mar/2025:11:33:21 -0600] "POST /ajax/getSeriesActivaPorEstacion.json HTTP/1.1" 200 106
190.148.50.68 - - [21/Mar/2025:11:33:25 -0600] "POST /ajax/getSeriesActivaPorEstacion.json HTTP/1.1" 200 116
190.148.193.146 - - [21/Mar/2025:11:33:17 -0600] "GET /caja/crear.html HTTP/1.1" 200 3206
190.148.50.68 - - [21/Mar/2025:11:33:05 -0600] "POST /ajax/listarClientesPaginando.json HTTP/1.1" 200 14
200.119.178.55 - - [21/Mar/2025:11:32:58 -0600] "POST /ajax/getInformacionPorSalida.json HTTP/1.1" 200 10216
190.56.50.86 - - [21/Mar/2025:11:33:10 -0600] "POST /ajax/listarSalidasActivasEmitirBoleto.json HTTP/1.1" 200 25458
24.152.55.20 - - [21/Mar/2025:11:33:25 -0600] "POST /ajax/listarSalidasActivasEmitirBoleto.json HTTP/1.1" 200 34
45.229.40.249 - - [21/Mar/2025:11:33:39 -0600] "GET /login HTTP/1.1" 200 2752
45.229.40.249 - - [21/Mar/2025:11:33:19 -0600] "GET / HTTP/1.1" 200 34182
200.59.28.77 - - [21/Mar/2025:11:33:09 -0600] "POST /boleto/chequearBoleto2.html HTTP/1.1" 200 79
24.152.55.4 - - [21/Mar/2025:11:33:10 -0600] "POST /encomienda/listarEncomiendas.json HTTP/1.1" 200 8948
190.148.193.146 - - [21/Mar/2025:11:33:35 -0600] "POST /ajax/listarDatosIniciales.json HTTP/1.1" 200 40
190.56.50.86 - - [21/Mar/2025:11:33:13 -0600] "GET /ajax/listarClientesPaginando.json?term=itama&page_limit=5&_=1742578331453 HTTP/1.1" 200 272
45.229.40.249 - - [21/Mar/2025:11:33:29 -0600] "POST /login_check HTTP/1.1" 302 324
45.229.40.48 - - [21/Mar/2025:11:33:40 -0600] "POST /ajax/calcularImporteTotalMonedaBaseEncomienda.json HTTP/1.1" 200 37
190.148.50.68 - - [21/Mar/2025:11:33:41 -0600] "POST /ajax/calcularImporteTotalMonedaBaseEncomienda.json HTTP/1.1" 200 37
190.56.50.86 - - [21/Mar/2025:11:33:43 -0600] "POST /ajax/listarDatosIniciales.json HTTP/1.1" 200 40
190.148.50.68 - - [21/Mar/2025:11:33:44 -0600] "GET /cliente/crear.html HTTP/1.1" 200 10439
45.229.40.249 - - [21/Mar/2025:11:33:45 -0600] "POST /login_check HTTP/1.1" 302 304
45.228.233.43 - - [21/Mar/2025:11:33:42 -0600] "POST /ajax/getInformacionPorSalida.json HTTP/1.1" 200 5679
200.119.178.44 - - [21/Mar/2025:11:33:41 -0600] "POST /ajax/getInformacionPorSalida.json HTTP/1.1" 200 8097
200.119.178.55 - - [21/Mar/2025:11:33:51 -0600] "GET /ajax/consultarAsientoSalida.json?idSalida=4942985&numeroAsiento=45 HTTP/1.1" 200 12
186.151.119.9 - - [21/Mar/2025:11:33:52 -0600] "GET /ajax/listarClientesPaginando.json?term=WI&page_limit=5&_=1742577485712 HTTP/1.1" 200 262
45.229.40.249 - - [21/Mar/2025:11:33:49 -0600] "GET / HTTP/1.1" 200 34182
186.151.119.9 - - [21/Mar/2025:11:33:55 -0600] "GET /ajax/listarClientesPaginando.json?term=WILDER+RE&page_limit=5&_=1742577485713 HTTP/1.1" 200 244
190.56.50.86 - - [21/Mar/2025:11:33:54 -0600] "POST /ajax/listarSalidasActivasEmitirBoleto.json HTTP/1.1" 200 3886
24.152.55.20 - - [21/Mar/2025:11:33:54 -0600] "POST /ajax/listarSalidasActivasEmitirBoleto.json HTTP/1.1" 200 6180
45.229.40.249 - - [21/Mar/2025:11:33:57 -0600] "GET /salida/consultar2.html HTTP/1.1" 200 10775
190.56.50.86 - - [21/Mar/2025:11:33:58 -0600] "POST /ajax/listarDatosIniciales.json HTTP/1.1" 200 40
186.151.119.9 - - [21/Mar/2025:11:33:59 -0600] "GET /ajax/listarClientesPaginando.json?term=WILDER+REVO&page_limit=5&_=1742577485714 HTTP/1.1" 200 62
190.148.50.68 - - [21/Mar/2025:11:33:58 -0600] "POST /cliente/crear.html HTTP/1.1" 200 146
45.229.40.249 - - [21/Mar/2025:11:34:00 -0600] "POST /ajax/listarSalidasByFecha.html HTTP/1.1" 200 14998
190.148.50.68 - - [21/Mar/2025:11:33:51 -0600] "POST /encomienda/registrarEncomienda.html HTTP/1.1" 200 1216
200.119.178.44 - - [21/Mar/2025:11:34:02 -0600] "POST /ajax/calcularImporteTotalMonedaBase.json HTTP/1.1" 200 50
190.148.50.68 - - [21/Mar/2025:11:34:08 -0600] "POST /ajax/listarClientesPaginando.json HTTP/1.1" 200 58
45.228.234.105 - - [21/Mar/2025:11:34:14 -0600] "GET / HTTP/1.1" 302 464
24.152.55.20 - - [21/Mar/2025:11:34:09 -0600] "GET /ajax/listarClientesPaginando.json?term=2373&page_limit=5&_=1742578117036 HTTP/1.1" 200 350
45.228.234.105 - - [21/Mar/2025:11:34:16 -0600] "GET /login HTTP/1.1" 200 2752
200.119.178.55 - - [21/Mar/2025:11:33:58 -0600] "POST /autorizacioncortesia/creaBoletosAutorizacionCortesia.html HTTP/1.1" 200 260
190.148.193.146 - - [21/Mar/2025:11:34:10 -0600] "POST /caja/crear.html HTTP/1.1" 200 79
24.152.55.20 - - [21/Mar/2025:11:34:12 -0600] "GET /ajax/listarClientesPaginando.json?term=237375567&page_limit=5&_=1742578117037 HTTP/1.1" 200 94
190.148.50.68 - - [21/Mar/2025:11:34:15 -0600] "GET /encomienda/registrarEncomienda.html HTTP/1.1" 200 32558
190.143.185.128 - - [21/Mar/2025:11:34:20 -0600] "POST /login_check HTTP/1.1" 302 304
186.151.119.9 - - [21/Mar/2025:11:34:12 -0600] "POST /ajax/calcularImporteTotalMonedaBase.json HTTP/1.1" 200 50
200.59.28.77 - - [21/Mar/2025:11:34:11 -0600] "POST /ajax/listarBoletosAChequear.html HTTP/1.1" 200 4819
45.229.40.249 - - [21/Mar/2025:11:34:14 -0600] "POST /ajax/listarSalidasByFecha.html HTTP/1.1" 200 12329
45.229.40.48 - - [21/Mar/2025:11:33:58 -0600] "POST /encomienda/registrarEncomienda.html HTTP/1.1" 200 1201
190.148.50.68 - - [21/Mar/2025:11:34:24 -0600] "POST /ajax/getRutasPorEstacion.json HTTP/1.1" 200 2290
13.89.207.52 - - [21/Mar/2025:11:34:33 -0600] "HEAD / HTTP/1.1" 302 -
190.148.193.146 - - [21/Mar/2025:11:34:24 -0600] "GET /caja/ HTTP/1.1" 200 4879
13.89.207.52 - - [21/Mar/2025:11:34:37 -0600] "HEAD /login HTTP/1.1" 200 -
45.229.40.48 - - [21/Mar/2025:11:34:32 -0600] "GET /encomienda/registrarEncomienda.html HTTP/1.1" 200 32558
190.56.50.86 - - [21/Mar/2025:11:34:18 -0600] "POST /ajax/getInformacionPorSalida.json HTTP/1.1" 200 9170
200.119.178.55 - - [21/Mar/2025:11:34:21 -0600] "POST /ajax/print/voucherBoleto.pdf HTTP/1.1" 200 712
45.228.234.105 - - [21/Mar/2025:11:34:36 -0600] "POST /login_check HTTP/1.1" 302 304
190.143.185.128 - - [21/Mar/2025:11:34:29 -0600] "GET / HTTP/1.1" 200 34419
45.228.233.43 - - [21/Mar/2025:11:34:29 -0600] "GET /ajax/consultarAsientoSalida.json?idSalida=4891817&numeroAsiento=4 HTTP/1.1" 200 429
190.148.193.146 - - [21/Mar/2025:11:34:39 -0600] "POST /caja/listarCajas.json HTTP/1.1" 200 417
190.148.50.68 - - [21/Mar/2025:11:34:42 -0600] "POST /ajax/listarMonedasCajasAbiertas.json HTTP/1.1" 200 41
190.148.50.68 - - [21/Mar/2025:11:34:41 -0600] "POST /ajax/getEstacionesDestinosPorRuta.json HTTP/1.1" 200 963
200.119.178.55 - - [21/Mar/2025:11:34:44 -0600] "GET /autorizacioncortesia/creaBoletosAutorizacionCortesia.html HTTP/1.1" 200 18441
200.119.178.44 - - [21/Mar/2025:11:34:20 -0600] "POST /boleto/emitirBoletos.html HTTP/1.1" 200 770
45.229.40.48 - - [21/Mar/2025:11:34:48 -0600] "POST /ajax/listarMonedasCajasAbiertas.json HTTP/1.1" 200 41
45.229.40.249 - - [21/Mar/2025:11:34:34 -0600] "POST /ajax/getInformacionPorSalida.json HTTP/1.1" 200 6686
186.151.119.120 - - [21/Mar/2025:11:34:46 -0600] "GET /boleto/emitirBoletos.html HTTP/1.1" 200 28912
24.152.55.20 - - [21/Mar/2025:11:34:35 -0600] "POST /ajax/getInformacionPorSalida.json HTTP/1.1" 200 6096
45.228.234.105 - - [21/Mar/2025:11:34:43 -0600] "GET / HTTP/1.1" 200 34069
200.119.178.55 - - [21/Mar/2025:11:34:55 -0600] "POST /ajax/listarSalidas.json HTTP/1.1" 200 4180
200.119.178.44 - - [21/Mar/2025:11:34:55 -0600] "GET /boleto/emitirBoletos.html HTTP/1.1" 200 29012
186.151.119.120 - - [21/Mar/2025:11:34:56 -0600] "POST /ajax/listarSalidasActivasEmitirBoleto.json HTTP/1.1" 200 2913
190.56.50.86 - - [21/Mar/2025:11:35:00 -0600] "GET /cliente/crear.html HTTP/1.1" 200 10439
45.228.233.43 - - [21/Mar/2025:11:34:55 -0600] "GET /ajax/consultarAsientoSalida.json?idSalida=4891817&numeroAsiento=3 HTTP/1.1" 200 429
200.119.178.55 - - [21/Mar/2025:11:35:05 -0600] "GET /boleto/emitirBoletos.html HTTP/1.1" 200 29032
186.151.119.120 - - [21/Mar/2025:11:35:06 -0600] "POST /ajax/listarDatosIniciales.json HTTP/1.1" 200 61
45.229.40.249 - - [21/Mar/2025:11:35:07 -0600] "GET /ajax/consultarAsientoSalida.json?idSalida=4932753&numeroAsiento=31 HTTP/1.1" 200 457
186.151.119.9 - - [21/Mar/2025:11:34:41 -0600] "POST /boleto/emitirBoletos.html HTTP/1.1" 200 812
24.152.55.20 - - [21/Mar/2025:11:35:10 -0600] "POST /ajax/calcularImporteTotalMonedaBase.json HTTP/1.1" 200 50
200.119.178.55 - - [21/Mar/2025:11:35:10 -0600] "POST /ajax/listarSalidasActivasEmitirBoleto.json HTTP/1.1" 200 7710
190.56.50.86 - - [21/Mar/2025:11:35:11 -0600] "POST /cliente/crear.html HTTP/1.1" 200 146
186.151.119.9 - - [21/Mar/2025:11:35:12 -0600] "GET /boleto/emitirBoletos.html HTTP/1.1" 200 28939
200.119.178.55 - - [21/Mar/2025:11:35:14 -0600] "POST /ajax/listarDatosIniciales.json HTTP/1.1" 200 60
186.151.119.120 - - [21/Mar/2025:11:35:13 -0600] "POST /ajax/getInformacionPorSalida.json HTTP/1.1" 200 7390
190.148.50.68 - - [21/Mar/2025:11:35:15 -0600] "POST /ajax/listarTipoEncomiendaEspecialPaginando.json HTTP/1.1" 200 650
190.143.185.128 - - [21/Mar/2025:11:35:15 -0600] "GET /autorizacioninterna/crear.html HTTP/1.1" 200 2730
200.119.178.55 - - [21/Mar/2025:11:35:15 -0600] "GET /ajax/listarClientesPaginando.json?term=DENIS+LOPEZ&page_limit=5&_=1742566059498 HTTP/1.1" 200 215
190.56.50.86 - - [21/Mar/2025:11:35:16 -0600] "POST /ajax/listarClientesPaginando.json HTTP/1.1" 200 52
24.152.55.4 - - [21/Mar/2025:11:35:15 -0600] "GET /boleto/emitirBoletos.html HTTP/1.1" 200 28910
186.151.119.9 - - [21/Mar/2025:11:35:17 -0600] "POST /ajax/listarSalidasActivasEmitirBoleto.json HTTP/1.1" 200 34
190.148.50.68 - - [21/Mar/2025:11:35:21 -0600] "POST /ajax/listarTipoEncomiendaEspecialPaginando.json HTTP/1.1" 200 25
186.151.119.9 - - [21/Mar/2025:11:35:21 -0600] "POST /ajax/listarDatosIniciales.json HTTP/1.1" 200 61
24.152.55.4 - - [21/Mar/2025:11:35:21 -0600] "POST /ajax/listarSalidasActivasEmitirBoleto.json HTTP/1.1" 200 1168
190.148.50.68 - - [21/Mar/2025:11:35:23 -0600] "POST /ajax/listarTipoEncomiendaEspecialPaginando.json HTTP/1.1" 200 58
24.152.55.4 - - [21/Mar/2025:11:35:25 -0600] "POST /ajax/listarDatosIniciales.json HTTP/1.1" 200 60
45.229.40.249 - - [21/Mar/2025:11:35:28 -0600] "GET /ajax/consultarAsientoSalida.json?idSalida=4932753&numeroAsiento=32 HTTP/1.1" 200 457
24.152.55.4 - - [21/Mar/2025:11:35:30 -0600] "GET /ajax/listarClientesPaginando.json?term=WALTER+BURGOS+&page_limit=5&_=1742578332070 HTTP/1.1" 200 243
24.152.55.20 - - [21/Mar/2025:11:35:21 -0600] "POST /boleto/emitirBoletos.html HTTP/1.1" 200 1002
190.148.50.68 - - [21/Mar/2025:11:35:32 -0600] "POST /ajax/getSeriesActivaPorEstacion.json HTTP/1.1" 200 116
200.119.178.55 - - [21/Mar/2025:11:35:27 -0600] "POST /ajax/getInformacionPorSalida.json HTTP/1.1" 200 10712
190.56.50.86 - - [21/Mar/2025:11:35:33 -0600] "POST /ajax/calcularImporteTotalMonedaBase.json HTTP/1.1" 200 52
190.148.50.68 - - [21/Mar/2025:11:35:35 -0600] "POST /ajax/calcularImporteTotalMonedaBaseEncomienda.json HTTP/1.1" 200 37
24.152.55.20 - - [21/Mar/2025:11:35:34 -0600] "GET /boleto/emitirBoletos.html HTTP/1.1" 200 28904
24.152.55.4 - - [21/Mar/2025:11:35:36 -0600] "POST /ajax/listarSalidasActivasEmitirBoleto.json HTTP/1.1" 200 7710
45.229.40.249 - - [21/Mar/2025:11:35:38 -0600] "GET /boleto/emitirBoletos.html HTTP/1.1" 200 28905
24.152.55.20 - - [21/Mar/2025:11:35:38 -0600] "POST /ajax/listarSalidasActivasEmitirBoleto.json HTTP/1.1" 200 774
190.56.50.86 - - [21/Mar/2025:11:35:38 -0600] "POST /boleto/emitirBoletosAgencia.html HTTP/1.1" 200 260
45.229.40.249 - - [21/Mar/2025:11:35:41 -0600] "POST /ajax/listarSalidasActivasEmitirBoleto.json HTTP/1.1" 200 34
