190.106.209.211 - - [21/Mar/2025:11:46:02 -0600] "GET /js/printjs/JsBarcode.all.min.js?v=2.5 HTTP/1.1" 200 60818
190.106.209.211 - - [21/Mar/2025:11:46:02 -0600] "GET /js/printjs/print.min.js?v=2.5 HTTP/1.1" 200 11952
190.106.209.211 - - [21/Mar/2025:11:46:02 -0600] "GET /js/printjs/fdn.js?v=2.5 HTTP/1.1" 200 16776
190.106.209.211 - - [21/Mar/2025:11:46:03 -0600] "GET /images/loader/ajax-barra.gif?v=2.5 HTTP/1.1" 200 2892
190.106.209.211 - - [21/Mar/2025:11:46:03 -0600] "GET /images/glyphicons-halflings.png HTTP/1.1" 200 12799
190.106.209.211 - - [21/Mar/2025:11:45:56 -0600] "GET / HTTP/1.1" 200 34065
190.106.209.211 - - [21/Mar/2025:11:46:02 -0600] "GET /js/frontend.js?v=2.5 HTTP/1.1" 200 927002
190.106.209.211 - - [21/Mar/2025:11:46:05 -0600] "GET /images/loader/wait.gif?v=2.5 HTTP/1.1" 200 1787
186.151.119.58 - - [21/Mar/2025:11:46:02 -0600] "POST /ajax/listarSalidasActivasEmitirBoleto.json HTTP/1.1" 200 2913
190.106.209.211 - - [21/Mar/2025:11:46:05 -0600] "GET /salida/consultar3.html HTTP/1.1" 200 2821
190.148.193.146 - - [21/Mar/2025:11:46:03 -0600] "GET /ajax/consultarAsientoSalida.json?idSalida=4891863&numeroAsiento=13 HTTP/1.1" 200 455
181.189.154.32 - - [21/Mar/2025:11:46:08 -0600] "POST /ajax/calcularImporteTotalMonedaBase.json HTTP/1.1" 200 49
200.119.178.55 - - [21/Mar/2025:11:46:02 -0600] "POST /boleto/emitirBoletos.html HTTP/1.1" 200 754
190.106.209.211 - - [21/Mar/2025:11:46:09 -0600] "POST /ajax/listarSalidasByFecha2.json HTTP/1.1" 200 21024
190.148.193.146 - - [21/Mar/2025:11:46:14 -0600] "GET /ajax/consultarAsientoSalida.json?idSalida=4891863&numeroAsiento=14 HTTP/1.1" 200 455
186.151.119.58 - - [21/Mar/2025:11:46:14 -0600] "POST /ajax/getInformacionPorSalida.json HTTP/1.1" 200 10459
200.119.178.55 - - [21/Mar/2025:11:46:16 -0600] "GET /boleto/emitirBoletos.html HTTP/1.1" 200 29032
186.151.119.120 - - [21/Mar/2025:11:46:20 -0600] "POST /ajax/calcularImporteTotalMonedaBase.json HTTP/1.1" 200 50
190.149.186.116 - - [21/Mar/2025:11:46:21 -0600] "GET /logout HTTP/1.1" 302 444
190.149.186.116 - - [21/Mar/2025:11:46:24 -0600] "GET / HTTP/1.1" 302 464
200.119.178.55 - - [21/Mar/2025:11:46:21 -0600] "POST /ajax/listarSalidasActivasEmitirBoleto.json HTTP/1.1" 200 7710
190.149.186.116 - - [21/Mar/2025:11:46:27 -0600] "GET /login HTTP/1.1" 200 2752
190.148.193.146 - - [21/Mar/2025:11:46:24 -0600] "GET /ajax/consultarAsientoSalida.json?idSalida=4891863&numeroAsiento=16 HTTP/1.1" 200 455
200.119.178.55 - - [21/Mar/2025:11:46:29 -0600] "POST /ajax/listarDatosIniciales.json HTTP/1.1" 200 60
181.189.154.32 - - [21/Mar/2025:11:46:20 -0600] "POST /boleto/emitirBoletos.html HTTP/1.1" 200 833
45.229.40.48 - - [21/Mar/2025:11:46:36 -0600] "POST /encomienda/entregaMultipleEncomienda.html HTTP/1.1" 200 476
181.189.154.32 - - [21/Mar/2025:11:46:39 -0600] "GET /boleto/emitirBoletos.html HTTP/1.1" 200 29021
190.106.209.211 - - [21/Mar/2025:11:46:42 -0600] "GET /logout HTTP/1.1" 302 444
190.106.209.211 - - [21/Mar/2025:11:46:44 -0600] "GET / HTTP/1.1" 302 464
190.148.193.146 - - [21/Mar/2025:11:46:41 -0600] "POST /ajax/getInformacionPorSalida.json HTTP/1.1" 200 5378
190.106.209.211 - - [21/Mar/2025:11:46:44 -0600] "GET /login HTTP/1.1" 200 2752
181.189.154.32 - - [21/Mar/2025:11:46:43 -0600] "POST /ajax/listarSalidasActivasEmitirBoleto.json HTTP/1.1" 200 3886
190.148.50.68 - - [21/Mar/2025:11:46:45 -0600] "POST /ajax/listarClientesPaginando.json HTTP/1.1" 200 327
186.151.119.120 - - [21/Mar/2025:11:46:26 -0600] "POST /boleto/emitirBoletos.html HTTP/1.1" 200 787
190.148.50.68 - - [21/Mar/2025:11:46:46 -0600] "POST /ajax/listarClientesPaginando.json HTTP/1.1" 200 387
45.229.40.48 - - [21/Mar/2025:11:46:44 -0600] "POST /ajax/listarEncomiendasPendientesEntrega.json HTTP/1.1" 200 22554
181.189.154.32 - - [21/Mar/2025:11:46:48 -0600] "POST /ajax/listarDatosIniciales.json HTTP/1.1" 200 60
45.228.233.43 - - [21/Mar/2025:11:46:49 -0600] "GET /cliente/crear.html HTTP/1.1" 200 10439
190.148.50.68 - - [21/Mar/2025:11:46:47 -0600] "POST /ajax/listarClientesPaginando.json HTTP/1.1" 200 238
186.151.119.120 - - [21/Mar/2025:11:46:52 -0600] "GET /boleto/emitirBoletos.html HTTP/1.1" 200 28912
190.148.50.68 - - [21/Mar/2025:11:46:48 -0600] "POST /ajax/listarClientesPaginando.json HTTP/1.1" 200 125
190.148.193.146 - - [21/Mar/2025:11:46:55 -0600] "POST /ajax/getInformacionPorSalida.json HTTP/1.1" 200 5378
186.151.119.120 - - [21/Mar/2025:11:46:59 -0600] "POST /ajax/listarSalidasActivasEmitirBoleto.json HTTP/1.1" 200 2913
186.151.119.120 - - [21/Mar/2025:11:47:03 -0600] "POST /ajax/listarDatosIniciales.json HTTP/1.1" 200 61
200.119.178.55 - - [21/Mar/2025:11:47:01 -0600] "POST /ajax/getInformacionPorSalida.json HTTP/1.1" 200 5667
200.119.178.44 - - [21/Mar/2025:11:47:06 -0600] "POST /reportes/manifiestoBoletoFull2.html HTTP/1.1" 200 117
200.119.178.44 - - [21/Mar/2025:11:47:09 -0600] "GET /reporte/egonzalez_2025.03.21_11.47.07_67dda61b15d51.pdf?v=2.5 HTTP/1.1" 200 1996
200.119.178.55 - - [21/Mar/2025:11:47:11 -0600] "GET /ajax/listarClientesPaginando.json?term=160&page_limit=5&_=1742566059502 HTTP/1.1" 200 350
189.250.1.222 - - [21/Mar/2025:11:47:12 -0600] "GET /logout HTTP/1.1" 302 444
189.250.1.222 - - [21/Mar/2025:11:47:13 -0600] "GET / HTTP/1.1" 302 464
200.119.178.55 - - [21/Mar/2025:11:47:13 -0600] "GET /ajax/listarClientesPaginando.json?term=16010108&page_limit=5&_=1742566059503 HTTP/1.1" 200 84
189.250.1.222 - - [21/Mar/2025:11:47:14 -0600] "GET /login HTTP/1.1" 200 2752
45.233.66.14 - - [21/Mar/2025:11:47:16 -0600] "POST /login_check HTTP/1.1" 302 304
45.233.66.14 - - [21/Mar/2025:11:47:17 -0600] "GET / HTTP/1.1" 200 34075
181.78.50.47 - - [21/Mar/2025:11:47:18 -0600] "GET /salida/ HTTP/1.1" 304 -
190.148.193.146 - - [21/Mar/2025:11:47:22 -0600] "GET /boleto/emitirBoletos.html HTTP/1.1" 200 28892
45.233.66.14 - - [21/Mar/2025:11:47:23 -0600] "GET /boleto/emitirBoletos.html HTTP/1.1" 200 28914
181.78.50.47 - - [21/Mar/2025:11:47:23 -0600] "POST /salida/listarSalidas.json HTTP/1.1" 200 1572
190.148.193.146 - - [21/Mar/2025:11:47:25 -0600] "POST /ajax/listarSalidasActivasEmitirBoleto.json HTTP/1.1" 200 34
45.233.66.14 - - [21/Mar/2025:11:47:26 -0600] "POST /ajax/listarSalidasActivasEmitirBoleto.json HTTP/1.1" 200 261
45.228.233.43 - - [21/Mar/2025:11:47:26 -0600] "POST /cliente/crear.html HTTP/1.1" 200 146
190.148.193.146 - - [21/Mar/2025:11:47:28 -0600] "POST /ajax/listarDatosIniciales.json HTTP/1.1" 200 61
190.148.193.146 - - [21/Mar/2025:11:47:29 -0600] "GET /ajax/listarClientesPaginando.json?term=JUAN+PAL&page_limit=5&_=1742578372118 HTTP/1.1" 200 248
45.228.233.43 - - [21/Mar/2025:11:47:30 -0600] "POST /ajax/listarClientesPaginando.json HTTP/1.1" 200 81
45.233.66.14 - - [21/Mar/2025:11:47:30 -0600] "POST /ajax/listarDatosIniciales.json HTTP/1.1" 200 61
190.148.193.146 - - [21/Mar/2025:11:47:30 -0600] "GET /ajax/listarClientesPaginando.json?term=JUAN+PALMA&page_limit=5&_=1742578372119 HTTP/1.1" 200 228
190.148.50.68 - - [21/Mar/2025:11:47:31 -0600] "GET /cliente/crear.html HTTP/1.1" 200 10439
181.189.154.32 - - [21/Mar/2025:11:47:33 -0600] "POST /login_check HTTP/1.1" 302 304
45.233.66.14 - - [21/Mar/2025:11:47:33 -0600] "POST /ajax/listarSalidasActivasEmitirBoleto.json HTTP/1.1" 200 7710
190.148.193.146 - - [21/Mar/2025:11:47:36 -0600] "POST /ajax/listarSalidasActivasEmitirBoleto.json HTTP/1.1" 200 34
200.119.178.44 - - [21/Mar/2025:11:47:36 -0600] "POST /reportes/manifiestoBoletoFull2.html HTTP/1.1" 200 117
200.119.178.44 - - [21/Mar/2025:11:47:40 -0600] "GET /reporte/egonzalez_2025.03.21_11.47.38_67dda63a0c0b4.pdf?v=2.5 HTTP/1.1" 200 5839
181.189.154.32 - - [21/Mar/2025:11:47:35 -0600] "GET / HTTP/1.1" 200 35103
181.78.50.47 - - [21/Mar/2025:11:47:39 -0600] "POST /salida/listarSalidas.json HTTP/1.1" 200 3360
45.233.66.14 - - [21/Mar/2025:11:47:39 -0600] "POST /ajax/listarSalidasActivasEmitirBoleto.json HTTP/1.1" 200 6180
45.228.233.43 - - [21/Mar/2025:11:47:44 -0600] "POST /ajax/listarSalidasActivasEmitirBoleto.json HTTP/1.1" 200 34
181.189.154.32 - - [21/Mar/2025:11:47:43 -0600] "GET /boleto/ HTTP/1.1" 304 -
45.233.66.14 - - [21/Mar/2025:11:47:45 -0600] "POST /ajax/listarSalidasActivasEmitirBoleto.json HTTP/1.1" 200 7710
200.119.178.55 - - [21/Mar/2025:11:47:48 -0600] "POST /ajax/calcularImporteTotalMonedaBase.json HTTP/1.1" 200 50
186.151.119.58 - - [21/Mar/2025:11:47:50 -0600] "GET /ajax/listarClientesPaginando.json?term=AU&page_limit=5&_=1742578934086 HTTP/1.1" 200 275
190.148.193.146 - - [21/Mar/2025:11:47:50 -0600] "POST /ajax/listarSalidasActivasEmitirBoleto.json HTTP/1.1" 200 260
186.151.119.58 - - [21/Mar/2025:11:47:52 -0600] "GET /ajax/listarClientesPaginando.json?term=AUROR&page_limit=5&_=1742578934087 HTTP/1.1" 200 258
181.189.154.32 - - [21/Mar/2025:11:47:47 -0600] "POST /boleto/listarBoletos.json HTTP/1.1" 200 11224
186.151.119.89 - - [21/Mar/2025:11:47:54 -0600] "POST /login_check HTTP/1.1" 302 304
186.151.119.58 - - [21/Mar/2025:11:47:54 -0600] "GET /ajax/listarClientesPaginando.json?term=AURORA+ALVA&page_limit=5&_=1742578934088 HTTP/1.1" 200 266
181.78.50.47 - - [21/Mar/2025:11:47:54 -0600] "GET /salida/iniciar.html?id=4932856 HTTP/1.1" 200 146
186.151.119.58 - - [21/Mar/2025:11:47:57 -0600] "GET /ajax/listarClientesPaginando.json?term=AURORA+ALVARADO&page_limit=5&_=1742578934089 HTTP/1.1" 200 170
186.151.119.58 - - [21/Mar/2025:11:48:01 -0600] "GET /ajax/listarClientesPaginando.json?term=AURORA+ALVARADO+&page_limit=5&_=1742578934090 HTTP/1.1" 200 170
200.119.178.55 - - [21/Mar/2025:11:47:59 -0600] "POST /ajax/calcularImporteTotalMonedaBase.json HTTP/1.1" 200 50
186.151.119.120 - - [21/Mar/2025:11:47:54 -0600] "POST /ajax/getInformacionPorSalida.json HTTP/1.1" 200 6794
45.233.66.14 - - [21/Mar/2025:11:47:54 -0600] "POST /ajax/getInformacionPorSalida.json HTTP/1.1" 200 5951
186.151.119.89 - - [21/Mar/2025:11:47:58 -0600] "GET / HTTP/1.1" 200 34687
190.148.193.146 - - [21/Mar/2025:11:47:54 -0600] "POST /ajax/getInformacionPorSalida.json HTTP/1.1" 200 5242
45.228.233.43 - - [21/Mar/2025:11:48:04 -0600] "POST /ajax/listarSalidasActivasEmitirBoleto.json HTTP/1.1" 200 2520
181.78.50.47 - - [21/Mar/2025:11:48:07 -0600] "GET /salida/iniciar.html?id=4932858 HTTP/1.1" 200 146
190.149.4.98 - - [21/Mar/2025:11:48:08 -0600] "POST /ajax/calcularImporteTotalMonedaBase.json HTTP/1.1" 200 50
190.148.50.68 - - [21/Mar/2025:11:48:11 -0600] "POST /cliente/crear.html HTTP/1.1" 200 146
186.151.119.89 - - [21/Mar/2025:11:48:12 -0600] "GET /boleto/emitirBoletos.html HTTP/1.1" 200 28926
190.148.50.68 - - [21/Mar/2025:11:48:15 -0600] "POST /ajax/listarClientesPaginando.json HTTP/1.1" 200 77
186.151.119.89 - - [21/Mar/2025:11:48:16 -0600] "POST /ajax/listarSalidasActivasEmitirBoleto.json HTTP/1.1" 200 34
190.148.193.146 - - [21/Mar/2025:11:48:17 -0600] "POST /ajax/calcularImporteTotalMonedaBase.json HTTP/1.1" 200 50
186.151.119.89 - - [21/Mar/2025:11:48:18 -0600] "POST /ajax/listarDatosIniciales.json HTTP/1.1" 200 61
190.148.50.68 - - [21/Mar/2025:11:48:17 -0600] "POST /ajax/getRutasPorEstacion.json HTTP/1.1" 200 2290
181.189.154.32 - - [21/Mar/2025:11:48:12 -0600] "POST /boleto/listarBoletos.json HTTP/1.1" 200 755
181.78.50.47 - - [21/Mar/2025:11:48:20 -0600] "GET /salida/iniciar.html?id=4932859 HTTP/1.1" 200 2147
45.228.233.43 - - [21/Mar/2025:11:48:21 -0600] "POST /ajax/getInformacionPorSalida.json HTTP/1.1" 200 5870
186.151.119.89 - - [21/Mar/2025:11:48:22 -0600] "POST /ajax/listarSalidasActivasEmitirBoleto.json HTTP/1.1" 200 3145
186.151.119.120 - - [21/Mar/2025:11:48:23 -0600] "GET /ajax/listarClientesPaginando.json?term=8242&page_limit=5&_=1742563673726 HTTP/1.1" 200 328
186.151.119.120 - - [21/Mar/2025:11:48:25 -0600] "GET /ajax/listarClientesPaginando.json?term=8242472&page_limit=5&_=1742563673727 HTTP/1.1" 200 14
190.148.50.68 - - [21/Mar/2025:11:48:25 -0600] "POST /ajax/getEstacionesDestinosPorRuta.json HTTP/1.1" 200 723
181.189.154.32 - - [21/Mar/2025:11:48:24 -0600] "GET /boleto/reasignarBoleto.html?id=13713771 HTTP/1.1" 200 32911
190.148.193.146 - - [21/Mar/2025:11:48:22 -0600] "POST /boleto/emitirBoletos.html HTTP/1.1" 200 737
181.78.50.47 - - [21/Mar/2025:11:48:25 -0600] "POST /salida/iniciar.html HTTP/1.1" 200 79
181.189.154.32 - - [21/Mar/2025:11:48:31 -0600] "GET /ajax/listarClientesPaginando.json?id=5399081 HTTP/1.1" 200 75
190.149.4.98 - - [21/Mar/2025:11:48:28 -0600] "POST /boleto/emitirBoletos.html HTTP/1.1" 200 278
190.148.193.146 - - [21/Mar/2025:11:48:33 -0600] "GET /boleto/emitirBoletos.html HTTP/1.1" 200 28892
181.189.154.32 - - [21/Mar/2025:11:48:31 -0600] "POST /ajax/listarSalidasActivasReasignarBoleto.json HTTP/1.1" 200 7260
181.78.50.47 - - [21/Mar/2025:11:48:33 -0600] "POST /salida/listarSalidas.json HTTP/1.1" 200 2959
190.149.4.98 - - [21/Mar/2025:11:48:37 -0600] "POST /ajax/print/voucherBoleto.pdf HTTP/1.1" 200 675
186.151.119.120 - - [21/Mar/2025:11:48:37 -0600] "GET /ajax/listarClientesPaginando.json?term=8242372&page_limit=5&_=1742563673728 HTTP/1.1" 200 91
190.148.193.146 - - [21/Mar/2025:11:48:39 -0600] "POST /ajax/listarSalidasActivasEmitirBoleto.json HTTP/1.1" 200 34
190.149.4.98 - - [21/Mar/2025:11:48:40 -0600] "GET /boleto/emitirBoletos.html HTTP/1.1" 200 28885
190.148.193.146 - - [21/Mar/2025:11:48:41 -0600] "POST /ajax/listarDatosIniciales.json HTTP/1.1" 200 61
181.189.154.32 - - [21/Mar/2025:11:48:45 -0600] "POST /ajax/listarSalidasActivasReasignarBoleto.json HTTP/1.1" 200 3693
190.149.4.98 - - [21/Mar/2025:11:48:49 -0600] "POST /ajax/listarSalidasActivasEmitirBoleto.json HTTP/1.1" 200 328
190.149.4.98 - - [21/Mar/2025:11:48:52 -0600] "POST /ajax/listarDatosIniciales.json HTTP/1.1" 200 60
186.151.119.120 - - [21/Mar/2025:11:48:52 -0600] "POST /ajax/calcularImporteTotalMonedaBase.json HTTP/1.1" 200 50
200.119.178.55 - - [21/Mar/2025:11:48:26 -0600] "POST /boleto/emitirBoletos.html HTTP/1.1" 200 1986
200.119.178.55 - - [21/Mar/2025:11:48:55 -0600] "GET /boleto/emitirBoletos.html HTTP/1.1" 200 29032
181.189.154.32 - - [21/Mar/2025:11:48:57 -0600] "POST /ajax/getInformacionPorSalida.json HTTP/1.1" 200 8780
190.149.4.98 - - [21/Mar/2025:11:49:08 -0600] "GET /ajax/listarClientesPaginando.json?term=milton+manchame&page_limit=5&_=1742578991230 HTTP/1.1" 200 14
186.151.119.89 - - [21/Mar/2025:11:49:11 -0600] "-" 408 -
186.151.119.120 - - [21/Mar/2025:11:48:59 -0600] "POST /boleto/emitirBoletos.html HTTP/1.1" 200 817
190.148.50.68 - - [21/Mar/2025:11:49:03 -0600] "POST /ajax/getSeriesActivaPorEstacion.json HTTP/1.1" 200 116
181.189.154.32 - - [21/Mar/2025:11:49:08 -0600] "GET /ajax/consultarAsientoSalida.html?idSalida=4881288&numeroAsiento=17 HTTP/1.1" 200 2232
190.148.50.68 - - [21/Mar/2025:11:49:11 -0600] "POST /ajax/calcularImporteTotalMonedaBaseEncomienda.json HTTP/1.1" 200 37
186.151.119.120 - - [21/Mar/2025:11:49:11 -0600] "GET /boleto/emitirBoletos.html HTTP/1.1" 200 28912
200.119.178.55 - - [21/Mar/2025:11:49:11 -0600] "POST /ajax/listarSalidasActivasEmitirBoleto.json HTTP/1.1" 200 7710
190.149.4.98 - - [21/Mar/2025:11:49:14 -0600] "GET /ajax/listarClientesPaginando.json?term=milton+manchame+acei&page_limit=5&_=1742578991231 HTTP/1.1" 200 14
186.151.119.120 - - [21/Mar/2025:11:49:14 -0600] "POST /ajax/listarSalidasActivasEmitirBoleto.json HTTP/1.1" 200 2913
200.119.178.55 - - [21/Mar/2025:11:49:15 -0600] "POST /ajax/listarDatosIniciales.json HTTP/1.1" 200 60
190.149.4.98 - - [21/Mar/2025:11:49:17 -0600] "GET /ajax/listarClientesPaginando.json?term=milton+manchame+aceituno&page_limit=5&_=1742578991232 HTTP/1.1" 200 14
45.229.40.48 - - [21/Mar/2025:11:49:13 -0600] "POST /encomienda/entregaMultipleEncomienda.html HTTP/1.1" 200 492
186.151.119.120 - - [21/Mar/2025:11:49:19 -0600] "POST /ajax/listarDatosIniciales.json HTTP/1.1" 200 61
190.149.4.98 - - [21/Mar/2025:11:49:24 -0600] "GET /cliente/crear.html HTTP/1.1" 200 10439
45.229.40.48 - - [21/Mar/2025:11:49:22 -0600] "POST /ajax/listarEncomiendasPendientesEntrega.json HTTP/1.1" 200 17388
190.149.166.106 - - [21/Mar/2025:11:49:22 -0600] "POST /ajax/getInformacionPorSalida.json HTTP/1.1" 200 3971
190.148.50.68 - - [21/Mar/2025:11:49:19 -0600] "POST /encomienda/registrarEncomienda.html HTTP/1.1" 200 1519
186.151.119.58 - - [21/Mar/2025:11:49:26 -0600] "POST /ajax/calcularImporteTotalMonedaBase.json HTTP/1.1" 200 50
190.148.50.68 - - [21/Mar/2025:11:49:29 -0600] "GET /encomienda/registrarEncomienda.html HTTP/1.1" 200 32558
181.189.154.32 - - [21/Mar/2025:11:49:30 -0600] "POST /ajax/calcularImporteTotalMonedaBase.json HTTP/1.1" 200 67
190.149.166.106 - - [21/Mar/2025:11:49:31 -0600] "GET /boleto/emitirBoletos.html HTTP/1.1" 200 29033
190.149.4.98 - - [21/Mar/2025:11:49:32 -0600] "POST /cliente/crear.html HTTP/1.1" 200 146
190.149.166.106 - - [21/Mar/2025:11:49:34 -0600] "POST /ajax/listarSalidasActivasEmitirBoleto.json HTTP/1.1" 200 3145
190.148.50.68 - - [21/Mar/2025:11:49:35 -0600] "POST /ajax/listarMonedasCajasAbiertas.json HTTP/1.1" 200 41
190.149.4.98 - - [21/Mar/2025:11:49:35 -0600] "POST /ajax/listarClientesPaginando.json HTTP/1.1" 200 70
181.189.154.32 - - [21/Mar/2025:11:49:33 -0600] "POST /boleto/reasignarBoleto.html HTTP/1.1" 200 260
190.149.166.106 - - [21/Mar/2025:11:49:38 -0600] "POST /ajax/listarDatosIniciales.json HTTP/1.1" 200 60
200.119.178.44 - - [21/Mar/2025:11:49:42 -0600] "POST /reportes/manifiestoBoletoFull2.html HTTP/1.1" 200 117
200.119.178.44 - - [21/Mar/2025:11:49:45 -0600] "GET /reporte/egonzalez_2025.03.21_11.49.43_67dda6b76a269.pdf?v=2.5 HTTP/1.1" 200 2672
181.189.154.32 - - [21/Mar/2025:11:49:43 -0600] "GET /boleto/ HTTP/1.1" 304 -
186.151.119.58 - - [21/Mar/2025:11:49:43 -0600] "POST /boleto/emitirBoletos.html HTTP/1.1" 200 775
181.189.154.32 - - [21/Mar/2025:11:49:47 -0600] "POST /boleto/listarBoletos.json HTTP/1.1" 200 11384
186.151.119.58 - - [21/Mar/2025:11:49:55 -0600] "GET /boleto/emitirBoletos.html HTTP/1.1" 200 28918
181.189.154.32 - - [21/Mar/2025:11:50:00 -0600] "POST /ajax/print/reimprimirFacturaBoleto HTTP/1.1" 200 718
186.151.119.89 - - [21/Mar/2025:11:50:11 -0600] "-" 408 -
200.119.178.44 - - [21/Mar/2025:11:50:12 -0600] "POST /reportes/manifiestoBoletoFull2.html HTTP/1.1" 200 117
200.119.178.44 - - [21/Mar/2025:11:50:15 -0600] "GET /reporte/egonzalez_2025.03.21_11.50.13_67dda6d50bb09.pdf?v=2.5 HTTP/1.1" 200 3754
24.152.55.20 - - [21/Mar/2025:11:50:12 -0600] "POST /ajax/getInformacionPorSalida.json HTTP/1.1" 200 3294
186.151.119.58 - - [21/Mar/2025:11:50:20 -0600] "POST /ajax/listarSalidasActivasEmitirBoleto.json HTTP/1.1" 200 34
181.189.154.32 - - [21/Mar/2025:11:50:20 -0600] "GET /boleto/emitirBoletos.html HTTP/1.1" 200 29032
186.151.119.58 - - [21/Mar/2025:11:50:22 -0600] "POST /ajax/listarDatosIniciales.json HTTP/1.1" 200 61
24.152.55.20 - - [21/Mar/2025:11:50:25 -0600] "POST /ajax/listarSalidasActivasEmitirBoleto.json HTTP/1.1" 200 1018
181.189.154.32 - - [21/Mar/2025:11:50:24 -0600] "POST /ajax/listarSalidasActivasEmitirBoleto.json HTTP/1.1" 200 7710
181.189.154.32 - - [21/Mar/2025:11:50:28 -0600] "GET /perfilUsuario.html HTTP/1.1" 200 3500
181.189.154.32 - - [21/Mar/2025:11:50:29 -0600] "POST /ajax/listarDatosIniciales.json HTTP/1.1" 200 39
181.189.154.32 - - [21/Mar/2025:11:50:33 -0600] "GET /cambiarEstacionUsuario.html HTTP/1.1" 200 1307
190.56.143.81 - - [21/Mar/2025:11:50:36 -0600] "-" 408 -
190.56.143.81 - - [21/Mar/2025:11:50:36 -0600] "-" 408 -
181.189.154.32 - - [21/Mar/2025:11:50:39 -0600] "POST /cambiarEstacionUsuario.html HTTP/1.1" 200 152
200.119.178.44 - - [21/Mar/2025:11:50:41 -0600] "POST /reportes/manifiestoBoletoFull2.html HTTP/1.1" 200 117
200.119.178.44 - - [21/Mar/2025:11:50:44 -0600] "GET /reporte/egonzalez_2025.03.21_11.50.42_67dda6f2d8c29.pdf?v=2.5 HTTP/1.1" 200 2456
181.189.154.32 - - [21/Mar/2025:11:50:43 -0600] "GET /perfilUsuario.html HTTP/1.1" 200 3495
45.229.40.48 - - [21/Mar/2025:11:50:43 -0600] "POST /encomienda/entregaMultipleEncomienda.html HTTP/1.1" 200 524
181.189.154.32 - - [21/Mar/2025:11:50:49 -0600] "GET /boleto/emitirBoletos.html HTTP/1.1" 200 29021
24.152.55.20 - - [21/Mar/2025:11:50:48 -0600] "POST /ajax/getInformacionPorSalida.json HTTP/1.1" 200 5444
45.229.40.48 - - [21/Mar/2025:11:50:51 -0600] "POST /ajax/listarEncomiendasPendientesEntrega.json HTTP/1.1" 200 11465
181.189.154.32 - - [21/Mar/2025:11:50:52 -0600] "POST /ajax/listarSalidasActivasEmitirBoleto.json HTTP/1.1" 200 3886
200.35.163.241 - - [21/Mar/2025:11:50:55 -0600] "GET /logout HTTP/1.1" 302 444
181.189.154.32 - - [21/Mar/2025:11:50:56 -0600] "POST /ajax/listarDatosIniciales.json HTTP/1.1" 200 60
181.78.50.47 - - [21/Mar/2025:11:50:55 -0600] "GET /boleto/emitirBoletos.html HTTP/1.1" 200 28884
200.35.163.241 - - [21/Mar/2025:11:50:59 -0600] "GET / HTTP/1.1" 302 464
186.151.119.58 - - [21/Mar/2025:11:50:58 -0600] "POST /ajax/listarSalidasActivasEmitirBoleto.json HTTP/1.1" 200 2913
200.35.163.241 - - [21/Mar/2025:11:51:01 -0600] "GET /login HTTP/1.1" 200 2752
181.78.50.47 - - [21/Mar/2025:11:51:00 -0600] "POST /ajax/listarSalidasActivasEmitirBoleto.json HTTP/1.1" 200 1018
181.189.154.32 - - [21/Mar/2025:11:50:59 -0600] "POST /ajax/getInformacionPorSalida.json HTTP/1.1" 200 8663
24.152.55.20 - - [21/Mar/2025:11:51:02 -0600] "POST /ajax/listarSalidasActivasEmitirBoleto.json HTTP/1.1" 200 1168
181.78.50.47 - - [21/Mar/2025:11:51:05 -0600] "POST /ajax/listarDatosIniciales.json HTTP/1.1" 200 60
186.151.119.89 - - [21/Mar/2025:11:51:11 -0600] "-" 408 -
181.78.50.47 - - [21/Mar/2025:11:51:07 -0600] "POST /ajax/getInformacionPorSalida.json HTTP/1.1" 200 5070
24.152.55.20 - - [21/Mar/2025:11:51:08 -0600] "POST /ajax/getInformacionPorSalida.json HTTP/1.1" 200 3433
200.119.178.44 - - [21/Mar/2025:11:51:11 -0600] "POST /salida/listarSalidas.json HTTP/1.1" 200 4458
186.151.119.58 - - [21/Mar/2025:11:51:12 -0600] "POST /ajax/getInformacionPorSalida.json HTTP/1.1" 200 7105
190.149.4.98 - - [21/Mar/2025:11:51:14 -0600] "POST /ajax/listarSalidasActivasEmitirBoleto.json HTTP/1.1" 200 7710
200.119.178.44 - - [21/Mar/2025:11:51:15 -0600] "POST /ajax/listarSalidasActivasEmitirBoleto.json HTTP/1.1" 200 20139
200.119.178.44 - - [21/Mar/2025:11:51:18 -0600] "POST /ajax/listarSalidasActivasEmitirBoleto.json HTTP/1.1" 200 714
200.119.178.44 - - [21/Mar/2025:11:51:20 -0600] "GET /cliente/crear.html HTTP/1.1" 200 10439
45.228.233.43 - - [21/Mar/2025:11:51:18 -0600] "POST /boleto/emitirBoletos.html HTTP/1.1" 200 260
200.119.178.44 - - [21/Mar/2025:11:51:24 -0600] "POST /reportes/manifiestoBoletoFull2.html HTTP/1.1" 200 117
200.119.178.44 - - [21/Mar/2025:11:51:28 -0600] "GET /reporte/egonzalez_2025.03.21_11.51.26_67dda71e22332.pdf?v=2.5 HTTP/1.1" 200 4971
186.151.119.120 - - [21/Mar/2025:11:51:23 -0600] "POST /ajax/getInformacionPorSalida.json HTTP/1.1" 200 8006
200.119.178.44 - - [21/Mar/2025:11:51:26 -0600] "POST /cliente/crear.html HTTP/1.1" 200 146
190.149.166.106 - - [21/Mar/2025:11:51:22 -0600] "POST /ajax/getInformacionPorSalida.json HTTP/1.1" 200 8976
24.152.55.20 - - [21/Mar/2025:11:51:27 -0600] "POST /ajax/listarSalidasActivasEmitirBoleto.json HTTP/1.1" 200 774
45.228.233.43 - - [21/Mar/2025:11:51:27 -0600] "POST /ajax/print/voucherBoleto.pdf HTTP/1.1" 200 663
200.119.178.44 - - [21/Mar/2025:11:51:31 -0600] "POST /ajax/listarClientesPaginando.json HTTP/1.1" 200 67
45.228.233.43 - - [21/Mar/2025:11:51:32 -0600] "GET /boleto/emitirBoletos.html HTTP/1.1" 200 28887
186.151.119.58 - - [21/Mar/2025:11:51:35 -0600] "GET /ajax/listarClientesPaginando.json?term=28269&page_limit=5&_=1742578934091 HTTP/1.1" 200 57
186.151.119.120 - - [21/Mar/2025:11:51:37 -0600] "GET /ajax/listarClientesPaginando.json?term=2102&page_limit=5&_=1742563673729 HTTP/1.1" 200 312
24.152.55.20 - - [21/Mar/2025:11:51:33 -0600] "POST /ajax/getInformacionPorSalida.json HTTP/1.1" 200 3294
186.151.119.58 - - [21/Mar/2025:11:51:37 -0600] "GET /ajax/listarClientesPaginando.json?term=2826&page_limit=5&_=1742578934092 HTTP/1.1" 200 348
45.228.233.43 - - [21/Mar/2025:11:51:41 -0600] "POST /ajax/listarSalidasActivasEmitirBoleto.json HTTP/1.1" 200 34
186.151.119.120 - - [21/Mar/2025:11:51:38 -0600] "GET /ajax/listarClientesPaginando.json?term=2102803&page_limit=5&_=1742563673730 HTTP/1.1" 200 75
200.119.178.44 - - [21/Mar/2025:11:51:34 -0600] "POST /ajax/getInformacionPorSalida.json HTTP/1.1" 200 6101
186.151.119.58 - - [21/Mar/2025:11:51:40 -0600] "GET /ajax/listarClientesPaginando.json?term=282659&page_limit=5&_=1742578934093 HTTP/1.1" 200 82
45.229.40.48 - - [21/Mar/2025:11:51:36 -0600] "POST /encomienda/entregaMultipleEncomienda.html HTTP/1.1" 200 444
45.228.233.43 - - [21/Mar/2025:11:51:49 -0600] "POST /ajax/listarDatosIniciales.json HTTP/1.1" 200 60
186.151.119.58 - - [21/Mar/2025:11:51:41 -0600] "GET /ajax/listarClientesPaginando.json?term=28265998&page_limit=5&_=1742578934094 HTTP/1.1" 200 82
24.152.55.20 - - [21/Mar/2025:11:51:52 -0600] "GET /ajax/listarClientesPaginando.json?term=225591782&page_limit=5&_=1742578117041 HTTP/1.1" 200 14
200.35.163.241 - - [21/Mar/2025:11:51:55 -0600] "-" 408 -
45.229.40.48 - - [21/Mar/2025:11:51:54 -0600] "POST /ajax/listarEncomiendasPendientesEntrega.json HTTP/1.1" 200 7390
24.152.55.20 - - [21/Mar/2025:11:51:57 -0600] "GET /cliente/crear.html HTTP/1.1" 200 10439
186.151.119.89 - - [21/Mar/2025:11:52:11 -0600] "-" 408 -
186.151.119.120 - - [21/Mar/2025:11:51:58 -0600] "POST /ajax/getInformacionPorSalida.json HTTP/1.1" 200 8006
190.149.166.106 - - [21/Mar/2025:11:51:58 -0600] "POST /ajax/getInformacionPorSalida.json HTTP/1.1" 200 8565
24.152.55.20 - - [21/Mar/2025:11:52:12 -0600] "POST /cliente/crear.html HTTP/1.1" 200 146
24.152.55.20 - - [21/Mar/2025:11:52:15 -0600] "POST /ajax/listarClientesPaginando.json HTTP/1.1" 200 89
186.151.119.120 - - [21/Mar/2025:11:52:14 -0600] "POST /ajax/calcularImporteTotalMonedaBase.json HTTP/1.1" 200 50
45.229.40.48 - - [21/Mar/2025:11:52:19 -0600] "POST /encomienda/entregaMultipleEncomienda.html HTTP/1.1" 200 300
190.149.166.106 - - [21/Mar/2025:11:52:26 -0600] "POST /ajax/listarSalidasActivasEmitirBoleto.json HTTP/1.1" 200 519
186.151.119.58 - - [21/Mar/2025:11:52:29 -0600] "POST /ajax/calcularImporteTotalMonedaBase.json HTTP/1.1" 200 50
45.229.40.48 - - [21/Mar/2025:11:52:29 -0600] "POST /ajax/listarEncomiendasPendientesEntrega.json HTTP/1.1" 200 6249
190.149.166.91 - - [21/Mar/2025:11:52:34 -0600] "GET /boleto/emitirBoletos.html HTTP/1.1" 200 29034
186.151.119.120 - - [21/Mar/2025:11:52:28 -0600] "POST /boleto/emitirBoletos.html HTTP/1.1" 200 784
190.149.166.106 - - [21/Mar/2025:11:52:30 -0600] "POST /ajax/getInformacionPorSalida.json HTTP/1.1" 200 10471
190.149.166.91 - - [21/Mar/2025:11:52:40 -0600] "POST /ajax/listarSalidasActivasEmitirBoleto.json HTTP/1.1" 200 519
186.151.119.120 - - [21/Mar/2025:11:52:42 -0600] "GET /boleto/emitirBoletos.html HTTP/1.1" 200 28912
190.149.166.91 - - [21/Mar/2025:11:52:47 -0600] "POST /ajax/listarDatosIniciales.json HTTP/1.1" 200 61
186.151.119.58 - - [21/Mar/2025:11:52:40 -0600] "POST /boleto/emitirBoletos.html HTTP/1.1" 200 808
186.151.119.120 - - [21/Mar/2025:11:52:48 -0600] "POST /ajax/listarSalidasActivasEmitirBoleto.json HTTP/1.1" 200 2913
190.149.166.106 - - [21/Mar/2025:11:52:49 -0600] "GET /boleto/emitirBoletos.html HTTP/1.1" 200 29033
45.229.43.228 - - [21/Mar/2025:11:52:52 -0600] "GET /login HTTP/1.1" 200 2752
45.229.40.48 - - [21/Mar/2025:11:52:47 -0600] "POST /encomienda/entregaMultipleEncomienda.html HTTP/1.1" 200 300
186.151.119.58 - - [21/Mar/2025:11:52:53 -0600] "GET /boleto/emitirBoletos.html HTTP/1.1" 200 28918
186.151.119.120 - - [21/Mar/2025:11:52:54 -0600] "POST /ajax/listarDatosIniciales.json HTTP/1.1" 200 61
190.149.166.106 - - [21/Mar/2025:11:52:55 -0600] "POST /ajax/listarSalidasActivasEmitirBoleto.json HTTP/1.1" 200 3145
186.151.119.58 - - [21/Mar/2025:11:52:59 -0600] "POST /ajax/listarSalidasActivasEmitirBoleto.json HTTP/1.1" 200 34
45.229.40.48 - - [21/Mar/2025:11:52:58 -0600] "POST /ajax/listarEncomiendasPendientesEntrega.json HTTP/1.1" 200 5140
190.149.166.106 - - [21/Mar/2025:11:53:02 -0600] "POST /ajax/listarDatosIniciales.json HTTP/1.1" 200 60
186.151.119.58 - - [21/Mar/2025:11:53:03 -0600] "POST /ajax/listarDatosIniciales.json HTTP/1.1" 200 61
181.189.154.32 - - [21/Mar/2025:11:52:55 -0600] "POST /ajax/getInformacionPorSalida.json HTTP/1.1" 200 10702
200.119.178.55 - - [21/Mar/2025:11:53:04 -0600] "POST /ajax/getInformacionPorSalida.json HTTP/1.1" 200 6348
186.151.119.89 - - [21/Mar/2025:11:53:11 -0600] "-" 408 -
190.149.166.106 - - [21/Mar/2025:11:53:06 -0600] "POST /ajax/getInformacionPorSalida.json HTTP/1.1" 200 8976
200.119.178.44 - - [21/Mar/2025:11:53:12 -0600] "POST /reportes/manifiestoBoletoFull2.html HTTP/1.1" 200 117
200.119.178.44 - - [21/Mar/2025:11:53:15 -0600] "GET /reporte/egonzalez_2025.03.21_11.53.13_67dda789ae3e2.pdf?v=2.5 HTTP/1.1" 200 2938
200.119.178.55 - - [21/Mar/2025:11:53:15 -0600] "GET /ajax/listarClientesPaginando.json?term=ARTURO+GONZALEZ&page_limit=5&_=1742566059504 HTTP/1.1" 200 114
190.149.4.98 - - [21/Mar/2025:11:53:25 -0600] "POST /ajax/getInformacionPorSalida.json HTTP/1.1" 200 10101
24.152.55.20 - - [21/Mar/2025:11:53:30 -0600] "GET /ajax/listarClientesPaginando.json?term=7632&page_limit=5&_=1742578117042 HTTP/1.1" 200 429
24.152.55.20 - - [21/Mar/2025:11:53:33 -0600] "GET /ajax/listarClientesPaginando.json?term=7632495&page_limit=5&_=1742578117043 HTTP/1.1" 200 75
200.119.178.55 - - [21/Mar/2025:11:53:38 -0600] "POST /ajax/calcularImporteTotalMonedaBase.json HTTP/1.1" 200 50
200.119.178.44 - - [21/Mar/2025:11:53:38 -0600] "POST /reportes/manifiestoBoletoFull2.html HTTP/1.1" 200 117
200.119.178.44 - - [21/Mar/2025:11:53:41 -0600] "GET /reporte/egonzalez_2025.03.21_11.53.39_67dda7a365d71.pdf?v=2.5 HTTP/1.1" 200 5893
45.229.40.48 - - [21/Mar/2025:11:53:42 -0600] "GET /ajax/listarClientesPaginando.json?term=755670&page_limit=5&_=1742576656848 HTTP/1.1" 200 350
45.229.40.48 - - [21/Mar/2025:11:53:43 -0600] "GET /ajax/listarClientesPaginando.json?term=7556705&page_limit=5&_=1742576656849 HTTP/1.1" 200 221
200.119.178.55 - - [21/Mar/2025:11:53:46 -0600] "POST /login_check HTTP/1.1" 302 304
190.56.157.165 - - [21/Mar/2025:11:53:45 -0600] "GET /encomienda/registrarEncomienda.html HTTP/1.1" 200 32558
190.56.157.165 - - [21/Mar/2025:11:53:49 -0600] "POST /ajax/listarMonedasCajasAbiertas.json HTTP/1.1" 200 41
24.152.55.20 - - [21/Mar/2025:11:53:48 -0600] "POST /ajax/calcularImporteTotalMonedaBase.json HTTP/1.1" 200 50
45.229.43.228 - - [21/Mar/2025:11:53:52 -0600] "-" 408 -
200.119.178.55 - - [21/Mar/2025:11:53:48 -0600] "GET / HTTP/1.1" 200 34197
200.119.178.55 - - [21/Mar/2025:11:53:54 -0600] "GET /encomienda/registrarEncomienda.html HTTP/1.1" 200 32558
45.229.40.48 - - [21/Mar/2025:11:53:51 -0600] "POST /encomienda/entregaMultipleEncomienda.html HTTP/1.1" 200 1009
200.119.178.55 - - [21/Mar/2025:11:53:57 -0600] "POST /ajax/listarMonedasCajasAbiertas.json HTTP/1.1" 200 41
190.56.157.165 - - [21/Mar/2025:11:53:57 -0600] "POST /ajax/listarClientesPaginando.json HTTP/1.1" 200 115
200.119.178.55 - - [21/Mar/2025:11:54:00 -0600] "POST /ajax/listarTipoEncomiendaEspecialPaginando.json HTTP/1.1" 200 650
45.229.40.48 - - [21/Mar/2025:11:53:57 -0600] "POST /ajax/listarEncomiendasPendientesEntrega.json HTTP/1.1" 200 4778
190.56.157.165 - - [21/Mar/2025:11:54:06 -0600] "POST /ajax/listarClientesPaginando.json HTTP/1.1" 200 57
24.152.55.20 - - [21/Mar/2025:11:54:01 -0600] "POST /boleto/emitirBoletos.html HTTP/1.1" 200 787
24.152.55.20 - - [21/Mar/2025:11:54:09 -0600] "GET /boleto/emitirBoletos.html HTTP/1.1" 200 28904
24.152.55.20 - - [21/Mar/2025:11:54:14 -0600] "POST /ajax/listarSalidasActivasEmitirBoleto.json HTTP/1.1" 200 774
24.152.55.20 - - [21/Mar/2025:11:54:16 -0600] "POST /ajax/listarDatosIniciales.json HTTP/1.1" 200 60
200.119.178.55 - - [21/Mar/2025:11:54:16 -0600] "POST /ajax/getRutasPorEstacion.json HTTP/1.1" 200 2210
200.119.178.44 - - [21/Mar/2025:11:54:16 -0600] "POST /reportes/manifiestoBoletoFull2.html HTTP/1.1" 200 117
200.119.178.44 - - [21/Mar/2025:11:54:21 -0600] "GET /reporte/egonzalez_2025.03.21_11.54.18_67dda7cad218f.pdf?v=2.5 HTTP/1.1" 200 5538
200.119.178.55 - - [21/Mar/2025:11:54:21 -0600] "POST /ajax/getEstacionesDestinosPorRuta.json HTTP/1.1" 200 602
190.149.4.98 - - [21/Mar/2025:11:54:24 -0600] "POST /ajax/getInformacionPorSalida.json HTTP/1.1" 200 5794
200.119.178.55 - - [21/Mar/2025:11:54:27 -0600] "GET /cliente/crear.html HTTP/1.1" 200 10439
190.56.157.165 - - [21/Mar/2025:11:54:29 -0600] "POST /ajax/getRutasPorEstacion.json HTTP/1.1" 200 2136
45.229.40.48 - - [21/Mar/2025:11:54:32 -0600] "GET /ajax/listarClientesPaginando.json?term=7556705&page_limit=5&_=1742576656850 HTTP/1.1" 200 221
190.56.157.165 - - [21/Mar/2025:11:54:37 -0600] "POST /ajax/getEstacionesDestinosPorRuta.json HTTP/1.1" 200 851
186.151.119.120 - - [21/Mar/2025:11:54:41 -0600] "GET /salida/ HTTP/1.1" 304 -
190.143.185.128 - - [21/Mar/2025:11:54:45 -0600] "GET /logout HTTP/1.1" 302 444
200.119.178.55 - - [21/Mar/2025:11:54:44 -0600] "POST /cliente/crear.html HTTP/1.1" 200 146
190.143.185.128 - - [21/Mar/2025:11:54:47 -0600] "GET / HTTP/1.1" 302 464
186.151.119.120 - - [21/Mar/2025:11:54:45 -0600] "POST /salida/listarSalidas.json HTTP/1.1" 200 6000
190.143.185.128 - - [21/Mar/2025:11:54:48 -0600] "GET /login HTTP/1.1" 200 2752
200.119.178.55 - - [21/Mar/2025:11:54:49 -0600] "POST /ajax/listarClientesPaginando.json HTTP/1.1" 200 78
190.56.157.165 - - [21/Mar/2025:11:54:52 -0600] "POST /ajax/listarTipoEncomiendaEspecialPaginando.json HTTP/1.1" 200 650
186.151.119.120 - - [21/Mar/2025:11:54:53 -0600] "GET /salida/abordar.html?id=4891865 HTTP/1.1" 200 918
200.119.178.55 - - [21/Mar/2025:11:54:34 -0600] "POST /boleto/emitirBoletos.html HTTP/1.1" 200 1284
45.229.40.48 - - [21/Mar/2025:11:54:42 -0600] "POST /encomienda/entregaMultipleEncomienda.html HTTP/1.1" 200 1013
200.119.178.44 - - [21/Mar/2025:11:54:56 -0600] "POST /reportes/manifiestoBoletoFull2.html HTTP/1.1" 200 117
200.119.178.44 - - [21/Mar/2025:11:54:59 -0600] "GET /reporte/egonzalez_2025.03.21_11.54.57_67dda7f1642a8.pdf?v=2.5 HTTP/1.1" 200 5224
200.119.178.55 - - [21/Mar/2025:11:54:57 -0600] "GET /boleto/emitirBoletos.html HTTP/1.1" 200 29032
181.189.154.32 - - [21/Mar/2025:11:54:58 -0600] "GET /logout HTTP/1.1" 302 444
181.189.154.32 - - [21/Mar/2025:11:54:59 -0600] "GET / HTTP/1.1" 302 464
45.228.234.105 - - [21/Mar/2025:11:54:59 -0600] "GET /logout HTTP/1.1" 302 444
45.229.40.48 - - [21/Mar/2025:11:54:57 -0600] "POST /ajax/listarEncomiendasPendientesEntrega.json HTTP/1.1" 200 4406
181.189.154.32 - - [21/Mar/2025:11:55:01 -0600] "GET /login HTTP/1.1" 200 2752
45.228.234.105 - - [21/Mar/2025:11:55:01 -0600] "GET / HTTP/1.1" 302 464
45.228.234.105 - - [21/Mar/2025:11:55:03 -0600] "GET /login HTTP/1.1" 200 2752
186.151.119.120 - - [21/Mar/2025:11:55:01 -0600] "POST /salida/abordar.html HTTP/1.1" 200 79
200.119.178.55 - - [21/Mar/2025:11:55:04 -0600] "POST /ajax/listarSalidasActivasEmitirBoleto.json HTTP/1.1" 200 7710
186.151.119.120 - - [21/Mar/2025:11:55:05 -0600] "POST /salida/listarSalidas.json HTTP/1.1" 200 5999
200.119.178.55 - - [21/Mar/2025:11:55:08 -0600] "POST /ajax/listarDatosIniciales.json HTTP/1.1" 200 60
190.56.157.165 - - [21/Mar/2025:11:55:08 -0600] "POST /ajax/getSeriesActivaPorEstacion.json HTTP/1.1" 200 106
200.119.178.55 - - [21/Mar/2025:11:55:09 -0600] "POST /ajax/listarClientesPaginando.json HTTP/1.1" 200 367
186.151.119.120 - - [21/Mar/2025:11:55:09 -0600] "GET /boleto/chequearBoleto2.html HTTP/1.1" 200 6501
200.119.178.55 - - [21/Mar/2025:11:55:11 -0600] "POST /ajax/listarClientesPaginando.json HTTP/1.1" 200 105
190.56.157.165 - - [21/Mar/2025:11:55:12 -0600] "POST /ajax/calcularImporteTotalMonedaBaseEncomienda.json HTTP/1.1" 200 37
186.151.119.120 - - [21/Mar/2025:11:55:15 -0600] "POST /ajax/listarBoletosAChequear.html HTTP/1.1" 200 6055
200.119.178.55 - - [21/Mar/2025:11:55:17 -0600] "POST /ajax/getSeriesActivaPorEstacion.json HTTP/1.1" 200 108
200.119.178.55 - - [21/Mar/2025:11:55:19 -0600] "POST /ajax/calcularImporteTotalMonedaBaseEncomienda.json HTTP/1.1" 200 37
45.229.40.48 - - [21/Mar/2025:11:55:31 -0600] "POST /ajax/listarEncomiendasPendientesEntrega.json HTTP/1.1" 200 35850
45.228.233.43 - - [21/Mar/2025:11:55:41 -0600] "POST /ajax/listarSalidasActivasEmitirBoleto.json HTTP/1.1" 200 2912
200.119.178.55 - - [21/Mar/2025:11:55:35 -0600] "POST /encomienda/registrarEncomienda.html HTTP/1.1" 200 1392
190.149.166.106 - - [21/Mar/2025:11:55:43 -0600] "GET /ajax/listarClientesPaginando.json?term=RONY+VEL&page_limit=5&_=1742577800236 HTTP/1.1" 200 272
190.149.166.106 - - [21/Mar/2025:11:55:44 -0600] "GET /ajax/listarClientesPaginando.json?term=RONY+VELIZ&page_limit=5&_=1742577800237 HTTP/1.1" 200 123
200.119.178.55 - - [21/Mar/2025:11:55:45 -0600] "GET /encomienda/registrarEncomienda.html HTTP/1.1" 200 32558
45.228.233.43 - - [21/Mar/2025:11:55:45 -0600] "POST /ajax/listarSalidasActivasEmitirBoleto.json HTTP/1.1" 200 2520
45.229.40.48 - - [21/Mar/2025:11:55:39 -0600] "POST /ajax/listarEncomiendasPendientesEntrega.json HTTP/1.1" 200 287891
200.119.178.55 - - [21/Mar/2025:11:55:51 -0600] "POST /ajax/listarMonedasCajasAbiertas.json HTTP/1.1" 200 41
45.228.233.43 - - [21/Mar/2025:11:55:51 -0600] "POST /ajax/getInformacionPorSalida.json HTTP/1.1" 200 6486
